12-05 14:46:37.522 23131 23164 I RTPS_EDP: Adding 0.0.1.4 in topic Test
12-05 14:46:37.522 23131 23164 I RTPS_PDP: Adding reader proxy data 1.f.13.9f.5b.5a.0.0.1.0.0.0|0.0.1.4
12-05 14:46:37.522 23131 23164 I RTPS_EDP: 1.f.13.9f.5b.5a.0.0.1.0.0.0|0.0.1.4 in topic: "Test"
12-05 14:46:37.522 23131 23164 I RTPS_EDP: 1.f.13.9f.5b.5a.0.0.1.0.0.0|0.0.1.4 in topic: "Test"
12-05 14:46:37.522 23131 23164 I RTPS_EDP: 0.0.1.4
12-05 14:46:37.522 23131 23164 I RTPS_WRITER: Creating new change
12-05 14:46:37.522 23131 23164 I RTPS_HISTORY: Change 1 added with 268 bytes
12-05 14:46:37.522 23131 23164 I RTPS_WRITER: No reader proxy to add change.
12-05 14:46:37.523 23131 23164 I RTPS_PARTICIPANT: 1.f.13.9f.5b.5a.0.0.1.0.0.0|0.0.1.c1
12-05 14:46:37.523 23131 23164 I RTPS_PROXY_DATA: ReaderProxyData destructor: 1.f.13.9f.5b.5a.0.0.1.0.0.0|0.0.1.4
12-05 14:46:37.523 23131 23164 I RTPS_UTILS: Creating CacheChangePool of size: 501 with payload of size: 500
12-05 14:46:37.523 23131 23164 I RTPS_UTILS: Static Mode is active, preallocating memory for pool_size elements
12-05 14:46:37.523 23131 23164 I RTPS_UTILS: Allocating group of cache changes of size: 501
12-05 14:46:37.524 23131 23164 I RTPS_PARTICIPANT:  of type RELIABLE
12-05 14:46:37.524 23131 23164 I RTPS_WRITER: RTPSWriter created
12-05 14:46:37.524 23131 23164 I RTPS_EDP: Adding 0.0.2.3 in topic Test
12-05 14:46:37.524 23131 23164 I RTPS_PDP: Adding writer proxy data 1.f.13.9f.5b.5a.0.0.1.0.0.0|0.0.2.3
12-05 14:46:37.524 23131 23164 I RTPS_EDP: 1.f.13.9f.5b.5a.0.0.1.0.0.0|0.0.2.3 in topic: "Test"
12-05 14:46:37.524 23131 23164 I RTPS_READER: Writer 1.f.13.9f.5b.5a.0.0.1.0.0.0|0.0.2.3 added to 0.0.1.4
12-05 14:46:37.524 23131 23164 I RTPS_EDP: Valid Matching to local reader: 0.0.1.4
12-05 14:46:37.524 23131 23164 I dps_manager_impl: Reader(0x70deb64200): Matched with a Writer
12-05 14:46:37.524 23131 23164 I RTPS_PROXY_DATA: ReaderProxyData destructor: 1.f.13.9f.5b.5a.0.0.1.0.0.0|0.0.1.4
12-05 14:46:37.524 23131 23164 I RTPS_PARTICIPANT: 1.f.13.9f.5b.5a.0.0.1.0.0.0|0.0.1.c1
12-05 14:46:37.524 23131 23164 I RTPS_EDP: 1.f.13.9f.5b.5a.0.0.1.0.0.0|0.0.2.3 in topic: "Test"
12-05 14:46:37.525 23131 23164 I RTPS_WRITER: Reader Proxy started
12-05 14:46:37.525 23131 23164 I RTPS_WRITER: 0.0.2.3 Sending Heartbeat (1 - 0)
12-05 14:46:37.525 23131 23169 I RTPS_MSG_IN: (ID:484775691504) InfoDST message received, processing...
12-05 14:46:37.525 23131 23169 I RTPS_MSG_IN: (ID:484775691504) DST RTPSParticipant is now: 1.f.13.9f.5b.5a.0.0.1.0.0.0
12-05 14:46:37.525 23131 23169 I RTPS_MSG_IN: (ID:484775691504) Heartbeat Submsg received, processing...
12-05 14:46:37.525 23131 23164 I RTPS_MSG_OUT: UDPTransport: 68 bytes TO endpoint: 127.0.0.1:7413 FROM 0.0.0.0:39450
12-05 14:46:37.525 23131 23164 I RTPS_WRITER: Reader Proxy 1.f.13.9f.5b.5a.0.0.1.0.0.0|0.0.1.4 added to 0.0.2.3 with 1(u)-0(m) locators
12-05 14:46:37.525 23131 23164 I RTPS_EDP: Valid Matching to readerProxy: 1.f.13.9f.5b.5a.0.0.1.0.0.0|0.0.1.4
12-05 14:46:37.525 23131 23164 I dps_manager_impl: Writer(0x70f3ebec00): matching with a reader
12-05 14:46:37.525 23131 23164 I RTPS_EDP: 0.0.2.3
12-05 14:46:37.525 23131 23164 I RTPS_WRITER: Creating new change
12-05 14:46:37.526 23131 23164 I RTPS_HISTORY: Change 1 added with 276 bytes
12-05 14:46:37.526 23131 23164 I RTPS_WRITER: No reader proxy to add change.
12-05 14:46:37.526 23131 23164 I RTPS_PARTICIPANT: 1.f.13.9f.5b.5a.0.0.1.0.0.0|0.0.1.c1
12-05 14:46:37.526 23131 23164 I RTPS_PROXY_DATA: 1.f.13.9f.5b.5a.0.0.1.0.0.0|0.0.2.3
12-05 14:46:37.526 23131 23164 I RTPS_LIVELINESS: 0.0.2.3 to Liveliness Protocol
12-05 14:46:37.526 23131 23164 I RTPS_WRITER: Creating new change
12-05 14:46:37.526 23131 23164 I RTPS_HISTORY: Change 1 added with 11 bytes
12-05 14:46:37.526 23131 23164 I RTPS_WRITER: Sending relevant changes as DATA/DATA_FRAG messages
12-05 14:46:37.526 23131 23164 I RTPS_WRITER: Sending INFO_TS message
12-05 14:46:37.526 23131 23169 I RTPS_MSG_IN: (ID:484775691504) InfoDST message received, processing...
12-05 14:46:37.526 23131 23169 I RTPS_MSG_IN: (ID:484775691504) DST RTPSParticipant is now: 1.f.13.9f.5b.5a.0.0.1.0.0.0
12-05 14:46:37.526 23131 23169 I RTPS_MSG_IN: (ID:484775691504) InfoTS Submsg received, processing...
12-05 14:46:37.526 23131 23169 I RTPS_MSG_IN: (ID:484775691504) Data Submsg received, processing.
12-05 14:46:37.526 23131 23169 I RTPS_MSG_IN: (ID:484775691504) from Writer 1.f.13.9f.5b.5a.0.0.1.0.0.0|0.0.2.3; possible RTPSReaders: 1
12-05 14:46:37.527 23131 23169 I RTPS_MSG_IN: (ID:484775691504) Trying to add change 1 TO reader: 0.0.1.4
12-05 14:46:37.527 23131 23169 I RTPS_HISTORY: Change 1 added with 12 bytes
12-05 14:46:37.527 23131 23169 I dps_manager_impl: Reader: new chache message: hello world
12-05 14:46:37.527 23131 23169 D DpsNativeTest: message: hello world
12-05 14:46:37.528 23131 23169 I RTPS_HISTORY: Removing change 1



12-05 14:46:37.528 23131 23169 I RTPS_MSG_IN: (ID:484775691504) Sub Message DATA processed
12-05 14:46:37.528 23131 23164 I RTPS_MSG_OUT: UDPTransport: 84 bytes TO endpoint: 127.0.0.1:7413 FROM 0.0.0.0:39450
12-05 14:46:37.528 23131 23164 I TestRunner: finished: testLocalPubSub(com.xiaomi.mi_connect_service.test.DpsNativeTest)
12-05 14:46:37.532 23131 23131 I MonitoringInstr: Activities that are still in CREATED to STOPPED: 0
12-05 14:46:37.534 23131 23164 I TestRunner: run finished: 1 tests, 0 failed, 0 ignored
12-05 14:46:37.535 23131 23168 I RTPS_MSG_IN: (ID:484776731888) InfoDST message received, processing...
12-05 14:46:37.535 23131 23168 I RTPS_MSG_IN: (ID:484776731888) DST RTPSParticipant is now: 1.f.13.9f.5b.5a.0.0.1.0.0.0
12-05 14:46:37.535 23131 23168 I RTPS_MSG_IN: (ID:484776731888) Heartbeat Submsg received, processing...
12-05 14:46:37.535 23131 23168 I RTPS_MSG_IN: (ID:484776731888) InfoDST message received, processing...
12-05 14:46:37.535 23131 23168 I RTPS_MSG_IN: (ID:484776731888) DST RTPSParticipant is now: 1.f.13.9f.5b.5a.0.0.1.0.0.0
12-05 14:46:37.535 23131 23168 I RTPS_MSG_IN: (ID:484776731888) Heartbeat Submsg received, processing...
12-05 14:46:37.535 23131 23168 I RTPS_MSG_IN: (ID:484776731888) InfoDST message received, processing...
12-05 14:46:37.535 23131 23168 I RTPS_MSG_IN: (ID:484776731888) DST RTPSParticipant is now: 1.f.13.9f.5b.5a.0.0.1.0.0.0
12-05 14:46:37.535 23131 23168 I RTPS_MSG_IN: (ID:484776731888) Heartbeat Submsg received, processing...
12-05 14:46:37.539 23131 23167 I RTPS_MSG_IN: (ID:484777772272) InfoTS Submsg received, processing...
12-05 14:46:37.539 23131 23167 I RTPS_MSG_IN: (ID:484777772272) Data Submsg received, processing.
12-05 14:46:37.539 23131 23167 I RTPS_MSG_IN: (ID:484777772272) from Writer 1.f.40.bb.96.38.0.0.1.0.0.0|0.1.0.c2; possible RTPSReaders: 4
12-05 14:46:37.539 23131 23167 I RTPS_MSG_IN: (ID:484777772272) Trying to add change 1 TO reader: 0.1.0.c7
12-05 14:46:37.539 23131 23167 I RTPS_HISTORY: Change 1 added with 172 bytes
12-05 14:46:37.539 23131 23167 I RTPS_PDP: SPDP Message received
12-05 14:46:37.540 23131 23167 I RTPS_PDP: Announcing RTPSParticipant State (new change: 0)
12-05 14:46:37.540 23131 23167 I RTPS_PDP: For RTPSParticipant: 1.f.40.bb.96.38.0.0.1.0.0.0
12-05 14:46:37.540 23131 23170 I RTPS_WRITER: Sending relevant changes as DATA/DATA_FRAG messages
12-05 14:46:37.540 23131 23170 I RTPS_WRITER: Sending INFO_TS message
12-05 14:46:37.540 23131 23167 I RTPS_READER: Writer 1.f.40.bb.96.38.0.0.1.0.0.0|0.1.0.c2 added to 0.1.0.c7
12-05 14:46:37.540 23131 23170 I RTPS_MSG_OUT: UDPTransport: 228 bytes TO endpoint: 239.255.0.1:7400 FROM 0.0.0.0:39450
12-05 14:46:37.540 23131 23170 I RTPS_WRITER: Finish sending unsent changes
12-05 14:46:37.540 23131 23167 I RTPS_READER: Reader 1.f.40.bb.96.38.0.0.1.0.0.0|0.1.0.c7 added to 0.1.0.c2
12-05 14:46:37.540 23131 23167 I RTPS_EDP: New DPD received, adding remote endpoints to our SimpleEDP endpoints
12-05 14:46:37.540 23131 23167 I RTPS_EDP: Adding SEDP Pub Writer to my Pub Reader
12-05 14:46:37.541 23131 23170 I RTPS_WRITER: Sending relevant changes as DATA/DATA_FRAG messages
12-05 14:46:37.541 23131 23170 I RTPS_WRITER: Sending INFO_TS message
12-05 14:46:37.542 23131 23170 I RTPS_MSG_OUT: UDPTransport: 228 bytes TO endpoint: 239.255.0.1:7400 FROM 0.0.0.0:39450
12-05 14:46:37.542 23131 23170 I RTPS_WRITER: Finish sending unsent changes
12-05 14:46:37.542 23131 23167 I RTPS_READER: Writer Proxy created in reader: 0.0.3.c7
12-05 14:46:37.542 23131 23167 I RTPS_READER: Writer Proxy 1.f.40.bb.96.38.0.0.1.0.0.0|0.0.3.c2 added to 0.0.3.c7
12-05 14:46:37.542 23131 23167 I RTPS_EDP: Adding SEDP Pub Reader to my Pub Writer
12-05 14:46:37.542 23131 23164 D NetworkSecurityConfig: No Network Security Config specified, using platform default
12-05 14:46:37.543 23131 23167 I RTPS_WRITER: Reader Proxy started
12-05 14:46:37.543 23131 23167 I RTPS_WRITER: 0.0.3.c2 Sending Heartbeat (1 - 1)
12-05 14:46:37.543 23131 23167 I RTPS_MSG_OUT: UDPTransport: 68 bytes TO endpoint: 192.168.43.1:7412 FROM 0.0.0.0:39450
12-05 14:46:37.544 23131 23167 I RTPS_WRITER: Reader Proxy 1.f.40.bb.96.38.0.0.1.0.0.0|0.0.3.c7 added to 0.0.3.c2 with 1(u)-1(m) locators
12-05 14:46:37.544 23131 23164 I DpmTcmClient: RegisterTcmMonitor from: com.android.okhttp.TcmIdleTimerMonitor
12-05 14:46:37.544 23131 23167 I RTPS_EDP: Adding SEDP Sub Writer to my Sub Reader
12-05 14:46:37.544 23131 23167 I RTPS_READER: Writer Proxy created in reader: 0.0.4.c7
12-05 14:46:37.544 23131 23167 I RTPS_READER: Writer Proxy 1.f.40.bb.96.38.0.0.1.0.0.0|0.0.4.c2 added to 0.0.4.c7
12-05 14:46:37.545 23131 23167 I RTPS_EDP: Adding SEDP Sub Reader to my Sub Writer
12-05 14:46:37.545 23131 23167 I RTPS_WRITER: Reader Proxy started
12-05 14:46:37.545 23131 23167 I RTPS_WRITER: 0.0.4.c2 Sending Heartbeat (1 - 1)
12-05 14:46:37.545 23131 23167 I RTPS_MSG_OUT: UDPTransport: 68 bytes TO endpoint: 192.168.43.1:7412 FROM 0.0.0.0:39450
12-05 14:46:37.546 23131 23167 I RTPS_WRITER: Reader Proxy 1.f.40.bb.96.38.0.0.1.0.0.0|0.0.4.c7 added to 0.0.4.c2 with 1(u)-1(m) locators
12-05 14:46:37.546 23131 23167 I RTPS_LIVELINESS: Adding remote writer to my local Builtin Reader
12-05 14:46:37.547 23131 23167 I RTPS_READER: Writer Proxy created in reader: 0.2.0.c7
12-05 14:46:37.547 23131 23167 I RTPS_READER: Writer Proxy 1.f.40.bb.96.38.0.0.1.0.0.0|0.2.0.c2 added to 0.2.0.c7
12-05 14:46:37.547 23131 23167 I RTPS_LIVELINESS: Adding remote reader to my local Builtin Writer
12-05 14:46:37.548 23131 23167 I RTPS_WRITER: Reader Proxy started
12-05 14:46:37.548 23131 23167 I RTPS_WRITER: 0.2.0.c2 Sending Heartbeat (1 - 0)
12-05 14:46:37.549 23131 23167 I RTPS_MSG_OUT: UDPTransport: 68 bytes TO endpoint: 192.168.43.1:7412 FROM 0.0.0.0:39450
12-05 14:46:37.549 23131 23167 I RTPS_WRITER: Reader Proxy 1.f.40.bb.96.38.0.0.1.0.0.0|0.2.0.c7 added to 0.2.0.c2 with 1(u)-1(m) locators
12-05 14:46:37.549 23131 23167 I RTPS_PARTICIPANT: 1.f.40.bb.96.38.0.0.1.0.0.0|0.0.1.c1
12-05 14:46:37.549 23131 23167 I RTPS_HISTORY: Removing change 1
12-05 14:46:37.549 23131 23167 I RTPS_MSG_IN: (ID:484777772272) Sub Message DATA processed
12-05 14:46:37.549 23131 23167 I RTPS_MSG_IN: (ID:484777772272) InfoTS Submsg received, processing...
12-05 14:46:37.550 23131 23167 I RTPS_MSG_IN: (ID:484777772272) Data Submsg received, processing.
12-05 14:46:37.550 23131 23167 I RTPS_MSG_IN: (ID:484777772272) from Writer 1.f.13.9f.5b.5a.0.0.1.0.0.0|0.1.0.c2; possible RTPSReaders: 4
12-05 14:46:37.550 23131 23167 I RTPS_MSG_IN: (ID:484777772272) Trying to add change 1 TO reader: 0.1.0.c7
12-05 14:46:37.550 23131 23167 I RTPS_MSG_IN: (ID:484777772272) MessageReceiver not add change 1
12-05 14:46:37.550 23131 23167 I RTPS_LIVELINESS: RTPSParticipant 1.f.13.9f.5b.5a.0.0.1.0.0.0|0.0.1.c1 is Alive
12-05 14:46:37.550 23131 23167 I RTPS_MSG_IN: (ID:484777772272) Sub Message DATA processed
12-05 14:46:37.551 23131 23167 I RTPS_MSG_IN: (ID:484777772272) InfoTS Submsg received, processing...
12-05 14:46:37.551 23131 23167 I RTPS_MSG_IN: (ID:484777772272) Data Submsg received, processing.
12-05 14:46:37.551 23131 23167 I RTPS_MSG_IN: (ID:484777772272) from Writer 1.f.13.9f.5b.5a.0.0.1.0.0.0|0.1.0.c2; possible RTPSReaders: 4
12-05 14:46:37.551 23131 23167 I RTPS_MSG_IN: (ID:484777772272) Trying to add change 1 TO reader: 0.1.0.c7
12-05 14:46:37.551 23131 23167 I RTPS_MSG_IN: (ID:484777772272) MessageReceiver not add change 1
12-05 14:46:37.551 23131 23167 I RTPS_LIVELINESS: RTPSParticipant 1.f.13.9f.5b.5a.0.0.1.0.0.0|0.0.1.c1 is Alive
12-05 14:46:37.551 23131 23167 I RTPS_MSG_IN: (ID:484777772272) Sub Message DATA processed
12-05 14:46:37.562 23131 23168 I RTPS_MSG_IN: (ID:484776731888) InfoDST message received, processing...
12-05 14:46:37.562 23131 23168 I RTPS_MSG_IN: (ID:484776731888) DST RTPSParticipant is now: 1.f.13.9f.5b.5a.0.0.1.0.0.0
12-05 14:46:37.562 23131 23168 I RTPS_MSG_IN: (ID:484776731888) Acknack Submsg received, processing...
12-05 14:46:37.571 23131 23168 I RTPS_MSG_IN: (ID:484776731888) InfoDST message received, processing...
12-05 14:46:37.571 23131 23168 I RTPS_MSG_IN: (ID:484776731888) DST RTPSParticipant is now: 1.f.13.9f.5b.5a.0.0.1.0.0.0
12-05 14:46:37.571 23131 23168 I RTPS_MSG_IN: (ID:484776731888) Acknack Submsg received, processing...
12-05 14:46:37.571 23131 23168 I RTPS_WRITER: Requested Changes: 1:1-
12-05 14:46:37.571 23131 23168 I RTPS_MSG_IN: (ID:484776731888) InfoDST message received, processing...
12-05 14:46:37.571 23131 23168 I RTPS_MSG_IN: (ID:484776731888) DST RTPSParticipant is now: 1.f.13.9f.5b.5a.0.0.1.0.0.0
12-05 14:46:37.571 23131 23168 I RTPS_MSG_IN: (ID:484776731888) Acknack Submsg received, processing...
12-05 14:46:37.571 23131 23168 I RTPS_WRITER: Requested Changes: 1:1-
12-05 14:46:37.605 23131 23168 I RTPS_MSG_IN: (ID:484776731888) InfoDST message received, processing...
12-05 14:46:37.605 23131 23168 I RTPS_MSG_IN: (ID:484776731888) DST RTPSParticipant is now: 1.f.13.9f.5b.5a.0.0.1.0.0.0
12-05 14:46:37.605 23131 23168 I RTPS_MSG_IN: (ID:484776731888) Acknack Submsg received, processing...
12-05 14:46:37.605 23131 23168 I RTPS_WRITER: 0.0.3.c2 Sending Heartbeat (1 - 1)
12-05 14:46:37.606 23131 23168 I RTPS_MSG_OUT: UDPTransport: 68 bytes TO endpoint: 192.168.43.1:7412 FROM 0.0.0.0:39450
12-05 14:46:37.606 23131 23168 I RTPS_MSG_IN: (ID:484776731888) InfoDST message received, processing...
12-05 14:46:37.606 23131 23168 I RTPS_MSG_IN: (ID:484776731888) DST RTPSParticipant is now: 1.f.13.9f.5b.5a.0.0.1.0.0.0
12-05 14:46:37.606 23131 23168 I RTPS_MSG_IN: (ID:484776731888) Acknack Submsg received, processing...
12-05 14:46:37.606 23131 23168 I RTPS_WRITER: 0.0.4.c2 Sending Heartbeat (1 - 1)
12-05 14:46:37.606 23131 23168 I RTPS_MSG_OUT: UDPTransport: 68 bytes TO endpoint: 192.168.43.1:7412 FROM 0.0.0.0:39450
12-05 14:46:37.606 23131 23168 I RTPS_MSG_IN: (ID:484776731888) InfoDST message received, processing...
12-05 14:46:37.606 23131 23168 I RTPS_MSG_IN: (ID:484776731888) DST RTPSParticipant is now: 1.f.13.9f.5b.5a.0.0.1.0.0.0
12-05 14:46:37.606 23131 23168 I RTPS_MSG_IN: (ID:484776731888) Acknack Submsg received, processing...
12-05 14:46:37.606 23131 23168 I RTPS_WRITER: 0.2.0.c2 Sending Heartbeat (1 - 0)
12-05 14:46:37.606 23131 23168 I RTPS_MSG_OUT: UDPTransport: 68 bytes TO endpoint: 192.168.43.1:7412 FROM 0.0.0.0:39450
12-05 14:46:37.613 23131 23166 I RTPS_READER: Sending ACKNACK: 0:
12-05 14:46:37.613 23131 23166 I RTPS_MSG_OUT: UDPTransport: 64 bytes TO endpoint: 192.168.43.1:7412 FROM 0.0.0.0:39450
12-05 14:46:37.615 23131 23166 I RTPS_READER: Sending ACKNACK: 0:
12-05 14:46:37.615 23131 23166 I RTPS_MSG_OUT: UDPTransport: 64 bytes TO endpoint: 192.168.43.1:7412 FROM 0.0.0.0:39450
12-05 14:46:37.618 23131 23166 I RTPS_READER: Sending ACKNACK: 0:
12-05 14:46:37.618 23131 23166 I RTPS_MSG_OUT: UDPTransport: 64 bytes TO endpoint: 192.168.43.1:7412 FROM 0.0.0.0:39450
12-05 14:46:37.618 23131 23168 I RTPS_MSG_IN: (ID:484776731888) InfoDST message received, processing...
12-05 14:46:37.619 23131 23168 I RTPS_MSG_IN: (ID:484776731888) DST RTPSParticipant is now: 1.f.13.9f.5b.5a.0.0.1.0.0.0
12-05 14:46:37.619 23131 23168 I RTPS_MSG_IN: (ID:484776731888) Heartbeat Submsg received, processing...
12-05 14:46:37.619 23131 23168 I RTPS_READER: 0.0.3.c2: up to seqNum: 1
12-05 14:46:37.619 23131 23168 I RTPS_READER: 0.0.3.c2: changes up to seqNum: 0 missing.
12-05 14:46:37.623 23131 23168 I RTPS_MSG_IN: (ID:484776731888) InfoDST message received, processing...
12-05 14:46:37.623 23131 23168 I RTPS_MSG_IN: (ID:484776731888) DST RTPSParticipant is now: 1.f.13.9f.5b.5a.0.0.1.0.0.0
12-05 14:46:37.623 23131 23168 I RTPS_MSG_IN: (ID:484776731888) Heartbeat Submsg received, processing...
12-05 14:46:37.623 23131 23168 I RTPS_READER: 0.0.4.c2: up to seqNum: 1
12-05 14:46:37.623 23131 23168 I RTPS_READER: 0.0.4.c2: changes up to seqNum: 1 missing.
12-05 14:46:37.623 23131 23168 I RTPS_MSG_IN: (ID:484776731888) InfoDST message received, processing...
12-05 14:46:37.623 23131 23168 I RTPS_MSG_IN: (ID:484776731888) DST RTPSParticipant is now: 1.f.13.9f.5b.5a.0.0.1.0.0.0
12-05 14:46:37.623 23131 23168 I RTPS_MSG_IN: (ID:484776731888) Acknack Submsg received, processing...
12-05 14:46:37.623 23131 23168 I RTPS_MSG_IN: (ID:484776731888) InfoDST message received, processing...
12-05 14:46:37.623 23131 23168 I RTPS_MSG_IN: (ID:484776731888) DST RTPSParticipant is now: 1.f.13.9f.5b.5a.0.0.1.0.0.0
12-05 14:46:37.623 23131 23168 I RTPS_MSG_IN: (ID:484776731888) Acknack Submsg received, processing...
12-05 14:46:37.623 23131 23168 I RTPS_MSG_IN: (ID:484776731888) InfoDST message received, processing...
12-05 14:46:37.623 23131 23168 I RTPS_MSG_IN: (ID:484776731888) DST RTPSParticipant is now: 1.f.13.9f.5b.5a.0.0.1.0.0.0
12-05 14:46:37.623 23131 23168 I RTPS_MSG_IN: (ID:484776731888) Acknack Submsg received, processing...
12-05 14:46:37.623 23131 23168 I RTPS_MSG_IN: (ID:484776731888) InfoDST message received, processing...
12-05 14:46:37.623 23131 23168 I RTPS_MSG_IN: (ID:484776731888) DST RTPSParticipant is now: 1.f.13.9f.5b.5a.0.0.1.0.0.0
12-05 14:46:37.623 23131 23168 I RTPS_MSG_IN: (ID:484776731888) Heartbeat Submsg received, processing...
12-05 14:46:37.623 23131 23168 I RTPS_READER: 0.2.0.c2: up to seqNum: 1
12-05 14:46:37.623 23131 23168 I RTPS_READER: 0.2.0.c2: changes up to seqNum: 0 missing.
12-05 14:46:37.629 23131 23166 I RTPS_READER:
12-05 14:46:37.629 23131 23166 I RTPS_READER: Sending ACKNACK: 1:
12-05 14:46:37.629 23131 23166 I RTPS_MSG_OUT: UDPTransport: 64 bytes TO endpoint: 192.168.43.1:7412 FROM 0.0.0.0:39450
12-05 14:46:37.630 23131 23166 I RTPS_READER:
12-05 14:46:37.630 23131 23166 I RTPS_READER: Sending ACKNACK: 1:
12-05 14:46:37.631 23131 23166 I RTPS_MSG_OUT: UDPTransport: 64 bytes TO endpoint: 192.168.43.1:7412 FROM 0.0.0.0:39450
12-05 14:46:37.635 23131 23166 I RTPS_READER:
12-05 14:46:37.635 23131 23166 I RTPS_READER: Sending ACKNACK: 1:1-
12-05 14:46:37.635 23131 23166 I RTPS_MSG_OUT: UDPTransport: 68 bytes TO endpoint: 192.168.43.1:7412 FROM 0.0.0.0:39450
12-05 14:46:37.665 23131 23166 I RTPS_WRITER: Responding to Acknack messages
12-05 14:46:37.665 23131 23166 I RTPS_WRITER: Responding to Acknack messages
12-05 14:46:37.666 23131 23170 I RTPS_WRITER: Sending relevant changes as DATA/DATA_FRAG messages
12-05 14:46:37.666 23131 23170 I RTPS_WRITER: Sending INFO_TS message
12-05 14:46:37.666 23131 23170 I RTPS_MSG_OUT: UDPTransport: 348 bytes TO endpoint: 192.168.43.1:7412 FROM 0.0.0.0:39450
12-05 14:46:37.666 23131 23170 I RTPS_WRITER: Finish sending unsent changes
12-05 14:46:37.666 23131 23170 I RTPS_WRITER: Sending relevant changes as DATA/DATA_FRAG messages
12-05 14:46:37.666 23131 23170 I RTPS_WRITER: Sending INFO_TS message
12-05 14:46:37.666 23131 23170 I RTPS_MSG_OUT: UDPTransport: 340 bytes TO endpoint: 192.168.43.1:7412 FROM 0.0.0.0:39450
12-05 14:46:37.666 23131 23170 I RTPS_WRITER: Finish sending unsent changes
12-05 14:46:37.677 23131 23166 I RTPS_WRITER: Changing underway to unacked for Reader: 1.f.40.bb.96.38.0.0.1.0.0.0|0.0.3.c7
12-05 14:46:37.678 23131 23166 I RTPS_WRITER: Changing underway to unacked for Reader: 1.f.40.bb.96.38.0.0.1.0.0.0|0.0.4.c7
12-05 14:46:37.735 23131 23168 I RTPS_MSG_IN: (ID:484776731888) InfoDST message received, processing...
12-05 14:46:37.735 23131 23168 I RTPS_MSG_IN: (ID:484776731888) DST RTPSParticipant is now: 1.f.13.9f.5b.5a.0.0.1.0.0.0
12-05 14:46:37.735 23131 23168 I RTPS_MSG_IN: (ID:484776731888) InfoTS Submsg received, processing...
12-05 14:46:37.735 23131 23168 I RTPS_MSG_IN: (ID:484776731888) Data Submsg received, processing.
12-05 14:46:37.735 23131 23168 I RTPS_MSG_IN: (ID:484776731888) from Writer 1.f.40.bb.96.38.0.0.1.0.0.0|0.0.4.c2; possible RTPSReaders: 4
12-05 14:46:37.735 23131 23168 I RTPS_MSG_IN: (ID:484776731888) Trying to add change 1 TO reader: 0.0.4.c7
12-05 14:46:37.735 23131 23168 I RTPS_HISTORY: Change 1 added with 268 bytes
12-05 14:46:37.735 23131 23168 I RTPS_READER: 0.0.4.c2: seqNum: 1
12-05 14:46:37.735 23131 23168 I RTPS_EDP:
12-05 14:46:37.735 23131 23168 I RTPS_PDP: Adding reader proxy data 1.f.40.bb.96.38.0.0.1.0.0.0|0.0.1.4
12-05 14:46:37.735 23131 23168 I RTPS_EDP: 1.f.40.bb.96.38.0.0.1.0.0.0|0.0.1.4 in topic: "Test"
12-05 14:46:37.735 23131 23168 I RTPS_WRITER: Reader Proxy started
12-05 14:46:37.736 23131 23168 I RTPS_WRITER: 0.0.2.3 Sending Heartbeat (1 - 1)
12-05 14:46:37.736 23131 23168 I RTPS_MSG_OUT: UDPTransport: 100 bytes TO endpoint: 192.168.43.1:7413 FROM 0.0.0.0:39450
12-05 14:46:37.736 23131 23168 I RTPS_WRITER: Reader Proxy 1.f.40.bb.96.38.0.0.1.0.0.0|0.0.1.4 added to 0.0.2.3 with 1(u)-0(m) locators
12-05 14:46:37.736 23131 23168 I RTPS_EDP: Valid Matching to local writer: 0.0.2.3
12-05 14:46:37.736 23131 23168 I dps_manager_impl: Writer(0x70f3ebec00): matching with a reader
12-05 14:46:37.736 23131 23168 I RTPS_PROXY_DATA: 1.f.13.9f.5b.5a.0.0.1.0.0.0|0.0.2.3
12-05 14:46:37.736 23131 23168 I RTPS_PARTICIPANT: 1.f.13.9f.5b.5a.0.0.1.0.0.0|0.0.1.c1
12-05 14:46:37.736 23131 23168 I RTPS_PARTICIPANT: 1.f.40.bb.96.38.0.0.1.0.0.0|0.0.1.c1
12-05 14:46:37.736 23131 23168 I RTPS_PROXY_DATA: ReaderProxyData destructor: 1.f.40.bb.96.38.0.0.1.0.0.0|0.0.1.4
12-05 14:46:37.736 23131 23168 I RTPS_HISTORY: Removing change 1
12-05 14:46:37.736 23131 23168 I RTPS_READER: 0.0.4.c7 FINDS writerProxy 1.f.40.bb.96.38.0.0.1.0.0.0|0.0.4.c2 from 1
12-05 14:46:37.736 23131 23168 I RTPS_MSG_IN: (ID:484776731888) Sub Message DATA processed
12-05 14:46:38.042  2592  4816 I DPMJ    : |REQ:RCVR| DPM creating socket
12-05 14:46:38.078  2055  3238 V BackupManagerConstants: getFullBackupRequiredNetworkType(...) returns 2
12-05 14:46:38.078  2055  3238 V BackupManagerConstants: getFullBackupRequireCharging(...) returns true
12-05 14:46:38.540 23131 23167 I RTPS_MSG_IN: (ID:484777772272) Heartbeat Submsg received, processing...
12-05 14:46:38.540 23131 23167 I RTPS_READER: 0.0.4.c2: up to seqNum: 1
12-05 14:46:38.540 23131 23167 I RTPS_READER: 0.0.4.c2: changes up to seqNum: 1 missing.
12-05 14:46:38.544 23131 23166 I RTPS_WRITER: 0.0.3.c2 Sending Heartbeat (1 - 1)
12-05 14:46:38.545 23131 23166 I RTPS_MSG_OUT: UDPTransport: 68 bytes TO endpoint: 192.168.43.1:7412 FROM 0.0.0.0:39450
12-05 14:46:38.546 23131 23166 I RTPS_WRITER: 0.0.4.c2 Sending Heartbeat (1 - 1)
12-05 14:46:38.546 23131 23166 I RTPS_MSG_OUT: UDPTransport: 68 bytes TO endpoint: 192.168.43.1:7412 FROM 0.0.0.0:39450
12-05 14:46:38.552 23131 23166 I RTPS_READER:
12-05 14:46:38.552 23131 23166 I RTPS_READER: Sending ACKNACK: 2:
12-05 14:46:38.552 23131 23166 I RTPS_MSG_OUT: UDPTransport: 64 bytes TO endpoint: 192.168.43.1:7412 FROM 0.0.0.0:39450
12-05 14:46:38.563 23131 23168 I RTPS_MSG_IN: (ID:484776731888) InfoDST message received, processing...
12-05 14:46:38.563 23131 23168 I RTPS_MSG_IN: (ID:484776731888) DST RTPSParticipant is now: 1.f.13.9f.5b.5a.0.0.1.0.0.0
12-05 14:46:38.563 23131 23168 I RTPS_MSG_IN: (ID:484776731888) Acknack Submsg received, processing...
12-05 14:46:38.565 23131 23168 I RTPS_MSG_IN: (ID:484776731888) InfoDST message received, processing...
12-05 14:46:38.565 23131 23168 I RTPS_MSG_IN: (ID:484776731888) DST RTPSParticipant is now: 1.f.13.9f.5b.5a.0.0.1.0.0.0
12-05 14:46:38.565 23131 23168 I RTPS_MSG_IN: (ID:484776731888) Acknack Submsg received, processing...
12-05 14:46:41.241 23173 23173 F linker  : CANNOT LINK EXECUTABLE "/system/bin/dpmd": "/system/lib64/libdpmframework.so" is 32-bit instead of 64-bit
12-05 14:46:42.047  2592  4816 I DPMJ    : |REQ:RCVR| DPM creating socket
12-05 14:46:44.472  1095  1260 E storaged: getDiskStats failed with result NOT_SUPPORTED and size 0
12-05 14:46:44.833 23131 23163 I connect_servic: ProcessProfilingInfo new_methods=71 is saved saved_to_disk=1 resolve_classes_delay=8000
12-05 14:46:46.053  2592  4816 I DPMJ    : |REQ:RCVR| DPM creating socket
12-05 14:46:46.254 23175 23175 F linker  : CANNOT LINK EXECUTABLE "/system/bin/dpmd": "/system/lib64/libdpmframework.so" is 32-bit instead of 64-bit
12-05 14:46:49.024  2382  2569 D NetworkController.MobileSignalController(1): 4G level = 5
12-05 14:46:50.056  2592  4816 I DPMJ    : |REQ:RCVR| DPM creating socket
12-05 14:46:51.271 23177 23177 F linker  : CANNOT LINK EXECUTABLE "/system/bin/dpmd": "/system/lib64/libdpmframework.so" is 32-bit instead of 64-bit
12-05 14:46:51.302 21654 21725 D MI_STAT : UploaderEngine postToServer network is not connected
12-05 14:46:51.304 21654 21725 D MI_STAT : UploadTimer handleMessage: true
12-05 14:46:53.817  2055 22292 D NetworkMonitorInjector/NetworkAgentInfo [WIFI () - 103]: Probably not a portal: exception java.net.UnknownHostException: Unable to resolve host "m.sohu.com": No address associated with hostname
12-05 14:46:53.821  2055  2175 D WifiAssistant: handleNetworkValidationResult: 103 | false | false | false
12-05 14:46:53.821  2055  2175 D WifiAssistant: handleNetworkValidationResult: abort for lastValidated: false
12-05 14:46:54.060  2592  4816 I DPMJ    : |REQ:RCVR| DPM creating socket
12-05 14:46:55.513  3515 23105 W System.err: java.net.UnknownHostException: Unable to resolve host "api.sec.miui.com": No address associated with hostname
12-05 14:46:55.515  3515 23105 W System.err: 	at java.net.Inet6AddressImpl.lookupHostByName(Inet6AddressImpl.java:157)
12-05 14:46:55.515  3515 23105 W System.err: 	at java.net.Inet6AddressImpl.lookupAllHostAddr(Inet6AddressImpl.java:105)
12-05 14:46:55.516  3515 23105 W System.err: 	at java.net.InetAddress.getAllByName(InetAddress.java:1154)
12-05 14:46:55.516  3515 23105 W System.err: 	at com.android.okhttp.Dns$1.lookup(Dns.java:39)
12-05 14:46:55.516  3515 23105 W System.err: 	at com.android.okhttp.internal.http.RouteSelector.resetNextInetSocketAddress(RouteSelector.java:175)
12-05 14:46:55.517  3515 23105 W System.err: 	at com.android.okhttp.internal.http.RouteSelector.nextProxy(RouteSelector.java:141)
12-05 14:46:55.517  3515 23105 W System.err: 	at com.android.okhttp.internal.http.RouteSelector.next(RouteSelector.java:83)
12-05 14:46:55.517  3515 23105 W System.err: 	at com.android.okhttp.internal.http.StreamAllocation.findConnection(StreamAllocation.java:174)
12-05 14:46:55.517  3515 23105 W System.err: 	at com.android.okhttp.internal.http.StreamAllocation.findHealthyConnection(StreamAllocation.java:126)
12-05 14:46:55.517  3515 23105 W System.err: 	at com.android.okhttp.internal.http.StreamAllocation.newStream(StreamAllocation.java:95)
12-05 14:46:55.517  3515 23105 W System.err: 	at com.android.okhttp.internal.http.HttpEngine.connect(HttpEngine.java:281)
12-05 14:46:55.517  3515 23105 W System.err: 	at com.android.okhttp.internal.http.HttpEngine.sendRequest(HttpEngine.java:224)
12-05 14:46:55.517  3515 23105 W System.err: 	at com.android.okhttp.internal.huc.HttpURLConnectionImpl.execute(HttpURLConnectionImpl.java:461)
12-05 14:46:55.517  3515 23105 W System.err: 	at com.android.okhttp.internal.huc.HttpURLConnectionImpl.connect(HttpURLConnectionImpl.java:127)
12-05 14:46:55.517  3515 23105 W System.err: 	at com.android.okhttp.internal.huc.HttpURLConnectionImpl.getOutputStream(HttpURLConnectionImpl.java:258)
12-05 14:46:55.517  3515 23105 W System.err: 	at com.android.okhttp.internal.huc.DelegatingHttpsURLConnection.getOutputStream(DelegatingHttpsURLConnection.java:218)
12-05 14:46:55.517  3515 23105 W System.err: 	at com.android.okhttp.internal.huc.HttpsURLConnectionImpl.getOutputStream(HttpsURLConnectionImpl.java:26)
12-05 14:46:55.517  3515 23105 W System.err: 	at com.miui.securityscan.utils.NetUtil.a(Unknown Source:59)
12-05 14:46:55.518  3515 23105 W System.err: 	at com.miui.securityscan.utils.NetUtil.a(Unknown Source:27)
12-05 14:46:55.518  3515 23105 W System.err: 	at com.miui.securityscan.utils.NetUtil.a(Unknown Source:81)
12-05 14:46:55.518  3515 23105 W System.err: 	at com.miui.securityscan.utils.NetUtil.a(Unknown Source:3)
12-05 14:46:55.518  3515 23105 W System.err: 	at com.miui.appcompatibility.s.d(Unknown Source:34)
12-05 14:46:55.518  3515 23105 W System.err: 	at com.miui.appcompatibility.a.c.doInBackground(Unknown Source:73)
12-05 14:46:55.518  3515 23105 W System.err: 	at com.miui.appcompatibility.a.c.doInBackground(Unknown Source:2)
12-05 14:46:55.518  3515 23105 W System.err: 	at android.os.AsyncTask$2.call(AsyncTask.java:333)
12-05 14:46:55.518  3515 23105 W System.err: 	at java.util.concurrent.FutureTask.run(FutureTask.java:266)
12-05 14:46:55.518  3515 23105 W System.err: 	at java.util.concurrent.ThreadPoolExecutor.runWorker(ThreadPoolExecutor.java:1167)
12-05 14:46:55.518  3515 23105 W System.err: 	at java.util.concurrent.ThreadPoolExecutor$Worker.run(ThreadPoolExecutor.java:641)
12-05 14:46:55.518  3515 23105 W System.err: 	at java.lang.Thread.run(Thread.java:764)
12-05 14:46:55.519  3515 23105 W System.err: Caused by: android.system.GaiException: android_getaddrinfo failed: EAI_NODATA (No address associated with hostname)
12-05 14:46:55.519  3515 23105 W System.err: 	at libcore.io.Linux.android_getaddrinfo(Native Method)
12-05 14:46:55.519  3515 23105 W System.err: 	at libcore.io.BlockGuardOs.android_getaddrinfo(BlockGuardOs.java:172)
12-05 14:46:55.519  3515 23105 W System.err: 	at java.net.Inet6AddressImpl.lookupHostByName(Inet6AddressImpl.java:137)
12-05 14:46:55.520  3515 23105 W System.err: 	... 28 more
12-05 14:46:55.533 19141 19195 E Market-Connection: Connection Exception for app.market.xiaomi.com : Unable to resolve host "app.market.xiaomi.com": No address associated with hostname
12-05 14:46:55.534 19141 19195 W Market-Connection: hosted connection url: https://123.125.102.202/apm/updateinfo/v2?lo=CN
12-05 14:46:55.542 19141 19195 W System  : Ignoring header Content-Type because its value was null.
12-05 14:46:56.289 23180 23180 F linker  : CANNOT LINK EXECUTABLE "/system/bin/dpmd": "/system/lib64/libdpmframework.so" is 32-bit instead of 64-bit
12-05 14:46:56.501 21339 21412 W System.err: java.net.UnknownHostException: Unable to resolve host "qsb.browser.miui.com": No address associated with hostname
12-05 14:46:56.504 21339 21412 W System.err: 	at java.net.Inet6AddressImpl.lookupHostByName(Inet6AddressImpl.java:157)
12-05 14:46:56.504 21339 21412 W System.err: 	at java.net.Inet6AddressImpl.lookupAllHostAddr(Inet6AddressImpl.java:105)
12-05 14:46:56.504 21339 21412 W System.err: 	at java.net.InetAddress.getAllByName(InetAddress.java:1154)
12-05 14:46:56.504 21339 21412 W System.err: 	at com.android.okhttp.Dns$1.lookup(Dns.java:39)
12-05 14:46:56.504 21339 21412 W System.err: 	at com.android.okhttp.internal.http.RouteSelector.resetNextInetSocketAddress(RouteSelector.java:175)
12-05 14:46:56.504 21339 21412 W System.err: 	at com.android.okhttp.internal.http.RouteSelector.nextProxy(RouteSelector.java:141)
12-05 14:46:56.504 21339 21412 W System.err: 	at com.android.okhttp.internal.http.RouteSelector.next(RouteSelector.java:83)
12-05 14:46:56.504 21339 21412 W System.err: 	at com.android.okhttp.internal.http.StreamAllocation.findConnection(StreamAllocation.java:174)
12-05 14:46:56.504 21339 21412 W System.err: 	at com.android.okhttp.internal.http.StreamAllocation.findHealthyConnection(StreamAllocation.java:126)
12-05 14:46:56.505 21339 21412 W System.err: 	at com.android.okhttp.internal.http.StreamAllocation.newStream(StreamAllocation.java:95)
12-05 14:46:56.505 21339 21412 W System.err: 	at com.android.okhttp.internal.http.HttpEngine.connect(HttpEngine.java:281)
12-05 14:46:56.505 21339 21412 W System.err: 	at com.android.okhttp.internal.http.HttpEngine.sendRequest(HttpEngine.java:224)
12-05 14:46:56.505 21339 21412 W System.err: 	at com.android.okhttp.internal.huc.HttpURLConnectionImpl.execute(HttpURLConnectionImpl.java:461)
12-05 14:46:56.505 21339 21412 W System.err: 	at com.android.okhttp.internal.huc.HttpURLConnectionImpl.connect(HttpURLConnectionImpl.java:127)
12-05 14:46:56.505 21339 21412 W System.err: 	at com.android.okhttp.internal.huc.HttpURLConnectionImpl.getOutputStream(HttpURLConnectionImpl.java:258)
12-05 14:46:56.505 21339 21412 W System.err: 	at com.android.okhttp.internal.huc.DelegatingHttpsURLConnection.getOutputStream(DelegatingHttpsURLConnection.java:218)
12-05 14:46:56.505 21339 21412 W System.err: 	at com.android.okhttp.internal.huc.HttpsURLConnectionImpl.getOutputStream(HttpsURLConnectionImpl.java:26)
12-05 14:46:56.505 21339 21412 W System.err: 	at com.android.quicksearchbox.m.as.a(Unknown Source:195)
12-05 14:46:56.506 21339 21412 W System.err: 	at com.android.quicksearchbox.m.as.a(Unknown Source:101)
12-05 14:46:56.506 21339 21412 W System.err: 	at com.android.quicksearchbox.applications.c.b(Unknown Source:70)
12-05 14:46:56.506 21339 21412 W System.err: 	at com.android.quicksearchbox.applications.ApplicationsProvider.a(Unknown Source:19)
12-05 14:46:56.506 21339 21412 W System.err: 	at com.android.quicksearchbox.applications.ApplicationsProvider.a(Unknown Source:17)
12-05 14:46:56.506 21339 21412 W System.err: 	at com.android.quicksearchbox.applications.ApplicationsProvider.a(Unknown Source:0)
12-05 14:46:56.506 21339 21412 W System.err: 	at com.android.quicksearchbox.applications.ApplicationsProvider$c.handleMessage(Unknown Source:52)
12-05 14:46:56.506 21339 21412 W System.err: 	at android.os.Handler.dispatchMessage(Handler.java:106)
12-05 14:46:56.506 21339 21412 W System.err: 	at android.os.Looper.loop(Looper.java:201)
12-05 14:46:56.506 21339 21412 W System.err: 	at android.os.HandlerThread.run(HandlerThread.java:65)
12-05 14:46:56.507 21339 21412 W System.err: Caused by: android.system.GaiException: android_getaddrinfo failed: EAI_NODATA (No address associated with hostname)
12-05 14:46:56.507 21339 21412 W System.err: 	at libcore.io.Linux.android_getaddrinfo(Native Method)
12-05 14:46:56.507 21339 21412 W System.err: 	at libcore.io.BlockGuardOs.android_getaddrinfo(BlockGuardOs.java:172)
12-05 14:46:56.508 21339 21412 W System.err: 	at java.net.Inet6AddressImpl.lookupHostByName(Inet6AddressImpl.java:137)
12-05 14:46:56.512 21339 21412 W System.err: 	... 26 more
12-05 14:46:57.658 23131 23164 W InfraTrack: Analytics post: AndroidJUnitRunner=1.1.0 failed.
12-05 14:46:57.660 23131 23164 I MonitoringInstr: waitForActivitiesToComplete() took: 0ms
12-05 14:46:57.661 23131 23131 I MonitoringInstr: Activities that are still in CREATED to STOPPED: 0
12-05 14:46:57.664  2055  3823 I ActivityManager: Force stopping com.xiaomi.mi_connect_service appid=10145 user=0: finished inst
12-05 14:46:57.665  2055  3823 I AutoStartManagerService: MIUILOG- Reject RestartService packageName :com.xiaomi.mi_connect_service uid : 10145
12-05 14:46:57.666  2055  3823 D AutoStartManagerService: prepare force stop p:23131 s: 19
12-05 14:46:57.666  2055  3823 I Process : Sending signal. PID: 23131 SIG: 19
12-05 14:46:57.668  2055  3823 I ActivityManager: Killing 23131:com.xiaomi.mi_connect_service/u0a145 (adj 0): stop com.xiaomi.mi_connect_service: finished inst
12-05 14:46:57.671  2055  2083 W libprocessgroup: kill(-23131, 9) failed: No such process
12-05 14:46:57.671  2055 23181 W Binder  : Outgoing transactions from this process must be FLAG_ONEWAY
12-05 14:46:57.671  2055 23181 W Binder  : java.lang.Throwable
12-05 14:46:57.671  2055 23181 W Binder  : 	at android.os.BinderProxy.transact(BinderProxy.java:460)
12-05 14:46:57.671  2055 23181 W Binder  : 	at android.app.IInstrumentationWatcher$Stub$Proxy.instrumentationFinished(IInstrumentationWatcher.java:164)
12-05 14:46:57.671  2055 23181 W Binder  : 	at com.android.server.am.InstrumentationReporter$MyThread.run(InstrumentationReporter.java:86)
12-05 14:46:57.674 23122 23122 D AndroidRuntime: Shutting down VM
12-05 14:46:57.676  2055  2083 W libprocessgroup: kill(-23131, 9) failed: No such process
12-05 14:46:57.682   729  2813 V APM_AudioPolicyManager: AudioPolicyManager:setRecordSilenced(uid:10145, silenced:1)
12-05 14:46:57.682   729  2813 V AudioFlinger: AudioFlinger::setRecordSilenced(uid:10145, silenced:1)
12-05 14:46:57.682  2055  2081 V UidProcStateHelper: process died:[23131,10145]
12-05 14:46:57.683  2055  2083 W libprocessgroup: kill(-23131, 9) failed: No such process
12-05 14:46:57.687  4445  4522 D ActiveStateController: updateStateForUidActiveChangedLocked, uid: 10145 active: false
12-05 14:46:57.689  2055  2083 W libprocessgroup: kill(-23131, 9) failed: No such process
12-05 14:46:57.755  2055  2083 I chatty  : uid=1000(system) ActivityManager identical 11 lines
12-05 14:46:57.760  2055  2083 W libprocessgroup: kill(-23131, 9) failed: No such process
12-05 14:46:57.762   999   999 I Zygote  : Process 23131 exited due to signal (9)
12-05 14:46:57.766  2055  2083 W libprocessgroup: kill(-23131, 9) failed: No such process
12-05 14:46:57.766  2055  2083 I libprocessgroup: Successfully killed process cgroup uid 10145 pid 23131 in 95ms
12-05 14:46:57.879  2055  2131 I ActivityManager: Force stopping com.xiaomi.mi_connect_service appid=10145 user=0: from process:23184
12-05 14:46:57.880  2055  2131 I AutoStartManagerService: MIUILOG- Reject RestartService packageName :com.xiaomi.mi_connect_service uid : 10145
12-05 14:46:57.890  3445  3739 W MtpStorageManager: The file lcfp.lock was 0 KB size
12-05 14:46:57.896  3445  3739 I chatty  : uid=10030(com.android.providers.media) FileObserver identical 2 lines
12-05 14:46:57.898  3445  3739 W MtpStorageManager: The file lcfp.lock was 0 KB size
12-05 14:46:57.898  2629  2629 D CarrierSvcBindHelper: No carrier app for: 0
12-05 14:46:57.899  2629  2629 E PhoneInterfaceManager: [PhoneIntfMgr] getCarrierPackageNamesForIntent: No UICC
12-05 14:46:57.899  2629  2629 D CarrierSvcBindHelper: No carrier app for: 1
12-05 14:46:58.064  2592  4816 I DPMJ    : |REQ:RCVR| DPM creating socket
12-05 14:46:58.578 19141 19195 E Market-Connection: Connection Exception for 123.125.102.202 : Failed to connect to /ipv4:443
12-05 14:47:00.609 19141 19195 W Market-Connection: hosted connection url: https://118.26.252.203/apm/updateinfo/v2?lo=CN
12-05 14:47:00.614 19141 19195 W System  : Ignoring header Content-Type because its value was null.
12-05 14:47:01.308 23186 23186 F linker  : CANNOT LINK EXECUTABLE "/system/bin/dpmd": "/system/lib64/libdpmframework.so" is 32-bit instead of 64-bit
12-05 14:47:02.071  2592  4816 I DPMJ    : |REQ:RCVR| DPM creating socket
12-05 14:47:02.549  2382  2569 D NetworkController.MobileSignalController(1): 4G level = 5
12-05 14:47:03.649 19141 19195 E Market-Connection: Connection Exception for 118.26.252.203 : Failed to connect to /ipv4:443
12-05 14:47:05.677 19141 19195 W Market-Connection: hosted connection url: https://117.48.116.204/apm/updateinfo/v2?lo=CN
12-05 14:47:05.688 19141 19195 W System  : Ignoring header Content-Type because its value was null.
12-05 14:47:05.737 19141 19195 E Market-Connection: Connection Exception for 117.48.116.204 : Failed to connect to /ipv4:443
12-05 14:47:06.079  2592  4816 I DPMJ    : |REQ:RCVR| DPM creating socket
12-05 14:47:06.327 23188 23188 F linker  : CANNOT LINK EXECUTABLE "/system/bin/dpmd": "/system/lib64/libdpmframework.so" is 32-bit instead of 64-bit
12-05 14:47:06.338 21654 21725 D MI_STAT : UploaderEngine postToServer network is not connected
12-05 14:47:06.341 21654 21725 D MI_STAT : UploadTimer handleMessage: true
12-05 14:47:07.795 19141 19195 W Market-Connection: hosted connection url: https://111.13.141.202/apm/updateinfo/v2?lo=CN
12-05 14:47:07.801 19141 19195 W System  : Ignoring header Content-Type because its value was null.
12-05 14:47:07.844 19141 19195 E Market-Connection: Connection Exception for 111.13.141.202 : Failed to connect to /ipv4:443
12-05 14:47:09.308  2382  2569 D NetworkController.MobileSignalController(1): 4G level = 5
12-05 14:47:09.908 19141 19195 W Market-Connection: hosted connection url: https://58.83.177.217/apm/updateinfo/v2?lo=CN
12-05 14:47:09.914 19141 19195 W System  : Ignoring header Content-Type because its value was null.
12-05 14:47:09.958 19141 19195 E Market-Connection: Connection Exception for 58.83.177.217 : Failed to connect to /ipv4:443
12-05 14:47:10.085  2592  4816 I DPMJ    : |REQ:RCVR| DPM creating socket
12-05 14:47:11.343 23189 23189 F linker  : CANNOT LINK EXECUTABLE "/system/bin/dpmd": "/system/lib64/libdpmframework.so" is 32-bit instead of 64-bit
12-05 14:47:12.002 19141 19195 W Market-Connection: hosted connection url: https://39.156.82.240/apm/updateinfo/v2?lo=CN
12-05 14:47:12.013 19141 19195 W System  : Ignoring header Content-Type because its value was null.
12-05 14:47:12.062 19141 19195 E Market-Connection: Connection Exception for 39.156.82.240 : Failed to connect to /ipv4:443
12-05 14:47:13.812  2382  2569 D NetworkController.MobileSignalController(1): 4G level = 5
12-05 14:47:14.088 19141 19195 W Market-Connection: hosted connection url: https://183.84.5.210/apm/updateinfo/v2?lo=CN
12-05 14:47:14.088  2592  4816 I DPMJ    : |REQ:RCVR| DPM creating socket
12-05 14:47:14.104 19141 19195 W System  : Ignoring header Content-Type because its value was null.
12-05 14:47:14.134 19141 19195 E Market-Connection: Connection Exception for 183.84.5.210 : Failed to connect to /ipv4:443
12-05 14:47:14.155 19141 19195 E Market-Connection: java.net.ConnectException: Failed to connect to /ipv4:443
12-05 14:47:14.158 19141 19195 E Market-Connection: Connection failed : NETWORK_ERROR | https://app.market.xiaomi.com/apm/updateinfo/v2
12-05 14:47:14.159 19141 19195 E Market-LocalAppManager: network exception when check single update
12-05 14:47:16.361 23191 23191 F linker  : CANNOT LINK EXECUTABLE "/system/bin/dpmd": "/system/lib64/libdpmframework.so" is 32-bit instead of 64-bit
12-05 14:47:18.094  2592  4816 I DPMJ    : |REQ:RCVR| DPM creating socket
12-05 14:47:19.267 21339 22993 W DpmTcmClient: Couldn't find 'tcm' socket after 120times. quit trying
12-05 14:47:21.353 21654 21725 D MI_STAT : UploaderEngine postToServer network is not connected
12-05 14:47:21.370 21654 21725 D MI_STAT : UploadTimer handleMessage: true
12-05 14:47:21.379 23192 23192 F linker  : CANNOT LINK EXECUTABLE "/system/bin/dpmd": "/system/lib64/libdpmframework.so" is 32-bit instead of 64-bit
12-05 14:47:22.100  2592  4816 I DPMJ    : |REQ:RCVR| DPM creating socket
