12-05 14:46:37.507 23131 23164 I RTPS_PARTICIPANT:
12-05 14:46:37.510 23131 23166 I RTPS_PARTICIPANT: Thread: 484785325296 created and waiting for tasks.
12-05 14:46:37.511 23131 23164 I RTPS_MSG_IN: Created with CDRMessage of size: 65500
12-05 14:46:37.514 23131 23164 I RTPS_MSG_IN: Created with CDRMessage of size: 65500
12-05 14:46:37.514 23131 23164 I RTPS_PARTICIPANT: RTPSParticipant Created with NO default Unicast Locator List, adding Locators:192.168.43.158:7413,
12-05 14:46:37.514 23131 23164 I RTPS_PDP: Beginning
12-05 14:46:37.514 23131 23164 I RTPS_PDP: Beginning
12-05 14:46:37.514 23131 23164 I RTPS_UTILS: Creating CacheChangePool of size: 26 with payload of size: 5000
12-05 14:46:37.514 23131 23164 I RTPS_UTILS: Static Mode is active, preallocating memory for pool_size elements
12-05 14:46:37.514 23131 23164 I RTPS_UTILS: Allocating group of cache changes of size: 26
12-05 14:46:37.514 23131 23164 I RTPS_PARTICIPANT:  of type BEST_EFFORT
12-05 14:46:37.514 23131 23164 I RTPS_READER: RTPSReader created correctly
12-05 14:46:37.515 23131 23164 I RTPS_READER: Writer |GUID UNKNOWN| added to 0.1.0.c7
12-05 14:46:37.515 23131 23164 I RTPS_UTILS: Creating CacheChangePool of size: 21 with payload of size: 5000
12-05 14:46:37.515 23131 23164 I RTPS_UTILS: Static Mode is active, preallocating memory for pool_size elements
12-05 14:46:37.515 23131 23164 I RTPS_UTILS: Allocating group of cache changes of size: 21
12-05 14:46:37.515 23131 23164 I RTPS_PARTICIPANT:  of type BEST_EFFORT
12-05 14:46:37.515 23131 23164 I RTPS_WRITER: RTPSWriter created
12-05 14:46:37.516 23131 23164 I RTPS_READER: Reader |GUID UNKNOWN| added to 0.1.0.c2
12-05 14:46:37.516 23131 23164 I RTPS_PDP: SPDP Endpoints creation finished
12-05 14:46:37.516 23131 23170 I RTPS_WRITER: Finish sending unsent changes
12-05 14:46:37.516 23131 23164 I RTPS_EDP: Beginning Simple Endpoint Discovery Protocol
12-05 14:46:37.516 23131 23164 I RTPS_UTILS: Creating CacheChangePool of size: 21 with payload of size: 5000
12-05 14:46:37.516 23131 23164 I RTPS_UTILS: Static Mode is active, preallocating memory for pool_size elements
12-05 14:46:37.516 23131 23164 I RTPS_UTILS: Allocating group of cache changes of size: 21
12-05 14:46:37.516 23131 23164 I RTPS_PARTICIPANT:  of type RELIABLE
12-05 14:46:37.516 23131 23164 I RTPS_WRITER: RTPSWriter created
12-05 14:46:37.516 23131 23164 I RTPS_EDP: SEDP Publication Writer created
12-05 14:46:37.516 23131 23164 I RTPS_UTILS: Creating CacheChangePool of size: 21 with payload of size: 5000
12-05 14:46:37.516 23131 23164 I RTPS_UTILS: Static Mode is active, preallocating memory for pool_size elements
12-05 14:46:37.516 23131 23164 I RTPS_UTILS: Allocating group of cache changes of size: 21
12-05 14:46:37.517 23131 23164 I RTPS_PARTICIPANT:  of type RELIABLE
12-05 14:46:37.517 23131 23164 I RTPS_READER: RTPSReader created correctly
12-05 14:46:37.517 23131 23164 I RTPS_EDP: SEDP Subscription Reader created
12-05 14:46:37.517 23131 23164 I RTPS_UTILS: Creating CacheChangePool of size: 21 with payload of size: 5000
12-05 14:46:37.517 23131 23164 I RTPS_UTILS: Static Mode is active, preallocating memory for pool_size elements
12-05 14:46:37.517 23131 23164 I RTPS_UTILS: Allocating group of cache changes of size: 21
12-05 14:46:37.517 23131 23164 I RTPS_PARTICIPANT:  of type RELIABLE
12-05 14:46:37.517 23131 23164 I RTPS_READER: RTPSReader created correctly
12-05 14:46:37.517 23131 23164 I RTPS_EDP: SEDP Publication Reader created
12-05 14:46:37.517 23131 23164 I RTPS_UTILS: Creating CacheChangePool of size: 21 with payload of size: 5000
12-05 14:46:37.517 23131 23164 I RTPS_UTILS: Static Mode is active, preallocating memory for pool_size elements
12-05 14:46:37.517 23131 23164 I RTPS_UTILS: Allocating group of cache changes of size: 21
12-05 14:46:37.517 23131 23164 I RTPS_PARTICIPANT:  of type RELIABLE
12-05 14:46:37.517 23131 23164 I RTPS_WRITER: RTPSWriter created
12-05 14:46:37.517 23131 23164 I RTPS_EDP: SEDP Subscription Writer created
12-05 14:46:37.517 23131 23164 I RTPS_EDP: Creation finished
12-05 14:46:37.517 23131 23164 I RTPS_LIVELINESS: Initializing Liveliness Protocol
12-05 14:46:37.517 23131 23164 I RTPS_UTILS: Creating CacheChangePool of size: 21 with payload of size: 100
12-05 14:46:37.517 23131 23164 I RTPS_UTILS: Static Mode is active, preallocating memory for pool_size elements
12-05 14:46:37.517 23131 23164 I RTPS_UTILS: Allocating group of cache changes of size: 21
12-05 14:46:37.518 23131 23164 I RTPS_PARTICIPANT:  of type RELIABLE
12-05 14:46:37.518 23131 23164 I RTPS_WRITER: RTPSWriter created
12-05 14:46:37.518 23131 23164 I RTPS_LIVELINESS: Builtin Liveliness Writer created
12-05 14:46:37.518 23131 23164 I RTPS_UTILS: Creating CacheChangePool of size: 101 with payload of size: 100
12-05 14:46:37.518 23131 23164 I RTPS_UTILS: Static Mode is active, preallocating memory for pool_size elements
12-05 14:46:37.518 23131 23164 I RTPS_UTILS: Allocating group of cache changes of size: 101
12-05 14:46:37.518 23131 23164 I RTPS_PARTICIPANT:  of type RELIABLE
12-05 14:46:37.518 23131 23164 I RTPS_READER: RTPSReader created correctly
12-05 14:46:37.518 23131 23164 I RTPS_LIVELINESS: Builtin Liveliness Reader created
12-05 14:46:37.518 23131 23164 I RTPS_PDP: Announcing RTPSParticipant State (new change: 1)
12-05 14:46:37.518 23131 23164 I RTPS_WRITER: Creating new change
12-05 14:46:37.518 23131 23164 I RTPS_HISTORY: Change 1 added with 172 bytes
12-05 14:46:37.518 23131 23164 I RTPS_WRITER: Sending relevant changes as DATA/DATA_FRAG messages
12-05 14:46:37.518 23131 23164 I RTPS_WRITER: Sending INFO_TS message
12-05 14:46:37.518 23131 23167 I RTPS_MSG_IN: (ID:484777772272) InfoTS Submsg received, processing...
12-05 14:46:37.519 23131 23167 I RTPS_MSG_IN: (ID:484777772272) Data Submsg received, processing.
12-05 14:46:37.519 23131 23167 I RTPS_MSG_IN: (ID:484777772272) from Writer 1.f.13.9f.5b.5a.0.0.1.0.0.0|0.1.0.c2; possible RTPSReaders: 4
12-05 14:46:37.519 23131 23167 I RTPS_MSG_IN: (ID:484777772272) Trying to add change 1 TO reader: 0.1.0.c7
12-05 14:46:37.519 23131 23167 I RTPS_HISTORY: Change 1 added with 172 bytes
12-05 14:46:37.519 23131 23167 I RTPS_PDP: SPDP Message received
12-05 14:46:37.519 23131 23167 I RTPS_PDP: Message from own RTPSParticipant, removing
12-05 14:46:37.519 23131 23167 I RTPS_HISTORY: Removing change 1
12-05 14:46:37.519 23131 23167 I RTPS_PARTICIPANT: 1.f.13.9f.5b.5a.0.0.1.0.0.0|0.0.1.c1
12-05 14:46:37.519 23131 23167 I RTPS_MSG_IN: (ID:484777772272) Sub Message DATA processed
12-05 14:46:37.519 23131 23164 I RTPS_MSG_OUT: UDPTransport: 228 bytes TO endpoint: 239.255.0.1:7400 FROM 0.0.0.0:39450


12-05 14:46:37.519 23131 23164 I RTPS_PARTICIPANT: 1.f.13.9f.5b.5a.0.0.1.0.0.0|0.0.1.c1
12-05 14:46:37.519 23131 23164 I RTPS_PARTICIPANT: RTPSParticipant "RTPSParticipant" with guidPrefix: 1.f.13.9f.5b.5a.0.0.1.0.0.0


12-05 14:46:37.521 23131 23164 I RTPS_UTILS: Creating CacheChangePool of size: 501 with payload of size: 500
12-05 14:46:37.521 23131 23164 I RTPS_UTILS: Static Mode is active, preallocating memory for pool_size elements
12-05 14:46:37.521 23131 23164 I RTPS_UTILS: Allocating group of cache changes of size: 501


12-05 14:46:37.522 23131 23164 I RTPS_PARTICIPANT:  of type BEST_EFFORT
12-05 14:46:37.522 23131 23164 I RTPS_READER: RTPSReader created correctly
12-05 14:46:37.522 23131 23164 I RTPS_EDP: Adding 0.0.1.4 in topic Test
12-05 14:46:37.522 23131 23164 I RTPS_PDP: Adding reader proxy data 1.f.13.9f.5b.5a.0.0.1.0.0.0|0.0.1.4
12-05 14:46:37.522 23131 23164 I RTPS_EDP: 1.f.13.9f.5b.5a.0.0.1.0.0.0|0.0.1.4 in topic: "Test"
12-05 14:46:37.522 23131 23164 I RTPS_EDP: 1.f.13.9f.5b.5a.0.0.1.0.0.0|0.0.1.4 in topic: "Test"
12-05 14:46:37.522 23131 23164 I RTPS_EDP: 0.0.1.4



12-05 14:46:37.522 23131 23164 I RTPS_WRITER: Creating new change
12-05 14:46:37.522 23131 23164 I RTPS_HISTORY: Change 1 added with 268 bytes
12-05 14:46:37.522 23131 23164 I RTPS_WRITER: No reader proxy to add change.
12-05 14:46:37.523 23131 23164 I RTPS_PARTICIPANT: 1.f.13.9f.5b.5a.0.0.1.0.0.0|0.0.1.c1
12-05 14:46:37.523 23131 23164 I RTPS_PROXY_DATA: ReaderProxyData destructor: 1.f.13.9f.5b.5a.0.0.1.0.0.0|0.0.1.4
12-05 14:46:37.523 23131 23164 I RTPS_UTILS: Creating CacheChangePool of size: 501 with payload of size: 500
12-05 14:46:37.523 23131 23164 I RTPS_UTILS: Static Mode is active, preallocating memory for pool_size elements
12-05 14:46:37.523 23131 23164 I RTPS_UTILS: Allocating group of cache changes of size: 501


12-05 14:46:37.524 23131 23164 I RTPS_PARTICIPANT:  of type RELIABLE
12-05 14:46:37.524 23131 23164 I RTPS_WRITER: RTPSWriter created
12-05 14:46:37.524 23131 23164 I RTPS_EDP: Adding 0.0.2.3 in topic Test

12-05 14:46:37.524 23131 23164 I RTPS_PDP: Adding writer proxy data 1.f.13.9f.5b.5a.0.0.1.0.0.0|0.0.2.3
12-05 14:46:37.524 23131 23164 I RTPS_EDP: 1.f.13.9f.5b.5a.0.0.1.0.0.0|0.0.2.3 in topic: "Test"
12-05 14:46:37.524 23131 23164 I RTPS_READER: Writer 1.f.13.9f.5b.5a.0.0.1.0.0.0|0.0.2.3 added to 0.0.1.4
12-05 14:46:37.524 23131 23164 I RTPS_EDP: Valid Matching to local reader: 0.0.1.4


12-05 14:46:37.524 23131 23164 I RTPS_PROXY_DATA: ReaderProxyData destructor: 1.f.13.9f.5b.5a.0.0.1.0.0.0|0.0.1.4
12-05 14:46:37.524 23131 23164 I RTPS_PARTICIPANT: 1.f.13.9f.5b.5a.0.0.1.0.0.0|0.0.1.c1
12-05 14:46:37.524 23131 23164 I RTPS_EDP: 1.f.13.9f.5b.5a.0.0.1.0.0.0|0.0.2.3 in topic: "Test"
12-05 14:46:37.525 23131 23164 I RTPS_WRITER: Reader Proxy started
12-05 14:46:37.525 23131 23164 I RTPS_WRITER: 0.0.2.3 Sending Heartbeat (1 - 0)
12-05 14:46:37.525 23131 23169 I RTPS_MSG_IN: (ID:484775691504) InfoDST message received, processing...
12-05 14:46:37.525 23131 23169 I RTPS_MSG_IN: (ID:484775691504) DST RTPSParticipant is now: 1.f.13.9f.5b.5a.0.0.1.0.0.0
12-05 14:46:37.525 23131 23169 I RTPS_MSG_IN: (ID:484775691504) Heartbeat Submsg received, processing...
12-05 14:46:37.525 23131 23164 I RTPS_MSG_OUT: UDPTransport: 68 bytes TO endpoint: 127.0.0.1:7413 FROM 0.0.0.0:39450
12-05 14:46:37.525 23131 23164 I RTPS_WRITER: Reader Proxy 1.f.13.9f.5b.5a.0.0.1.0.0.0|0.0.1.4 added to 0.0.2.3 with 1(u)-0(m) locators


12-05 14:46:37.525 23131 23164 I RTPS_EDP: Valid Matching to readerProxy: 1.f.13.9f.5b.5a.0.0.1.0.0.0|0.0.1.4

12-05 14:46:37.525 23131 23164 I RTPS_EDP: 0.0.2.3


12-05 14:46:37.525 23131 23164 I RTPS_WRITER: Creating new change
12-05 14:46:37.526 23131 23164 I RTPS_HISTORY: Change 1 added with 276 bytes
12-05 14:46:37.526 23131 23164 I RTPS_WRITER: No reader proxy to add change.
12-05 14:46:37.526 23131 23164 I RTPS_PARTICIPANT: 1.f.13.9f.5b.5a.0.0.1.0.0.0|0.0.1.c1
12-05 14:46:37.526 23131 23164 I RTPS_PROXY_DATA: 1.f.13.9f.5b.5a.0.0.1.0.0.0|0.0.2.3
12-05 14:46:37.526 23131 23164 I RTPS_LIVELINESS: 0.0.2.3 to Liveliness Protocol


12-05 14:46:37.526 23131 23164 I RTPS_WRITER: Creating new change
12-05 14:46:37.526 23131 23164 I RTPS_HISTORY: Change 1 added with 11 bytes
12-05 14:46:37.526 23131 23164 I RTPS_WRITER: Sending relevant changes as DATA/DATA_FRAG messages


12-05 14:46:37.526 23131 23164 I RTPS_WRITER: Sending INFO_TS message
12-05 14:46:37.526 23131 23169 I RTPS_MSG_IN: (ID:484775691504) InfoDST message received, processing...
12-05 14:46:37.526 23131 23169 I RTPS_MSG_IN: (ID:484775691504) DST RTPSParticipant is now: 1.f.13.9f.5b.5a.0.0.1.0.0.0
12-05 14:46:37.526 23131 23169 I RTPS_MSG_IN: (ID:484775691504) InfoTS Submsg received, processing...
12-05 14:46:37.526 23131 23169 I RTPS_MSG_IN: (ID:484775691504) Data Submsg received, processing.
12-05 14:46:37.526 23131 23169 I RTPS_MSG_IN: (ID:484775691504) from Writer 1.f.13.9f.5b.5a.0.0.1.0.0.0|0.0.2.3; possible RTPSReaders: 1
12-05 14:46:37.527 23131 23169 I RTPS_MSG_IN: (ID:484775691504) Trying to add change 1 TO reader: 0.0.1.4
12-05 14:46:37.527 23131 23169 I RTPS_HISTORY: Change 1 added with 12 bytes
12-05 14:46:37.528 23131 23169 I RTPS_HISTORY: Removing change 1
12-05 14:46:37.528 23131 23169 I RTPS_MSG_IN: (ID:484775691504) Sub Message DATA processed
12-05 14:46:37.528 23131 23164 I RTPS_MSG_OUT: UDPTransport: 84 bytes TO endpoint: 127.0.0.1:7413 FROM 0.0.0.0:39450
12-05 14:46:37.535 23131 23168 I RTPS_MSG_IN: (ID:484776731888) InfoDST message received, processing...
12-05 14:46:37.535 23131 23168 I RTPS_MSG_IN: (ID:484776731888) DST RTPSParticipant is now: 1.f.13.9f.5b.5a.0.0.1.0.0.0
12-05 14:46:37.535 23131 23168 I RTPS_MSG_IN: (ID:484776731888) Heartbeat Submsg received, processing...
12-05 14:46:37.535 23131 23168 I RTPS_MSG_IN: (ID:484776731888) InfoDST message received, processing...
12-05 14:46:37.535 23131 23168 I RTPS_MSG_IN: (ID:484776731888) DST RTPSParticipant is now: 1.f.13.9f.5b.5a.0.0.1.0.0.0
12-05 14:46:37.535 23131 23168 I RTPS_MSG_IN: (ID:484776731888) Heartbeat Submsg received, processing...
12-05 14:46:37.535 23131 23168 I RTPS_MSG_IN: (ID:484776731888) InfoDST message received, processing...
12-05 14:46:37.535 23131 23168 I RTPS_MSG_IN: (ID:484776731888) DST RTPSParticipant is now: 1.f.13.9f.5b.5a.0.0.1.0.0.0
12-05 14:46:37.535 23131 23168 I RTPS_MSG_IN: (ID:484776731888) Heartbeat Submsg received, processing...
12-05 14:46:37.539 23131 23167 I RTPS_MSG_IN: (ID:484777772272) InfoTS Submsg received, processing...
12-05 14:46:37.539 23131 23167 I RTPS_MSG_IN: (ID:484777772272) Data Submsg received, processing.
12-05 14:46:37.539 23131 23167 I RTPS_MSG_IN: (ID:484777772272) from Writer 1.f.40.bb.96.38.0.0.1.0.0.0|0.1.0.c2; possible RTPSReaders: 4
12-05 14:46:37.539 23131 23167 I RTPS_MSG_IN: (ID:484777772272) Trying to add change 1 TO reader: 0.1.0.c7
12-05 14:46:37.539 23131 23167 I RTPS_HISTORY: Change 1 added with 172 bytes
12-05 14:46:37.539 23131 23167 I RTPS_PDP: SPDP Message received
12-05 14:46:37.540 23131 23167 I RTPS_PDP: Announcing RTPSParticipant State (new change: 0)
12-05 14:46:37.540 23131 23167 I RTPS_PDP: For RTPSParticipant: 1.f.40.bb.96.38.0.0.1.0.0.0
12-05 14:46:37.540 23131 23170 I RTPS_WRITER: Sending relevant changes as DATA/DATA_FRAG messages
12-05 14:46:37.540 23131 23170 I RTPS_WRITER: Sending INFO_TS message
12-05 14:46:37.540 23131 23167 I RTPS_READER: Writer 1.f.40.bb.96.38.0.0.1.0.0.0|0.1.0.c2 added to 0.1.0.c7
12-05 14:46:37.540 23131 23170 I RTPS_MSG_OUT: UDPTransport: 228 bytes TO endpoint: 239.255.0.1:7400 FROM 0.0.0.0:39450
12-05 14:46:37.540 23131 23170 I RTPS_WRITER: Finish sending unsent changes
12-05 14:46:37.540 23131 23167 I RTPS_READER: Reader 1.f.40.bb.96.38.0.0.1.0.0.0|0.1.0.c7 added to 0.1.0.c2
12-05 14:46:37.540 23131 23167 I RTPS_EDP: New DPD received, adding remote endpoints to our SimpleEDP endpoints
12-05 14:46:37.540 23131 23167 I RTPS_EDP: Adding SEDP Pub Writer to my Pub Reader
12-05 14:46:37.541 23131 23170 I RTPS_WRITER: Sending relevant changes as DATA/DATA_FRAG messages
12-05 14:46:37.541 23131 23170 I RTPS_WRITER: Sending INFO_TS message
12-05 14:46:37.542 23131 23170 I RTPS_MSG_OUT: UDPTransport: 228 bytes TO endpoint: 239.255.0.1:7400 FROM 0.0.0.0:39450
12-05 14:46:37.542 23131 23170 I RTPS_WRITER: Finish sending unsent changes
12-05 14:46:37.542 23131 23167 I RTPS_READER: Writer Proxy created in reader: 0.0.3.c7
12-05 14:46:37.542 23131 23167 I RTPS_READER: Writer Proxy 1.f.40.bb.96.38.0.0.1.0.0.0|0.0.3.c2 added to 0.0.3.c7
12-05 14:46:37.542 23131 23167 I RTPS_EDP: Adding SEDP Pub Reader to my Pub Writer
12-05 14:46:37.543 23131 23167 I RTPS_WRITER: Reader Proxy started
12-05 14:46:37.543 23131 23167 I RTPS_WRITER: 0.0.3.c2 Sending Heartbeat (1 - 1)
12-05 14:46:37.543 23131 23167 I RTPS_MSG_OUT: UDPTransport: 68 bytes TO endpoint: 192.168.43.1:7412 FROM 0.0.0.0:39450
12-05 14:46:37.544 23131 23167 I RTPS_WRITER: Reader Proxy 1.f.40.bb.96.38.0.0.1.0.0.0|0.0.3.c7 added to 0.0.3.c2 with 1(u)-1(m) locators
12-05 14:46:37.544 23131 23167 I RTPS_EDP: Adding SEDP Sub Writer to my Sub Reader
12-05 14:46:37.544 23131 23167 I RTPS_READER: Writer Proxy created in reader: 0.0.4.c7
12-05 14:46:37.544 23131 23167 I RTPS_READER: Writer Proxy 1.f.40.bb.96.38.0.0.1.0.0.0|0.0.4.c2 added to 0.0.4.c7
12-05 14:46:37.545 23131 23167 I RTPS_EDP: Adding SEDP Sub Reader to my Sub Writer
12-05 14:46:37.545 23131 23167 I RTPS_WRITER: Reader Proxy started
12-05 14:46:37.545 23131 23167 I RTPS_WRITER: 0.0.4.c2 Sending Heartbeat (1 - 1)
12-05 14:46:37.545 23131 23167 I RTPS_MSG_OUT: UDPTransport: 68 bytes TO endpoint: 192.168.43.1:7412 FROM 0.0.0.0:39450
12-05 14:46:37.546 23131 23167 I RTPS_WRITER: Reader Proxy 1.f.40.bb.96.38.0.0.1.0.0.0|0.0.4.c7 added to 0.0.4.c2 with 1(u)-1(m) locators
12-05 14:46:37.546 23131 23167 I RTPS_LIVELINESS: Adding remote writer to my local Builtin Reader
12-05 14:46:37.547 23131 23167 I RTPS_READER: Writer Proxy created in reader: 0.2.0.c7
12-05 14:46:37.547 23131 23167 I RTPS_READER: Writer Proxy 1.f.40.bb.96.38.0.0.1.0.0.0|0.2.0.c2 added to 0.2.0.c7
12-05 14:46:37.547 23131 23167 I RTPS_LIVELINESS: Adding remote reader to my local Builtin Writer
12-05 14:46:37.548 23131 23167 I RTPS_WRITER: Reader Proxy started
12-05 14:46:37.548 23131 23167 I RTPS_WRITER: 0.2.0.c2 Sending Heartbeat (1 - 0)
12-05 14:46:37.549 23131 23167 I RTPS_MSG_OUT: UDPTransport: 68 bytes TO endpoint: 192.168.43.1:7412 FROM 0.0.0.0:39450
12-05 14:46:37.549 23131 23167 I RTPS_WRITER: Reader Proxy 1.f.40.bb.96.38.0.0.1.0.0.0|0.2.0.c7 added to 0.2.0.c2 with 1(u)-1(m) locators
12-05 14:46:37.549 23131 23167 I RTPS_PARTICIPANT: 1.f.40.bb.96.38.0.0.1.0.0.0|0.0.1.c1
12-05 14:46:37.549 23131 23167 I RTPS_HISTORY: Removing change 1
12-05 14:46:37.549 23131 23167 I RTPS_MSG_IN: (ID:484777772272) Sub Message DATA processed
12-05 14:46:37.549 23131 23167 I RTPS_MSG_IN: (ID:484777772272) InfoTS Submsg received, processing...
12-05 14:46:37.550 23131 23167 I RTPS_MSG_IN: (ID:484777772272) Data Submsg received, processing.
12-05 14:46:37.550 23131 23167 I RTPS_MSG_IN: (ID:484777772272) from Writer 1.f.13.9f.5b.5a.0.0.1.0.0.0|0.1.0.c2; possible RTPSReaders: 4
12-05 14:46:37.550 23131 23167 I RTPS_MSG_IN: (ID:484777772272) Trying to add change 1 TO reader: 0.1.0.c7
12-05 14:46:37.550 23131 23167 I RTPS_MSG_IN: (ID:484777772272) MessageReceiver not add change 1
12-05 14:46:37.550 23131 23167 I RTPS_LIVELINESS: RTPSParticipant 1.f.13.9f.5b.5a.0.0.1.0.0.0|0.0.1.c1 is Alive
12-05 14:46:37.550 23131 23167 I RTPS_MSG_IN: (ID:484777772272) Sub Message DATA processed
12-05 14:46:37.551 23131 23167 I RTPS_MSG_IN: (ID:484777772272) InfoTS Submsg received, processing...
12-05 14:46:37.551 23131 23167 I RTPS_MSG_IN: (ID:484777772272) Data Submsg received, processing.
12-05 14:46:37.551 23131 23167 I RTPS_MSG_IN: (ID:484777772272) from Writer 1.f.13.9f.5b.5a.0.0.1.0.0.0|0.1.0.c2; possible RTPSReaders: 4
12-05 14:46:37.551 23131 23167 I RTPS_MSG_IN: (ID:484777772272) Trying to add change 1 TO reader: 0.1.0.c7
12-05 14:46:37.551 23131 23167 I RTPS_MSG_IN: (ID:484777772272) MessageReceiver not add change 1
12-05 14:46:37.551 23131 23167 I RTPS_LIVELINESS: RTPSParticipant 1.f.13.9f.5b.5a.0.0.1.0.0.0|0.0.1.c1 is Alive
12-05 14:46:37.551 23131 23167 I RTPS_MSG_IN: (ID:484777772272) Sub Message DATA processed
12-05 14:46:37.562 23131 23168 I RTPS_MSG_IN: (ID:484776731888) InfoDST message received, processing...
12-05 14:46:37.562 23131 23168 I RTPS_MSG_IN: (ID:484776731888) DST RTPSParticipant is now: 1.f.13.9f.5b.5a.0.0.1.0.0.0
12-05 14:46:37.562 23131 23168 I RTPS_MSG_IN: (ID:484776731888) Acknack Submsg received, processing...
12-05 14:46:37.571 23131 23168 I RTPS_MSG_IN: (ID:484776731888) InfoDST message received, processing...
12-05 14:46:37.571 23131 23168 I RTPS_MSG_IN: (ID:484776731888) DST RTPSParticipant is now: 1.f.13.9f.5b.5a.0.0.1.0.0.0
12-05 14:46:37.571 23131 23168 I RTPS_MSG_IN: (ID:484776731888) Acknack Submsg received, processing...
12-05 14:46:37.571 23131 23168 I RTPS_WRITER: Requested Changes: 1:1-
12-05 14:46:37.571 23131 23168 I RTPS_MSG_IN: (ID:484776731888) InfoDST message received, processing...
12-05 14:46:37.571 23131 23168 I RTPS_MSG_IN: (ID:484776731888) DST RTPSParticipant is now: 1.f.13.9f.5b.5a.0.0.1.0.0.0
12-05 14:46:37.571 23131 23168 I RTPS_MSG_IN: (ID:484776731888) Acknack Submsg received, processing...
12-05 14:46:37.571 23131 23168 I RTPS_WRITER: Requested Changes: 1:1-
12-05 14:46:37.605 23131 23168 I RTPS_MSG_IN: (ID:484776731888) InfoDST message received, processing...
12-05 14:46:37.605 23131 23168 I RTPS_MSG_IN: (ID:484776731888) DST RTPSParticipant is now: 1.f.13.9f.5b.5a.0.0.1.0.0.0
12-05 14:46:37.605 23131 23168 I RTPS_MSG_IN: (ID:484776731888) Acknack Submsg received, processing...
12-05 14:46:37.605 23131 23168 I RTPS_WRITER: 0.0.3.c2 Sending Heartbeat (1 - 1)
12-05 14:46:37.606 23131 23168 I RTPS_MSG_OUT: UDPTransport: 68 bytes TO endpoint: 192.168.43.1:7412 FROM 0.0.0.0:39450
12-05 14:46:37.606 23131 23168 I RTPS_MSG_IN: (ID:484776731888) InfoDST message received, processing...
12-05 14:46:37.606 23131 23168 I RTPS_MSG_IN: (ID:484776731888) DST RTPSParticipant is now: 1.f.13.9f.5b.5a.0.0.1.0.0.0
12-05 14:46:37.606 23131 23168 I RTPS_MSG_IN: (ID:484776731888) Acknack Submsg received, processing...
12-05 14:46:37.606 23131 23168 I RTPS_WRITER: 0.0.4.c2 Sending Heartbeat (1 - 1)
12-05 14:46:37.606 23131 23168 I RTPS_MSG_OUT: UDPTransport: 68 bytes TO endpoint: 192.168.43.1:7412 FROM 0.0.0.0:39450
12-05 14:46:37.606 23131 23168 I RTPS_MSG_IN: (ID:484776731888) InfoDST message received, processing...
12-05 14:46:37.606 23131 23168 I RTPS_MSG_IN: (ID:484776731888) DST RTPSParticipant is now: 1.f.13.9f.5b.5a.0.0.1.0.0.0
12-05 14:46:37.606 23131 23168 I RTPS_MSG_IN: (ID:484776731888) Acknack Submsg received, processing...
12-05 14:46:37.606 23131 23168 I RTPS_WRITER: 0.2.0.c2 Sending Heartbeat (1 - 0)
12-05 14:46:37.606 23131 23168 I RTPS_MSG_OUT: UDPTransport: 68 bytes TO endpoint: 192.168.43.1:7412 FROM 0.0.0.0:39450
12-05 14:46:37.613 23131 23166 I RTPS_READER: Sending ACKNACK: 0:
12-05 14:46:37.613 23131 23166 I RTPS_MSG_OUT: UDPTransport: 64 bytes TO endpoint: 192.168.43.1:7412 FROM 0.0.0.0:39450
12-05 14:46:37.615 23131 23166 I RTPS_READER: Sending ACKNACK: 0:
12-05 14:46:37.615 23131 23166 I RTPS_MSG_OUT: UDPTransport: 64 bytes TO endpoint: 192.168.43.1:7412 FROM 0.0.0.0:39450
12-05 14:46:37.618 23131 23166 I RTPS_READER: Sending ACKNACK: 0:
12-05 14:46:37.618 23131 23166 I RTPS_MSG_OUT: UDPTransport: 64 bytes TO endpoint: 192.168.43.1:7412 FROM 0.0.0.0:39450
12-05 14:46:37.618 23131 23168 I RTPS_MSG_IN: (ID:484776731888) InfoDST message received, processing...
12-05 14:46:37.619 23131 23168 I RTPS_MSG_IN: (ID:484776731888) DST RTPSParticipant is now: 1.f.13.9f.5b.5a.0.0.1.0.0.0
12-05 14:46:37.619 23131 23168 I RTPS_MSG_IN: (ID:484776731888) Heartbeat Submsg received, processing...
12-05 14:46:37.619 23131 23168 I RTPS_READER: 0.0.3.c2: up to seqNum: 1
12-05 14:46:37.619 23131 23168 I RTPS_READER: 0.0.3.c2: changes up to seqNum: 0 missing.
12-05 14:46:37.623 23131 23168 I RTPS_MSG_IN: (ID:484776731888) InfoDST message received, processing...
12-05 14:46:37.623 23131 23168 I RTPS_MSG_IN: (ID:484776731888) DST RTPSParticipant is now: 1.f.13.9f.5b.5a.0.0.1.0.0.0
12-05 14:46:37.623 23131 23168 I RTPS_MSG_IN: (ID:484776731888) Heartbeat Submsg received, processing...
12-05 14:46:37.623 23131 23168 I RTPS_READER: 0.0.4.c2: up to seqNum: 1
12-05 14:46:37.623 23131 23168 I RTPS_READER: 0.0.4.c2: changes up to seqNum: 1 missing.
12-05 14:46:37.623 23131 23168 I RTPS_MSG_IN: (ID:484776731888) InfoDST message received, processing...
12-05 14:46:37.623 23131 23168 I RTPS_MSG_IN: (ID:484776731888) DST RTPSParticipant is now: 1.f.13.9f.5b.5a.0.0.1.0.0.0
12-05 14:46:37.623 23131 23168 I RTPS_MSG_IN: (ID:484776731888) Acknack Submsg received, processing...
12-05 14:46:37.623 23131 23168 I RTPS_MSG_IN: (ID:484776731888) InfoDST message received, processing...
12-05 14:46:37.623 23131 23168 I RTPS_MSG_IN: (ID:484776731888) DST RTPSParticipant is now: 1.f.13.9f.5b.5a.0.0.1.0.0.0
12-05 14:46:37.623 23131 23168 I RTPS_MSG_IN: (ID:484776731888) Acknack Submsg received, processing...
12-05 14:46:37.623 23131 23168 I RTPS_MSG_IN: (ID:484776731888) InfoDST message received, processing...
12-05 14:46:37.623 23131 23168 I RTPS_MSG_IN: (ID:484776731888) DST RTPSParticipant is now: 1.f.13.9f.5b.5a.0.0.1.0.0.0
12-05 14:46:37.623 23131 23168 I RTPS_MSG_IN: (ID:484776731888) Acknack Submsg received, processing...
12-05 14:46:37.623 23131 23168 I RTPS_MSG_IN: (ID:484776731888) InfoDST message received, processing...
12-05 14:46:37.623 23131 23168 I RTPS_MSG_IN: (ID:484776731888) DST RTPSParticipant is now: 1.f.13.9f.5b.5a.0.0.1.0.0.0
12-05 14:46:37.623 23131 23168 I RTPS_MSG_IN: (ID:484776731888) Heartbeat Submsg received, processing...
12-05 14:46:37.623 23131 23168 I RTPS_READER: 0.2.0.c2: up to seqNum: 1
12-05 14:46:37.623 23131 23168 I RTPS_READER: 0.2.0.c2: changes up to seqNum: 0 missing.
12-05 14:46:37.629 23131 23166 I RTPS_READER:
12-05 14:46:37.629 23131 23166 I RTPS_READER: Sending ACKNACK: 1:
12-05 14:46:37.629 23131 23166 I RTPS_MSG_OUT: UDPTransport: 64 bytes TO endpoint: 192.168.43.1:7412 FROM 0.0.0.0:39450
12-05 14:46:37.630 23131 23166 I RTPS_READER:
12-05 14:46:37.630 23131 23166 I RTPS_READER: Sending ACKNACK: 1:
12-05 14:46:37.631 23131 23166 I RTPS_MSG_OUT: UDPTransport: 64 bytes TO endpoint: 192.168.43.1:7412 FROM 0.0.0.0:39450
12-05 14:46:37.635 23131 23166 I RTPS_READER:
12-05 14:46:37.635 23131 23166 I RTPS_READER: Sending ACKNACK: 1:1-
12-05 14:46:37.635 23131 23166 I RTPS_MSG_OUT: UDPTransport: 68 bytes TO endpoint: 192.168.43.1:7412 FROM 0.0.0.0:39450
12-05 14:46:37.665 23131 23166 I RTPS_WRITER: Responding to Acknack messages
12-05 14:46:37.665 23131 23166 I RTPS_WRITER: Responding to Acknack messages
12-05 14:46:37.666 23131 23170 I RTPS_WRITER: Sending relevant changes as DATA/DATA_FRAG messages
12-05 14:46:37.666 23131 23170 I RTPS_WRITER: Sending INFO_TS message
12-05 14:46:37.666 23131 23170 I RTPS_MSG_OUT: UDPTransport: 348 bytes TO endpoint: 192.168.43.1:7412 FROM 0.0.0.0:39450
12-05 14:46:37.666 23131 23170 I RTPS_WRITER: Finish sending unsent changes
12-05 14:46:37.666 23131 23170 I RTPS_WRITER: Sending relevant changes as DATA/DATA_FRAG messages
12-05 14:46:37.666 23131 23170 I RTPS_WRITER: Sending INFO_TS message
12-05 14:46:37.666 23131 23170 I RTPS_MSG_OUT: UDPTransport: 340 bytes TO endpoint: 192.168.43.1:7412 FROM 0.0.0.0:39450
12-05 14:46:37.666 23131 23170 I RTPS_WRITER: Finish sending unsent changes
12-05 14:46:37.677 23131 23166 I RTPS_WRITER: Changing underway to unacked for Reader: 1.f.40.bb.96.38.0.0.1.0.0.0|0.0.3.c7
12-05 14:46:37.678 23131 23166 I RTPS_WRITER: Changing underway to unacked for Reader: 1.f.40.bb.96.38.0.0.1.0.0.0|0.0.4.c7
12-05 14:46:37.735 23131 23168 I RTPS_MSG_IN: (ID:484776731888) InfoDST message received, processing...
12-05 14:46:37.735 23131 23168 I RTPS_MSG_IN: (ID:484776731888) DST RTPSParticipant is now: 1.f.13.9f.5b.5a.0.0.1.0.0.0
12-05 14:46:37.735 23131 23168 I RTPS_MSG_IN: (ID:484776731888) InfoTS Submsg received, processing...
12-05 14:46:37.735 23131 23168 I RTPS_MSG_IN: (ID:484776731888) Data Submsg received, processing.
12-05 14:46:37.735 23131 23168 I RTPS_MSG_IN: (ID:484776731888) from Writer 1.f.40.bb.96.38.0.0.1.0.0.0|0.0.4.c2; possible RTPSReaders: 4
12-05 14:46:37.735 23131 23168 I RTPS_MSG_IN: (ID:484776731888) Trying to add change 1 TO reader: 0.0.4.c7
12-05 14:46:37.735 23131 23168 I RTPS_HISTORY: Change 1 added with 268 bytes
12-05 14:46:37.735 23131 23168 I RTPS_READER: 0.0.4.c2: seqNum: 1
12-05 14:46:37.735 23131 23168 I RTPS_EDP:
12-05 14:46:37.735 23131 23168 I RTPS_PDP: Adding reader proxy data 1.f.40.bb.96.38.0.0.1.0.0.0|0.0.1.4
12-05 14:46:37.735 23131 23168 I RTPS_EDP: 1.f.40.bb.96.38.0.0.1.0.0.0|0.0.1.4 in topic: "Test"
12-05 14:46:37.735 23131 23168 I RTPS_WRITER: Reader Proxy started
12-05 14:46:37.736 23131 23168 I RTPS_WRITER: 0.0.2.3 Sending Heartbeat (1 - 1)
12-05 14:46:37.736 23131 23168 I RTPS_MSG_OUT: UDPTransport: 100 bytes TO endpoint: 192.168.43.1:7413 FROM 0.0.0.0:39450
12-05 14:46:37.736 23131 23168 I RTPS_WRITER: Reader Proxy 1.f.40.bb.96.38.0.0.1.0.0.0|0.0.1.4 added to 0.0.2.3 with 1(u)-0(m) locators
12-05 14:46:37.736 23131 23168 I RTPS_EDP: Valid Matching to local writer: 0.0.2.3
12-05 14:46:37.736 23131 23168 I RTPS_PROXY_DATA: 1.f.13.9f.5b.5a.0.0.1.0.0.0|0.0.2.3
12-05 14:46:37.736 23131 23168 I RTPS_PARTICIPANT: 1.f.13.9f.5b.5a.0.0.1.0.0.0|0.0.1.c1
12-05 14:46:37.736 23131 23168 I RTPS_PARTICIPANT: 1.f.40.bb.96.38.0.0.1.0.0.0|0.0.1.c1
12-05 14:46:37.736 23131 23168 I RTPS_PROXY_DATA: ReaderProxyData destructor: 1.f.40.bb.96.38.0.0.1.0.0.0|0.0.1.4
12-05 14:46:37.736 23131 23168 I RTPS_HISTORY: Removing change 1
12-05 14:46:37.736 23131 23168 I RTPS_READER: 0.0.4.c7 FINDS writerProxy 1.f.40.bb.96.38.0.0.1.0.0.0|0.0.4.c2 from 1
12-05 14:46:37.736 23131 23168 I RTPS_MSG_IN: (ID:484776731888) Sub Message DATA processed
12-05 14:46:38.540 23131 23167 I RTPS_MSG_IN: (ID:484777772272) Heartbeat Submsg received, processing...
12-05 14:46:38.540 23131 23167 I RTPS_READER: 0.0.4.c2: up to seqNum: 1
12-05 14:46:38.540 23131 23167 I RTPS_READER: 0.0.4.c2: changes up to seqNum: 1 missing.
12-05 14:46:38.544 23131 23166 I RTPS_WRITER: 0.0.3.c2 Sending Heartbeat (1 - 1)
12-05 14:46:38.545 23131 23166 I RTPS_MSG_OUT: UDPTransport: 68 bytes TO endpoint: 192.168.43.1:7412 FROM 0.0.0.0:39450
12-05 14:46:38.546 23131 23166 I RTPS_WRITER: 0.0.4.c2 Sending Heartbeat (1 - 1)
12-05 14:46:38.546 23131 23166 I RTPS_MSG_OUT: UDPTransport: 68 bytes TO endpoint: 192.168.43.1:7412 FROM 0.0.0.0:39450
12-05 14:46:38.552 23131 23166 I RTPS_READER:
12-05 14:46:38.552 23131 23166 I RTPS_READER: Sending ACKNACK: 2:
12-05 14:46:38.552 23131 23166 I RTPS_MSG_OUT: UDPTransport: 64 bytes TO endpoint: 192.168.43.1:7412 FROM 0.0.0.0:39450
12-05 14:46:38.563 23131 23168 I RTPS_MSG_IN: (ID:484776731888) InfoDST message received, processing...
12-05 14:46:38.563 23131 23168 I RTPS_MSG_IN: (ID:484776731888) DST RTPSParticipant is now: 1.f.13.9f.5b.5a.0.0.1.0.0.0
12-05 14:46:38.563 23131 23168 I RTPS_MSG_IN: (ID:484776731888) Acknack Submsg received, processing...
12-05 14:46:38.565 23131 23168 I RTPS_MSG_IN: (ID:484776731888) InfoDST message received, processing...
12-05 14:46:38.565 23131 23168 I RTPS_MSG_IN: (ID:484776731888) DST RTPSParticipant is now: 1.f.13.9f.5b.5a.0.0.1.0.0.0
12-05 14:46:38.565 23131 23168 I RTPS_MSG_IN: (ID:484776731888) Acknack Submsg received, processing...
