12-07 11:11:47.732  6927  6956 I RTPS_WRITER: Responding to Acknack messages
12-07 11:11:47.733  6927  6960 I RTPS_WRITER: Sending relevant changes as DATA/DATA_FRAG messages
12-07 11:11:47.733  6927  6960 I RTPS_WRITER: Sending INFO_TS message
12-07 11:11:47.733  6927  6960 I RTPS_WRITER: endpoint: 0.0.3.c2, destinations: 239.255.0.1:7400,
12-07 11:11:47.734  6927  6957 I RTPS_RECV: local locator: 239.255.0.1:7400,remote locator: 192.168.1.69:37897
12-07 11:11:47.734  6927  6960 I RTPS_MSG_OUT: UDPTransport: 332 bytes TO endpoint: 239.255.0.1:7400 FROM 0.0.0.0:37897
12-07 11:11:47.734  6927  6957 I RTPS_MSG_IN: (ID:546935944272) InfoTS Submsg received, processing...
12-07 11:11:47.734  6927  6960 I RTPS_WRITER: Finish sending unsent changes
12-07 11:11:47.734  6927  6957 I RTPS_MSG_IN: (ID:546935944272) Data Submsg received, processing. locator: 192.168.1.69:37897
12-07 11:11:47.734  6927  6957 I RTPS_MSG_IN: (ID:546935944272) from Writer 1.f.c0.1e.f.1b.0.0.1.0.0.0|0.0.3.c2; possible RTPSReaders: 4
12-07 11:11:47.734  6927  6957 I RTPS_MSG_IN: (ID:546935944272) Sub Message DATA processed
12-07 11:11:47.745  6927  6956 I RTPS_WRITER: Changing underway to unacked for Reader: 1.f.87.f4.dc.2f.0.0.1.0.0.0|0.0.3.c7
12-07 11:11:47.745  6927  6956 I RTPS_WRITER: Changing underway to unacked for Reader: 1.f.67.be.93.7e.0.0.1.0.0.0|0.0.3.c7
12-07 11:11:47.745  6927  6956 I RTPS_WRITER: Changing underway to unacked for Reader: 1.f.6a.d1.3e.49.0.0.1.0.0.0|0.0.3.c7
12-07 11:11:47.818  6927  6958 I RTPS_RECV: local locator: 192.168.1.69:7412,remote locator: 192.168.1.2:60805
12-07 11:11:47.818  6927  6958 I RTPS_MSG_IN: (ID:546934907984) InfoDST message received, processing...
12-07 11:11:47.818  6927  6958 I RTPS_MSG_IN: (ID:546934907984) DST RTPSParticipant is now: 1.f.c0.1e.f.1b.0.0.1.0.0.0
12-07 11:11:47.818  6927  6958 I RTPS_MSG_IN: (ID:546934907984) InfoTS Submsg received, processing...
12-07 11:11:47.818  6927  6958 I RTPS_MSG_IN: (ID:546934907984) Data Submsg received, processing. locator: 192.168.1.2:60805
12-07 11:11:47.819  6927  6958 I RTPS_MSG_IN: (ID:546934907984) from Writer 1.f.6a.d1.3e.49.0.0.1.0.0.0|0.0.4.c2; possible RTPSReaders: 4
12-07 11:11:47.819  6927  6958 I RTPS_MSG_IN: (ID:546934907984) Trying to add change 1 TO reader: 0.0.4.c7
12-07 11:11:47.819  6927  6958 I RTPS_HISTORY: Change 1 added with 268 bytes
12-07 11:11:47.819  6927  6958 I RTPS_READER: 0.0.4.c2: seqNum: 1
12-07 11:11:47.820  6927  6958 I RTPS_EDP: 
12-07 11:11:47.820  6927  6958 I RTPS_PDP: Adding reader proxy data 1.f.6a.d1.3e.49.0.0.1.0.0.0|0.0.1.4
12-07 11:11:47.821  6927  6958 I RTPS_EDP: 1.f.6a.d1.3e.49.0.0.1.0.0.0|0.0.1.4 in topic: "Test"
12-07 11:11:47.821  6927  6958 I RTPS_WRITER: Reader Proxy started
12-07 11:11:47.822  6927  6958 I RTPS_WRITER: 0.0.1.3 Sending Heartbeat (1 - 0)
12-07 11:11:47.822  6927  6958 I RTPS_WRITER: endpoint: 0.0.1.3, destinations: 192.168.1.2:7413,
12-07 11:11:47.823  6927  6958 I RTPS_MSG_OUT: UDPTransport: 68 bytes TO endpoint: 192.168.1.2:7413 FROM 0.0.0.0:37897
12-07 11:11:47.823  6927  6958 I RTPS_WRITER: Reader Proxy 1.f.6a.d1.3e.49.0.0.1.0.0.0|0.0.1.4 added to 0.0.1.3 with 1(u)-0(m) locators
12-07 11:11:47.824  6927  6958 I RTPS_EDP: Valid Matching to local writer: 0.0.1.3
12-07 11:11:47.824  6927  6958 I dps_manager_impl: Writer(0x7f7524b580): matching with a reader
12-07 11:11:47.825  6927  6954 I RTPS_HISTORY: Change 1 added with 11 bytes
12-07 11:11:47.825  6927  6958 I RTPS_PROXY_DATA: 1.f.c0.1e.f.1b.0.0.1.0.0.0|0.0.1.3
12-07 11:11:47.825  6927  6954 I RTPS_WRITER: Sending relevant changes as DATA/DATA_FRAG messages
12-07 11:11:47.825  6927  6954 I RTPS_WRITER: Sending INFO_TS message
12-07 11:11:47.826  6927  6958 I RTPS_PARTICIPANT: 1.f.c0.1e.f.1b.0.0.1.0.0.0|0.0.1.c1
12-07 11:11:47.826  6927  6954 I RTPS_WRITER: endpoint: 0.0.1.3, destinations: 192.168.1.2:7413,
12-07 11:11:47.826  6927  6958 I RTPS_PARTICIPANT: 1.f.6a.d1.3e.49.0.0.1.0.0.0|0.0.1.c1
12-07 11:11:47.826  6927  6958 I RTPS_PROXY_DATA: ReaderProxyData destructor: 1.f.6a.d1.3e.49.0.0.1.0.0.0|0.0.1.4
12-07 11:11:47.826  6927  6954 I RTPS_MSG_OUT: UDPTransport: 84 bytes TO endpoint: 192.168.1.2:7413 FROM 0.0.0.0:37897
12-07 11:11:47.827  6927  6958 I RTPS_HISTORY: Removing change 1
12-07 11:11:47.827  6927  6958 I RTPS_READER: 0.0.4.c7 FINDS writerProxy 1.f.6a.d1.3e.49.0.0.1.0.0.0|0.0.4.c2 from 3
12-07 11:11:47.827  6927  6954 I TestRunner: finished: testPublish(com.xiaomi.mi_connect_service.test.DpsNativeTest)
12-07 11:11:47.827  6927  6958 I RTPS_MSG_IN: (ID:546934907984) Sub Message DATA processed
12-07 11:11:47.835  6927  6927 I MonitoringInstr: Activities that are still in CREATED to STOPPED: 0
12-07 11:11:47.838  6927  6954 I TestRunner: run finished: 1 tests, 0 failed, 0 ignored
12-07 11:11:47.847  6927  6954 D NetworkSecurityConfig: No Network Security Config specified, using platform default
12-07 11:11:48.135  6927  6954 I MonitoringInstr: waitForActivitiesToComplete() took: 0ms
12-07 11:11:48.136  6927  6927 I MonitoringInstr: Activities that are still in CREATED to STOPPED: 0
12-07 11:11:48.139  1678  1690 I ActivityManager: Force stopping com.xiaomi.mi_connect_service appid=10041 user=0: finished inst
12-07 11:11:48.140  1678  1690 I AutoStartManagerService: MIUILOG- Reject RestartService packageName :com.xiaomi.mi_connect_service uid : 10041
12-07 11:11:48.142  1678  1690 D AutoStartManagerService: prepare force stop p:6927 s: 19
12-07 11:11:48.142  1678  1690 I Process : Sending signal. PID: 6927 SIG: 19
12-07 11:11:48.133  1690  1690 I Binder:1678_2: type=1400 audit(0.0:3968): avc: denied { sigstop } for scontext=u:r:system_server:s0 tcontext=u:r:platform_app:s0:c512,c768 tclass=process permissive=1
12-07 11:11:48.144  1678  1690 I ActivityManager: Killing 6927:com.xiaomi.mi_connect_service/u0a41 (adj 0): stop com.xiaomi.mi_connect_service: finished inst
12-07 11:11:48.145  1678  1690 D ActivityManager: cleanUpApplicationRecord -- 6927
12-07 11:11:48.153  6912  6912 D AndroidRuntime: Shutting down VM
12-07 11:11:48.154  1678  1696 V UidProcStateHelper: process died:[6927,10041]
12-07 11:11:48.156  3823  4027 W MessageQueue: Handler (com.miui.powerkeeper.feedbackcontrol.FeedbackControlService$FeedbackControlHandler) {136fd03} sending message to a Handler on a dead thread
12-07 11:11:48.156  3823  4027 W MessageQueue: java.lang.IllegalStateException: Handler (com.miui.powerkeeper.feedbackcontrol.FeedbackControlService$FeedbackControlHandler) {136fd03} sending message to a Handler on a dead thread
12-07 11:11:48.156  3823  4027 W MessageQueue: 	at android.os.MessageQueue.enqueueMessage(MessageQueue.java:543)
12-07 11:11:48.156  3823  4027 W MessageQueue: 	at android.os.Handler.enqueueMessage(Handler.java:646)
12-07 11:11:48.156  3823  4027 W MessageQueue: 	at android.os.Handler.sendMessageAtTime(Handler.java:612)
12-07 11:11:48.156  3823  4027 W MessageQueue: 	at android.os.Handler.sendMessageDelayed(Handler.java:582)
12-07 11:11:48.156  3823  4027 W MessageQueue: 	at android.os.Handler.post(Handler.java:338)
12-07 11:11:48.156  3823  4027 W MessageQueue: 	at com.miui.powerkeeper.utils.ProcessObserver.notifyProcessDiedListeners(ProcessObserver.java:432)
12-07 11:11:48.156  3823  4027 W MessageQueue: 	at com.miui.powerkeeper.utils.ProcessObserver.-wrap4(ProcessObserver.java)
12-07 11:11:48.156  3823  4027 W MessageQueue: 	at com.miui.powerkeeper.utils.ProcessObserver$1$2.run(ProcessObserver.java:140)
12-07 11:11:48.156  3823  4027 W MessageQueue: 	at android.os.Handler.handleCallback(Handler.java:754)
12-07 11:11:48.156  3823  4027 W MessageQueue: 	at android.os.Handler.dispatchMessage(Handler.java:95)
12-07 11:11:48.156  3823  4027 W MessageQueue: 	at android.os.Looper.loop(Looper.java:163)
12-07 11:11:48.156  3823  4027 W MessageQueue: 	at android.os.HandlerThread.run(HandlerThread.java:61)
12-07 11:11:48.158  3823  4067 D PowerChecker.Notify: removeNotification, type = 0, uid = 10041, pkg = null
12-07 11:11:48.159  3823  4013 D ActiveStateController: updateStateForUidActiveChangedLocked, uid: 10041 active: false
12-07 11:11:48.701  6965  6965 D AndroidRuntime: >>>>>> START com.android.internal.os.RuntimeInit uid 2000 <<<<<<
12-07 11:11:48.705  6965  6965 D AndroidRuntime: CheckJNI is OFF
12-07 11:11:48.779  6965  6965 D ICU     : No timezone override file found: /data/misc/zoneinfo/current/icu/icu_tzdata.dat
12-07 11:11:48.808  6965  6965 I Radio-JNI: register_android_hardware_Radio DONE
12-07 11:11:48.828  6965  6965 D AndroidRuntime: Calling main entry com.android.commands.am.Am
12-07 11:11:48.887  1678  2964 I ActivityManager: Force stopping com.xiaomi.mi_connect_service appid=10041 user=0: from process:6965
12-07 11:11:48.887  1678  2964 I AutoStartManagerService: MIUILOG- Reject RestartService packageName :com.xiaomi.mi_connect_service uid : 10041
12-07 11:11:48.890  6965  6965 D AndroidRuntime: Shutting down VM
12-07 11:11:48.894  2171  2171 D CarrierSvcBindHelper: No carrier app for: 0
12-07 11:11:48.895  2171  2171 D CarrierSvcBindHelper: No carrier app for: 1
12-07 11:11:50.341  2092  2092 D wpa_supplicant: wlan0: Control interface command 'SIGNAL_POLL'
12-07 11:11:52.528   750   750 E pttSocketApp:          aniAsfIpc.c:971 Error(105):Recv failed, ipcPtr [0x82e31000], sd 5
12-07 11:11:52.529   783   783 I cnss-daemon: RTM_NEWNEIGH message received: 28
12-07 11:11:52.529   750   750 E pttSocketApp:       pttSocketApp.c:759 IPC Recv failed
12-07 11:11:52.529   783   783 E cnss-daemon: Stale or unreachable neighbors, ndm state: 4
12-07 11:11:52.529   750   750 E WLAN_PSA: NL MSG RCV err -1 105
12-07 11:11:52.529   783   783 I cnss-daemon: RTM_NEWNEIGH message received: 28
12-07 11:11:52.529   783   783 E cnss-daemon: Stale or unreachable neighbors, ndm state: 4
12-07 11:11:52.529   783   783 I cnss-daemon: RTM_NEWNEIGH message received: 28
12-07 11:11:52.530   783   783 E cnss-daemon: Stale or unreachable neighbors, ndm state: 4
12-07 11:11:52.664   912   912 I MSM-irqbalance: Decided to move IRQ5 from CPU3 [P:0] to CPU4 [P:1] (banned)
12-07 11:11:52.665   912   912 I MSM-irqbalance: Decided to move IRQ3 from CPU3 [P:0] to CPU5 [P:1] (banned)
12-07 11:11:52.666   912   912 I MSM-irqbalance: Decided to move IRQ5 from CPU0 [P:0] to CPU7 [P:1] (banned)
12-07 11:11:52.667   912   912 I MSM-irqbalance: Decided to move IRQ3 from CPU0 [P:0] to CPU6 [P:1] (banned)
12-07 11:11:52.667   912   912 I MSM-irqbalance: Decided to move IRQ5 from CPU1 [P:0] to CPU4 [P:1] (banned)
12-07 11:11:52.668   912   912 I MSM-irqbalance: Decided to move IRQ3 from CPU1 [P:0] to CPU5 [P:1] (banned)
12-07 11:11:52.668   912   912 I MSM-irqbalance: Decided to move IRQ5 from CPU2 [P:0] to CPU7 [P:1] (banned)
12-07 11:11:52.669   912   912 I MSM-irqbalance: Decided to move IRQ3 from CPU2 [P:0] to CPU6 [P:1] (banned)
12-07 11:11:53.369  2092  2092 D wpa_supplicant: wlan0: Control interface command 'SIGNAL_POLL'
12-07 11:11:56.396  2092  2092 D wpa_supplicant: wlan0: Control interface command 'SIGNAL_POLL'
