12-07 11:11:47.704  6927  6958 I RTPS_READER: 0.0.3.c2: changes up to seqNum: 0 missing.
12-07 11:11:47.705  6927  6958 I RTPS_RECV: local locator: 192.168.1.69:7412,remote locator: 192.168.1.2:60805
12-07 11:11:47.705  6927  6958 I RTPS_MSG_IN: (ID:546934907984) InfoDST message received, processing...
12-07 11:11:47.705  6927  6958 I RTPS_MSG_IN: (ID:546934907984) DST RTPSParticipant is now: 1.f.c0.1e.f.1b.0.0.1.0.0.0
12-07 11:11:47.705  6927  6958 I RTPS_MSG_IN: (ID:546934907984) Heartbeat Submsg received, processing...
12-07 11:11:47.706  6927  6958 I RTPS_READER: 0.0.4.c2: up to seqNum: 1
12-07 11:11:47.706  6927  6958 I RTPS_READER: 0.0.4.c2: changes up to seqNum: 1 missing.
12-07 11:11:47.706  6927  6956 I RTPS_READER:
12-07 11:11:47.706  6927  6956 I RTPS_READER: Sending ACKNACK: 1:
12-07 11:11:47.706  6927  6956 I RTPS_WRITER: endpoint: 0.2.0.c7, destinations: 192.168.1.54:7412,
12-07 11:11:47.706  6927  6956 I RTPS_MSG_OUT: UDPTransport: 64 bytes TO endpoint: 192.168.1.54:7412 FROM 0.0.0.0:37897
12-07 11:11:47.706  6927  6956 I RTPS_READER:
12-07 11:11:47.707  6927  6956 I RTPS_READER: Sending ACKNACK: 1:
12-07 11:11:47.707  6927  6956 I RTPS_WRITER: endpoint: 0.0.3.c7, destinations: 192.168.1.54:7412,
12-07 11:11:47.707  6927  6956 I RTPS_MSG_OUT: UDPTransport: 64 bytes TO endpoint: 192.168.1.54:7412 FROM 0.0.0.0:37897
12-07 11:11:47.710  6927  6958 I RTPS_RECV: local locator: 192.168.1.69:7412,remote locator: 192.168.1.2:60805
12-07 11:11:47.710  6927  6958 I RTPS_MSG_IN: (ID:546934907984) InfoDST message received, processing...
12-07 11:11:47.710  6927  6958 I RTPS_MSG_IN: (ID:546934907984) DST RTPSParticipant is now: 1.f.c0.1e.f.1b.0.0.1.0.0.0
12-07 11:11:47.710  6927  6958 I RTPS_MSG_IN: (ID:546934907984) Heartbeat Submsg received, processing...
12-07 11:11:47.711  6927  6958 I RTPS_READER: 0.2.0.c2: up to seqNum: 1
12-07 11:11:47.711  6927  6956 I RTPS_READER:
12-07 11:11:47.711  6927  6958 I RTPS_READER: 0.2.0.c2: changes up to seqNum: 0 missing.
12-07 11:11:47.711  6927  6956 I RTPS_READER: Sending ACKNACK: 1:
12-07 11:11:47.711  6927  6956 I RTPS_WRITER: endpoint: 0.0.4.c7, destinations: 192.168.1.54:7412,
12-07 11:11:47.711  6927  6956 I RTPS_MSG_OUT: UDPTransport: 64 bytes TO endpoint: 192.168.1.54:7412 FROM 0.0.0.0:37897
12-07 11:11:47.716  6927  6956 I RTPS_READER:
12-07 11:11:47.716  6927  6956 I RTPS_READER: Sending ACKNACK: 1:
12-07 11:11:47.716  6927  6956 I RTPS_WRITER: endpoint: 0.0.3.c7, destinations: 192.168.1.2:7412,
12-07 11:11:47.716  6927  6956 I RTPS_MSG_OUT: UDPTransport: 64 bytes TO endpoint: 192.168.1.2:7412 FROM 0.0.0.0:37897
12-07 11:11:47.717  6927  6956 I RTPS_READER:
12-07 11:11:47.717  6927  6956 I RTPS_READER: Sending ACKNACK: 1:
12-07 11:11:47.717  6927  6956 I RTPS_WRITER: endpoint: 0.2.0.c7, destinations: 192.168.1.2:7412,
12-07 11:11:47.717  6927  6956 I RTPS_MSG_OUT: UDPTransport: 64 bytes TO endpoint: 192.168.1.2:7412 FROM 0.0.0.0:37897
12-07 11:11:47.717  6927  6956 I RTPS_READER:
12-07 11:11:47.717  6927  6956 I RTPS_READER: Sending ACKNACK: 1:1-
12-07 11:11:47.717  6927  6956 I RTPS_WRITER: endpoint: 0.0.4.c7, destinations: 192.168.1.2:7412,
12-07 11:11:47.718  6927  6956 I RTPS_MSG_OUT: UDPTransport: 68 bytes TO endpoint: 192.168.1.2:7412 FROM 0.0.0.0:37897
12-07 11:11:47.732  6927  6956 I RTPS_WRITER: Responding to Acknack messages
12-07 11:11:47.733  6927  6960 I RTPS_WRITER: Sending relevant changes as DATA/DATA_FRAG messages
12-07 11:11:47.733  6927  6960 I RTPS_WRITER: Sending INFO_TS message
12-07 11:11:47.733  6927  6960 I RTPS_WRITER: endpoint: 0.0.3.c2, destinations: 239.255.0.1:7400,
12-07 11:11:47.734  6927  6957 I RTPS_RECV: local locator: 239.255.0.1:7400,remote locator: 192.168.1.69:37897
12-07 11:11:47.734  6927  6960 I RTPS_MSG_OUT: UDPTransport: 332 bytes TO endpoint: 239.255.0.1:7400 FROM 0.0.0.0:37897
12-07 11:11:47.734  6927  6957 I RTPS_MSG_IN: (ID:546935944272) InfoTS Submsg received, processing...
12-07 11:11:47.734  6927  6960 I RTPS_WRITER: Finish sending unsent changes
12-07 11:11:47.734  6927  6957 I RTPS_MSG_IN: (ID:546935944272) Data Submsg received, processing. locator: 192.168.1.69:37897
12-07 11:11:47.734  6927  6957 I RTPS_MSG_IN: (ID:546935944272) from Writer 1.f.c0.1e.f.1b.0.0.1.0.0.0|0.0.3.c2; possible RTPSReaders: 4
12-07 11:11:47.734  6927  6957 I RTPS_MSG_IN: (ID:546935944272) Sub Message DATA processed
12-07 11:11:47.745  6927  6956 I RTPS_WRITER: Changing underway to unacked for Reader: 1.f.87.f4.dc.2f.0.0.1.0.0.0|0.0.3.c7
12-07 11:11:47.745  6927  6956 I RTPS_WRITER: Changing underway to unacked for Reader: 1.f.67.be.93.7e.0.0.1.0.0.0|0.0.3.c7
12-07 11:11:47.745  6927  6956 I RTPS_WRITER: Changing underway to unacked for Reader: 1.f.6a.d1.3e.49.0.0.1.0.0.0|0.0.3.c7
12-07 11:11:47.818  6927  6958 I RTPS_RECV: local locator: 192.168.1.69:7412,remote locator: 192.168.1.2:60805
12-07 11:11:47.818  6927  6958 I RTPS_MSG_IN: (ID:546934907984) InfoDST message received, processing...
12-07 11:11:47.818  6927  6958 I RTPS_MSG_IN: (ID:546934907984) DST RTPSParticipant is now: 1.f.c0.1e.f.1b.0.0.1.0.0.0
12-07 11:11:47.818  6927  6958 I RTPS_MSG_IN: (ID:546934907984) InfoTS Submsg received, processing...
12-07 11:11:47.818  6927  6958 I RTPS_MSG_IN: (ID:546934907984) Data Submsg received, processing. locator: 192.168.1.2:60805
12-07 11:11:47.819  6927  6958 I RTPS_MSG_IN: (ID:546934907984) from Writer 1.f.6a.d1.3e.49.0.0.1.0.0.0|0.0.4.c2; possible RTPSReaders: 4
12-07 11:11:47.819  6927  6958 I RTPS_MSG_IN: (ID:546934907984) Trying to add change 1 TO reader: 0.0.4.c7
12-07 11:11:47.819  6927  6958 I RTPS_HISTORY: Change 1 added with 268 bytes
12-07 11:11:47.819  6927  6958 I RTPS_READER: 0.0.4.c2: seqNum: 1
12-07 11:11:47.820  6927  6958 I RTPS_EDP:
12-07 11:11:47.820  6927  6958 I RTPS_PDP: Adding reader proxy data 1.f.6a.d1.3e.49.0.0.1.0.0.0|0.0.1.4
12-07 11:11:47.821  6927  6958 I RTPS_EDP: 1.f.6a.d1.3e.49.0.0.1.0.0.0|0.0.1.4 in topic: "Test"
12-07 11:11:47.821  6927  6958 I RTPS_WRITER: Reader Proxy started
12-07 11:11:47.822  6927  6958 I RTPS_WRITER: 0.0.1.3 Sending Heartbeat (1 - 0)
12-07 11:11:47.822  6927  6958 I RTPS_WRITER: endpoint: 0.0.1.3, destinations: 192.168.1.2:7413,
12-07 11:11:47.823  6927  6958 I RTPS_MSG_OUT: UDPTransport: 68 bytes TO endpoint: 192.168.1.2:7413 FROM 0.0.0.0:37897
12-07 11:11:47.823  6927  6958 I RTPS_WRITER: Reader Proxy 1.f.6a.d1.3e.49.0.0.1.0.0.0|0.0.1.4 added to 0.0.1.3 with 1(u)-0(m) locators
12-07 11:11:47.824  6927  6958 I RTPS_EDP: Valid Matching to local writer: 0.0.1.3
12-07 11:11:47.825  6927  6954 I RTPS_HISTORY: Change 1 added with 11 bytes
12-07 11:11:47.825  6927  6958 I RTPS_PROXY_DATA: 1.f.c0.1e.f.1b.0.0.1.0.0.0|0.0.1.3
12-07 11:11:47.825  6927  6954 I RTPS_WRITER: Sending relevant changes as DATA/DATA_FRAG messages
12-07 11:11:47.825  6927  6954 I RTPS_WRITER: Sending INFO_TS message
12-07 11:11:47.826  6927  6958 I RTPS_PARTICIPANT: 1.f.c0.1e.f.1b.0.0.1.0.0.0|0.0.1.c1
12-07 11:11:47.826  6927  6954 I RTPS_WRITER: endpoint: 0.0.1.3, destinations: 192.168.1.2:7413,
12-07 11:11:47.826  6927  6958 I RTPS_PARTICIPANT: 1.f.6a.d1.3e.49.0.0.1.0.0.0|0.0.1.c1
12-07 11:11:47.826  6927  6958 I RTPS_PROXY_DATA: ReaderProxyData destructor: 1.f.6a.d1.3e.49.0.0.1.0.0.0|0.0.1.4
12-07 11:11:47.826  6927  6954 I RTPS_MSG_OUT: UDPTransport: 84 bytes TO endpoint: 192.168.1.2:7413 FROM 0.0.0.0:37897
12-07 11:11:47.827  6927  6958 I RTPS_HISTORY: Removing change 1
12-07 11:11:47.827  6927  6958 I RTPS_READER: 0.0.4.c7 FINDS writerProxy 1.f.6a.d1.3e.49.0.0.1.0.0.0|0.0.4.c2 from 3
12-07 11:11:47.827  6927  6958 I RTPS_MSG_IN: (ID:546934907984) Sub Message DATA processed
