12-12 19:42:09.713   894   894 I MSM-irqbalance: Decided to move IRQ3 from CPU2 [P:0] to CPU7 [P:1] (banned)
12-12 19:42:09.714   894   894 I MSM-irqbalance: Decided to move IRQ5 from CPU2 [P:0] to CPU5 [P:1] (banned)
12-12 19:42:09.715   894   894 I MSM-irqbalance: Decided to move IRQ5 from CPU0 [P:0] to CPU6 [P:1] (banned)
12-12 19:42:09.715   894   894 I MSM-irqbalance: Decided to move IRQ3 from CPU0 [P:0] to CPU4 [P:1] (banned)
12-12 19:42:09.716   894   894 I MSM-irqbalance: Decided to move IRQ5 from CPU3 [P:0] to CPU7 [P:1] (banned)
12-12 19:42:09.717   894   894 I MSM-irqbalance: Decided to move IRQ3 from CPU3 [P:0] to CPU5 [P:1] (banned)
12-12 19:42:09.725  1667  1750 W qti_sensors_hal: timestampCalc: Adjusting timestamp for rollover: 635843585289252, -1
12-12 19:42:09.751   747   747 E pttSocketApp:          aniAsfIpc.c:971 Error(105):Recv failed, ipcPtr [0xb3031000], sd 5
12-12 19:42:09.751   747   747 E pttSocketApp:       pttSocketApp.c:759 IPC Recv failed
12-12 19:42:09.751   747   747 E WLAN_PSA: NL MSG RCV err -1 105
12-12 19:42:09.785  1667  1750 W qti_sensors_hal: timestampCalc: Adjusting timestamp for rollover: 635843645988715, -1
12-12 19:42:09.846  1667  1750 W qti_sensors_hal: timestampCalc: Adjusting timestamp for rollover: 635843706718695, -1
12-12 19:42:09.907  1667  1750 W qti_sensors_hal: timestampCalc: Adjusting timestamp for rollover: 635843767387641, -1
12-12 19:42:09.968  1667  1750 W qti_sensors_hal: timestampCalc: Adjusting timestamp for rollover: 635843828148139, -1
12-12 19:42:10.029  1667  1750 W qti_sensors_hal: timestampCalc: Adjusting timestamp for rollover: 635843888847602, -1
12-12 19:42:10.090  1667  1750 W qti_sensors_hal: timestampCalc: Adjusting timestamp for rollover: 635843949577582, -1
12-12 19:42:10.150  1667  1750 W qti_sensors_hal: timestampCalc: Adjusting timestamp for rollover: 635844010277045, -1
12-12 19:42:10.211  1667  1750 W qti_sensors_hal: timestampCalc: Adjusting timestamp for rollover: 635844070945990, -1
12-12 19:42:10.272  1667  1750 W qti_sensors_hal: timestampCalc: Adjusting timestamp for rollover: 635844131706488, -1
12-12 19:42:10.332  1667  1750 W qti_sensors_hal: timestampCalc: Adjusting timestamp for rollover: 635844192405951, -1
12-12 19:42:10.393  1667  1750 W qti_sensors_hal: timestampCalc: Adjusting timestamp for rollover: 635844253135932, -1
12-12 19:42:10.454  1667  1750 W qti_sensors_hal: timestampCalc: Adjusting timestamp for rollover: 635844313835395, -1
12-12 19:42:10.514  1667  1750 W qti_sensors_hal: timestampCalc: Adjusting timestamp for rollover: 635844374534857, -1
12-12 19:42:10.575  1667  1750 W qti_sensors_hal: timestampCalc: Adjusting timestamp for rollover: 635844435264838, -1
12-12 19:42:10.626 15894 15894 D wpa_supplicant: wlan0: Control interface command 'SIGNAL_POLL'
12-12 19:42:10.635  1667  1750 W qti_sensors_hal: timestampCalc: Adjusting timestamp for rollover: 635844495933783, -1
12-12 19:42:10.696  1667  1750 W qti_sensors_hal: timestampCalc: Adjusting timestamp for rollover: 635844556663764, -1
12-12 19:42:10.757  1667  1750 W qti_sensors_hal: timestampCalc: Adjusting timestamp for rollover: 635844617363227, -1
12-12 19:42:10.818  1667  1750 W qti_sensors_hal: timestampCalc: Adjusting timestamp for rollover: 635844678062689, -1
12-12 19:42:10.844   747   747 E pttSocketApp:          aniAsfIpc.c:971 Error(105):Recv failed, ipcPtr [0xb3031000], sd 5
12-12 19:42:10.844   747   747 E pttSocketApp:       pttSocketApp.c:759 IPC Recv failed
12-12 19:42:10.844   747   747 E WLAN_PSA: NL MSG RCV err -1 105
12-12 19:42:10.879  1667  1750 W qti_sensors_hal: timestampCalc: Adjusting timestamp for rollover: 635844738792670, -1
12-12 19:42:10.939  1667  1750 W qti_sensors_hal: timestampCalc: Adjusting timestamp for rollover: 635844799492133, -1
12-12 19:42:11.000  1667  1750 W qti_sensors_hal: timestampCalc: Adjusting timestamp for rollover: 635844860191596, -1
12-12 19:42:11.060  1667  1750 W qti_sensors_hal: timestampCalc: Adjusting timestamp for rollover: 635844920891059, -1
12-12 19:42:11.121  1667  1750 W qti_sensors_hal: timestampCalc: Adjusting timestamp for rollover: 635844981590522, -1
12-12 19:42:11.182  1667  1750 W qti_sensors_hal: timestampCalc: Adjusting timestamp for rollover: 635845042320502, -1
12-12 19:42:11.243  1667  1750 W qti_sensors_hal: timestampCalc: Adjusting timestamp for rollover: 635845103019965, -1
12-12 19:42:11.303  1667  1750 W qti_sensors_hal: timestampCalc: Adjusting timestamp for rollover: 635845163719428, -1
12-12 19:42:11.304 15894 15894 D wpa_supplicant: nl80211: Event message available
12-12 19:42:11.304 15894 15894 D wpa_supplicant: nl80211: Drv Event 34 (NL80211_CMD_NEW_SCAN_RESULTS) received for wlan0
12-12 19:42:11.304 15894 15894 D wpa_supplicant: wlan0: nl80211: New scan results available
12-12 19:42:11.304 15894 15894 D wpa_supplicant: nl80211: Scan probed for SSID '\xe7\xba\xa2\xe7\xb1\xb3\xe6\x89\x8b\xe6\x9c\xba'
12-12 19:42:11.304 15894 15894 D wpa_supplicant: nl80211: Scan probed for SSID ''
12-12 19:42:11.304 15894 15894 D wpa_supplicant: nl80211: Scan included frequencies: 2412 2417 2422 2427 2432 2437 2442 2447 2452 2457 2462 2467 2472 5180 5200 5220 5240 5260 5280 5300 5320 5745 5765 5785 5805 5825
12-12 19:42:11.305 15894 15894 D wpa_supplicant: wlan0: Event SCAN_RESULTS (3) received
12-12 19:42:11.305 15894 15894 D wpa_supplicant: wlan0: Scan completed in 2.691285 seconds
12-12 19:42:11.305 15894 15894 D wpa_supplicant: nl80211: Associated on 5745 MHz
12-12 19:42:11.305 15894 15894 D wpa_supplicant: nl80211: Associated with a4:2b:8c:16:15:a4
12-12 19:42:11.307 15894 15894 D wpa_supplicant: nl80211: Received scan results (81 BSSes)
12-12 19:42:11.307 15894 15894 D wpa_supplicant: nl80211: Scan results indicate BSS status with a4:2b:8c:16:15:a4 as associated
12-12 19:42:11.308 15894 15894 D wpa_supplicant: wlan0: BSS: Start scan result update 1170
12-12 19:42:11.309 15894 15894 D wpa_supplicant: wlan0: BSS: Add new id 9375 BSSID 48:4a:e9:a0:69:a1 SSID 'MIOT' freq 2412
12-12 19:42:11.309 15894 15894 D wpa_supplicant: BSS: last_scan_res_used=81/128
12-12 19:42:11.309 15894 15894 D wpa_supplicant: wlan0: Scan-only results received
12-12 19:42:11.310 15894 15894 D wpa_supplicant: wlan0: Radio work 'scan'@0x7f9a22e540 done in 2.700018 seconds
12-12 19:42:11.310 15894 15894 D wpa_supplicant: wlan0: radio_work_free('scan'@0x7f9a22e540: num_active_works --> 0
12-12 19:42:11.310 15894 15894 D wpa_supplicant: wlan0: Control interface command 'SCAN_RESULTS'
12-12 19:42:11.314 15894 15894 D wpa_supplicant: wlan0: Control interface command 'SCAN_RESULTS'
12-12 19:42:11.363  1667  1750 W qti_sensors_hal: timestampCalc: Adjusting timestamp for rollover: 635845224449408, -1
12-12 19:42:11.403  1667  1879 I AppScanObserverService: Start to match app observer
12-12 19:42:11.417  1667  1830 D WifiQualifiedNetworkSelector:: ==========start qualified Network Selection==========
12-12 19:42:11.418  1667  1830 D WifiQualifiedNetworkSelector:: Current network is: "NETGEAR65-5G" ,ID is: 4
12-12 19:42:11.418  1667  1830 D WifiQualifiedNetworkSelector:: Quit qualified Network Selection since it is not forced and current network is qualified already
12-12 19:42:11.424  1667  1750 W qti_sensors_hal: timestampCalc: Adjusting timestamp for rollover: 635845285148871, -1
12-12 19:42:11.485  1667  1750 W qti_sensors_hal: timestampCalc: Adjusting timestamp for rollover: 635845345848334, -1
12-12 19:42:11.546  1667  1750 W qti_sensors_hal: timestampCalc: Adjusting timestamp for rollover: 635845406578314, -1
12-12 19:42:11.606  1667  1750 W qti_sensors_hal: timestampCalc: Adjusting timestamp for rollover: 635845467247260, -1
12-12 19:42:11.667  1667  1750 W qti_sensors_hal: timestampCalc: Adjusting timestamp for rollover: 635845527977240, -1
12-12 19:42:11.728  1667  1750 W qti_sensors_hal: timestampCalc: Adjusting timestamp for rollover: 635845588676703, -1
12-12 19:42:11.789  1667  1750 W qti_sensors_hal: timestampCalc: Adjusting timestamp for rollover: 635845649376166, -1
12-12 19:42:11.850  1667  1750 W qti_sensors_hal: timestampCalc: Adjusting timestamp for rollover: 635845710075629, -1
12-12 19:42:11.911  1667  1750 W qti_sensors_hal: timestampCalc: Adjusting timestamp for rollover: 635845770805609, -1
12-12 19:42:11.971  1667  1750 W qti_sensors_hal: timestampCalc: Adjusting timestamp for rollover: 635845831474555, -1
12-12 19:42:12.032  1667  1750 W qti_sensors_hal: timestampCalc: Adjusting timestamp for rollover: 635845892204535, -1
12-12 19:42:12.092  1667  1750 W qti_sensors_hal: timestampCalc: Adjusting timestamp for rollover: 635845952903998, -1
12-12 19:42:12.153  1667  1750 W qti_sensors_hal: timestampCalc: Adjusting timestamp for rollover: 635846013603461, -1
12-12 19:42:12.214  1667  1750 W qti_sensors_hal: timestampCalc: Adjusting timestamp for rollover: 635846074302924, -1
12-12 19:42:12.275  1667  1750 W qti_sensors_hal: timestampCalc: Adjusting timestamp for rollover: 635846135002387, -1
12-12 19:42:12.335  1667  1750 W qti_sensors_hal: timestampCalc: Adjusting timestamp for rollover: 635846195701850, -1
12-12 19:42:12.396  1667  1750 W qti_sensors_hal: timestampCalc: Adjusting timestamp for rollover: 635846256401313, -1
12-12 19:42:12.457  1667  1750 W qti_sensors_hal: timestampCalc: Adjusting timestamp for rollover: 635846317100775, -1
12-12 19:42:12.518  1667  1750 W qti_sensors_hal: timestampCalc: Adjusting timestamp for rollover: 635846377800238, -1
12-12 19:42:12.578  1667  1750 W qti_sensors_hal: timestampCalc: Adjusting timestamp for rollover: 635846438530219, -1
12-12 19:42:12.639  1667  1750 W qti_sensors_hal: timestampCalc: Adjusting timestamp for rollover: 635846499199164, -1
12-12 19:42:12.700  1667  1750 W qti_sensors_hal: timestampCalc: Adjusting timestamp for rollover: 635846559929145, -1
12-12 19:42:12.760  1667  1750 W qti_sensors_hal: timestampCalc: Adjusting timestamp for rollover: 635846620628607, -1
--------- beginning of system
12-12 19:42:12.803  1667  3281 D PerfShielderService: com.android.settings|com.android.settings-com-118431799|176|378321078702296|117|3|2
12-12 19:42:12.805  2907  2920 W MiuiPerfServiceClient: interceptAndQueuing:29106|com.android.settings|176|117|unknown|null|com.android.settings-com-118431799|378321078702296|Slow handle traversal|2
12-12 19:42:12.821  1667  1750 W qti_sensors_hal: timestampCalc: Adjusting timestamp for rollover: 635846681328070, -1
12-12 19:42:12.882  1667  1750 W qti_sensors_hal: timestampCalc: Adjusting timestamp for rollover: 635846742088568, -1
12-12 19:42:12.942  1667  1750 W qti_sensors_hal: timestampCalc: Adjusting timestamp for rollover: 635846802757514, -1
12-12 19:42:13.003  1667  1750 W qti_sensors_hal: timestampCalc: Adjusting timestamp for rollover: 635846863456977, -1
12-12 19:42:13.063  1667  1750 W qti_sensors_hal: timestampCalc: Adjusting timestamp for rollover: 635846924156439, -1
12-12 19:42:13.124  1667  1750 W qti_sensors_hal: timestampCalc: Adjusting timestamp for rollover: 635846984886420, -1
12-12 19:42:13.185  1667  1750 W qti_sensors_hal: timestampCalc: Adjusting timestamp for rollover: 635847045585883, -1
12-12 19:42:13.246  1667  1750 W qti_sensors_hal: timestampCalc: Adjusting timestamp for rollover: 635847106285346, -1
12-12 19:42:13.306  1667  1750 W qti_sensors_hal: timestampCalc: Adjusting timestamp for rollover: 635847166984809, -1
12-12 19:42:13.367  1667  1750 W qti_sensors_hal: timestampCalc: Adjusting timestamp for rollover: 635847227684272, -1
12-12 19:42:13.428  1667  1750 W qti_sensors_hal: timestampCalc: Adjusting timestamp for rollover: 635847288353217, -1
12-12 19:42:13.488  1667  1750 W qti_sensors_hal: timestampCalc: Adjusting timestamp for rollover: 635847349083197, -1
12-12 19:42:13.549  1667  1750 W qti_sensors_hal: timestampCalc: Adjusting timestamp for rollover: 635847409782660, -1
12-12 19:42:13.610  1667  1750 W qti_sensors_hal: timestampCalc: Adjusting timestamp for rollover: 635847470482123, -1
12-12 19:42:13.638 15894 15894 D wpa_supplicant: wlan0: Control interface command 'SIGNAL_POLL'
12-12 19:42:13.671  1667  1750 W qti_sensors_hal: timestampCalc: Adjusting timestamp for rollover: 635847531212104, -1
12-12 19:42:13.732  1667  1750 W qti_sensors_hal: timestampCalc: Adjusting timestamp for rollover: 635847591911566, -1
12-12 19:42:13.792  1667  1750 W qti_sensors_hal: timestampCalc: Adjusting timestamp for rollover: 635847652611029, -1
12-12 19:42:13.853  1667  1750 W qti_sensors_hal: timestampCalc: Adjusting timestamp for rollover: 635847713310492, -1
12-12 19:42:13.913  1667  1750 W qti_sensors_hal: timestampCalc: Adjusting timestamp for rollover: 635847774009955, -1
12-12 19:42:13.974  1667  1750 W qti_sensors_hal: timestampCalc: Adjusting timestamp for rollover: 635847834709418, -1
12-12 19:42:14.035  1667  1750 W qti_sensors_hal: timestampCalc: Adjusting timestamp for rollover: 635847895439398, -1
12-12 19:42:14.096  1667  1750 W qti_sensors_hal: timestampCalc: Adjusting timestamp for rollover: 635847956138861, -1
12-12 19:42:14.156  1667  1750 W qti_sensors_hal: timestampCalc: Adjusting timestamp for rollover: 635848016807807, -1
12-12 19:42:14.217  1667  1750 W qti_sensors_hal: timestampCalc: Adjusting timestamp for rollover: 635848077537787, -1
12-12 19:42:14.278  1667  1750 W qti_sensors_hal: timestampCalc: Adjusting timestamp for rollover: 635848138237250, -1
12-12 19:42:14.339  1667  1750 W qti_sensors_hal: timestampCalc: Adjusting timestamp for rollover: 635848198906195, -1
12-12 19:42:14.400  1667  1750 W qti_sensors_hal: timestampCalc: Adjusting timestamp for rollover: 635848259605658, -1
12-12 19:42:14.460  1667  1750 W qti_sensors_hal: timestampCalc: Adjusting timestamp for rollover: 635848320305121, -1
12-12 19:42:14.522  1667  1750 W qti_sensors_hal: timestampCalc: Adjusting timestamp for rollover: 635848381035102, -1
12-12 19:42:14.582  1667  1750 W qti_sensors_hal: timestampCalc: Adjusting timestamp for rollover: 635848441734564, -1
12-12 19:42:14.643  1667  1750 W qti_sensors_hal: timestampCalc: Adjusting timestamp for rollover: 635848502464545, -1
12-12 19:42:14.710   894   894 I MSM-irqbalance: Decided to move IRQ5 from CPU1 [P:0] to CPU6 [P:1] (banned)
12-12 19:42:14.711  1667  1750 W qti_sensors_hal: timestampCalc: Adjusting timestamp for rollover: 635848563133490, -1
12-12 19:42:14.712   894   894 I MSM-irqbalance: Decided to move IRQ3 from CPU1 [P:0] to CPU4 [P:1] (banned)
12-12 19:42:14.714   894   894 I MSM-irqbalance: Decided to move IRQ5 from CPU2 [P:0] to CPU7 [P:1] (banned)
12-12 19:42:14.716   894   894 I MSM-irqbalance: Decided to move IRQ3 from CPU2 [P:0] to CPU5 [P:1] (banned)
12-12 19:42:14.717   894   894 I MSM-irqbalance: Decided to move IRQ5 from CPU0 [P:0] to CPU6 [P:1] (banned)
12-12 19:42:14.717   894   894 I MSM-irqbalance: Decided to move IRQ3 from CPU0 [P:0] to CPU4 [P:1] (banned)
12-12 19:42:14.718   894   894 I MSM-irqbalance: Decided to move IRQ5 from CPU3 [P:0] to CPU7 [P:1] (banned)
12-12 19:42:14.719   894   894 I MSM-irqbalance: Decided to move IRQ3 from CPU3 [P:0] to CPU5 [P:1] (banned)
12-12 19:42:14.763  1667  1750 W qti_sensors_hal: timestampCalc: Adjusting timestamp for rollover: 635848623863471, -1
12-12 19:42:14.824  1667  1750 W qti_sensors_hal: timestampCalc: Adjusting timestamp for rollover: 635848684562934, -1
12-12 19:42:14.885  1667  1750 W qti_sensors_hal: timestampCalc: Adjusting timestamp for rollover: 635848745231879, -1
12-12 19:42:14.946  1667  1750 W qti_sensors_hal: timestampCalc: Adjusting timestamp for rollover: 635848805961859, -1
12-12 19:42:15.006  1667  1750 W qti_sensors_hal: timestampCalc: Adjusting timestamp for rollover: 635848866630805, -1
12-12 19:42:15.067  1667  1750 W qti_sensors_hal: timestampCalc: Adjusting timestamp for rollover: 635848927330268, -1
12-12 19:42:15.128  1667  1750 W qti_sensors_hal: timestampCalc: Adjusting timestamp for rollover: 635848988029730, -1
12-12 19:42:15.188  1667  1750 W qti_sensors_hal: timestampCalc: Adjusting timestamp for rollover: 635849048729193, -1
12-12 19:42:15.249  1667  1750 W qti_sensors_hal: timestampCalc: Adjusting timestamp for rollover: 635849109459174, -1
12-12 19:42:15.310  1667  1750 W qti_sensors_hal: timestampCalc: Adjusting timestamp for rollover: 635849170158637, -1
12-12 19:42:15.371  1667  1750 W qti_sensors_hal: timestampCalc: Adjusting timestamp for rollover: 635849230858100, -1
12-12 19:42:15.431  1667  1750 W qti_sensors_hal: timestampCalc: Adjusting timestamp for rollover: 635849291557563, -1
12-12 19:42:15.492  1667  1750 W qti_sensors_hal: timestampCalc: Adjusting timestamp for rollover: 635849352257025, -1
12-12 19:42:15.553  1667  1750 W qti_sensors_hal: timestampCalc: Adjusting timestamp for rollover: 635849412956488, -1
12-12 19:42:15.613  1667  1750 W qti_sensors_hal: timestampCalc: Adjusting timestamp for rollover: 635849473716986, -1
12-12 19:42:15.674  1667  1750 W qti_sensors_hal: timestampCalc: Adjusting timestamp for rollover: 635849534385932, -1
12-12 19:42:15.735  1667  1750 W qti_sensors_hal: timestampCalc: Adjusting timestamp for rollover: 635849595085395, -1
12-12 19:42:15.796  1667  1750 W qti_sensors_hal: timestampCalc: Adjusting timestamp for rollover: 635849655784857, -1
12-12 19:42:15.856  1667  1750 W qti_sensors_hal: timestampCalc: Adjusting timestamp for rollover: 635849716484320, -1
12-12 19:42:15.917  1667  1750 W qti_sensors_hal: timestampCalc: Adjusting timestamp for rollover: 635849777183783, -1
12-12 19:42:15.978  1667  1750 W qti_sensors_hal: timestampCalc: Adjusting timestamp for rollover: 635849837913764, -1
12-12 19:42:16.038  1667  1750 W qti_sensors_hal: timestampCalc: Adjusting timestamp for rollover: 635849898613227, -1
12-12 19:42:16.099  1667  1750 W qti_sensors_hal: timestampCalc: Adjusting timestamp for rollover: 635849959312689, -1
12-12 19:42:16.160  1667  1750 W qti_sensors_hal: timestampCalc: Adjusting timestamp for rollover: 635850020042670, -1
12-12 19:42:16.221  1667  1750 W qti_sensors_hal: timestampCalc: Adjusting timestamp for rollover: 635850080742133, -1
12-12 19:42:16.282  1667  1750 W qti_sensors_hal: timestampCalc: Adjusting timestamp for rollover: 635850141472113, -1
12-12 19:42:16.342  1667  1750 W qti_sensors_hal: timestampCalc: Adjusting timestamp for rollover: 635850202171576, -1
12-12 19:42:16.403  1667  1750 W qti_sensors_hal: timestampCalc: Adjusting timestamp for rollover: 635850262871039, -1
12-12 19:42:16.464  1667  1750 W qti_sensors_hal: timestampCalc: Adjusting timestamp for rollover: 635850323601020, -1
12-12 19:42:16.524  1667  1750 W qti_sensors_hal: timestampCalc: Adjusting timestamp for rollover: 635850384300482, -1
12-12 19:42:16.585  1667  1750 W qti_sensors_hal: timestampCalc: Adjusting timestamp for rollover: 635850445030463, -1
12-12 19:42:16.645  1667  1750 W qti_sensors_hal: timestampCalc: Adjusting timestamp for rollover: 635850505729926, -1
12-12 19:42:16.663 15894 15894 D wpa_supplicant: wlan0: Control interface command 'SIGNAL_POLL'
12-12 19:42:16.706  1667  1750 W qti_sensors_hal: timestampCalc: Adjusting timestamp for rollover: 635850566429389, -1
12-12 19:42:16.766  1667  1750 W qti_sensors_hal: timestampCalc: Adjusting timestamp for rollover: 635850627159369, -1
12-12 19:42:16.827  1667  1750 W qti_sensors_hal: timestampCalc: Adjusting timestamp for rollover: 635850687858832, -1
12-12 19:42:16.888  1667  1750 W qti_sensors_hal: timestampCalc: Adjusting timestamp for rollover: 635850748558295, -1
12-12 19:42:16.949  1667  1750 W qti_sensors_hal: timestampCalc: Adjusting timestamp for rollover: 635850809257758, -1
12-12 19:42:17.010  1667  1750 W qti_sensors_hal: timestampCalc: Adjusting timestamp for rollover: 635850869957221, -1
12-12 19:42:17.071  1667  1750 W qti_sensors_hal: timestampCalc: Adjusting timestamp for rollover: 635850930656684, -1
12-12 19:42:17.131  1667  1750 W qti_sensors_hal: timestampCalc: Adjusting timestamp for rollover: 635850991356147, -1
12-12 19:42:17.192  1667  1750 W qti_sensors_hal: timestampCalc: Adjusting timestamp for rollover: 635851052086127, -1
12-12 19:42:17.253  1667  1750 W qti_sensors_hal: timestampCalc: Adjusting timestamp for rollover: 635851112785590, -1
12-12 19:42:17.313  1667  1750 W qti_sensors_hal: timestampCalc: Adjusting timestamp for rollover: 635851173485053, -1
12-12 19:42:17.374  1667  1750 W qti_sensors_hal: timestampCalc: Adjusting timestamp for rollover: 635851234184516, -1
12-12 19:42:17.435  1667  1750 W qti_sensors_hal: timestampCalc: Adjusting timestamp for rollover: 635851294914496, -1
12-12 19:42:17.495  1667  1750 W qti_sensors_hal: timestampCalc: Adjusting timestamp for rollover: 635851355613959, -1
12-12 19:42:17.556  1667  1750 W qti_sensors_hal: timestampCalc: Adjusting timestamp for rollover: 635851416343939, -1
12-12 19:42:17.617  1667  1750 W qti_sensors_hal: timestampCalc: Adjusting timestamp for rollover: 635851477043402, -1
12-12 19:42:17.678  1667  1750 W qti_sensors_hal: timestampCalc: Adjusting timestamp for rollover: 635851537742865, -1
12-12 19:42:17.738  1667  1750 W qti_sensors_hal: timestampCalc: Adjusting timestamp for rollover: 635851598442328, -1
12-12 19:42:17.799  1667  1750 W qti_sensors_hal: timestampCalc: Adjusting timestamp for rollover: 635851659172309, -1
12-12 19:42:17.860  1667  1750 W qti_sensors_hal: timestampCalc: Adjusting timestamp for rollover: 635851719871772, -1
12-12 19:42:17.921  1667  1750 W qti_sensors_hal: timestampCalc: Adjusting timestamp for rollover: 635851780571234, -1
12-12 19:42:17.981  1667  1750 W qti_sensors_hal: timestampCalc: Adjusting timestamp for rollover: 635851841301215, -1
12-12 19:42:18.042  1667  1750 W qti_sensors_hal: timestampCalc: Adjusting timestamp for rollover: 635851902000678, -1
12-12 19:42:18.103  1667  1750 W qti_sensors_hal: timestampCalc: Adjusting timestamp for rollover: 635851962730658, -1
12-12 19:42:18.164  1667  1750 W qti_sensors_hal: timestampCalc: Adjusting timestamp for rollover: 635852023430121, -1
12-12 19:42:18.224  1667  1750 W qti_sensors_hal: timestampCalc: Adjusting timestamp for rollover: 635852084129584, -1
12-12 19:42:18.285  1667  1750 W qti_sensors_hal: timestampCalc: Adjusting timestamp for rollover: 635852144829047, -1
12-12 19:42:18.345  1667  1750 W qti_sensors_hal: timestampCalc: Adjusting timestamp for rollover: 635852205528510, -1
12-12 19:42:18.406  1667  1750 W qti_sensors_hal: timestampCalc: Adjusting timestamp for rollover: 635852266227973, -1
12-12 19:42:18.467  1667  1750 W qti_sensors_hal: timestampCalc: Adjusting timestamp for rollover: 635852326927436, -1
12-12 19:42:18.528  1667  1750 W qti_sensors_hal: timestampCalc: Adjusting timestamp for rollover: 635852387657416, -1
12-12 19:42:18.588  1667  1750 W qti_sensors_hal: timestampCalc: Adjusting timestamp for rollover: 635852448352543, -1
12-12 19:42:18.617 15894 15894 D wpa_supplicant: wlan0: Control interface command 'SCAN TYPE=ONLY scan_id=3'
12-12 19:42:18.618 15894 15894 D wpa_supplicant: wlan0: Setting scan request: 0.000000 sec
12-12 19:42:18.618 15894 15894 D wpa_supplicant: Scan SSID (manual request): \xe7\xba\xa2\xe7\xb1\xb3\xe6\x89\x8b\xe6\x9c\xba
12-12 19:42:18.618 15894 15894 D wpa_supplicant: wlan0: Starting AP scan for wildcard SSID
12-12 19:42:18.618 15894 15894 D wpa_supplicant: wlan0: Add radio work 'scan'@0x7f9a22e540
12-12 19:42:18.618 15894 15894 D wpa_supplicant: wlan0: First radio work item in the queue - schedule start immediately
12-12 19:42:18.619 15894 15894 D wpa_supplicant: wlan0: Starting radio work 'scan'@0x7f9a22e540 after 0.000214 second wait
12-12 19:42:18.619 15894 15894 D wpa_supplicant: wlan0: nl80211: scan request
12-12 19:42:18.619 15894 15894 D wpa_supplicant: nl80211: Scan SSID - hexdump(len=12): e7 ba a2 e7 b1 b3 e6 89 8b e6 9c ba
12-12 19:42:18.619 15894 15894 D wpa_supplicant: nl80211: Scan SSID - hexdump(len=0): [NULL]
12-12 19:42:18.619 15894 15894 D wpa_supplicant: nl80211: Scan extra IEs - hexdump(len=7): 7f 05 00 00 0a 02 01
12-12 19:42:18.621 15894 15894 D wpa_supplicant: Scan requested (ret=0) - scan timeout 30 seconds
12-12 19:42:18.622 15894 15894 D wpa_supplicant: nl80211: Event message available
12-12 19:42:18.622 15894 15894 D wpa_supplicant: nl80211: Drv Event 33 (NL80211_CMD_TRIGGER_SCAN) received for wlan0
12-12 19:42:18.622 15894 15894 D wpa_supplicant: wlan0: nl80211: Scan trigger
12-12 19:42:18.622 15894 15894 D wpa_supplicant: wlan0: Event SCAN_STARTED (47) received
12-12 19:42:18.623 15894 15894 D wpa_supplicant: wlan0: Own scan request started a scan in 0.000752 seconds
12-12 19:42:18.649  1667  1750 W qti_sensors_hal: timestampCalc: Adjusting timestamp for rollover: 635852509113041, -1
12-12 19:42:18.710  1667  1750 W qti_sensors_hal: timestampCalc: Adjusting timestamp for rollover: 635852569812504, -1
12-12 19:42:18.770  1667  1750 W qti_sensors_hal: timestampCalc: Adjusting timestamp for rollover: 635852630481449, -1
12-12 19:42:18.831  1667  1750 W qti_sensors_hal: timestampCalc: Adjusting timestamp for rollover: 635852691211430, -1
12-12 19:42:18.892  1667  1750 W qti_sensors_hal: timestampCalc: Adjusting timestamp for rollover: 635852751910893, -1
12-12 19:42:18.952  1667  1750 W qti_sensors_hal: timestampCalc: Adjusting timestamp for rollover: 635852812640873, -1
12-12 19:42:19.013  1667  1750 W qti_sensors_hal: timestampCalc: Adjusting timestamp for rollover: 635852873340336, -1
12-12 19:42:19.073  1667  1750 W qti_sensors_hal: timestampCalc: Adjusting timestamp for rollover: 635852934009281, -1
12-12 19:42:19.134  1667  1750 W qti_sensors_hal: timestampCalc: Adjusting timestamp for rollover: 635852994769779, -1
12-12 19:42:19.195  1667  1750 W qti_sensors_hal: timestampCalc: Adjusting timestamp for rollover: 635853055438725, -1
12-12 19:42:19.256  1667  1750 W qti_sensors_hal: timestampCalc: Adjusting timestamp for rollover: 635853116138187, -1
12-12 19:42:19.317  1667  1750 W qti_sensors_hal: timestampCalc: Adjusting timestamp for rollover: 635853176837650, -1
12-12 19:42:19.377  1667  1750 W qti_sensors_hal: timestampCalc: Adjusting timestamp for rollover: 635853237567631, -1
12-12 19:42:19.438  1667  1750 W qti_sensors_hal: timestampCalc: Adjusting timestamp for rollover: 635853298297611, -1
12-12 19:42:19.451   747   747 E pttSocketApp:          aniAsfIpc.c:971 Error(105):Recv failed, ipcPtr [0xb3031000], sd 5
12-12 19:42:19.451   747   747 E pttSocketApp:       pttSocketApp.c:759 IPC Recv failed
12-12 19:42:19.451   747   747 E WLAN_PSA: NL MSG RCV err -1 105
12-12 19:42:19.499  1667  1750 W qti_sensors_hal: timestampCalc: Adjusting timestamp for rollover: 635853358997074, -1
12-12 19:42:19.559  1667  1750 W qti_sensors_hal: timestampCalc: Adjusting timestamp for rollover: 635853419727055, -1
12-12 19:42:19.620  1667  1750 W qti_sensors_hal: timestampCalc: Adjusting timestamp for rollover: 635853480396000, -1
12-12 19:42:19.681  1667  1750 W qti_sensors_hal: timestampCalc: Adjusting timestamp for rollover: 635853541156498, -1
12-12 19:42:19.685 15894 15894 D wpa_supplicant: wlan0: Control interface command 'SIGNAL_POLL'
12-12 19:42:19.710   894   894 I MSM-irqbalance: Decided to move IRQ5 from CPU1 [P:0] to CPU6 [P:1] (banned)
12-12 19:42:19.711   894   894 I MSM-irqbalance: Decided to move IRQ3 from CPU1 [P:0] to CPU4 [P:1] (banned)
12-12 19:42:19.712   894   894 I MSM-irqbalance: Decided to move IRQ3 from CPU2 [P:0] to CPU7 [P:1] (banned)
12-12 19:42:19.713   894   894 I MSM-irqbalance: Decided to move IRQ5 from CPU2 [P:0] to CPU5 [P:1] (banned)
12-12 19:42:19.714   894   894 I MSM-irqbalance: Decided to move IRQ5 from CPU0 [P:0] to CPU6 [P:1] (banned)
12-12 19:42:19.715   894   894 I MSM-irqbalance: Decided to move IRQ3 from CPU0 [P:0] to CPU4 [P:1] (banned)
12-12 19:42:19.715   894   894 I MSM-irqbalance: Decided to move IRQ5 from CPU3 [P:0] to CPU7 [P:1] (banned)
12-12 19:42:19.716   894   894 I MSM-irqbalance: Decided to move IRQ3 from CPU3 [P:0] to CPU5 [P:1] (banned)
12-12 19:42:19.741  1667  1750 W qti_sensors_hal: timestampCalc: Adjusting timestamp for rollover: 635853601825443, -1
12-12 19:42:19.802  1667  1750 W qti_sensors_hal: timestampCalc: Adjusting timestamp for rollover: 635853662555424, -1
12-12 19:42:19.863  1667  1750 W qti_sensors_hal: timestampCalc: Adjusting timestamp for rollover: 635853723254887, -1
12-12 19:42:19.924  1667  1750 W qti_sensors_hal: timestampCalc: Adjusting timestamp for rollover: 635853783954350, -1
12-12 19:42:19.985  1667  1750 W qti_sensors_hal: timestampCalc: Adjusting timestamp for rollover: 635853844714848, -1
12-12 19:42:20.045  1667  1750 W qti_sensors_hal: timestampCalc: Adjusting timestamp for rollover: 635853905353275, -1
12-12 19:42:20.106  1667  1750 W qti_sensors_hal: timestampCalc: Adjusting timestamp for rollover: 635853966083256, -1
12-12 19:42:20.167  1667  1750 W qti_sensors_hal: timestampCalc: Adjusting timestamp for rollover: 635854026782719, -1
12-12 19:42:20.228  1667  1750 W qti_sensors_hal: timestampCalc: Adjusting timestamp for rollover: 635854087482182, -1
12-12 19:42:20.288  1667  1750 W qti_sensors_hal: timestampCalc: Adjusting timestamp for rollover: 635854148273197, -1
12-12 19:42:20.349  1667  1750 W qti_sensors_hal: timestampCalc: Adjusting timestamp for rollover: 635854208911625, -1
12-12 19:42:20.409  1667  1750 W qti_sensors_hal: timestampCalc: Adjusting timestamp for rollover: 635854269641605, -1
12-12 19:42:20.470  1667  1750 W qti_sensors_hal: timestampCalc: Adjusting timestamp for rollover: 635854330341068, -1
12-12 19:42:20.531  1667  1750 W qti_sensors_hal: timestampCalc: Adjusting timestamp for rollover: 635854391071049, -1
12-12 19:42:20.591  1667  1750 W qti_sensors_hal: timestampCalc: Adjusting timestamp for rollover: 635854451770512, -1
12-12 19:42:20.652  1667  1750 W qti_sensors_hal: timestampCalc: Adjusting timestamp for rollover: 635854512469975, -1
12-12 19:42:20.713  1667  1750 W qti_sensors_hal: timestampCalc: Adjusting timestamp for rollover: 635854573199955, -1
12-12 19:42:20.774  1667  1750 W qti_sensors_hal: timestampCalc: Adjusting timestamp for rollover: 635854633868900, -1
12-12 19:42:20.834  1667  1750 W qti_sensors_hal: timestampCalc: Adjusting timestamp for rollover: 635854694598881, -1
12-12 19:42:20.856   747   747 E pttSocketApp:          aniAsfIpc.c:971 Error(105):Recv failed, ipcPtr [0xb3031000], sd 5
12-12 19:42:20.856   747   747 E pttSocketApp:       pttSocketApp.c:759 IPC Recv failed
12-12 19:42:20.856   747   747 E WLAN_PSA: NL MSG RCV err -1 105
12-12 19:42:20.895  1667  1750 W qti_sensors_hal: timestampCalc: Adjusting timestamp for rollover: 635854755298344, -1
12-12 19:42:20.956  1667  1750 W qti_sensors_hal: timestampCalc: Adjusting timestamp for rollover: 635854816028324, -1
12-12 19:42:21.016  1667  1750 W qti_sensors_hal: timestampCalc: Adjusting timestamp for rollover: 635854876697269, -1
12-12 19:42:21.077  1667  1750 W qti_sensors_hal: timestampCalc: Adjusting timestamp for rollover: 635854937396732, -1
12-12 19:42:21.133 15894 15894 D wpa_supplicant: nl80211: Event message available
12-12 19:42:21.133 15894 15894 D wpa_supplicant: nl80211: Drv Event 34 (NL80211_CMD_NEW_SCAN_RESULTS) received for wlan0
12-12 19:42:21.134 15894 15894 D wpa_supplicant: wlan0: nl80211: New scan results available
12-12 19:42:21.134 15894 15894 D wpa_supplicant: nl80211: Scan probed for SSID '\xe7\xba\xa2\xe7\xb1\xb3\xe6\x89\x8b\xe6\x9c\xba'
12-12 19:42:21.134 15894 15894 D wpa_supplicant: nl80211: Scan probed for SSID ''
12-12 19:42:21.134 15894 15894 D wpa_supplicant: nl80211: Scan included frequencies: 2412 2417 2422 2427 2432 2437 2442 2447 2452 2457 2462 2467 2472 5180 5200 5220 5240 5260 5280 5300 5320 5745 5765 5785 5805 5825
12-12 19:42:21.134 15894 15894 D wpa_supplicant: wlan0: Event SCAN_RESULTS (3) received
12-12 19:42:21.134 15894 15894 D wpa_supplicant: wlan0: Scan completed in 2.511766 seconds
12-12 19:42:21.135 15894 15894 D wpa_supplicant: nl80211: Associated on 5745 MHz
12-12 19:42:21.135 15894 15894 D wpa_supplicant: nl80211: Associated with a4:2b:8c:16:15:a4
12-12 19:42:21.137 15894 15894 D wpa_supplicant: nl80211: Received scan results (70 BSSes)
12-12 19:42:21.137 15894 15894 D wpa_supplicant: nl80211: Scan results indicate BSS status with a4:2b:8c:16:15:a4 as associated
12-12 19:42:21.138 15894 15894 D wpa_supplicant: wlan0: BSS: Start scan result update 1171
12-12 19:42:21.138  1667  1750 W qti_sensors_hal: timestampCalc: Adjusting timestamp for rollover: 635854998126713, -1
12-12 19:42:21.138 15894 15894 D wpa_supplicant: wlan0: BSS: Add new id 9376 BSSID 40:31:3c:1e:ee:91 SSID 'daokuan_office' freq 2447
12-12 19:42:21.139 15894 15894 D wpa_supplicant: wlan0: BSS: Remove id 9360 BSSID 64:09:80:67:d6:ae SSID 'Xiaomi_D6AD' due to no match in scan
12-12 19:42:21.140 15894 15894 D wpa_supplicant: wlan0: BSS: Remove id 9331 BSSID 50:d2:f5:03:d2:0a SSID 'Xiaomi_ssssssssssssssssssss' due to no match in scan
12-12 19:42:21.140 15894 15894 D wpa_supplicant: wlan0: BSS: Remove id 9349 BSSID 48:4a:e9:a0:6a:e0 SSID 'MIOT' due to no match in scan
12-12 19:42:21.140 15894 15894 D wpa_supplicant: wlan0: BSS: Remove id 9363 BSSID f0:b4:29:fe:fe:fb SSID 'handsome' due to no match in scan
12-12 19:42:21.141 15894 15894 D wpa_supplicant: wlan0: BSS: Remove id 9365 BSSID f0:b4:29:80:04:fd SSID 'coolkernel_router' due to no match in scan
12-12 19:42:21.141 15894 15894 D wpa_supplicant: wlan0: BSS: Remove id 9366 BSSID 64:09:80:67:d3:4c SSID 'Xiaomi_OuO_5G' due to no match in scan
12-12 19:42:21.141 15894 15894 D wpa_supplicant: wlan0: BSS: Remove id 9355 BSSID a4:0d:bc:01:0c:1b SSID 'memobird-0C1B' due to no match in scan
12-12 19:42:21.142 15894 15894 D wpa_supplicant: BSS: last_scan_res_used=70/128
12-12 19:42:21.142 15894 15894 D wpa_supplicant: wlan0: Scan-only results received
12-12 19:42:21.142 15894 15894 D wpa_supplicant: wlan0: Radio work 'scan'@0x7f9a22e540 done in 2.523712 seconds
12-12 19:42:21.143 15894 15894 D wpa_supplicant: wlan0: radio_work_free('scan'@0x7f9a22e540: num_active_works --> 0
12-12 19:42:21.143 15894 15894 D wpa_supplicant: wlan0: Control interface command 'SCAN_RESULTS'
12-12 19:42:21.151 15894 15894 D wpa_supplicant: wlan0: Control interface command 'SCAN_RESULTS'
12-12 19:42:21.198  1667  1750 W qti_sensors_hal: timestampCalc: Adjusting timestamp for rollover: 635855058826176, -1
12-12 19:42:21.234  1667  1879 I AppScanObserverService: Start to match app observer
12-12 19:42:21.248  1667  1830 D WifiQualifiedNetworkSelector:: ==========start qualified Network Selection==========
12-12 19:42:21.248  1667  1830 D WifiQualifiedNetworkSelector:: Current network is: "NETGEAR65-5G" ,ID is: 4
12-12 19:42:21.249  1667  1830 D WifiQualifiedNetworkSelector:: Quit qualified Network Selection since it is not forced and current network is qualified already
12-12 19:42:21.258  1667  1750 W qti_sensors_hal: timestampCalc: Adjusting timestamp for rollover: 635855119556156, -1
12-12 19:42:21.319  1667  1750 W qti_sensors_hal: timestampCalc: Adjusting timestamp for rollover: 635855180286137, -1
12-12 19:42:21.380  1667  1750 W qti_sensors_hal: timestampCalc: Adjusting timestamp for rollover: 635855240955082, -1
12-12 19:42:21.441  1667  1750 W qti_sensors_hal: timestampCalc: Adjusting timestamp for rollover: 635855301685062, -1
12-12 19:42:21.502  1667  1750 W qti_sensors_hal: timestampCalc: Adjusting timestamp for rollover: 635855362384525, -1
12-12 19:42:21.563  1667  1750 W qti_sensors_hal: timestampCalc: Adjusting timestamp for rollover: 635855423114506, -1
12-12 19:42:21.623  1667  1750 W qti_sensors_hal: timestampCalc: Adjusting timestamp for rollover: 635855483813969, -1
12-12 19:42:21.684  1667  1750 W qti_sensors_hal: timestampCalc: Adjusting timestamp for rollover: 635855544513432, -1
12-12 19:42:21.744  1667  1750 W qti_sensors_hal: timestampCalc: Adjusting timestamp for rollover: 635855605212894, -1
12-12 19:42:21.806  1667  1750 W qti_sensors_hal: timestampCalc: Adjusting timestamp for rollover: 635855665912357, -1
12-12 19:42:21.866  1667  1750 W qti_sensors_hal: timestampCalc: Adjusting timestamp for rollover: 635855726642338, -1
12-12 19:42:21.927  1667  1750 W qti_sensors_hal: timestampCalc: Adjusting timestamp for rollover: 635855787341801, -1
12-12 19:42:21.988  1667  1750 W qti_sensors_hal: timestampCalc: Adjusting timestamp for rollover: 635855848071781, -1
12-12 19:42:22.048  1667  1750 W qti_sensors_hal: timestampCalc: Adjusting timestamp for rollover: 635855908740727, -1
12-12 19:42:22.109  1667  1750 W qti_sensors_hal: timestampCalc: Adjusting timestamp for rollover: 635855969440189, -1
12-12 19:42:22.169  1667  1750 W qti_sensors_hal: timestampCalc: Adjusting timestamp for rollover: 635856030139652, -1
12-12 19:42:22.230  1667  1750 W qti_sensors_hal: timestampCalc: Adjusting timestamp for rollover: 635856090869633, -1
12-12 19:42:22.291  1667  1750 W qti_sensors_hal: timestampCalc: Adjusting timestamp for rollover: 635856151569096, -1
12-12 19:42:22.351  1667  1750 W qti_sensors_hal: timestampCalc: Adjusting timestamp for rollover: 635856212299076, -1
12-12 19:42:22.412  1667  1750 W qti_sensors_hal: timestampCalc: Adjusting timestamp for rollover: 635856272998539, -1
12-12 19:42:22.473  1667  1750 W qti_sensors_hal: timestampCalc: Adjusting timestamp for rollover: 635856333698002, -1
12-12 19:42:22.534  1667  1750 W qti_sensors_hal: timestampCalc: Adjusting timestamp for rollover: 635856394427982, -1
12-12 19:42:22.594  1667  1750 W qti_sensors_hal: timestampCalc: Adjusting timestamp for rollover: 635856455127445, -1
12-12 19:42:22.623  1667  3281 D PerfShielderService: com.android.settings|com.android.settings-com-118431799|155|378330892046042|93|3|2
12-12 19:42:22.624  2907  2920 W MiuiPerfServiceClient: interceptAndQueuing:29106|com.android.settings|155|93|unknown|null|com.android.settings-com-118431799|378330892046042|Slow handle traversal|2
12-12 19:42:22.655  1667  1750 W qti_sensors_hal: timestampCalc: Adjusting timestamp for rollover: 635856515826908, -1
12-12 19:42:22.706 15894 15894 D wpa_supplicant: wlan0: Control interface command 'SIGNAL_POLL'
12-12 19:42:22.716  1667  1750 W qti_sensors_hal: timestampCalc: Adjusting timestamp for rollover: 635856576526371, -1
12-12 19:42:22.777  1667  1750 W qti_sensors_hal: timestampCalc: Adjusting timestamp for rollover: 635856637256352, -1
12-12 19:42:22.837  1667  1750 W qti_sensors_hal: timestampCalc: Adjusting timestamp for rollover: 635856697955814, -1
12-12 19:42:22.898  1667  1750 W qti_sensors_hal: timestampCalc: Adjusting timestamp for rollover: 635856758685795, -1
12-12 19:42:22.959  1667  1750 W qti_sensors_hal: timestampCalc: Adjusting timestamp for rollover: 635856819385258, -1
12-12 19:42:23.021  1667  1750 W qti_sensors_hal: timestampCalc: Adjusting timestamp for rollover: 635856880084721, -1
12-12 19:42:23.080  1667  1750 W qti_sensors_hal: timestampCalc: Adjusting timestamp for rollover: 635856940784184, -1
12-12 19:42:23.141  1667  1750 W qti_sensors_hal: timestampCalc: Adjusting timestamp for rollover: 635857001483646, -1
12-12 19:42:23.202  1667  1750 W qti_sensors_hal: timestampCalc: Adjusting timestamp for rollover: 635857062183109, -1
12-12 19:42:23.263  1667  1750 W qti_sensors_hal: timestampCalc: Adjusting timestamp for rollover: 635857122943607, -1
12-12 19:42:23.324  1667  1750 W qti_sensors_hal: timestampCalc: Adjusting timestamp for rollover: 635857183643070, -1
12-12 19:42:23.384  1667  1750 W qti_sensors_hal: timestampCalc: Adjusting timestamp for rollover: 635857244342533, -1
12-12 19:42:23.445  1667  1750 W qti_sensors_hal: timestampCalc: Adjusting timestamp for rollover: 635857305041996, -1
12-12 19:42:23.505  1667  1750 W qti_sensors_hal: timestampCalc: Adjusting timestamp for rollover: 635857365771977, -1
12-12 19:42:23.566  1667  1750 W qti_sensors_hal: timestampCalc: Adjusting timestamp for rollover: 635857426471439, -1
12-12 19:42:23.627  1667  1750 W qti_sensors_hal: timestampCalc: Adjusting timestamp for rollover: 635857487170902, -1
12-12 19:42:23.687  1667  1750 W qti_sensors_hal: timestampCalc: Adjusting timestamp for rollover: 635857547900883, -1
12-12 19:42:23.748  1667  1750 W qti_sensors_hal: timestampCalc: Adjusting timestamp for rollover: 635857608600346, -1
12-12 19:42:23.809  1667  1750 W qti_sensors_hal: timestampCalc: Adjusting timestamp for rollover: 635857669330326, -1
12-12 19:42:23.870  1667  1750 W qti_sensors_hal: timestampCalc: Adjusting timestamp for rollover: 635857730029789, -1
12-12 19:42:23.930  1667  1750 W qti_sensors_hal: timestampCalc: Adjusting timestamp for rollover: 635857790729252, -1
12-12 19:42:23.991  1667  1750 W qti_sensors_hal: timestampCalc: Adjusting timestamp for rollover: 635857851459232, -1
12-12 19:42:24.052  1667  1750 W qti_sensors_hal: timestampCalc: Adjusting timestamp for rollover: 635857912189213, -1
12-12 19:42:24.112  1667  1750 W qti_sensors_hal: timestampCalc: Adjusting timestamp for rollover: 635857972858158, -1
12-12 19:42:24.173  1667  1750 W qti_sensors_hal: timestampCalc: Adjusting timestamp for rollover: 635858033588139, -1
12-12 19:42:24.234  1667  1750 W qti_sensors_hal: timestampCalc: Adjusting timestamp for rollover: 635858094287602, -1
12-12 19:42:24.295  1667  1750 W qti_sensors_hal: timestampCalc: Adjusting timestamp for rollover: 635858154987064, -1
12-12 19:42:24.356  1667  1750 W qti_sensors_hal: timestampCalc: Adjusting timestamp for rollover: 635858215686527, -1
12-12 19:42:24.416  1667  1750 W qti_sensors_hal: timestampCalc: Adjusting timestamp for rollover: 635858276416508, -1
12-12 19:42:24.477  1667  1750 W qti_sensors_hal: timestampCalc: Adjusting timestamp for rollover: 635858337115971, -1
12-12 19:42:24.537  1667  1750 W qti_sensors_hal: timestampCalc: Adjusting timestamp for rollover: 635858397845951, -1
12-12 19:42:24.598  1667  1750 W qti_sensors_hal: timestampCalc: Adjusting timestamp for rollover: 635858458545414, -1
12-12 19:42:24.659  1667  1750 W qti_sensors_hal: timestampCalc: Adjusting timestamp for rollover: 635858519244877, -1
12-12 19:42:24.719  1667  1750 W qti_sensors_hal: timestampCalc: Adjusting timestamp for rollover: 635858579944340, -1
12-12 19:42:24.721   894   894 I MSM-irqbalance: Decided to move IRQ3 from CPU1 [P:0] to CPU6 [P:1] (banned)
12-12 19:42:24.722   894   894 I MSM-irqbalance: Decided to move IRQ5 from CPU1 [P:0] to CPU4 [P:1] (banned)
12-12 19:42:24.724   894   894 I MSM-irqbalance: Decided to move IRQ5 from CPU2 [P:0] to CPU7 [P:1] (banned)
12-12 19:42:24.725   894   894 I MSM-irqbalance: Decided to move IRQ3 from CPU2 [P:0] to CPU5 [P:1] (banned)
12-12 19:42:24.725   894   894 I MSM-irqbalance: Decided to move IRQ5 from CPU0 [P:0] to CPU6 [P:1] (banned)
12-12 19:42:24.726   894   894 I MSM-irqbalance: Decided to move IRQ3 from CPU0 [P:0] to CPU4 [P:1] (banned)
12-12 19:42:24.727   894   894 I MSM-irqbalance: Decided to move IRQ5 from CPU3 [P:0] to CPU7 [P:1] (banned)
12-12 19:42:24.727   894   894 I MSM-irqbalance: Decided to move IRQ3 from CPU3 [P:0] to CPU5 [P:1] (banned)
12-12 19:42:24.780  1667  1750 W qti_sensors_hal: timestampCalc: Adjusting timestamp for rollover: 635858640674320, -1
12-12 19:42:24.841  1667  1750 W qti_sensors_hal: timestampCalc: Adjusting timestamp for rollover: 635858701373783, -1
12-12 19:42:24.902  1667  1750 W qti_sensors_hal: timestampCalc: Adjusting timestamp for rollover: 635858762042728, -1
12-12 19:42:24.963  1667  1750 W qti_sensors_hal: timestampCalc: Adjusting timestamp for rollover: 635858822803227, -1
12-12 19:42:25.023  1667  1750 W qti_sensors_hal: timestampCalc: Adjusting timestamp for rollover: 635858883502689, -1
12-12 19:42:25.084  1667  1750 W qti_sensors_hal: timestampCalc: Adjusting timestamp for rollover: 635858944202152, -1
12-12 19:42:25.144  1667  1750 W qti_sensors_hal: timestampCalc: Adjusting timestamp for rollover: 635859004932133, -1
12-12 19:42:25.205  1667  1750 W qti_sensors_hal: timestampCalc: Adjusting timestamp for rollover: 635859065631596, -1
12-12 19:42:25.266  1667  1750 W qti_sensors_hal: timestampCalc: Adjusting timestamp for rollover: 635859126300541, -1
12-12 19:42:25.327  1667  1750 W qti_sensors_hal: timestampCalc: Adjusting timestamp for rollover: 635859187030521, -1
12-12 19:42:25.387  1667  1750 W qti_sensors_hal: timestampCalc: Adjusting timestamp for rollover: 635859247760502, -1
12-12 19:42:25.448  1667  1750 W qti_sensors_hal: timestampCalc: Adjusting timestamp for rollover: 635859308429447, -1
12-12 19:42:25.509  1667  1750 W qti_sensors_hal: timestampCalc: Adjusting timestamp for rollover: 635859369128910, -1
12-12 19:42:25.570  1667  1750 W qti_sensors_hal: timestampCalc: Adjusting timestamp for rollover: 635859429858891, -1
12-12 19:42:25.630  1667  1750 W qti_sensors_hal: timestampCalc: Adjusting timestamp for rollover: 635859490558353, -1
12-12 19:42:25.691  1667  1750 W qti_sensors_hal: timestampCalc: Adjusting timestamp for rollover: 635859551257816, -1
12-12 19:42:25.732 15894 15894 D wpa_supplicant: wlan0: Control interface command 'SIGNAL_POLL'
12-12 19:42:25.751  1667  1750 W qti_sensors_hal: timestampCalc: Adjusting timestamp for rollover: 635859612018314, -1
12-12 19:42:25.804  4702  4702 I RTPS_PARTICIPANT: 
12-12 19:42:25.807  4702  4702 I RTCP    :  OpenAndBindInput (physical: 18316; logical: 0)
12-12 19:42:25.809  4702  4705 I RTPS_PARTICIPANT: Thread: 547742569552 created and waiting for tasks.
12-12 19:42:25.812  1667  1750 W qti_sensors_hal: timestampCalc: Adjusting timestamp for rollover: 635859672687260, -1
12-12 19:42:25.812  4702  4702 I RTCP    :  OpenInputChannel (physical: 18316; logical: 7412)
12-12 19:42:25.812  4702  4702 I RTPS_MSG_IN: Created with CDRMessage of size: 65500
12-12 19:42:25.813  4702  4702 I RTCP    :  OpenInputChannel (physical: 18316; logical: 7413)
12-12 19:42:25.813  4702  4702 I RTPS_MSG_IN: Created with CDRMessage of size: 65500
12-12 19:42:25.813  4702  4702 I RTPS_PARTICIPANT: Participant_pub Created with NO default Unicast Locator List, adding Locators:192.168.1.2:485836684,
12-12 19:42:25.813  4702  4702 I RTPS_PDP: Beginning
12-12 19:42:25.813  4702  4702 I RTPS_PDP: Beginning
12-12 19:42:25.813  4702  4702 I RTPS_UTILS: Creating CacheChangePool of size: 26 with payload of size: 5000
12-12 19:42:25.813  4702  4702 I RTPS_UTILS: Static Mode is active, preallocating memory for pool_size elements
12-12 19:42:25.814  4702  4702 I RTPS_UTILS: Allocating group of cache changes of size: 26
12-12 19:42:25.814  4702  4702 I RTPS_PARTICIPANT:  of type BEST_EFFORT
12-12 19:42:25.814  4702  4702 I RTPS_READER: RTPSReader created correctly
12-12 19:42:25.814  4702  4702 I RTPS_READER: Writer |GUID UNKNOWN| added to 0.1.0.c7
12-12 19:42:25.814  4702  4702 I RTPS_UTILS: Creating CacheChangePool of size: 21 with payload of size: 5000
12-12 19:42:25.814  4702  4702 I RTPS_UTILS: Static Mode is active, preallocating memory for pool_size elements
12-12 19:42:25.814  4702  4702 I RTPS_UTILS: Allocating group of cache changes of size: 21
12-12 19:42:25.815  4702  4702 I RTPS_PARTICIPANT:  of type BEST_EFFORT
12-12 19:42:25.815  4702  4702 I RTPS_WRITER: RTPSWriter created
12-12 19:42:25.815  4702  4702 I RTPS_WRITER: Reader |GUID UNKNOWN| added to 0.1.0.c2
12-12 19:42:25.815  4702  4702 I RTPS_PDP: SPDP Endpoints creation finished
12-12 19:42:25.816  4702  4702 I RTPS_EDP: Beginning Simple Endpoint Discovery Protocol
12-12 19:42:25.816  4702  4706 I RTPS_WRITER: Finish sending unsent changes
12-12 19:42:25.816  4702  4702 I RTPS_UTILS: Creating CacheChangePool of size: 21 with payload of size: 5000
12-12 19:42:25.816  4702  4702 I RTPS_UTILS: Static Mode is active, preallocating memory for pool_size elements
12-12 19:42:25.816  4702  4702 I RTPS_UTILS: Allocating group of cache changes of size: 21
12-12 19:42:25.816  4702  4702 I RTPS_PARTICIPANT:  of type RELIABLE
12-12 19:42:25.816  4702  4702 I RTPS_WRITER: RTPSWriter created
12-12 19:42:25.817  4702  4702 I RTPS_EDP: SEDP Publication Writer created
12-12 19:42:25.817  4702  4702 I RTPS_UTILS: Creating CacheChangePool of size: 21 with payload of size: 5000
12-12 19:42:25.817  4702  4702 I RTPS_UTILS: Static Mode is active, preallocating memory for pool_size elements
12-12 19:42:25.817  4702  4702 I RTPS_UTILS: Allocating group of cache changes of size: 21
12-12 19:42:25.817  4702  4702 I RTPS_PARTICIPANT:  of type RELIABLE
12-12 19:42:25.817  4702  4702 I RTPS_READER: RTPSReader created correctly
12-12 19:42:25.817  4702  4702 I RTPS_EDP: SEDP Subscription Reader created
12-12 19:42:25.817  4702  4702 I RTPS_UTILS: Creating CacheChangePool of size: 21 with payload of size: 5000
12-12 19:42:25.817  4702  4702 I RTPS_UTILS: Static Mode is active, preallocating memory for pool_size elements
12-12 19:42:25.817  4702  4702 I RTPS_UTILS: Allocating group of cache changes of size: 21
12-12 19:42:25.818  4702  4702 I RTPS_PARTICIPANT:  of type RELIABLE
12-12 19:42:25.818  4702  4702 I RTPS_READER: RTPSReader created correctly
12-12 19:42:25.818  4702  4702 I RTPS_EDP: SEDP Publication Reader created
12-12 19:42:25.818  4702  4702 I RTPS_UTILS: Creating CacheChangePool of size: 21 with payload of size: 5000
12-12 19:42:25.818  4702  4702 I RTPS_UTILS: Static Mode is active, preallocating memory for pool_size elements
12-12 19:42:25.818  4702  4702 I RTPS_UTILS: Allocating group of cache changes of size: 21
12-12 19:42:25.818  4702  4702 I RTPS_PARTICIPANT:  of type RELIABLE
12-12 19:42:25.818  4702  4702 I RTPS_WRITER: RTPSWriter created
12-12 19:42:25.818  4702  4702 I RTPS_EDP: SEDP Subscription Writer created
12-12 19:42:25.819  4702  4702 I RTPS_EDP: Creation finished
12-12 19:42:25.819  4702  4702 I RTPS_LIVELINESS: Initializing Liveliness Protocol
12-12 19:42:25.819  4702  4702 I RTPS_UTILS: Creating CacheChangePool of size: 21 with payload of size: 100
12-12 19:42:25.819  4702  4702 I RTPS_UTILS: Static Mode is active, preallocating memory for pool_size elements
12-12 19:42:25.819  4702  4702 I RTPS_UTILS: Allocating group of cache changes of size: 21
12-12 19:42:25.819  4702  4702 I RTPS_PARTICIPANT:  of type RELIABLE
