--------- beginning of main
12-12 19:41:51.875  1667  1750 W qti_sensors_hal: timestampCalc: Adjusting timestamp for rollover: 635825736046252, -1
12-12 19:41:51.936  1667  1750 W qti_sensors_hal: timestampCalc: Adjusting timestamp for rollover: 635825796776233, -1
12-12 19:41:51.997  1667  1750 W qti_sensors_hal: timestampCalc: Adjusting timestamp for rollover: 635825857475696, -1
12-12 19:41:52.058  1667  1750 W qti_sensors_hal: timestampCalc: Adjusting timestamp for rollover: 635825918205676, -1
12-12 19:41:52.118  1667  1750 W qti_sensors_hal: timestampCalc: Adjusting timestamp for rollover: 635825978905139, -1
12-12 19:41:52.179  1667  1750 W qti_sensors_hal: timestampCalc: Adjusting timestamp for rollover: 635826039635120, -1
12-12 19:41:52.240  1667  1750 W qti_sensors_hal: timestampCalc: Adjusting timestamp for rollover: 635826100334583, -1
12-12 19:41:52.301  1667  1750 W qti_sensors_hal: timestampCalc: Adjusting timestamp for rollover: 635826161064563, -1
12-12 19:41:52.361  1667  1750 W qti_sensors_hal: timestampCalc: Adjusting timestamp for rollover: 635826221764026, -1
12-12 19:41:52.422  1667  1750 W qti_sensors_hal: timestampCalc: Adjusting timestamp for rollover: 635826282494006, -1
12-12 19:41:52.476 15894 15894 D wpa_supplicant: wlan0: Control interface command 'SIGNAL_POLL'
12-12 19:41:52.483  1667  1750 W qti_sensors_hal: timestampCalc: Adjusting timestamp for rollover: 635826343223987, -1
12-12 19:41:52.544  1667  1750 W qti_sensors_hal: timestampCalc: Adjusting timestamp for rollover: 635826403923450, -1
12-12 19:41:52.604  1667  1750 W qti_sensors_hal: timestampCalc: Adjusting timestamp for rollover: 635826464622913, -1
12-12 19:41:52.665  1667  1750 W qti_sensors_hal: timestampCalc: Adjusting timestamp for rollover: 635826525322376, -1
12-12 19:41:52.726  1667  1750 W qti_sensors_hal: timestampCalc: Adjusting timestamp for rollover: 635826586052356, -1
12-12 19:41:52.786  1667  1750 W qti_sensors_hal: timestampCalc: Adjusting timestamp for rollover: 635826646751819, -1
12-12 19:41:52.847  1667  1750 W qti_sensors_hal: timestampCalc: Adjusting timestamp for rollover: 635826707481799, -1
12-12 19:41:52.910  1667  1750 W qti_sensors_hal: timestampCalc: Adjusting timestamp for rollover: 635826768211780, -1
12-12 19:41:52.968  1667  1750 W qti_sensors_hal: timestampCalc: Adjusting timestamp for rollover: 635826828911243, -1
12-12 19:41:53.029  1667  1750 W qti_sensors_hal: timestampCalc: Adjusting timestamp for rollover: 635826889610706, -1
12-12 19:41:53.090  1667  1750 W qti_sensors_hal: timestampCalc: Adjusting timestamp for rollover: 635826950340686, -1
12-12 19:41:53.151  1667  1750 W qti_sensors_hal: timestampCalc: Adjusting timestamp for rollover: 635827011070667, -1
12-12 19:41:53.212  1667  1750 W qti_sensors_hal: timestampCalc: Adjusting timestamp for rollover: 635827071800647, -1
12-12 19:41:53.272  1667  1750 W qti_sensors_hal: timestampCalc: Adjusting timestamp for rollover: 635827132500110, -1
12-12 19:41:53.333  1667  1750 W qti_sensors_hal: timestampCalc: Adjusting timestamp for rollover: 635827193230090, -1
12-12 19:41:53.393  1667  1750 W qti_sensors_hal: timestampCalc: Adjusting timestamp for rollover: 635827253929553, -1
12-12 19:41:53.454  1667  1750 W qti_sensors_hal: timestampCalc: Adjusting timestamp for rollover: 635827314659534, -1
12-12 19:41:53.515  1667  1750 W qti_sensors_hal: timestampCalc: Adjusting timestamp for rollover: 635827375389514, -1
12-12 19:41:53.576  1667  1750 W qti_sensors_hal: timestampCalc: Adjusting timestamp for rollover: 635827436088977, -1
12-12 19:41:53.637  1667  1750 W qti_sensors_hal: timestampCalc: Adjusting timestamp for rollover: 635827496818958, -1
12-12 19:41:53.697  1667  1750 W qti_sensors_hal: timestampCalc: Adjusting timestamp for rollover: 635827557518420, -1
12-12 19:41:53.758  1667  1750 W qti_sensors_hal: timestampCalc: Adjusting timestamp for rollover: 635827618248401, -1
12-12 19:41:53.819  1667  1750 W qti_sensors_hal: timestampCalc: Adjusting timestamp for rollover: 635827678947864, -1
12-12 19:41:53.879  1667  1750 W qti_sensors_hal: timestampCalc: Adjusting timestamp for rollover: 635827739677844, -1
12-12 19:41:53.940  1667  1750 W qti_sensors_hal: timestampCalc: Adjusting timestamp for rollover: 635827800407825, -1
12-12 19:41:54.001  1667  1750 W qti_sensors_hal: timestampCalc: Adjusting timestamp for rollover: 635827861107288, -1
12-12 19:41:54.061  1667  1750 W qti_sensors_hal: timestampCalc: Adjusting timestamp for rollover: 635827921806751, -1
12-12 19:41:54.122  1667  1750 W qti_sensors_hal: timestampCalc: Adjusting timestamp for rollover: 635827982536731, -1
12-12 19:41:54.183  1667  1750 W qti_sensors_hal: timestampCalc: Adjusting timestamp for rollover: 635828043236194, -1
12-12 19:41:54.243  1667  1750 W qti_sensors_hal: timestampCalc: Adjusting timestamp for rollover: 635828103966174, -1
12-12 19:41:54.305  1667  1750 W qti_sensors_hal: timestampCalc: Adjusting timestamp for rollover: 635828164665637, -1
12-12 19:41:54.365  1667  1750 W qti_sensors_hal: timestampCalc: Adjusting timestamp for rollover: 635828225426135, -1
12-12 19:41:54.426  1667  1750 W qti_sensors_hal: timestampCalc: Adjusting timestamp for rollover: 635828286125598, -1
12-12 19:41:54.487  1667  1750 W qti_sensors_hal: timestampCalc: Adjusting timestamp for rollover: 635828346794544, -1
12-12 19:41:54.547  1667  1750 W qti_sensors_hal: timestampCalc: Adjusting timestamp for rollover: 635828407555042, -1
12-12 19:41:54.608  1667  1750 W qti_sensors_hal: timestampCalc: Adjusting timestamp for rollover: 635828468223987, -1
12-12 19:41:54.669  1667  1750 W qti_sensors_hal: timestampCalc: Adjusting timestamp for rollover: 635828528953967, -1
12-12 19:41:54.690   894   894 I MSM-irqbalance: Decided to move IRQ5 from CPU1 [P:0] to CPU6 [P:1] (banned)
12-12 19:41:54.691   894   894 I MSM-irqbalance: Decided to move IRQ3 from CPU1 [P:0] to CPU4 [P:1] (banned)
12-12 19:41:54.692   894   894 I MSM-irqbalance: Decided to move IRQ5 from CPU2 [P:0] to CPU7 [P:1] (banned)
12-12 19:41:54.692   894   894 I MSM-irqbalance: Decided to move IRQ3 from CPU2 [P:0] to CPU5 [P:1] (banned)
12-12 19:41:54.693   894   894 I MSM-irqbalance: Decided to move IRQ5 from CPU0 [P:0] to CPU6 [P:1] (banned)
12-12 19:41:54.694   894   894 I MSM-irqbalance: Decided to move IRQ3 from CPU0 [P:0] to CPU4 [P:1] (banned)
12-12 19:41:54.695   894   894 I MSM-irqbalance: Decided to move IRQ5 from CPU3 [P:0] to CPU7 [P:1] (banned)
12-12 19:41:54.695   894   894 I MSM-irqbalance: Decided to move IRQ3 from CPU3 [P:0] to CPU5 [P:1] (banned)
12-12 19:41:54.729  1667  1750 W qti_sensors_hal: timestampCalc: Adjusting timestamp for rollover: 635828589683948, -1
12-12 19:41:54.790  1667  1750 W qti_sensors_hal: timestampCalc: Adjusting timestamp for rollover: 635828650383411, -1
12-12 19:41:54.851  1667  1750 W qti_sensors_hal: timestampCalc: Adjusting timestamp for rollover: 635828711113391, -1
12-12 19:41:54.912  1667  1750 W qti_sensors_hal: timestampCalc: Adjusting timestamp for rollover: 635828771843372, -1
12-12 19:41:54.972  1667  1750 W qti_sensors_hal: timestampCalc: Adjusting timestamp for rollover: 635828832573352, -1
12-12 19:41:55.033  1667  1750 W qti_sensors_hal: timestampCalc: Adjusting timestamp for rollover: 635828893272815, -1
12-12 19:41:55.094  1667  1750 W qti_sensors_hal: timestampCalc: Adjusting timestamp for rollover: 635828953941760, -1
12-12 19:41:55.155  1667  1750 W qti_sensors_hal: timestampCalc: Adjusting timestamp for rollover: 635829014702258, -1
12-12 19:41:55.215  1667  1750 W qti_sensors_hal: timestampCalc: Adjusting timestamp for rollover: 635829075371204, -1
12-12 19:41:55.276  1667  1750 W qti_sensors_hal: timestampCalc: Adjusting timestamp for rollover: 635829136101184, -1
12-12 19:41:55.337  1667  1750 W qti_sensors_hal: timestampCalc: Adjusting timestamp for rollover: 635829196800647, -1
12-12 19:41:55.397  1667  1750 W qti_sensors_hal: timestampCalc: Adjusting timestamp for rollover: 635829257561145, -1
12-12 19:41:55.458  1667  1750 W qti_sensors_hal: timestampCalc: Adjusting timestamp for rollover: 635829318230090, -1
12-12 19:41:55.501 15894 15894 D wpa_supplicant: wlan0: Control interface command 'SIGNAL_POLL'
12-12 19:41:55.519  1667  1750 W qti_sensors_hal: timestampCalc: Adjusting timestamp for rollover: 635829378960071, -1
12-12 19:41:55.580  1667  1750 W qti_sensors_hal: timestampCalc: Adjusting timestamp for rollover: 635829439690051, -1
12-12 19:41:55.640  1667  1750 W qti_sensors_hal: timestampCalc: Adjusting timestamp for rollover: 635829500420032, -1
12-12 19:41:55.701  1667  1750 W qti_sensors_hal: timestampCalc: Adjusting timestamp for rollover: 635829561058460, -1
12-12 19:41:55.762  1667  1750 W qti_sensors_hal: timestampCalc: Adjusting timestamp for rollover: 635829621818958, -1
12-12 19:41:55.823  1667  1750 W qti_sensors_hal: timestampCalc: Adjusting timestamp for rollover: 635829682548938, -1
12-12 19:41:55.883  1667  1750 W qti_sensors_hal: timestampCalc: Adjusting timestamp for rollover: 635829743248401, -1
12-12 19:41:55.944  1667  1750 W qti_sensors_hal: timestampCalc: Adjusting timestamp for rollover: 635829803917346, -1
12-12 19:41:56.005  1667  1750 W qti_sensors_hal: timestampCalc: Adjusting timestamp for rollover: 635829864708362, -1
12-12 19:41:56.065  1667  1750 W qti_sensors_hal: timestampCalc: Adjusting timestamp for rollover: 635829925407825, -1
12-12 19:41:56.126  1667  1750 W qti_sensors_hal: timestampCalc: Adjusting timestamp for rollover: 635829986137805, -1
12-12 19:41:56.187  1667  1750 W qti_sensors_hal: timestampCalc: Adjusting timestamp for rollover: 635830046806751, -1
12-12 19:41:56.247  1667  1750 W qti_sensors_hal: timestampCalc: Adjusting timestamp for rollover: 635830107506213, -1
12-12 19:41:56.308  1667  1750 W qti_sensors_hal: timestampCalc: Adjusting timestamp for rollover: 635830168266711, -1
12-12 19:41:56.369  1667  1750 W qti_sensors_hal: timestampCalc: Adjusting timestamp for rollover: 635830228935657, -1
12-12 19:41:56.429  1667  1750 W qti_sensors_hal: timestampCalc: Adjusting timestamp for rollover: 635830289665637, -1
12-12 19:41:56.490  1667  1750 W qti_sensors_hal: timestampCalc: Adjusting timestamp for rollover: 635830350365100, -1
12-12 19:41:56.551  1667  1750 W qti_sensors_hal: timestampCalc: Adjusting timestamp for rollover: 635830411095081, -1
12-12 19:41:56.612  1667  1750 W qti_sensors_hal: timestampCalc: Adjusting timestamp for rollover: 635830471825061, -1
12-12 19:41:56.672  1667  1750 W qti_sensors_hal: timestampCalc: Adjusting timestamp for rollover: 635830532585559, -1
12-12 19:41:56.733  1667  1750 W qti_sensors_hal: timestampCalc: Adjusting timestamp for rollover: 635830593285022, -1
12-12 19:41:56.794  1667  1750 W qti_sensors_hal: timestampCalc: Adjusting timestamp for rollover: 635830653953967, -1
12-12 19:41:56.854  1667  1750 W qti_sensors_hal: timestampCalc: Adjusting timestamp for rollover: 635830714714465, -1
12-12 19:41:56.915  1667  1750 W qti_sensors_hal: timestampCalc: Adjusting timestamp for rollover: 635830775383411, -1
12-12 19:41:56.976  1667  1750 W qti_sensors_hal: timestampCalc: Adjusting timestamp for rollover: 635830836113391, -1
12-12 19:41:57.037  1667  1750 W qti_sensors_hal: timestampCalc: Adjusting timestamp for rollover: 635830896843372, -1
12-12 19:41:57.098  1667  1750 W qti_sensors_hal: timestampCalc: Adjusting timestamp for rollover: 635830957542835, -1
12-12 19:41:57.158  1667  1750 W qti_sensors_hal: timestampCalc: Adjusting timestamp for rollover: 635831018272815, -1
12-12 19:41:57.219  1667  1750 W qti_sensors_hal: timestampCalc: Adjusting timestamp for rollover: 635831078972278, -1
12-12 19:41:57.280  1667  1750 W qti_sensors_hal: timestampCalc: Adjusting timestamp for rollover: 635831139763294, -1
12-12 19:41:57.341  1667  1750 W qti_sensors_hal: timestampCalc: Adjusting timestamp for rollover: 635831200462756, -1
12-12 19:41:57.401  1667  1750 W qti_sensors_hal: timestampCalc: Adjusting timestamp for rollover: 635831261192737, -1
12-12 19:41:57.462  1667  1750 W qti_sensors_hal: timestampCalc: Adjusting timestamp for rollover: 635831321892200, -1
12-12 19:41:57.523  1667  1750 W qti_sensors_hal: timestampCalc: Adjusting timestamp for rollover: 635831382591663, -1
12-12 19:41:57.583 15894 15894 D wpa_supplicant: wlan0: Control interface command 'SCAN TYPE=ONLY freq=5745 scan_id=3'
12-12 19:41:57.583  1667  1750 W qti_sensors_hal: timestampCalc: Adjusting timestamp for rollover: 635831443321643, -1
12-12 19:41:57.583 15894 15894 D wpa_supplicant: wlan0: Setting scan request: 0.000000 sec
12-12 19:41:57.584 15894 15894 D wpa_supplicant: Scan SSID (manual request): \xe7\xba\xa2\xe7\xb1\xb3\xe6\x89\x8b\xe6\x9c\xba
12-12 19:41:57.584 15894 15894 D wpa_supplicant: wlan0: Starting AP scan for wildcard SSID
12-12 19:41:57.584 15894 15894 D wpa_supplicant: wlan0: Limit manual scan to specified channels
12-12 19:41:57.584 15894 15894 D wpa_supplicant: wlan0: Add radio work 'scan'@0x7f9a22e300
12-12 19:41:57.584 15894 15894 D wpa_supplicant: wlan0: First radio work item in the queue - schedule start immediately
12-12 19:41:57.585 15894 15894 D wpa_supplicant: wlan0: Starting radio work 'scan'@0x7f9a22e300 after 0.000276 second wait
12-12 19:41:57.585 15894 15894 D wpa_supplicant: wlan0: nl80211: scan request
12-12 19:41:57.585 15894 15894 D wpa_supplicant: nl80211: Scan SSID - hexdump(len=12): e7 ba a2 e7 b1 b3 e6 89 8b e6 9c ba
12-12 19:41:57.585 15894 15894 D wpa_supplicant: nl80211: Scan SSID - hexdump(len=0): [NULL]
12-12 19:41:57.585 15894 15894 D wpa_supplicant: nl80211: Scan extra IEs - hexdump(len=7): 7f 05 00 00 0a 02 01
12-12 19:41:57.585 15894 15894 D wpa_supplicant: nl80211: Scan frequency 5745 MHz
12-12 19:41:57.587 15894 15894 D wpa_supplicant: Scan requested (ret=0) - scan timeout 30 seconds
12-12 19:41:57.587 15894 15894 D wpa_supplicant: nl80211: Event message available
12-12 19:41:57.587 15894 15894 D wpa_supplicant: nl80211: Drv Event 33 (NL80211_CMD_TRIGGER_SCAN) received for wlan0
12-12 19:41:57.587 15894 15894 D wpa_supplicant: wlan0: nl80211: Scan trigger
12-12 19:41:57.587 15894 15894 D wpa_supplicant: wlan0: Event SCAN_STARTED (47) received
12-12 19:41:57.588 15894 15894 D wpa_supplicant: wlan0: Own scan request started a scan in 0.000695 seconds
12-12 19:41:57.643  1667  1750 W qti_sensors_hal: timestampCalc: Adjusting timestamp for rollover: 635831504021106, -1
12-12 19:41:57.696 15894 15894 D wpa_supplicant: nl80211: Event message available
12-12 19:41:57.696 15894 15894 D wpa_supplicant: nl80211: Drv Event 34 (NL80211_CMD_NEW_SCAN_RESULTS) received for wlan0
12-12 19:41:57.696 15894 15894 D wpa_supplicant: wlan0: nl80211: New scan results available
12-12 19:41:57.696 15894 15894 D wpa_supplicant: nl80211: Scan probed for SSID '\xe7\xba\xa2\xe7\xb1\xb3\xe6\x89\x8b\xe6\x9c\xba'
12-12 19:41:57.696 15894 15894 D wpa_supplicant: nl80211: Scan probed for SSID ''
12-12 19:41:57.696 15894 15894 D wpa_supplicant: nl80211: Scan included frequencies: 5745
12-12 19:41:57.697 15894 15894 D wpa_supplicant: wlan0: Event SCAN_RESULTS (3) received
12-12 19:41:57.697 15894 15894 D wpa_supplicant: wlan0: Scan completed in 0.109077 seconds
12-12 19:41:57.697 15894 15894 D wpa_supplicant: nl80211: Associated on 5745 MHz
12-12 19:41:57.697 15894 15894 D wpa_supplicant: nl80211: Associated with a4:2b:8c:16:15:a4
12-12 19:41:57.697 15894 15894 D wpa_supplicant: nl80211: Received scan results (85 BSSes)
12-12 19:41:57.697 15894 15894 D wpa_supplicant: nl80211: Scan results indicate BSS status with a4:2b:8c:16:15:a4 as associated
12-12 19:41:57.698 15894 15894 D wpa_supplicant: wlan0: BSS: Start scan result update 1168
12-12 19:41:57.698 15894 15894 D wpa_supplicant: BSS: last_scan_res_used=85/128
12-12 19:41:57.698 15894 15894 D wpa_supplicant: wlan0: Scan-only results received
12-12 19:41:57.698 15894 15894 D wpa_supplicant: wlan0: Radio work 'scan'@0x7f9a22e300 done in 0.113684 seconds
12-12 19:41:57.698 15894 15894 D wpa_supplicant: wlan0: radio_work_free('scan'@0x7f9a22e300: num_active_works --> 0
12-12 19:41:57.701 15894 15894 D wpa_supplicant: wlan0: Control interface command 'SCAN_RESULTS'
12-12 19:41:57.703 15894 15894 D wpa_supplicant: wlan0: Control interface command 'SCAN_RESULTS'
12-12 19:41:57.705  1667  1750 W qti_sensors_hal: timestampCalc: Adjusting timestamp for rollover: 635831564720569, -1
12-12 19:41:57.763  1667  1879 I AppScanObserverService: Start to match app observer
12-12 19:41:57.765  1667  1750 W qti_sensors_hal: timestampCalc: Adjusting timestamp for rollover: 635831625450549, -1
12-12 19:41:57.767  1667  1830 D WifiQualifiedNetworkSelector:: ==========start qualified Network Selection==========
12-12 19:41:57.767  1667  1830 D WifiQualifiedNetworkSelector:: Current network is: "NETGEAR65-5G" ,ID is: 4
12-12 19:41:57.768  1667  1830 D WifiQualifiedNetworkSelector:: Quit qualified Network Selection since it is not forced and current network is qualified already
12-12 19:41:57.825  1667  1750 W qti_sensors_hal: timestampCalc: Adjusting timestamp for rollover: 635831686150012, -1
12-12 19:41:57.886  1667  1750 W qti_sensors_hal: timestampCalc: Adjusting timestamp for rollover: 635831746879993, -1
12-12 19:41:57.947  1667  1750 W qti_sensors_hal: timestampCalc: Adjusting timestamp for rollover: 635831807579456, -1
12-12 19:41:58.007  1667  1750 W qti_sensors_hal: timestampCalc: Adjusting timestamp for rollover: 635831868278919, -1
12-12 19:41:58.069  1667  1750 W qti_sensors_hal: timestampCalc: Adjusting timestamp for rollover: 635831929008899, -1
12-12 19:41:58.129  1667  1750 W qti_sensors_hal: timestampCalc: Adjusting timestamp for rollover: 635831989708362, -1
12-12 19:41:58.190  1667  1750 W qti_sensors_hal: timestampCalc: Adjusting timestamp for rollover: 635832050407825, -1
12-12 19:41:58.251  1667  1750 W qti_sensors_hal: timestampCalc: Adjusting timestamp for rollover: 635832111107288, -1
12-12 19:41:58.311  1667  1750 W qti_sensors_hal: timestampCalc: Adjusting timestamp for rollover: 635832171898303, -1
12-12 19:41:58.372  1667  1750 W qti_sensors_hal: timestampCalc: Adjusting timestamp for rollover: 635832232597766, -1
12-12 19:41:58.433  1667  1750 W qti_sensors_hal: timestampCalc: Adjusting timestamp for rollover: 635832293236194, -1
12-12 19:41:58.494  1667  1750 W qti_sensors_hal: timestampCalc: Adjusting timestamp for rollover: 635832354027210, -1
12-12 19:41:58.525 15894 15894 D wpa_supplicant: wlan0: Control interface command 'SIGNAL_POLL'
12-12 19:41:58.555  1667  1750 W qti_sensors_hal: timestampCalc: Adjusting timestamp for rollover: 635832414709355, -1
12-12 19:41:58.600 15894 15894 D wpa_supplicant: wlan0: Control interface command 'SCAN TYPE=ONLY scan_id=3'
12-12 19:41:58.600 15894 15894 D wpa_supplicant: wlan0: Setting scan request: 0.000000 sec
12-12 19:41:58.601 15894 15894 D wpa_supplicant: Scan SSID (manual request): \xe7\xba\xa2\xe7\xb1\xb3\xe6\x89\x8b\xe6\x9c\xba
12-12 19:41:58.601 15894 15894 D wpa_supplicant: wlan0: Starting AP scan for wildcard SSID
12-12 19:41:58.601 15894 15894 D wpa_supplicant: wlan0: Add radio work 'scan'@0x7f9a22e540
12-12 19:41:58.601 15894 15894 D wpa_supplicant: wlan0: First radio work item in the queue - schedule start immediately
12-12 19:41:58.601 15894 15894 D wpa_supplicant: wlan0: Starting radio work 'scan'@0x7f9a22e540 after 0.000249 second wait
12-12 19:41:58.602 15894 15894 D wpa_supplicant: wlan0: nl80211: scan request
12-12 19:41:58.602 15894 15894 D wpa_supplicant: nl80211: Scan SSID - hexdump(len=12): e7 ba a2 e7 b1 b3 e6 89 8b e6 9c ba
12-12 19:41:58.602 15894 15894 D wpa_supplicant: nl80211: Scan SSID - hexdump(len=0): [NULL]
12-12 19:41:58.602 15894 15894 D wpa_supplicant: nl80211: Scan extra IEs - hexdump(len=7): 7f 05 00 00 0a 02 01
12-12 19:41:58.604 15894 15894 D wpa_supplicant: Scan requested (ret=0) - scan timeout 30 seconds
12-12 19:41:58.605 15894 15894 D wpa_supplicant: nl80211: Event message available
12-12 19:41:58.605 15894 15894 D wpa_supplicant: nl80211: Drv Event 33 (NL80211_CMD_TRIGGER_SCAN) received for wlan0
12-12 19:41:58.605 15894 15894 D wpa_supplicant: wlan0: nl80211: Scan trigger
12-12 19:41:58.605 15894 15894 D wpa_supplicant: wlan0: Event SCAN_STARTED (47) received
12-12 19:41:58.605 15894 15894 D wpa_supplicant: wlan0: Own scan request started a scan in 0.000842 seconds
12-12 19:41:58.615  1667  1750 W qti_sensors_hal: timestampCalc: Adjusting timestamp for rollover: 635832475408818, -1
12-12 19:41:58.676  1667  1750 W qti_sensors_hal: timestampCalc: Adjusting timestamp for rollover: 635832536108281, -1
12-12 19:41:58.737  1667  1750 W qti_sensors_hal: timestampCalc: Adjusting timestamp for rollover: 635832596838262, -1
12-12 19:41:58.797  1667  1750 W qti_sensors_hal: timestampCalc: Adjusting timestamp for rollover: 635832657537725, -1
12-12 19:41:58.859  1667  1750 W qti_sensors_hal: timestampCalc: Adjusting timestamp for rollover: 635832718237187, -1
12-12 19:41:58.919  1667  1750 W qti_sensors_hal: timestampCalc: Adjusting timestamp for rollover: 635832778936650, -1
12-12 19:41:58.979  1667  1750 W qti_sensors_hal: timestampCalc: Adjusting timestamp for rollover: 635832839636113, -1
12-12 19:41:59.040  1667  1750 W qti_sensors_hal: timestampCalc: Adjusting timestamp for rollover: 635832900396611, -1
12-12 19:41:59.101  1667  1750 W qti_sensors_hal: timestampCalc: Adjusting timestamp for rollover: 635832961065557, -1
12-12 19:41:59.162  1667  1750 W qti_sensors_hal: timestampCalc: Adjusting timestamp for rollover: 635833021826055, -1
12-12 19:41:59.222  1667  1750 W qti_sensors_hal: timestampCalc: Adjusting timestamp for rollover: 635833082525518, -1
12-12 19:41:59.283  1667  1750 W qti_sensors_hal: timestampCalc: Adjusting timestamp for rollover: 635833143255498, -1
12-12 19:41:59.343  1667  1750 W qti_sensors_hal: timestampCalc: Adjusting timestamp for rollover: 635833203924443, -1
12-12 19:41:59.405  1667  1750 W qti_sensors_hal: timestampCalc: Adjusting timestamp for rollover: 635833264623906, -1
12-12 19:41:59.465  1667  1750 W qti_sensors_hal: timestampCalc: Adjusting timestamp for rollover: 635833325384404, -1
12-12 19:41:59.526  1667  1750 W qti_sensors_hal: timestampCalc: Adjusting timestamp for rollover: 635833386083867, -1
12-12 19:41:59.587  1667  1750 W qti_sensors_hal: timestampCalc: Adjusting timestamp for rollover: 635833446783330, -1
12-12 19:41:59.647  1667  1750 W qti_sensors_hal: timestampCalc: Adjusting timestamp for rollover: 635833507452275, -1
12-12 19:41:59.699   894   894 I MSM-irqbalance: Decided to move IRQ5 from CPU1 [P:0] to CPU6 [P:1] (banned)
12-12 19:41:59.701   894   894 I MSM-irqbalance: Decided to move IRQ3 from CPU1 [P:0] to CPU4 [P:1] (banned)
12-12 19:41:59.702   894   894 I MSM-irqbalance: Decided to move IRQ5 from CPU2 [P:0] to CPU7 [P:1] (banned)
12-12 19:41:59.703   894   894 I MSM-irqbalance: Decided to move IRQ3 from CPU2 [P:0] to CPU5 [P:1] (banned)
12-12 19:41:59.703   894   894 I MSM-irqbalance: Decided to move IRQ5 from CPU0 [P:0] to CPU6 [P:1] (banned)
12-12 19:41:59.704   894   894 I MSM-irqbalance: Decided to move IRQ3 from CPU0 [P:0] to CPU4 [P:1] (banned)
12-12 19:41:59.705   894   894 I MSM-irqbalance: Decided to move IRQ3 from CPU3 [P:0] to CPU7 [P:1] (banned)
12-12 19:41:59.705   894   894 I MSM-irqbalance: Decided to move IRQ5 from CPU3 [P:0] to CPU5 [P:1] (banned)
12-12 19:41:59.707  1667  1750 W qti_sensors_hal: timestampCalc: Adjusting timestamp for rollover: 635833568182256, -1
12-12 19:41:59.713   747   747 E pttSocketApp:          aniAsfIpc.c:971 Error(105):Recv failed, ipcPtr [0xb3031000], sd 5
12-12 19:41:59.713   747   747 E pttSocketApp:       pttSocketApp.c:759 IPC Recv failed
12-12 19:41:59.713   747   747 E WLAN_PSA: NL MSG RCV err -1 105
12-12 19:41:59.768  1667  1750 W qti_sensors_hal: timestampCalc: Adjusting timestamp for rollover: 635833628912236, -1
12-12 19:41:59.829  1667  1750 W qti_sensors_hal: timestampCalc: Adjusting timestamp for rollover: 635833689642217, -1
12-12 19:41:59.890  1667  1750 W qti_sensors_hal: timestampCalc: Adjusting timestamp for rollover: 635833750341680, -1
12-12 19:41:59.951  1667  1750 W qti_sensors_hal: timestampCalc: Adjusting timestamp for rollover: 635833811010625, -1
12-12 19:42:00.007  1929  1929 D KeyguardUpdateMonitor: handleTimeUpdate
12-12 19:42:00.011  1667  1750 W qti_sensors_hal: timestampCalc: Adjusting timestamp for rollover: 635833871771123, -1
12-12 19:42:00.071  1667  1750 W qti_sensors_hal: timestampCalc: Adjusting timestamp for rollover: 635833932470586, -1
12-12 19:42:00.132  1667  1750 W qti_sensors_hal: timestampCalc: Adjusting timestamp for rollover: 635833993170049, -1
12-12 19:42:00.193  1667  1750 W qti_sensors_hal: timestampCalc: Adjusting timestamp for rollover: 635834053900029, -1
12-12 19:42:00.254  1667  1750 W qti_sensors_hal: timestampCalc: Adjusting timestamp for rollover: 635834114599492, -1
12-12 19:42:00.315  1667  1750 W qti_sensors_hal: timestampCalc: Adjusting timestamp for rollover: 635834175329473, -1
12-12 19:42:00.376  1667  1750 W qti_sensors_hal: timestampCalc: Adjusting timestamp for rollover: 635834236028935, -1
12-12 19:42:00.436  1667  1750 W qti_sensors_hal: timestampCalc: Adjusting timestamp for rollover: 635834296728398, -1
12-12 19:42:00.497  1667  1750 W qti_sensors_hal: timestampCalc: Adjusting timestamp for rollover: 635834357427861, -1
12-12 19:42:00.558  1667  1750 W qti_sensors_hal: timestampCalc: Adjusting timestamp for rollover: 635834418157842, -1
12-12 19:42:00.619  1667  1750 W qti_sensors_hal: timestampCalc: Adjusting timestamp for rollover: 635834478857305, -1
12-12 19:42:00.680  1667  1750 W qti_sensors_hal: timestampCalc: Adjusting timestamp for rollover: 635834539556768, -1
12-12 19:42:00.740  1667  1750 W qti_sensors_hal: timestampCalc: Adjusting timestamp for rollover: 635834600286748, -1
12-12 19:42:00.801  1667  1750 W qti_sensors_hal: timestampCalc: Adjusting timestamp for rollover: 635834660986211, -1
12-12 19:42:00.862  1667  1750 W qti_sensors_hal: timestampCalc: Adjusting timestamp for rollover: 635834721685674, -1
12-12 19:42:00.922  1667  1750 W qti_sensors_hal: timestampCalc: Adjusting timestamp for rollover: 635834782385137, -1
12-12 19:42:00.983  1667  1750 W qti_sensors_hal: timestampCalc: Adjusting timestamp for rollover: 635834843115117, -1
12-12 19:42:01.043  1667  1750 W qti_sensors_hal: timestampCalc: Adjusting timestamp for rollover: 635834903814580, -1
12-12 19:42:01.104  1667  1750 W qti_sensors_hal: timestampCalc: Adjusting timestamp for rollover: 635834964514043, -1
12-12 19:42:01.165  1667  1750 W qti_sensors_hal: timestampCalc: Adjusting timestamp for rollover: 635835025213506, -1
12-12 19:42:01.225  1667  1750 W qti_sensors_hal: timestampCalc: Adjusting timestamp for rollover: 635835085974004, -1
12-12 19:42:01.247   747   747 E pttSocketApp:          aniAsfIpc.c:971 Error(105):Recv failed, ipcPtr [0xb3031000], sd 5
12-12 19:42:01.247   747   747 E pttSocketApp:       pttSocketApp.c:759 IPC Recv failed
12-12 19:42:01.247   747   747 E WLAN_PSA: NL MSG RCV err -1 105
12-12 19:42:01.255 15894 15894 D wpa_supplicant: nl80211: Event message available
12-12 19:42:01.256 15894 15894 D wpa_supplicant: nl80211: Drv Event 34 (NL80211_CMD_NEW_SCAN_RESULTS) received for wlan0
12-12 19:42:01.256 15894 15894 D wpa_supplicant: wlan0: nl80211: New scan results available
12-12 19:42:01.256 15894 15894 D wpa_supplicant: nl80211: Scan probed for SSID '\xe7\xba\xa2\xe7\xb1\xb3\xe6\x89\x8b\xe6\x9c\xba'
12-12 19:42:01.256 15894 15894 D wpa_supplicant: nl80211: Scan probed for SSID ''
12-12 19:42:01.256 15894 15894 D wpa_supplicant: nl80211: Scan included frequencies: 2412 2417 2422 2427 2432 2437 2442 2447 2452 2457 2462 2467 2472 5180 5200 5220 5240 5260 5280 5300 5320 5745 5765 5785 5805 5825
12-12 19:42:01.256 15894 15894 D wpa_supplicant: wlan0: Event SCAN_RESULTS (3) received
12-12 19:42:01.256 15894 15894 D wpa_supplicant: wlan0: Scan completed in 2.651129 seconds
12-12 19:42:01.257 15894 15894 D wpa_supplicant: nl80211: Associated on 5745 MHz
12-12 19:42:01.257 15894 15894 D wpa_supplicant: nl80211: Associated with a4:2b:8c:16:15:a4
12-12 19:42:01.259 15894 15894 D wpa_supplicant: nl80211: Received scan results (87 BSSes)
12-12 19:42:01.259 15894 15894 D wpa_supplicant: nl80211: Scan results indicate BSS status with a4:2b:8c:16:15:a4 as associated
12-12 19:42:01.260 15894 15894 D wpa_supplicant: wlan0: BSS: Start scan result update 1169
12-12 19:42:01.261 15894 15894 D wpa_supplicant: wlan0: BSS: Add new id 9373 BSSID 40:31:3c:1e:ee:92 SSID 'daokuan_office_5G' freq 5745
12-12 19:42:01.262 15894 15894 D wpa_supplicant: wlan0: BSS: Add new id 9374 BSSID 8c:be:be:10:0f:e9 SSID '@@@MIOT-SERVER@@@_5G' freq 5745
12-12 19:42:01.262 15894 15894 D wpa_supplicant: wlan0: BSS: Remove id 9344 BSSID 28:6c:07:57:ee:31 SSID '!xiaomi_test_ls' due to no match in scan
12-12 19:42:01.263 15894 15894 D wpa_supplicant: BSS: last_scan_res_used=87/128
12-12 19:42:01.263 15894 15894 D wpa_supplicant: wlan0: Scan-only results received
12-12 19:42:01.265 15894 15894 D wpa_supplicant: wlan0: Radio work 'scan'@0x7f9a22e540 done in 2.663894 seconds
12-12 19:42:01.266 15894 15894 D wpa_supplicant: wlan0: radio_work_free('scan'@0x7f9a22e540: num_active_works --> 0
12-12 19:42:01.271 15894 15894 D wpa_supplicant: wlan0: Control interface command 'SCAN_RESULTS'
12-12 19:42:01.274 15894 15894 D wpa_supplicant: wlan0: Control interface command 'SCAN_RESULTS'
12-12 19:42:01.285  1667  1750 W qti_sensors_hal: timestampCalc: Adjusting timestamp for rollover: 635835146612432, -1
12-12 19:42:01.346  1667  1750 W qti_sensors_hal: timestampCalc: Adjusting timestamp for rollover: 635835207372930, -1
12-12 19:42:01.354  1667  1879 I AppScanObserverService: Start to match app observer
12-12 19:42:01.377  1667  1830 D WifiQualifiedNetworkSelector:: ==========start qualified Network Selection==========
12-12 19:42:01.377  1667  1830 D WifiQualifiedNetworkSelector:: Current network is: "NETGEAR65-5G" ,ID is: 4
12-12 19:42:01.378  1667  1830 D WifiQualifiedNetworkSelector:: Quit qualified Network Selection since it is not forced and current network is qualified already
12-12 19:42:01.407  1667  1750 W qti_sensors_hal: timestampCalc: Adjusting timestamp for rollover: 635835268072393, -1
12-12 19:42:01.417 29106 29106 W Settings: Setting device_provisioned has moved from android.provider.Settings.Secure to android.provider.Settings.Global.
12-12 19:42:01.418 29106 29106 W Settings: Setting device_provisioned has moved from android.provider.Settings.Secure to android.provider.Settings.Global.
12-12 19:42:01.468  1667  1750 W qti_sensors_hal: timestampCalc: Adjusting timestamp for rollover: 635835328771855, -1
12-12 19:42:01.529  1667  1750 W qti_sensors_hal: timestampCalc: Adjusting timestamp for rollover: 635835389471318, -1
12-12 19:42:01.549 15894 15894 D wpa_supplicant: wlan0: Control interface command 'SIGNAL_POLL'
12-12 19:42:01.589  1667  1750 W qti_sensors_hal: timestampCalc: Adjusting timestamp for rollover: 635835450201299, -1
12-12 19:42:01.651  1667  1750 W qti_sensors_hal: timestampCalc: Adjusting timestamp for rollover: 635835510900762, -1
12-12 19:42:01.711  1667  1750 W qti_sensors_hal: timestampCalc: Adjusting timestamp for rollover: 635835571600225, -1
12-12 19:42:01.772  1667  1750 W qti_sensors_hal: timestampCalc: Adjusting timestamp for rollover: 635835632299687, -1
12-12 19:42:01.833  1667  1750 W qti_sensors_hal: timestampCalc: Adjusting timestamp for rollover: 635835693029668, -1
12-12 19:42:01.894  1667  1750 W qti_sensors_hal: timestampCalc: Adjusting timestamp for rollover: 635835753729131, -1
12-12 19:42:01.954  1667  1750 W qti_sensors_hal: timestampCalc: Adjusting timestamp for rollover: 635835814428594, -1
12-12 19:42:02.014  1667  1750 W qti_sensors_hal: timestampCalc: Adjusting timestamp for rollover: 635835875128057, -1
12-12 19:42:02.076  1667  1750 W qti_sensors_hal: timestampCalc: Adjusting timestamp for rollover: 635835935827519, -1
12-12 19:42:02.136  1667  1750 W qti_sensors_hal: timestampCalc: Adjusting timestamp for rollover: 635835996526982, -1
12-12 19:42:02.197  1667  1750 W qti_sensors_hal: timestampCalc: Adjusting timestamp for rollover: 635836057256963, -1
12-12 19:42:02.258  1667  1750 W qti_sensors_hal: timestampCalc: Adjusting timestamp for rollover: 635836117925908, -1
12-12 19:42:02.318  1667  1750 W qti_sensors_hal: timestampCalc: Adjusting timestamp for rollover: 635836178655889, -1
12-12 19:42:02.379  1667  1750 W qti_sensors_hal: timestampCalc: Adjusting timestamp for rollover: 635836239355352, -1
12-12 19:42:02.440  1667  1750 W qti_sensors_hal: timestampCalc: Adjusting timestamp for rollover: 635836300085332, -1
12-12 19:42:02.501  1667  1750 W qti_sensors_hal: timestampCalc: Adjusting timestamp for rollover: 635836360784795, -1
12-12 19:42:02.561  1667  1750 W qti_sensors_hal: timestampCalc: Adjusting timestamp for rollover: 635836421484258, -1
12-12 19:42:02.622  1667  1750 W qti_sensors_hal: timestampCalc: Adjusting timestamp for rollover: 635836482183721, -1
12-12 19:42:02.682  1667  1750 W qti_sensors_hal: timestampCalc: Adjusting timestamp for rollover: 635836542883184, -1
12-12 19:42:02.747  1667  1750 W qti_sensors_hal: timestampCalc: Adjusting timestamp for rollover: 635836603613164, -1
12-12 19:42:02.804  1667  1750 W qti_sensors_hal: timestampCalc: Adjusting timestamp for rollover: 635836664312627, -1
12-12 19:42:02.864  1667  1750 W qti_sensors_hal: timestampCalc: Adjusting timestamp for rollover: 635836725042607, -1
12-12 19:42:02.925  1667  1750 W qti_sensors_hal: timestampCalc: Adjusting timestamp for rollover: 635836785742070, -1
12-12 19:42:02.986  1667  1750 W qti_sensors_hal: timestampCalc: Adjusting timestamp for rollover: 635836846472051, -1
12-12 19:42:03.047  1667  1750 W qti_sensors_hal: timestampCalc: Adjusting timestamp for rollover: 635836907171514, -1
12-12 19:42:03.108  1667  1750 W qti_sensors_hal: timestampCalc: Adjusting timestamp for rollover: 635836967870977, -1
12-12 19:42:03.168  1667  1750 W qti_sensors_hal: timestampCalc: Adjusting timestamp for rollover: 635837028570439, -1
12-12 19:42:03.229  1667  1750 W qti_sensors_hal: timestampCalc: Adjusting timestamp for rollover: 635837089269902, -1
12-12 19:42:03.290  1667  1750 W qti_sensors_hal: timestampCalc: Adjusting timestamp for rollover: 635837149999883, -1
12-12 19:42:03.350  1667  1750 W qti_sensors_hal: timestampCalc: Adjusting timestamp for rollover: 635837210699346, -1
12-12 19:42:03.411  1667  1750 W qti_sensors_hal: timestampCalc: Adjusting timestamp for rollover: 635837271429326, -1
12-12 19:42:03.472  1667  1750 W qti_sensors_hal: timestampCalc: Adjusting timestamp for rollover: 635837332128789, -1
12-12 19:42:03.532  1667  1750 W qti_sensors_hal: timestampCalc: Adjusting timestamp for rollover: 635837392828252, -1
12-12 19:42:03.593  1667  1750 W qti_sensors_hal: timestampCalc: Adjusting timestamp for rollover: 635837453527715, -1
12-12 19:42:03.654  1667  1750 W qti_sensors_hal: timestampCalc: Adjusting timestamp for rollover: 635837514257695, -1
12-12 19:42:03.715  1667  1750 W qti_sensors_hal: timestampCalc: Adjusting timestamp for rollover: 635837574957158, -1
12-12 19:42:03.775  1667  1750 W qti_sensors_hal: timestampCalc: Adjusting timestamp for rollover: 635837635687139, -1
12-12 19:42:03.836  1667  1750 W qti_sensors_hal: timestampCalc: Adjusting timestamp for rollover: 635837696386602, -1
12-12 19:42:03.897  1667  1750 W qti_sensors_hal: timestampCalc: Adjusting timestamp for rollover: 635837757086064, -1
12-12 19:42:03.958  1667  1750 W qti_sensors_hal: timestampCalc: Adjusting timestamp for rollover: 635837817816045, -1
12-12 19:42:04.018  1667  1750 W qti_sensors_hal: timestampCalc: Adjusting timestamp for rollover: 635837878515508, -1
12-12 19:42:04.079  1667  1750 W qti_sensors_hal: timestampCalc: Adjusting timestamp for rollover: 635837939245488, -1
12-12 19:42:04.139  1667  1750 W qti_sensors_hal: timestampCalc: Adjusting timestamp for rollover: 635837999914434, -1
12-12 19:42:04.200  1667  1750 W qti_sensors_hal: timestampCalc: Adjusting timestamp for rollover: 635838060644414, -1
12-12 19:42:04.261  1667  1750 W qti_sensors_hal: timestampCalc: Adjusting timestamp for rollover: 635838121374394, -1
12-12 19:42:04.322  1667  1750 W qti_sensors_hal: timestampCalc: Adjusting timestamp for rollover: 635838182043340, -1
12-12 19:42:04.384  1667  1750 W qti_sensors_hal: timestampCalc: Adjusting timestamp for rollover: 635838242803838, -1
12-12 19:42:04.444  1667  1750 W qti_sensors_hal: timestampCalc: Adjusting timestamp for rollover: 635838303472783, -1
12-12 19:42:04.504  1667  1750 W qti_sensors_hal: timestampCalc: Adjusting timestamp for rollover: 635838364202764, -1
12-12 19:42:04.565  1667  1750 W qti_sensors_hal: timestampCalc: Adjusting timestamp for rollover: 635838424902227, -1
12-12 19:42:04.571 15894 15894 D wpa_supplicant: wlan0: Control interface command 'SIGNAL_POLL'
12-12 19:42:04.626  1667  1750 W qti_sensors_hal: timestampCalc: Adjusting timestamp for rollover: 635838485601689, -1
12-12 19:42:04.686  1667  1750 W qti_sensors_hal: timestampCalc: Adjusting timestamp for rollover: 635838546301152, -1
12-12 19:42:04.700   894   894 I MSM-irqbalance: Decided to move IRQ5 from CPU1 [P:0] to CPU6 [P:1] (banned)
12-12 19:42:04.703   894   894 I MSM-irqbalance: Decided to move IRQ3 from CPU1 [P:0] to CPU4 [P:1] (banned)
12-12 19:42:04.704   894   894 I MSM-irqbalance: Decided to move IRQ5 from CPU2 [P:0] to CPU7 [P:1] (banned)
12-12 19:42:04.704   894   894 I MSM-irqbalance: Decided to move IRQ3 from CPU2 [P:0] to CPU5 [P:1] (banned)
12-12 19:42:04.705   894   894 I MSM-irqbalance: Decided to move IRQ5 from CPU0 [P:0] to CPU6 [P:1] (banned)
12-12 19:42:04.706   894   894 I MSM-irqbalance: Decided to move IRQ3 from CPU0 [P:0] to CPU4 [P:1] (banned)
12-12 19:42:04.707   894   894 I MSM-irqbalance: Decided to move IRQ5 from CPU3 [P:0] to CPU7 [P:1] (banned)
12-12 19:42:04.707   894   894 I MSM-irqbalance: Decided to move IRQ3 from CPU3 [P:0] to CPU5 [P:1] (banned)
12-12 19:42:04.746  1667  1750 W qti_sensors_hal: timestampCalc: Adjusting timestamp for rollover: 635838607031133, -1
12-12 19:42:04.807  1667  1750 W qti_sensors_hal: timestampCalc: Adjusting timestamp for rollover: 635838667700078, -1
12-12 19:42:04.868  1667  1750 W qti_sensors_hal: timestampCalc: Adjusting timestamp for rollover: 635838728460576, -1
12-12 19:42:04.929  1667  1750 W qti_sensors_hal: timestampCalc: Adjusting timestamp for rollover: 635838789129521, -1
12-12 19:42:04.989  1667  1750 W qti_sensors_hal: timestampCalc: Adjusting timestamp for rollover: 635838849890019, -1
12-12 19:42:05.050  1667  1750 W qti_sensors_hal: timestampCalc: Adjusting timestamp for rollover: 635838910528447, -1
12-12 19:42:05.111  1667  1750 W qti_sensors_hal: timestampCalc: Adjusting timestamp for rollover: 635838971227910, -1
12-12 19:42:05.172  1667  1750 W qti_sensors_hal: timestampCalc: Adjusting timestamp for rollover: 635839031957891, -1
12-12 19:42:05.233  1667  1750 W qti_sensors_hal: timestampCalc: Adjusting timestamp for rollover: 635839092657353, -1
12-12 19:42:05.293  1667  1750 W qti_sensors_hal: timestampCalc: Adjusting timestamp for rollover: 635839153387334, -1
12-12 19:42:05.354  1667  1750 W qti_sensors_hal: timestampCalc: Adjusting timestamp for rollover: 635839214117314, -1
12-12 19:42:05.414  1667  1750 W qti_sensors_hal: timestampCalc: Adjusting timestamp for rollover: 635839274816777, -1
12-12 19:42:05.475  1667  1750 W qti_sensors_hal: timestampCalc: Adjusting timestamp for rollover: 635839335516240, -1
12-12 19:42:05.536  1667  1750 W qti_sensors_hal: timestampCalc: Adjusting timestamp for rollover: 635839396276738, -1
12-12 19:42:05.597  1667  1750 W qti_sensors_hal: timestampCalc: Adjusting timestamp for rollover: 635839456915166, -1
12-12 19:42:05.657  1667  1750 W qti_sensors_hal: timestampCalc: Adjusting timestamp for rollover: 635839517645146, -1
12-12 19:42:05.718  1667  1750 W qti_sensors_hal: timestampCalc: Adjusting timestamp for rollover: 635839578344609, -1
12-12 19:42:05.779  1667  1750 W qti_sensors_hal: timestampCalc: Adjusting timestamp for rollover: 635839639044072, -1
12-12 19:42:05.840  1667  1750 W qti_sensors_hal: timestampCalc: Adjusting timestamp for rollover: 635839699804570, -1
12-12 19:42:05.900  1667  1750 W qti_sensors_hal: timestampCalc: Adjusting timestamp for rollover: 635839760442998, -1
12-12 19:42:05.961  1667  1750 W qti_sensors_hal: timestampCalc: Adjusting timestamp for rollover: 635839821234014, -1
12-12 19:42:06.022  1667  1750 W qti_sensors_hal: timestampCalc: Adjusting timestamp for rollover: 635839881902959, -1
12-12 19:42:06.082  1667  1750 W qti_sensors_hal: timestampCalc: Adjusting timestamp for rollover: 635839942602422, -1
12-12 19:42:06.143  1667  1750 W qti_sensors_hal: timestampCalc: Adjusting timestamp for rollover: 635840003301885, -1
12-12 19:42:06.204  1667  1750 W qti_sensors_hal: timestampCalc: Adjusting timestamp for rollover: 635840064001348, -1
12-12 19:42:06.264  1667  1750 W qti_sensors_hal: timestampCalc: Adjusting timestamp for rollover: 635840124700810, -1
12-12 19:42:06.325  1667  1750 W qti_sensors_hal: timestampCalc: Adjusting timestamp for rollover: 635840185430791, -1
12-12 19:42:06.386  1667  1750 W qti_sensors_hal: timestampCalc: Adjusting timestamp for rollover: 635840246130254, -1
12-12 19:42:06.447  1667  1750 W qti_sensors_hal: timestampCalc: Adjusting timestamp for rollover: 635840306829717, -1
12-12 19:42:06.508  1667  1750 W qti_sensors_hal: timestampCalc: Adjusting timestamp for rollover: 635840367559697, -1
12-12 19:42:06.568  1667  1750 W qti_sensors_hal: timestampCalc: Adjusting timestamp for rollover: 635840428259160, -1
12-12 19:42:06.630  1667  1750 W qti_sensors_hal: timestampCalc: Adjusting timestamp for rollover: 635840488989141, -1
12-12 19:42:06.690  1667  1750 W qti_sensors_hal: timestampCalc: Adjusting timestamp for rollover: 635840549719121, -1
12-12 19:42:06.751  1667  1750 W qti_sensors_hal: timestampCalc: Adjusting timestamp for rollover: 635840610418584, -1
12-12 19:42:06.811  1667  1750 W qti_sensors_hal: timestampCalc: Adjusting timestamp for rollover: 635840671148564, -1
12-12 19:42:06.872  1667  1750 W qti_sensors_hal: timestampCalc: Adjusting timestamp for rollover: 635840731786992, -1
12-12 19:42:06.932  1667  1750 W qti_sensors_hal: timestampCalc: Adjusting timestamp for rollover: 635840792516973, -1
12-12 19:42:06.993  1667  1750 W qti_sensors_hal: timestampCalc: Adjusting timestamp for rollover: 635840853277471, -1
12-12 19:42:07.054  1667  1750 W qti_sensors_hal: timestampCalc: Adjusting timestamp for rollover: 635840913915898, -1
12-12 19:42:07.114  1667  1750 W qti_sensors_hal: timestampCalc: Adjusting timestamp for rollover: 635840974645879, -1
12-12 19:42:07.175  1667  1750 W qti_sensors_hal: timestampCalc: Adjusting timestamp for rollover: 635841035345342, -1
12-12 19:42:07.236  1667  1750 W qti_sensors_hal: timestampCalc: Adjusting timestamp for rollover: 635841096075322, -1
12-12 19:42:07.297  1667  1750 W qti_sensors_hal: timestampCalc: Adjusting timestamp for rollover: 635841156774785, -1
12-12 19:42:07.357  1667  1750 W qti_sensors_hal: timestampCalc: Adjusting timestamp for rollover: 635841217565801, -1
12-12 19:42:07.418  1667  1750 W qti_sensors_hal: timestampCalc: Adjusting timestamp for rollover: 635841278204228, -1
12-12 19:42:07.479  1667  1750 W qti_sensors_hal: timestampCalc: Adjusting timestamp for rollover: 635841338903691, -1
12-12 19:42:07.540  1667  1750 W qti_sensors_hal: timestampCalc: Adjusting timestamp for rollover: 635841399633672, -1
12-12 19:42:07.600 15894 15894 D wpa_supplicant: wlan0: Control interface command 'SIGNAL_POLL'
12-12 19:42:07.600  1667  1750 W qti_sensors_hal: timestampCalc: Adjusting timestamp for rollover: 635841460394170, -1
12-12 19:42:07.661  1667  1750 W qti_sensors_hal: timestampCalc: Adjusting timestamp for rollover: 635841521032598, -1
12-12 19:42:07.722  1667  1750 W qti_sensors_hal: timestampCalc: Adjusting timestamp for rollover: 635841581732060, -1
12-12 19:42:07.782  1667  1750 W qti_sensors_hal: timestampCalc: Adjusting timestamp for rollover: 635841642492559, -1
12-12 19:42:07.843  1667  1750 W qti_sensors_hal: timestampCalc: Adjusting timestamp for rollover: 635841703222539, -1
12-12 19:42:07.903  1667  1750 W qti_sensors_hal: timestampCalc: Adjusting timestamp for rollover: 635841763891484, -1
12-12 19:42:07.965  1667  1750 W qti_sensors_hal: timestampCalc: Adjusting timestamp for rollover: 635841824590947, -1
12-12 19:42:08.025  1667  1750 W qti_sensors_hal: timestampCalc: Adjusting timestamp for rollover: 635841885351445, -1
12-12 19:42:08.086  1667  1750 W qti_sensors_hal: timestampCalc: Adjusting timestamp for rollover: 635841946020391, -1
12-12 19:42:08.146  1667  1750 W qti_sensors_hal: timestampCalc: Adjusting timestamp for rollover: 635842006719853, -1
12-12 19:42:08.207  1667  1750 W qti_sensors_hal: timestampCalc: Adjusting timestamp for rollover: 635842067449834, -1
12-12 19:42:08.268  1667  1750 W qti_sensors_hal: timestampCalc: Adjusting timestamp for rollover: 635842128149297, -1
12-12 19:42:08.328  1667  1750 W qti_sensors_hal: timestampCalc: Adjusting timestamp for rollover: 635842188909795, -1
12-12 19:42:08.389  1667  1750 W qti_sensors_hal: timestampCalc: Adjusting timestamp for rollover: 635842249609258, -1
12-12 19:42:08.450  1667  1750 W qti_sensors_hal: timestampCalc: Adjusting timestamp for rollover: 635842310339238, -1
12-12 19:42:08.511  1667  1750 W qti_sensors_hal: timestampCalc: Adjusting timestamp for rollover: 635842370977666, -1
12-12 19:42:08.571  1667  1750 W qti_sensors_hal: timestampCalc: Adjusting timestamp for rollover: 635842431755316, -1
12-12 19:42:08.608 15894 15894 D wpa_supplicant: wlan0: Control interface command 'SCAN TYPE=ONLY scan_id=3'
12-12 19:42:08.609 15894 15894 D wpa_supplicant: wlan0: Setting scan request: 0.000000 sec
12-12 19:42:08.609 15894 15894 D wpa_supplicant: Scan SSID (manual request): \xe7\xba\xa2\xe7\xb1\xb3\xe6\x89\x8b\xe6\x9c\xba
12-12 19:42:08.609 15894 15894 D wpa_supplicant: wlan0: Starting AP scan for wildcard SSID
12-12 19:42:08.609 15894 15894 D wpa_supplicant: wlan0: Add radio work 'scan'@0x7f9a22e540
12-12 19:42:08.610 15894 15894 D wpa_supplicant: wlan0: First radio work item in the queue - schedule start immediately
12-12 19:42:08.610 15894 15894 D wpa_supplicant: wlan0: Starting radio work 'scan'@0x7f9a22e540 after 0.000231 second wait
12-12 19:42:08.610 15894 15894 D wpa_supplicant: wlan0: nl80211: scan request
12-12 19:42:08.610 15894 15894 D wpa_supplicant: nl80211: Scan SSID - hexdump(len=12): e7 ba a2 e7 b1 b3 e6 89 8b e6 9c ba
12-12 19:42:08.610 15894 15894 D wpa_supplicant: nl80211: Scan SSID - hexdump(len=0): [NULL]
12-12 19:42:08.611 15894 15894 D wpa_supplicant: nl80211: Scan extra IEs - hexdump(len=7): 7f 05 00 00 0a 02 01
12-12 19:42:08.612 15894 15894 D wpa_supplicant: Scan requested (ret=0) - scan timeout 30 seconds
12-12 19:42:08.613 15894 15894 D wpa_supplicant: nl80211: Event message available
12-12 19:42:08.613 15894 15894 D wpa_supplicant: nl80211: Drv Event 33 (NL80211_CMD_TRIGGER_SCAN) received for wlan0
12-12 19:42:08.613 15894 15894 D wpa_supplicant: wlan0: nl80211: Scan trigger
12-12 19:42:08.613 15894 15894 D wpa_supplicant: wlan0: Event SCAN_STARTED (47) received
12-12 19:42:08.613 15894 15894 D wpa_supplicant: wlan0: Own scan request started a scan in 0.000747 seconds
12-12 19:42:08.632  1667  1750 W qti_sensors_hal: timestampCalc: Adjusting timestamp for rollover: 635842492515814, -1
12-12 19:42:08.694  1667  1750 W qti_sensors_hal: timestampCalc: Adjusting timestamp for rollover: 635842553184760, -1
12-12 19:42:08.754  1667  1750 W qti_sensors_hal: timestampCalc: Adjusting timestamp for rollover: 635842613884223, -1
12-12 19:42:08.815  1667  1750 W qti_sensors_hal: timestampCalc: Adjusting timestamp for rollover: 635842674614203, -1
12-12 19:42:08.875  1667  1750 W qti_sensors_hal: timestampCalc: Adjusting timestamp for rollover: 635842735313666, -1
12-12 19:42:08.936  1667  1750 W qti_sensors_hal: timestampCalc: Adjusting timestamp for rollover: 635842796074164, -1
12-12 19:42:08.997  1667  1750 W qti_sensors_hal: timestampCalc: Adjusting timestamp for rollover: 635842856804145, -1
12-12 19:42:09.057  1667  1750 W qti_sensors_hal: timestampCalc: Adjusting timestamp for rollover: 635842917442572, -1
12-12 19:42:09.118  1667  1750 W qti_sensors_hal: timestampCalc: Adjusting timestamp for rollover: 635842978203070, -1
12-12 19:42:09.179  1667  1750 W qti_sensors_hal: timestampCalc: Adjusting timestamp for rollover: 635843038902533, -1
12-12 19:42:09.239  1667  1750 W qti_sensors_hal: timestampCalc: Adjusting timestamp for rollover: 635843099601996, -1
12-12 19:42:09.300  1667  1750 W qti_sensors_hal: timestampCalc: Adjusting timestamp for rollover: 635843160301459, -1
12-12 19:42:09.361  1667  1750 W qti_sensors_hal: timestampCalc: Adjusting timestamp for rollover: 635843221000922, -1
12-12 19:42:09.422  1667  1750 W qti_sensors_hal: timestampCalc: Adjusting timestamp for rollover: 635843281730902, -1
12-12 19:42:09.483  1667  1750 W qti_sensors_hal: timestampCalc: Adjusting timestamp for rollover: 635843342460883, -1
12-12 19:42:09.543  1667  1750 W qti_sensors_hal: timestampCalc: Adjusting timestamp for rollover: 635843403129828, -1
12-12 19:42:09.604  1667  1750 W qti_sensors_hal: timestampCalc: Adjusting timestamp for rollover: 635843463859809, -1
12-12 19:42:09.664  1667  1750 W qti_sensors_hal: timestampCalc: Adjusting timestamp for rollover: 635843524559272, -1
12-12 19:42:09.710   894   894 I MSM-irqbalance: Decided to move IRQ5 from CPU1 [P:0] to CPU6 [P:1] (banned)
12-12 19:42:09.711   894   894 I MSM-irqbalance: Decided to move IRQ3 from CPU1 [P:0] to CPU4 [P:1] (banned)
