12-12 19:42:35.974  4702  4707 I RTPS_MSG_IN: (ID:547736253520) Data Submsg received, processing. locator: 192.168.1.69:485768842
12-12 19:42:35.974  4702  4707 I RTPS_MSG_IN: (ID:547736253520) from Writer 1.f.c0.1e.8a.3e.0.0.1.0.0.0|0.1.0.c2; possible RTPSReaders: 4
12-12 19:42:35.974  4702  4707 I RTPS_MSG_IN: (ID:547736253520) Trying to add change 1 TO reader: 0.1.0.c7
12-12 19:42:35.974  4702  4707 I RTPS_MSG_IN: (ID:547736253520) MessageReceiver not add change 1
12-12 19:42:35.974  4702  4707 I RTPS_LIVELINESS: RTPSParticipant 1.f.c0.1e.8a.3e.0.0.1.0.0.0|0.0.1.c1 is Alive
12-12 19:42:35.975  4702  4707 I RTPS_LIVELINESS:  Stopped for Participant_sub with ID: 1.f.c0.1e.8a.3e.0.0.1.0.0.0
12-12 19:42:35.975  4702  4707 I RTPS_MSG_IN: (ID:547736253520) Sub Message DATA processed
12-12 19:42:36.011  1667  1750 W qti_sensors_hal: timestampCalc: Adjusting timestamp for rollover: 635869871330244, -1
12-12 19:42:36.014  4702  4707 I RTCP_MSG_IN: Received RTCP MSG. Logical Port 7412
12-12 19:42:36.015  4702  4707 I RTCP_MSG_IN: [RECEIVE] From: 192.168.1.69:485768842 - 68 bytes.
12-12 19:42:36.015  4702  4707 I RTPS_RECV: local locator: 192.168.1.69:16010,remote locator: 192.168.1.69:485768842
12-12 19:42:36.015  4702  4707 I RTPS_MSG_IN: (ID:547736253520) InfoDST message received, processing...
12-12 19:42:36.015  4702  4707 I RTPS_MSG_IN: (ID:547736253520) DST RTPSParticipant is now: 1.f.6a.d1.5e.12.0.0.1.0.0.0
12-12 19:42:36.015  4702  4707 I RTPS_MSG_IN: (ID:547736253520) Heartbeat Submsg received, processing...
12-12 19:42:36.016  4702  4707 I RTPS_READER: 0.0.3.c2: up to seqNum: 1
12-12 19:42:36.016  4702  4707 I RTPS_READER: 0.0.3.c2: changes up to seqNum: 0 missing.
12-12 19:42:36.016  4702  4707 I RTCP_MSG_IN: Received RTCP MSG. Logical Port 7412
12-12 19:42:36.017  4702  4707 I RTCP_MSG_IN: [RECEIVE] From: 192.168.1.69:485768842 - 68 bytes.
12-12 19:42:36.017  4702  4707 I RTPS_RECV: local locator: 192.168.1.69:16010,remote locator: 192.168.1.69:485768842
12-12 19:42:36.017  4702  4707 I RTPS_MSG_IN: (ID:547736253520) InfoDST message received, processing...
12-12 19:42:36.017  4702  4707 I RTPS_MSG_IN: (ID:547736253520) DST RTPSParticipant is now: 1.f.6a.d1.5e.12.0.0.1.0.0.0
12-12 19:42:36.018  4702  4707 I RTPS_MSG_IN: (ID:547736253520) Heartbeat Submsg received, processing...
12-12 19:42:36.018  4702  4707 I RTPS_READER: 0.0.4.c2: up to seqNum: 1
12-12 19:42:36.018  4702  4707 I RTPS_READER: 0.0.4.c2: changes up to seqNum: 1 missing.
12-12 19:42:36.018  4702  4707 I RTCP_MSG_IN: Received RTCP MSG. Logical Port 7412
12-12 19:42:36.019  4702  4707 I RTCP_MSG_IN: [RECEIVE] From: 192.168.1.69:485768842 - 68 bytes.
12-12 19:42:36.019  4702  4707 I RTPS_RECV: local locator: 192.168.1.69:16010,remote locator: 192.168.1.69:485768842
12-12 19:42:36.019  4702  4707 I RTPS_MSG_IN: (ID:547736253520) InfoDST message received, processing...
12-12 19:42:36.019  4702  4707 I RTPS_MSG_IN: (ID:547736253520) DST RTPSParticipant is now: 1.f.6a.d1.5e.12.0.0.1.0.0.0
12-12 19:42:36.019  4702  4707 I RTPS_MSG_IN: (ID:547736253520) Heartbeat Submsg received, processing...
12-12 19:42:36.020  4702  4707 I RTPS_READER: 0.2.0.c2: up to seqNum: 1
12-12 19:42:36.020  4702  4707 I RTPS_READER: 0.2.0.c2: changes up to seqNum: 0 missing.
12-12 19:42:36.020  4702  4707 I RTCP_MSG_IN: Received RTCP MSG. Logical Port 0
12-12 19:42:36.021  4702  4707 I RTCP_MSG: Receive [CHECK_LOGICAL_PORT_REQUEST]
12-12 19:42:36.021  4702  4707 I RTCP    : FoundOpenedLogicalPort: 7412
12-12 19:42:36.022  4702  4707 I RTCP_MSG_IN: Received RTCP MSG. Logical Port 0
12-12 19:42:36.022  4702  4707 I RTCP_MSG: Receive [CHECK_LOGICAL_PORT_REQUEST]
12-12 19:42:36.022  4702  4707 I RTCP    : FoundOpenedLogicalPort: 7413
12-12 19:42:36.023  4702  4707 I RTCP_MSG_IN: Received RTCP MSG. Logical Port 0
12-12 19:42:36.023  4702  4707 I RTCP_MSG: Receive [CHECK_LOGICAL_PORT_REQUEST]
12-12 19:42:36.023  4702  4707 I RTCP    : FoundOpenedLogicalPort: 7413
12-12 19:42:36.026  4702  4705 I RTPS_READER: 
12-12 19:42:36.026  4702  4705 I RTPS_READER: Sending ACKNACK: 1:
12-12 19:42:36.027  4702  4705 I RTPS_WRITER: endpoint: 0.2.0.c7, destinations: 192.168.1.69:485768842,
12-12 19:42:36.028  4702  4705 I RTPS_READER: 
12-12 19:42:36.029  4702  4705 I RTPS_READER: Sending ACKNACK: 1:
12-12 19:42:36.029  4702  4705 I RTPS_WRITER: endpoint: 0.0.3.c7, destinations: 192.168.1.69:485768842,
12-12 19:42:36.030  4702  4705 I RTPS_READER: 
12-12 19:42:36.030  4702  4705 I RTPS_READER: Sending ACKNACK: 1:1-
12-12 19:42:36.030  4702  4705 I RTPS_WRITER: endpoint: 0.0.4.c7, destinations: 192.168.1.69:485768842,
12-12 19:42:36.071  1667  1750 W qti_sensors_hal: timestampCalc: Adjusting timestamp for rollover: 635869932029707, -1
12-12 19:42:36.132  1667  1750 W qti_sensors_hal: timestampCalc: Adjusting timestamp for rollover: 635869992759688, -1
12-12 19:42:36.193  1667  1750 W qti_sensors_hal: timestampCalc: Adjusting timestamp for rollover: 635870053489668, -1
12-12 19:42:36.253  1667  1750 W qti_sensors_hal: timestampCalc: Adjusting timestamp for rollover: 635870114158613, -1
12-12 19:42:36.314  1667  1750 W qti_sensors_hal: timestampCalc: Adjusting timestamp for rollover: 635870174888594, -1
12-12 19:42:36.375  1667  1750 W qti_sensors_hal: timestampCalc: Adjusting timestamp for rollover: 635870235588057, -1
12-12 19:42:36.408  4702  4707 I RTCP_MSG_IN: Received RTCP MSG. Logical Port 7412
12-12 19:42:36.408  4702  4707 I RTCP_MSG_IN: [RECEIVE] From: 192.168.1.69:485768842 - 64 bytes.
12-12 19:42:36.409  4702  4707 I RTPS_RECV: local locator: 192.168.1.69:16010,remote locator: 192.168.1.69:485768842
12-12 19:42:36.409  4702  4707 I RTPS_MSG_IN: (ID:547736253520) InfoDST message received, processing...
12-12 19:42:36.409  4702  4707 I RTPS_MSG_IN: (ID:547736253520) DST RTPSParticipant is now: 1.f.6a.d1.5e.12.0.0.1.0.0.0
12-12 19:42:36.409  4702  4707 I RTPS_MSG_IN: (ID:547736253520) Acknack Submsg received, processing...
12-12 19:42:36.410  4702  4707 I RTPS_WRITER: 0.0.3.c2 Sending Heartbeat (1 - 1)
12-12 19:42:36.410  4702  4707 I RTPS_WRITER: endpoint: 0.0.3.c2, destinations: 192.168.1.69:485768842,
12-12 19:42:36.410  4702  4707 I RTCP_MSG_IN: Received RTCP MSG. Logical Port 7412
12-12 19:42:36.411  4702  4707 I RTCP_MSG_IN: [RECEIVE] From: 192.168.1.69:485768842 - 64 bytes.
12-12 19:42:36.411  4702  4707 I RTPS_RECV: local locator: 192.168.1.69:16010,remote locator: 192.168.1.69:485768842
12-12 19:42:36.411  4702  4707 I RTPS_MSG_IN: (ID:547736253520) InfoDST message received, processing...
12-12 19:42:36.412  4702  4707 I RTPS_MSG_IN: (ID:547736253520) DST RTPSParticipant is now: 1.f.6a.d1.5e.12.0.0.1.0.0.0
12-12 19:42:36.412  4702  4707 I RTPS_MSG_IN: (ID:547736253520) Acknack Submsg received, processing...
12-12 19:42:36.412  4702  4707 I RTPS_WRITER: 0.0.4.c2 Sending Heartbeat (1 - 0)
12-12 19:42:36.412  4702  4707 I RTPS_WRITER: endpoint: 0.0.4.c2, destinations: 192.168.1.69:485768842,
12-12 19:42:36.413  4702  4707 I RTCP_MSG_IN: Received RTCP MSG. Logical Port 7412
12-12 19:42:36.415  4702  4707 I RTCP_MSG_IN: [RECEIVE] From: 192.168.1.69:485768842 - 64 bytes.
12-12 19:42:36.415  4702  4707 I RTPS_RECV: local locator: 192.168.1.69:16010,remote locator: 192.168.1.69:485768842
12-12 19:42:36.415  4702  4707 I RTPS_MSG_IN: (ID:547736253520) InfoDST message received, processing...
12-12 19:42:36.415  4702  4707 I RTPS_MSG_IN: (ID:547736253520) DST RTPSParticipant is now: 1.f.6a.d1.5e.12.0.0.1.0.0.0
12-12 19:42:36.416  4702  4707 I RTPS_MSG_IN: (ID:547736253520) Acknack Submsg received, processing...
12-12 19:42:36.416  4702  4707 I RTPS_WRITER: 0.2.0.c2 Sending Heartbeat (1 - 0)
12-12 19:42:36.416  4702  4707 I RTPS_WRITER: endpoint: 0.2.0.c2, destinations: 192.168.1.69:485768842,
12-12 19:42:36.436  1667  1750 W qti_sensors_hal: timestampCalc: Adjusting timestamp for rollover: 635870296318037, -1
12-12 19:42:36.497  1667  1750 W qti_sensors_hal: timestampCalc: Adjusting timestamp for rollover: 635870357017500, -1
12-12 19:42:36.557  1667  1750 W qti_sensors_hal: timestampCalc: Adjusting timestamp for rollover: 635870417747481, -1
12-12 19:42:36.618  1667  1750 W qti_sensors_hal: timestampCalc: Adjusting timestamp for rollover: 635870478446944, -1
12-12 19:42:36.679  1667  1750 W qti_sensors_hal: timestampCalc: Adjusting timestamp for rollover: 635870539146406, -1
12-12 19:42:36.703  4702  4705 I RTPS_WRITER: 0.0.3.c2 Sending Heartbeat (1 - 1)
12-12 19:42:36.703  4702  4705 I RTPS_WRITER: endpoint: 0.0.3.c2, destinations: 192.168.1.69:485768842,
12-12 19:42:36.739  1667  1750 W qti_sensors_hal: timestampCalc: Adjusting timestamp for rollover: 635870599876387, -1
12-12 19:42:36.800  1667  1750 W qti_sensors_hal: timestampCalc: Adjusting timestamp for rollover: 635870660545332, -1
12-12 19:42:36.861  1667  1750 W qti_sensors_hal: timestampCalc: Adjusting timestamp for rollover: 635870721275313, -1
12-12 19:42:36.921  1667  1750 W qti_sensors_hal: timestampCalc: Adjusting timestamp for rollover: 635870782005293, -1
12-12 19:42:36.982  1667  1750 W qti_sensors_hal: timestampCalc: Adjusting timestamp for rollover: 635870842674238, -1
12-12 19:42:37.043  1667  1750 W qti_sensors_hal: timestampCalc: Adjusting timestamp for rollover: 635870903404219, -1
12-12 19:42:37.104  1667  1750 W qti_sensors_hal: timestampCalc: Adjusting timestamp for rollover: 635870964073164, -1
12-12 19:42:37.165  1667  1750 W qti_sensors_hal: timestampCalc: Adjusting timestamp for rollover: 635871024803145, -1
12-12 19:42:37.178  4702  4707 I RTCP_MSG_IN: Received RTCP MSG. Logical Port 7412
12-12 19:42:37.215  4702  4707 I RTCP_MSG_IN: [RECEIVE] From: 192.168.1.69:485768842 - 64 bytes.
12-12 19:42:37.215  4702  4707 I RTPS_RECV: local locator: 192.168.1.69:16010,remote locator: 192.168.1.69:485768842
12-12 19:42:37.216  4702  4707 I RTPS_MSG_IN: (ID:547736253520) InfoDST message received, processing...
12-12 19:42:37.216  4702  4707 I RTPS_MSG_IN: (ID:547736253520) DST RTPSParticipant is now: 1.f.6a.d1.5e.12.0.0.1.0.0.0
12-12 19:42:37.216  4702  4707 I RTPS_MSG_IN: (ID:547736253520) Acknack Submsg received, processing...
12-12 19:42:37.217  4702  4707 I RTCP_MSG_IN: Received RTCP MSG. Logical Port 7412
12-12 19:42:37.217  4702  4707 I RTCP_MSG_IN: [RECEIVE] From: 192.168.1.69:485768842 - 68 bytes.
12-12 19:42:37.217  4702  4707 I RTPS_RECV: local locator: 192.168.1.69:16010,remote locator: 192.168.1.69:485768842
12-12 19:42:37.218  4702  4707 I RTPS_MSG_IN: (ID:547736253520) InfoDST message received, processing...
12-12 19:42:37.219  4702  4707 I RTPS_MSG_IN: (ID:547736253520) DST RTPSParticipant is now: 1.f.6a.d1.5e.12.0.0.1.0.0.0
12-12 19:42:37.219  4702  4707 I RTPS_MSG_IN: (ID:547736253520) Acknack Submsg received, processing...
12-12 19:42:37.219  4702  4707 I RTPS_WRITER: Requested Changes: 1:1-
12-12 19:42:37.221  4702  4707 I RTCP_MSG_IN: Received RTCP MSG. Logical Port 7412
12-12 19:42:37.222  4702  4707 I RTCP_MSG_IN: [RECEIVE] From: 192.168.1.69:485768842 - 64 bytes.
12-12 19:42:37.223  4702  4707 I RTPS_RECV: local locator: 192.168.1.69:16010,remote locator: 192.168.1.69:485768842
12-12 19:42:37.223  4702  4707 I RTPS_MSG_IN: (ID:547736253520) InfoDST message received, processing...
12-12 19:42:37.223  4702  4707 I RTPS_MSG_IN: (ID:547736253520) DST RTPSParticipant is now: 1.f.6a.d1.5e.12.0.0.1.0.0.0
12-12 19:42:37.223  4702  4707 I RTPS_MSG_IN: (ID:547736253520) Acknack Submsg received, processing...
12-12 19:42:37.224  4702  4707 I RTCP_MSG_IN: Received RTCP MSG. Logical Port 7412
12-12 19:42:37.224  4702  4707 I RTCP_MSG_IN: [RECEIVE] From: 192.168.1.69:485768842 - 336 bytes.
12-12 19:42:37.225  4702  4707 I RTPS_RECV: local locator: 192.168.1.69:16010,remote locator: 192.168.1.69:485768842
12-12 19:42:37.225  4702  4707 I RTPS_MSG_IN: (ID:547736253520) InfoDST message received, processing...
12-12 19:42:37.225  4702  4707 I RTPS_MSG_IN: (ID:547736253520) DST RTPSParticipant is now: 1.f.6a.d1.5e.12.0.0.1.0.0.0
12-12 19:42:37.225  1667  1750 W qti_sensors_hal: timestampCalc: Adjusting timestamp for rollover: 635871085533125, -1
12-12 19:42:37.225  4702  4707 I RTPS_MSG_IN: (ID:547736253520) InfoTS Submsg received, processing...
12-12 19:42:37.226  4702  4707 I RTPS_MSG_IN: (ID:547736253520) Data Submsg received, processing. locator: 192.168.1.69:485768842
12-12 19:42:37.226  4702  4707 I RTPS_MSG_IN: (ID:547736253520) from Writer 1.f.c0.1e.8a.3e.0.0.1.0.0.0|0.0.4.c2; possible RTPSReaders: 4
12-12 19:42:37.227  4702  4707 I RTPS_MSG_IN: (ID:547736253520) Trying to add change 1 TO reader: 0.0.4.c7
12-12 19:42:37.227  4702  4707 I RTPS_HISTORY: Change 1 added with 264 bytes
12-12 19:42:37.227  4702  4707 I RTPS_READER: 0.0.4.c2: seqNum: 1
12-12 19:42:37.228  4702  4707 I RTPS_EDP: 
12-12 19:42:37.229  4702  4707 I RTPS_PDP: Adding reader proxy data 1.f.c0.1e.8a.3e.0.0.1.0.0.0|0.0.1.4
12-12 19:42:37.230  4702  4707 I RTPS_EDP: 1.f.c0.1e.8a.3e.0.0.1.0.0.0|0.0.1.4 in topic: "Test"
12-12 19:42:37.232  4702  4707 I RTCP_MSG: Send [OPEN_LOGICAL_PORT_REQUEST] LogicalPort: 7413
12-12 19:42:37.233  4702  4707 I RTPS_WRITER: Reader Proxy started
12-12 19:42:37.233  4702  4707 I RTPS_WRITER: 0.0.1.3 Sending Heartbeat (1 - 0)
12-12 19:42:37.233  4702  4707 I RTPS_WRITER: endpoint: 0.0.1.3, destinations: 192.168.1.69:485834378,
12-12 19:42:37.234  4702  4707 I RTPS_WRITER: Reader Proxy 1.f.c0.1e.8a.3e.0.0.1.0.0.0|0.0.1.4 added to 0.0.1.3 with 1(u)-0(m) locators
12-12 19:42:37.234  4702  4707 I RTPS_EDP: Valid Matching to local writer: 0.0.1.3
12-12 19:42:37.234  4702  4707 I dps_manager_impl: Writer(0x7f88270180): matching with a reader
12-12 19:42:37.234  4702  4707 I RTPS_PROXY_DATA: 1.f.6a.d1.5e.12.0.0.1.0.0.0|0.0.1.3
12-12 19:42:37.235  4702  4707 I RTPS_PARTICIPANT: 1.f.6a.d1.5e.12.0.0.1.0.0.0|0.0.1.c1
12-12 19:42:37.235  4702  4707 I RTPS_PARTICIPANT: 1.f.c0.1e.8a.3e.0.0.1.0.0.0|0.0.1.c1
12-12 19:42:37.236  4702  4707 I RTPS_PROXY_DATA: ReaderProxyData destructor: 1.f.c0.1e.8a.3e.0.0.1.0.0.0|0.0.1.4
12-12 19:42:37.236  4702  4707 I RTPS_HISTORY: Removing change 1
12-12 19:42:37.236  4702  4707 I RTPS_READER: 0.0.4.c7 FINDS writerProxy 1.f.c0.1e.8a.3e.0.0.1.0.0.0|0.0.4.c2 from 1
12-12 19:42:37.237  4702  4707 I RTPS_MSG_IN: (ID:547736253520) Sub Message DATA processed
12-12 19:42:37.237  4702  4707 I RTCP_MSG_IN: Received RTCP MSG. Logical Port 7412
12-12 19:42:37.237  4702  4707 I RTCP_MSG_IN: [RECEIVE] From: 192.168.1.69:485768842 - 68 bytes.
12-12 19:42:37.237  4702  4707 I RTPS_RECV: local locator: 192.168.1.69:16010,remote locator: 192.168.1.69:485768842
12-12 19:42:37.238  4702  4707 I RTPS_MSG_IN: (ID:547736253520) InfoDST message received, processing...
12-12 19:42:37.238  4702  4707 I RTPS_MSG_IN: (ID:547736253520) DST RTPSParticipant is now: 1.f.6a.d1.5e.12.0.0.1.0.0.0
12-12 19:42:37.238  4702  4707 I RTPS_MSG_IN: (ID:547736253520) Heartbeat Submsg received, processing...
12-12 19:42:37.238  4702  4707 I RTPS_READER: 0.0.4.c2: up to seqNum: 1
12-12 19:42:37.239  4702  4707 I RTPS_READER: 0.0.4.c2: changes up to seqNum: 1 missing.
12-12 19:42:37.239  4702  4707 I RTCP_MSG_IN: Received RTCP MSG. Logical Port 7412
12-12 19:42:37.239  4702  4707 I RTCP_MSG_IN: [RECEIVE] From: 192.168.1.69:485768842 - 68 bytes.
12-12 19:42:37.240  4702  4707 I RTPS_RECV: local locator: 192.168.1.69:16010,remote locator: 192.168.1.69:485768842
12-12 19:42:37.240  4702  4707 I RTPS_MSG_IN: (ID:547736253520) InfoDST message received, processing...
12-12 19:42:37.241  4702  4707 I RTPS_MSG_IN: (ID:547736253520) DST RTPSParticipant is now: 1.f.6a.d1.5e.12.0.0.1.0.0.0
12-12 19:42:37.241  4702  4707 I RTPS_MSG_IN: (ID:547736253520) Acknack Submsg received, processing...
12-12 19:42:37.241  4702  4707 I RTCP_MSG_IN: Received RTCP MSG. Logical Port 0
12-12 19:42:37.242  4702  4707 I RTCP_MSG: Receive [OPEN_LOGICAL_PORT_RESPONSE]
12-12 19:42:37.242  4702  4707 I RTCP    : OpenedLogicalPort: 7413
12-12 19:42:37.251  4702  4705 I RTPS_READER: 
12-12 19:42:37.251  4702  4705 I RTPS_READER: Sending ACKNACK: 2:
12-12 19:42:37.251  4702  4705 I RTPS_WRITER: endpoint: 0.0.4.c7, destinations: 192.168.1.69:485768842,
12-12 19:42:37.285  1667  1750 W qti_sensors_hal: timestampCalc: Adjusting timestamp for rollover: 635871146232588, -1
12-12 19:42:37.313  4702  4705 I RTPS_WRITER: Responding to Acknack messages
12-12 19:42:37.314  4702  4706 I RTPS_WRITER: Sending relevant changes as DATA/DATA_FRAG messages
12-12 19:42:37.315  4702  4706 I RTPS_WRITER: Sending INFO_TS message
12-12 19:42:37.315  4702  4706 I RTPS_WRITER: endpoint: 0.0.3.c2, destinations: 192.168.1.69:485768842,
12-12 19:42:37.316  4702  4706 I RTPS_WRITER: Finish sending unsent changes
12-12 19:42:37.327  4702  4705 I RTPS_WRITER: Changing underway to unacked for Reader: 1.f.c0.1e.8a.3e.0.0.1.0.0.0|0.0.3.c7
12-12 19:42:37.332  4702  4702 I RTPS_HISTORY: Change 1 added with 11 bytes
12-12 19:42:37.333  4702  4702 I RTPS_WRITER: Sending relevant changes as DATA/DATA_FRAG messages
12-12 19:42:37.333  4702  4702 I RTPS_WRITER: Sending INFO_TS message
12-12 19:42:37.334  4702  4702 I RTPS_WRITER: endpoint: 0.0.1.3, destinations: 192.168.1.69:485834378,
12-12 19:42:37.334  4702  4705 I RTPS_WRITER: Changing underway to unacked for Reader: 1.f.c0.1e.8a.3e.0.0.1.0.0.0|0.0.1.4
12-12 19:42:37.335  4702  4702 I RTCP_MSG: Send [LOGICAL_PORT_IS_CLOSED_REQUEST] LogicalPort: 7412
12-12 19:42:37.335  4702  4702 I RTCP_MSG: Send [LOGICAL_PORT_IS_CLOSED_REQUEST] LogicalPort: 7413
12-12 19:42:37.336  4702  4702 I RTPS_LIVELINESS: 0.0.1.3 from Liveliness Protocol
12-12 19:42:37.337  4702  4702 I RTPS_PROXY_DATA: 1.f.6a.d1.5e.12.0.0.1.0.0.0|0.0.1.3
12-12 19:42:37.338  4702  4702 I RTPS_PARTICIPANT: 1.f.6a.d1.5e.12.0.0.1.0.0.0|0.0.1.c1
12-12 19:42:37.338  4702  4702 I RTPS_LIVELINESS: Liveliness Periodic Assertion aborted
12-12 19:42:37.339  4702  4702 I RTPS_PROXY_DATA: 1.f.6a.d1.5e.12.0.0.1.0.0.0|0.0.1.3
12-12 19:42:37.339  4702  4702 I RTPS_PARTICIPANT: 1.f.6a.d1.5e.12.0.0.1.0.0.0|0.0.1.c1
12-12 19:42:37.339  4702  4702 I RTPS_EDP: 0.0.1.3
12-12 19:42:37.340  4702  4702 I RTPS_WRITER: Creating new change
12-12 19:42:37.340  4702  4702 I RTPS_WRITER: Change 1 to be removed.
12-12 19:42:37.340  4702  4702 I RTPS_HISTORY: Change 2 added with 0 bytes
12-12 19:42:37.342  4702  4702 I RTPS_WRITER: Sending relevant changes as DATA/DATA_FRAG messages
12-12 19:42:37.342  4702  4702 I RTPS_WRITER: Sending INFO_TS message
12-12 19:42:37.342  4702  4702 I RTPS_WRITER: endpoint: 0.0.3.c2, destinations: 192.168.1.69:485768842,
12-12 19:42:37.343  4702  4702 I RTPS_PDP: Removing writer proxy data 1.f.6a.d1.5e.12.0.0.1.0.0.0|0.0.1.3
12-12 19:42:37.344  4702  4702 I RTPS_EDP: 1.f.6a.d1.5e.12.0.0.1.0.0.0|0.0.1.3
12-12 19:42:37.345  4702  4702 I RTPS_PROXY_DATA: 1.f.6a.d1.5e.12.0.0.1.0.0.0|0.0.1.3
12-12 19:42:37.345  4702  4702 I RTPS_WRITER: StatefulWriter destructor
12-12 19:42:37.345  4702  4702 I RTPS_WRITER: Destroying PeriodicHB
12-12 19:42:37.346  1667  1750 W qti_sensors_hal: timestampCalc: Adjusting timestamp for rollover: 635871206932051, -1
12-12 19:42:37.347  4702  4702 I RTPS_WRITER: RTPSWriter destructor
12-12 19:42:37.347  4702  4702 I RTPS_PDP: Announcing RTPSParticipant State (new change: 1)
12-12 19:42:37.347  4702  4702 I RTPS_WRITER: Creating new change
12-12 19:42:37.348  4702  4702 I RTPS_HISTORY: Change 2 added with 144 bytes
12-12 19:42:37.348  4702  4702 I RTPS_WRITER: Sending relevant changes as DATA/DATA_FRAG messages
12-12 19:42:37.348  4702  4702 I RTPS_WRITER: Sending INFO_TS message
12-12 19:42:37.349  4702  4702 I RTPS_WRITER: endpoint: 0.1.0.c2, destinations: 192.168.1.69:485768842,
12-12 19:42:37.349  4702  4702 I RTPS_PARTICIPANT: 1.f.6a.d1.5e.12.0.0.1.0.0.0|0.0.1.c1
12-12 19:42:37.350  4702  4702 I RTPS_READER: StatefulReader destructor.
12-12 19:42:37.350  4702  4702 I RTPS_WRITER: Destroying InitialAckNack
12-12 19:42:37.350  4702  4702 I RTPS_READER: Removing reader 0.2.0.c7
12-12 19:42:37.350  4702  4702 I RTPS_WRITER: StatefulWriter destructor
12-12 19:42:37.351  4702  4702 I RTPS_WRITER: Destroying PeriodicHB
12-12 19:42:37.351  4702  4702 I RTPS_WRITER: RTPSWriter destructor
12-12 19:42:37.351  4702  4702 I RTPS_HISTORY: 
12-12 19:42:37.351  4702  4702 I RTPS_UTILS: ChangePool destructor
12-12 19:42:37.351  4702  4702 I RTPS_HISTORY: 
12-12 19:42:37.352  4702  4705 I RTPS_WRITER: Changing underway to unacked for Reader: 1.f.c0.1e.8a.3e.0.0.1.0.0.0|0.0.3.c7
12-12 19:42:37.352  4702  4702 I RTPS_UTILS: ChangePool destructor
12-12 19:42:37.352  4702  4702 I RTPS_READER: StatefulReader destructor.
12-12 19:42:37.352  4702  4702 I RTPS_WRITER: Destroying InitialAckNack
12-12 19:42:37.352  4702  4702 I RTPS_READER: Removing reader 0.0.3.c7
12-12 19:42:37.352  4702  4702 I RTPS_HISTORY: 
12-12 19:42:37.352  4702  4702 I RTPS_UTILS: ChangePool destructor
12-12 19:42:37.352  4702  4702 I RTPS_READER: StatefulReader destructor.
12-12 19:42:37.353  4702  4702 I RTPS_WRITER: Destroying InitialAckNack
12-12 19:42:37.353  4702  4702 I RTPS_READER: Removing reader 0.0.4.c7
12-12 19:42:37.353  4702  4702 I RTPS_HISTORY: 
12-12 19:42:37.353  4702  4702 I RTPS_UTILS: ChangePool destructor
12-12 19:42:37.353  4702  4702 I RTPS_WRITER: StatefulWriter destructor
12-12 19:42:37.353  4702  4702 I RTPS_WRITER: Destroying PeriodicHB
12-12 19:42:37.353  4702  4702 I RTPS_WRITER: RTPSWriter destructor
12-12 19:42:37.353  4702  4702 I RTPS_HISTORY: 
12-12 19:42:37.354  4702  4702 I RTPS_UTILS: ChangePool destructor
12-12 19:42:37.354  4702  4702 I RTPS_WRITER: StatefulWriter destructor
12-12 19:42:37.354  4702  4702 I RTPS_WRITER: Destroying PeriodicHB
12-12 19:42:37.354  4702  4702 I RTPS_WRITER: RTPSWriter destructor
12-12 19:42:37.354  4702  4702 I RTPS_HISTORY: 
12-12 19:42:37.354  4702  4702 I RTPS_UTILS: ChangePool destructor
12-12 19:42:37.355  4702  4702 I RTPS_WRITER: StatelessWriter destructor
12-12 19:42:37.355  4702  4702 I RTPS_WRITER: RTPSWriter destructor
12-12 19:42:37.355  4702  4702 I RTPS_READER: Removing reader 1.f.6a.d1.5e.12.0.0.1.0.0.0|0.1.0.c7
12-12 19:42:37.355  4702  4702 I RTPS_READER: Removing reader 0.1.0.c7
12-12 19:42:37.355  4702  4702 I RTPS_HISTORY: 
12-12 19:42:37.355  4702  4702 I RTPS_UTILS: ChangePool destructor
12-12 19:42:37.355  4702  4702 I RTPS_HISTORY: 
12-12 19:42:37.355  4702  4702 I RTPS_UTILS: ChangePool destructor
12-12 19:42:37.356  4702  4702 I RTPS_PARTICIPANT: 1.f.6a.d1.5e.12.0.0.1.0.0.0|0.0.1.c1
12-12 19:42:37.356  4702  4702 I RTPS_PARTICIPANT: 1.f.c0.1e.8a.3e.0.0.1.0.0.0|0.0.1.c1
12-12 19:42:37.356  4702  4702 I RTPS_PROXY_DATA: ReaderProxyData destructor: 1.f.c0.1e.8a.3e.0.0.1.0.0.0|0.0.1.4
12-12 19:42:37.356  4702  4702 I RTPS_MSG_IN: 
12-12 19:42:37.356  4702  4702 I RTPS_MSG_IN: 
12-12 19:42:37.356  4702  4702 I RTPS_PARTICIPANT: Removing event thread
12-12 19:42:37.358  4702  4702 I RTCP_MSG: Send [UNBIND_CONNECTION_REQUEST]
12-12 19:42:37.359  4702  4707 W DEBUG   : Error reading TCP header: End of file
12-12 19:42:37.407  1667  1750 W qti_sensors_hal: timestampCalc: Adjusting timestamp for rollover: 635871267662031, -1
12-12 19:42:37.468  1667  1750 W qti_sensors_hal: timestampCalc: Adjusting timestamp for rollover: 635871328361494, -1
12-12 19:42:37.528  1667  1750 W qti_sensors_hal: timestampCalc: Adjusting timestamp for rollover: 635871389060957, -1
12-12 19:42:37.589  1667  1750 W qti_sensors_hal: timestampCalc: Adjusting timestamp for rollover: 635871449729903, -1
12-12 19:42:37.650  1667  1750 W qti_sensors_hal: timestampCalc: Adjusting timestamp for rollover: 635871510459883, -1
12-12 19:42:37.711  1667  1750 W qti_sensors_hal: timestampCalc: Adjusting timestamp for rollover: 635871571159346, -1
12-12 19:42:37.771  1667  1750 W qti_sensors_hal: timestampCalc: Adjusting timestamp for rollover: 635871631858809, -1
12-12 19:42:37.787 15894 15894 D wpa_supplicant: wlan0: Control interface command 'SIGNAL_POLL'
12-12 19:42:37.833  1667  1750 W qti_sensors_hal: timestampCalc: Adjusting timestamp for rollover: 635871692558272, -1
12-12 19:42:37.893  1667  1750 W qti_sensors_hal: timestampCalc: Adjusting timestamp for rollover: 635871753318770, -1
12-12 19:42:37.954  1667  1750 W qti_sensors_hal: timestampCalc: Adjusting timestamp for rollover: 635871813987715, -1
12-12 19:42:38.014  1667  1750 W qti_sensors_hal: timestampCalc: Adjusting timestamp for rollover: 635871874687178, -1
12-12 19:42:38.075  1667  1750 W qti_sensors_hal: timestampCalc: Adjusting timestamp for rollover: 635871935386641, -1
12-12 19:42:38.136  1667  1750 W qti_sensors_hal: timestampCalc: Adjusting timestamp for rollover: 635871996116621, -1
12-12 19:42:38.196  1667  1750 W qti_sensors_hal: timestampCalc: Adjusting timestamp for rollover: 635872056785567, -1
12-12 19:42:38.252 27092 27113 V PushStatsChannel: Do not need pending, ignore upload data.
12-12 19:42:38.257  1667  1750 W qti_sensors_hal: timestampCalc: Adjusting timestamp for rollover: 635872117515547, -1
12-12 19:42:38.318  1667  1750 W qti_sensors_hal: timestampCalc: Adjusting timestamp for rollover: 635872178215010, -1
12-12 19:42:38.378  1667  1750 W qti_sensors_hal: timestampCalc: Adjusting timestamp for rollover: 635872238944990, -1
12-12 19:42:38.439  1667  1750 W qti_sensors_hal: timestampCalc: Adjusting timestamp for rollover: 635872299644453, -1
12-12 19:42:38.500  1667  1750 W qti_sensors_hal: timestampCalc: Adjusting timestamp for rollover: 635872360374434, -1
12-12 19:42:38.561  1667  1750 W qti_sensors_hal: timestampCalc: Adjusting timestamp for rollover: 635872421072044, -1
12-12 19:42:38.622  1667  1750 W qti_sensors_hal: timestampCalc: Adjusting timestamp for rollover: 635872481832542, -1
12-12 19:42:38.627 15894 15894 D wpa_supplicant: wlan0: Control interface command 'SCAN TYPE=ONLY scan_id=3'
12-12 19:42:38.627 15894 15894 D wpa_supplicant: wlan0: Setting scan request: 0.000000 sec
12-12 19:42:38.628 15894 15894 D wpa_supplicant: Scan SSID (manual request): \xe7\xba\xa2\xe7\xb1\xb3\xe6\x89\x8b\xe6\x9c\xba
12-12 19:42:38.628 15894 15894 D wpa_supplicant: wlan0: Starting AP scan for wildcard SSID
12-12 19:42:38.628 15894 15894 D wpa_supplicant: wlan0: Add radio work 'scan'@0x7f9a22e540
12-12 19:42:38.628 15894 15894 D wpa_supplicant: wlan0: First radio work item in the queue - schedule start immediately
12-12 19:42:38.628 15894 15894 D wpa_supplicant: wlan0: Starting radio work 'scan'@0x7f9a22e540 after 0.000232 second wait
12-12 19:42:38.629 15894 15894 D wpa_supplicant: wlan0: nl80211: scan request
12-12 19:42:38.629 15894 15894 D wpa_supplicant: nl80211: Scan SSID - hexdump(len=12): e7 ba a2 e7 b1 b3 e6 89 8b e6 9c ba
12-12 19:42:38.629 15894 15894 D wpa_supplicant: nl80211: Scan SSID - hexdump(len=0): [NULL]
12-12 19:42:38.629 15894 15894 D wpa_supplicant: nl80211: Scan extra IEs - hexdump(len=7): 7f 05 00 00 0a 02 01
12-12 19:42:38.631 15894 15894 D wpa_supplicant: Scan requested (ret=0) - scan timeout 30 seconds
12-12 19:42:38.631 15894 15894 D wpa_supplicant: nl80211: Event message available
12-12 19:42:38.631 15894 15894 D wpa_supplicant: nl80211: Drv Event 33 (NL80211_CMD_TRIGGER_SCAN) received for wlan0
12-12 19:42:38.631 15894 15894 D wpa_supplicant: wlan0: nl80211: Scan trigger
12-12 19:42:38.631 15894 15894 D wpa_supplicant: wlan0: Event SCAN_STARTED (47) received
12-12 19:42:38.632 15894 15894 D wpa_supplicant: wlan0: Own scan request started a scan in 0.000945 seconds
12-12 19:42:38.682  1667  1750 W qti_sensors_hal: timestampCalc: Adjusting timestamp for rollover: 635872542501487, -1
12-12 19:42:38.743  1667  1750 W qti_sensors_hal: timestampCalc: Adjusting timestamp for rollover: 635872603231468, -1
12-12 19:42:38.804  1667  1750 W qti_sensors_hal: timestampCalc: Adjusting timestamp for rollover: 635872663900413, -1
12-12 19:42:38.864  1667  1750 W qti_sensors_hal: timestampCalc: Adjusting timestamp for rollover: 635872724630394, -1
12-12 19:42:38.925  1667  1750 W qti_sensors_hal: timestampCalc: Adjusting timestamp for rollover: 635872785360374, -1
12-12 19:42:38.985  1667  1750 W qti_sensors_hal: timestampCalc: Adjusting timestamp for rollover: 635872846059837, -1
12-12 19:42:39.046  1667  1750 W qti_sensors_hal: timestampCalc: Adjusting timestamp for rollover: 635872906759300, -1
12-12 19:42:39.107  1667  1750 W qti_sensors_hal: timestampCalc: Adjusting timestamp for rollover: 635872967458763, -1
12-12 19:42:39.168  1667  1750 W qti_sensors_hal: timestampCalc: Adjusting timestamp for rollover: 635873028188743, -1
12-12 19:42:39.228  1667  1750 W qti_sensors_hal: timestampCalc: Adjusting timestamp for rollover: 635873088888206, -1
12-12 19:42:39.289  1667  1750 W qti_sensors_hal: timestampCalc: Adjusting timestamp for rollover: 635873149587669, -1
12-12 19:42:39.349  1667  1750 W qti_sensors_hal: timestampCalc: Adjusting timestamp for rollover: 635873210287132, -1
12-12 19:42:39.411  1667  1750 W qti_sensors_hal: timestampCalc: Adjusting timestamp for rollover: 635873270986595, -1
12-12 19:42:39.471  1667  1750 W qti_sensors_hal: timestampCalc: Adjusting timestamp for rollover: 635873331716575, -1
12-12 19:42:39.532  1667  1750 W qti_sensors_hal: timestampCalc: Adjusting timestamp for rollover: 635873392416038, -1
12-12 19:42:39.593  1667  1750 W qti_sensors_hal: timestampCalc: Adjusting timestamp for rollover: 635873453115501, -1
12-12 19:42:39.654  1667  1750 W qti_sensors_hal: timestampCalc: Adjusting timestamp for rollover: 635873513814964, -1
12-12 19:42:39.715  1667  1750 W qti_sensors_hal: timestampCalc: Adjusting timestamp for rollover: 635873574544944, -1
12-12 19:42:39.730   894   894 I MSM-irqbalance: Decided to move IRQ5 from CPU3 [P:0] to CPU6 [P:1] (banned)
12-12 19:42:39.731   894   894 I MSM-irqbalance: Decided to move IRQ3 from CPU3 [P:0] to CPU4 [P:1] (banned)
12-12 19:42:39.731   894   894 I MSM-irqbalance: Decided to move IRQ3 from CPU2 [P:0] to CPU7 [P:1] (banned)
12-12 19:42:39.732   894   894 I MSM-irqbalance: Decided to move IRQ5 from CPU2 [P:0] to CPU5 [P:1] (banned)
12-12 19:42:39.733   894   894 I MSM-irqbalance: Decided to move IRQ5 from CPU0 [P:0] to CPU6 [P:1] (banned)
12-12 19:42:39.734   894   894 I MSM-irqbalance: Decided to move IRQ3 from CPU0 [P:0] to CPU4 [P:1] (banned)
12-12 19:42:39.734   894   894 I MSM-irqbalance: Decided to move IRQ5 from CPU1 [P:0] to CPU7 [P:1] (banned)
12-12 19:42:39.735   894   894 I MSM-irqbalance: Decided to move IRQ3 from CPU1 [P:0] to CPU5 [P:1] (banned)
12-12 19:42:39.775  1667  1750 W qti_sensors_hal: timestampCalc: Adjusting timestamp for rollover: 635873635244407, -1
12-12 19:42:39.835  1667  1750 W qti_sensors_hal: timestampCalc: Adjusting timestamp for rollover: 635873695943870, -1
12-12 19:42:39.896  1667  1750 W qti_sensors_hal: timestampCalc: Adjusting timestamp for rollover: 635873756643333, -1
12-12 19:42:39.957  1667  1750 W qti_sensors_hal: timestampCalc: Adjusting timestamp for rollover: 635873817342796, -1
12-12 19:42:40.018  1667  1750 W qti_sensors_hal: timestampCalc: Adjusting timestamp for rollover: 635873878042259, -1
12-12 19:42:40.078  1667  1750 W qti_sensors_hal: timestampCalc: Adjusting timestamp for rollover: 635873938772239, -1
12-12 19:42:40.139  1667  1750 W qti_sensors_hal: timestampCalc: Adjusting timestamp for rollover: 635873999502220, -1
12-12 19:42:40.200  1667  1750 W qti_sensors_hal: timestampCalc: Adjusting timestamp for rollover: 635874060171165, -1
12-12 19:42:40.261  1667  1750 W qti_sensors_hal: timestampCalc: Adjusting timestamp for rollover: 635874120901146, -1
12-12 19:42:40.321  1667  1750 W qti_sensors_hal: timestampCalc: Adjusting timestamp for rollover: 635874181631126, -1
12-12 19:42:40.382  1667  1750 W qti_sensors_hal: timestampCalc: Adjusting timestamp for rollover: 635874242330589, -1
12-12 19:42:40.443  1667  1750 W qti_sensors_hal: timestampCalc: Adjusting timestamp for rollover: 635874302969017, -1
12-12 19:42:40.504  1667  1750 W qti_sensors_hal: timestampCalc: Adjusting timestamp for rollover: 635874363668480, -1
12-12 19:42:40.565  1667  1750 W qti_sensors_hal: timestampCalc: Adjusting timestamp for rollover: 635874424398460, -1
12-12 19:42:40.625  1667  1750 W qti_sensors_hal: timestampCalc: Adjusting timestamp for rollover: 635874485128441, -1
12-12 19:42:40.686  1667  1750 W qti_sensors_hal: timestampCalc: Adjusting timestamp for rollover: 635874545827903, -1
12-12 19:42:40.747  1667  1750 W qti_sensors_hal: timestampCalc: Adjusting timestamp for rollover: 635874606527366, -1
12-12 19:42:40.807  1667  1750 W qti_sensors_hal: timestampCalc: Adjusting timestamp for rollover: 635874667226829, -1
12-12 19:42:40.813 15894 15894 D wpa_supplicant: wlan0: Control interface command 'SIGNAL_POLL'
12-12 19:42:40.868  1667  1750 W qti_sensors_hal: timestampCalc: Adjusting timestamp for rollover: 635874727956810, -1
12-12 19:42:40.928  1667  1750 W qti_sensors_hal: timestampCalc: Adjusting timestamp for rollover: 635874788656273, -1
12-12 19:42:40.989  1667  1750 W qti_sensors_hal: timestampCalc: Adjusting timestamp for rollover: 635874849355735, -1
12-12 19:42:41.050  1667  1750 W qti_sensors_hal: timestampCalc: Adjusting timestamp for rollover: 635874910055198, -1
12-12 19:42:41.110  1667  1750 W qti_sensors_hal: timestampCalc: Adjusting timestamp for rollover: 635874970785179, -1
12-12 19:42:41.162 15894 15894 D wpa_supplicant: nl80211: Event message available
12-12 19:42:41.162 15894 15894 D wpa_supplicant: nl80211: Drv Event 34 (NL80211_CMD_NEW_SCAN_RESULTS) received for wlan0
12-12 19:42:41.162 15894 15894 D wpa_supplicant: wlan0: nl80211: New scan results available
12-12 19:42:41.162 15894 15894 D wpa_supplicant: nl80211: Scan probed for SSID '\xe7\xba\xa2\xe7\xb1\xb3\xe6\x89\x8b\xe6\x9c\xba'
12-12 19:42:41.162 15894 15894 D wpa_supplicant: nl80211: Scan probed for SSID ''
12-12 19:42:41.162 15894 15894 D wpa_supplicant: nl80211: Scan included frequencies: 2412 2417 2422 2427 2432 2437 2442 2447 2452 2457 2462 2467 2472 5180 5200 5220 5240 5260 5280 5300 5320 5745 5765 5785 5805 5825
12-12 19:42:41.163 15894 15894 D wpa_supplicant: wlan0: Event SCAN_RESULTS (3) received
12-12 19:42:41.163 15894 15894 D wpa_supplicant: wlan0: Scan completed in 2.531042 seconds
12-12 19:42:41.163 15894 15894 D wpa_supplicant: nl80211: Associated on 5745 MHz
12-12 19:42:41.163 15894 15894 D wpa_supplicant: nl80211: Associated with a4:2b:8c:16:15:a4
12-12 19:42:41.165 15894 15894 D wpa_supplicant: nl80211: Received scan results (66 BSSes)
12-12 19:42:41.165 15894 15894 D wpa_supplicant: nl80211: Scan results indicate BSS status with a4:2b:8c:16:15:a4 as associated
12-12 19:42:41.166 15894 15894 D wpa_supplicant: wlan0: BSS: Start scan result update 1173
12-12 19:42:41.166 15894 15894 D wpa_supplicant: wlan0: BSS: Add new id 9382 BSSID 8c:be:be:10:06:28 SSID 'ljy_camera_123' freq 2427
12-12 19:42:41.167 15894 15894 D wpa_supplicant: wlan0: BSS: Add new id 9383 BSSID 48:4a:e9:a0:6a:e0 SSID 'MIOT' freq 2412
12-12 19:42:41.167 15894 15894 D wpa_supplicant: wlan0: BSS: Add new id 9384 BSSID f0:b4:29:fe:fe:fc SSID 'handsome_5G' freq 5785
12-12 19:42:41.168 15894 15894 D wpa_supplicant: wlan0: BSS: Remove id 9358 BSSID 48:4a:e9:9f:e8:60 SSID 'MIOT' due to no match in scan
12-12 19:42:41.168 15894 15894 D wpa_supplicant: wlan0: BSS: Remove id 9368 BSSID 48:4a:e9:9f:e8:61 SSID 'MIOffice-2.4G' due to no match in scan
12-12 19:42:41.169 15894 15894 D wpa_supplicant: wlan0: BSS: Remove id 9338 BSSID 8c:be:be:10:06:29 SSID 'ljy_camera_123' due to no match in scan
12-12 19:42:41.169 15894 15894 D wpa_supplicant: wlan0: BSS: Remove id 9373 BSSID 40:31:3c:1e:ee:92 SSID 'daokuan_office_5G' due to no match in scan
12-12 19:42:41.169 15894 15894 D wpa_supplicant: wlan0: BSS: Remove id 9374 BSSID 8c:be:be:10:0f:e9 SSID '@@@MIOT-SERVER@@@_5G' due to no match in scan
12-12 19:42:41.170 15894 15894 D wpa_supplicant: BSS: last_scan_res_used=66/128
12-12 19:42:41.170 15894 15894 D wpa_supplicant: wlan0: Scan-only results received
12-12 19:42:41.170 15894 15894 D wpa_supplicant: wlan0: Radio work 'scan'@0x7f9a22e540 done in 2.541733 seconds
12-12 19:42:41.171 15894 15894 D wpa_supplicant: wlan0: radio_work_free('scan'@0x7f9a22e540: num_active_works --> 0
12-12 19:42:41.171  1667  1750 W qti_sensors_hal: timestampCalc: Adjusting timestamp for rollover: 635875031454124, -1
12-12 19:42:41.171 15894 15894 D wpa_supplicant: wlan0: Control interface command 'SCAN_RESULTS'
12-12 19:42:41.176 15894 15894 D wpa_supplicant: wlan0: Control interface command 'SCAN_RESULTS'
12-12 19:42:41.196   747   747 E pttSocketApp:          aniAsfIpc.c:971 Error(105):Recv failed, ipcPtr [0xb3031000], sd 5
12-12 19:42:41.196   747   747 E pttSocketApp:       pttSocketApp.c:759 IPC Recv failed
12-12 19:42:41.197   747   747 E WLAN_PSA: NL MSG RCV err -1 105
12-12 19:42:41.231  1667  1750 W qti_sensors_hal: timestampCalc: Adjusting timestamp for rollover: 635875092184105, -1
12-12 19:42:41.248  1667  1879 I AppScanObserverService: Start to match app observer
12-12 19:42:41.266  1667  1830 D WifiQualifiedNetworkSelector:: ==========start qualified Network Selection==========
12-12 19:42:41.266  1667  1830 D WifiQualifiedNetworkSelector:: Current network is: "NETGEAR65-5G" ,ID is: 4
12-12 19:42:41.267  1667  1830 D WifiQualifiedNetworkSelector:: Quit qualified Network Selection since it is not forced and current network is qualified already
12-12 19:42:41.292  1667  1750 W qti_sensors_hal: timestampCalc: Adjusting timestamp for rollover: 635875152883568, -1
12-12 19:42:41.305 29106 29106 W Settings: Setting device_provisioned has moved from android.provider.Settings.Secure to android.provider.Settings.Global.
12-12 19:42:41.352  1667  1750 W qti_sensors_hal: timestampCalc: Adjusting timestamp for rollover: 635875213583030, -1
12-12 19:42:41.413  1667  1750 W qti_sensors_hal: timestampCalc: Adjusting timestamp for rollover: 635875274313011, -1
12-12 19:42:41.474  1667  1750 W qti_sensors_hal: timestampCalc: Adjusting timestamp for rollover: 635875335012474, -1
12-12 19:42:41.535  1667  1750 W qti_sensors_hal: timestampCalc: Adjusting timestamp for rollover: 635875395711937, -1
12-12 19:42:41.596  1667  1750 W qti_sensors_hal: timestampCalc: Adjusting timestamp for rollover: 635875456411400, -1
12-12 19:42:41.658  1667  1750 W qti_sensors_hal: timestampCalc: Adjusting timestamp for rollover: 635875517110862, -1
12-12 19:42:41.717  1667  1750 W qti_sensors_hal: timestampCalc: Adjusting timestamp for rollover: 635875577840843, -1
12-12 19:42:41.778  1667  1750 W qti_sensors_hal: timestampCalc: Adjusting timestamp for rollover: 635875638509788, -1
12-12 19:42:41.839  1667  1750 W qti_sensors_hal: timestampCalc: Adjusting timestamp for rollover: 635875699270286, -1
12-12 19:42:41.899  1667  1750 W qti_sensors_hal: timestampCalc: Adjusting timestamp for rollover: 635875759939232, -1
12-12 19:42:41.960  1667  1750 W qti_sensors_hal: timestampCalc: Adjusting timestamp for rollover: 635875820669212, -1
12-12 19:42:42.021  1667  1750 W qti_sensors_hal: timestampCalc: Adjusting timestamp for rollover: 635875881368675, -1
12-12 19:42:42.081  1667  1750 W qti_sensors_hal: timestampCalc: Adjusting timestamp for rollover: 635875942068138, -1
12-12 19:42:42.142  1667  1750 W qti_sensors_hal: timestampCalc: Adjusting timestamp for rollover: 635876002798118, -1
12-12 19:42:42.203  1667  1750 W qti_sensors_hal: timestampCalc: Adjusting timestamp for rollover: 635876063497581, -1
12-12 19:42:42.264  1667  1750 W qti_sensors_hal: timestampCalc: Adjusting timestamp for rollover: 635876124197044, -1
12-12 19:42:42.324  1667  1750 W qti_sensors_hal: timestampCalc: Adjusting timestamp for rollover: 635876184896507, -1
12-12 19:42:42.385  1667  1750 W qti_sensors_hal: timestampCalc: Adjusting timestamp for rollover: 635876245657005, -1
12-12 19:42:42.446  1667  1750 W qti_sensors_hal: timestampCalc: Adjusting timestamp for rollover: 635876306325950, -1
12-12 19:42:42.507  1667  1750 W qti_sensors_hal: timestampCalc: Adjusting timestamp for rollover: 635876367025413, -1
12-12 19:42:42.567  1667  1750 W qti_sensors_hal: timestampCalc: Adjusting timestamp for rollover: 635876427755394, -1
12-12 19:42:42.603  1667  3267 D PerfShielderService: com.android.settings|com.android.settings-com-118431799|158|378350896390565|82|3|2
12-12 19:42:42.604  2907  2920 W MiuiPerfServiceClient: interceptAndQueuing:29106|com.android.settings|158|82|unknown|null|com.android.settings-com-118431799|378350896390565|Slow handle traversal|2
12-12 19:42:42.628  1667  1750 W qti_sensors_hal: timestampCalc: Adjusting timestamp for rollover: 635876488454857, -1
12-12 19:42:42.688  1667  1750 W qti_sensors_hal: timestampCalc: Adjusting timestamp for rollover: 635876549184837, -1
12-12 19:42:42.749  1667  1750 W qti_sensors_hal: timestampCalc: Adjusting timestamp for rollover: 635876609884300, -1
12-12 19:42:42.810  1667  1750 W qti_sensors_hal: timestampCalc: Adjusting timestamp for rollover: 635876670583763, -1
12-12 19:42:42.871  1667  1750 W qti_sensors_hal: timestampCalc: Adjusting timestamp for rollover: 635876731313743, -1
12-12 19:42:42.932  1667  1750 W qti_sensors_hal: timestampCalc: Adjusting timestamp for rollover: 635876792043724, -1
12-12 19:42:42.992  1667  1750 W qti_sensors_hal: timestampCalc: Adjusting timestamp for rollover: 635876852743187, -1
12-12 19:42:43.053  1667  1750 W qti_sensors_hal: timestampCalc: Adjusting timestamp for rollover: 635876913442650, -1
12-12 19:42:43.114  1667  1750 W qti_sensors_hal: timestampCalc: Adjusting timestamp for rollover: 635876974142112, -1
12-12 19:42:43.174  1667  1750 W qti_sensors_hal: timestampCalc: Adjusting timestamp for rollover: 635877034841575, -1
12-12 19:42:43.235  1667  1750 W qti_sensors_hal: timestampCalc: Adjusting timestamp for rollover: 635877095541038, -1
12-12 19:42:43.296  1667  1750 W qti_sensors_hal: timestampCalc: Adjusting timestamp for rollover: 635877156240501, -1
12-12 19:42:43.356  1667  1750 W qti_sensors_hal: timestampCalc: Adjusting timestamp for rollover: 635877216939964, -1
12-12 19:42:43.417  1667  1750 W qti_sensors_hal: timestampCalc: Adjusting timestamp for rollover: 635877277669944, -1
12-12 19:42:43.478  1667  1750 W qti_sensors_hal: timestampCalc: Adjusting timestamp for rollover: 635877338369407, -1
12-12 19:42:43.539  1667  1750 W qti_sensors_hal: timestampCalc: Adjusting timestamp for rollover: 635877399068870, -1
12-12 19:42:43.599  1667  1750 W qti_sensors_hal: timestampCalc: Adjusting timestamp for rollover: 635877459798851, -1
12-12 19:42:43.660  1667  1750 W qti_sensors_hal: timestampCalc: Adjusting timestamp for rollover: 635877520498314, -1
12-12 19:42:43.721  1667  1750 W qti_sensors_hal: timestampCalc: Adjusting timestamp for rollover: 635877581197777, -1
12-12 19:42:43.781  1667  1750 W qti_sensors_hal: timestampCalc: Adjusting timestamp for rollover: 635877641897239, -1
