12-12 19:42:25.819  4702  4702 I RTPS_WRITER: RTPSWriter created
12-12 19:42:25.819  4702  4702 I RTPS_LIVELINESS: Builtin Liveliness Writer created
12-12 19:42:25.819  4702  4702 I RTPS_UTILS: Creating CacheChangePool of size: 101 with payload of size: 100
12-12 19:42:25.819  4702  4702 I RTPS_UTILS: Static Mode is active, preallocating memory for pool_size elements
12-12 19:42:25.819  4702  4702 I RTPS_UTILS: Allocating group of cache changes of size: 101
12-12 19:42:25.820  4702  4702 I RTPS_PARTICIPANT:  of type RELIABLE
12-12 19:42:25.820  4702  4702 I RTPS_READER: RTPSReader created correctly
12-12 19:42:25.820  4702  4702 I RTPS_LIVELINESS: Builtin Liveliness Reader created
12-12 19:42:25.820  4702  4702 I RTPS_PDP: Announcing RTPSParticipant State (new change: 1)
12-12 19:42:25.820  4702  4702 I RTPS_WRITER: Creating new change
12-12 19:42:25.820  4702  4702 I RTPS_HISTORY: Change 1 added with 144 bytes
12-12 19:42:25.820  4702  4702 I RTPS_WRITER: No reader to add change.
12-12 19:42:25.820  4702  4702 I RTPS_PARTICIPANT: 1.f.6a.d1.5e.12.0.0.1.0.0.0|0.0.1.c1
12-12 19:42:25.821  4702  4702 I RTPS_PARTICIPANT: RTPSParticipant "Participant_pub" with guidPrefix: 1.f.6a.d1.5e.12.0.0.1.0.0.0
12-12 19:42:25.821  4702  4702 I RTPS_UTILS: Creating CacheChangePool of size: 501 with payload of size: 500
12-12 19:42:25.821  4702  4702 I RTPS_UTILS: Static Mode is active, preallocating memory for pool_size elements
12-12 19:42:25.821  4702  4702 I RTPS_UTILS: Allocating group of cache changes of size: 501
12-12 19:42:25.822  4702  4702 I RTPS_PARTICIPANT:  of type RELIABLE
12-12 19:42:25.822  4702  4702 I RTPS_WRITER: RTPSWriter created
12-12 19:42:25.822  4702  4702 I RTPS_EDP: Adding 0.0.1.3 in topic Test
12-12 19:42:25.823  4702  4702 I RTPS_PDP: Adding writer proxy data 1.f.6a.d1.5e.12.0.0.1.0.0.0|0.0.1.3
12-12 19:42:25.823  4702  4702 I RTPS_EDP: 1.f.6a.d1.5e.12.0.0.1.0.0.0|0.0.1.3 in topic: "Test"
12-12 19:42:25.823  4702  4702 I RTPS_EDP: 1.f.6a.d1.5e.12.0.0.1.0.0.0|0.0.1.3 in topic: "Test"
12-12 19:42:25.823  4702  4702 I RTPS_EDP: 0.0.1.3
12-12 19:42:25.823  4702  4702 I RTPS_WRITER: Creating new change
12-12 19:42:25.823  4702  4702 I RTPS_HISTORY: Change 1 added with 272 bytes
12-12 19:42:25.823  4702  4702 I RTPS_WRITER: No reader proxy to add change.
12-12 19:42:25.823  4702  4702 I RTPS_PARTICIPANT: 1.f.6a.d1.5e.12.0.0.1.0.0.0|0.0.1.c1
12-12 19:42:25.823  4702  4702 I RTPS_PROXY_DATA: 1.f.6a.d1.5e.12.0.0.1.0.0.0|0.0.1.3
12-12 19:42:25.824  4702  4702 I RTPS_LIVELINESS: 0.0.1.3 to Liveliness Protocol
12-12 19:42:25.824  4702  4702 I RTPS_WRITER: Creating new change
12-12 19:42:25.873  1667  1750 W qti_sensors_hal: timestampCalc: Adjusting timestamp for rollover: 635859733417240, -1
12-12 19:42:25.934  1667  1750 W qti_sensors_hal: timestampCalc: Adjusting timestamp for rollover: 635859794116703, -1
12-12 19:42:25.992   776   776 I cnss-daemon: RTM_NEWNEIGH message received: 28
12-12 19:42:25.993   776   776 E cnss-daemon: Stale or unreachable neighbors, ndm state: 16
12-12 19:42:25.994  1667  1750 W qti_sensors_hal: timestampCalc: Adjusting timestamp for rollover: 635859854816166, -1
12-12 19:42:26.001   776   776 I cnss-daemon: RTM_NEWNEIGH message received: 28
12-12 19:42:26.001   776   776 E cnss-daemon: Stale or unreachable neighbors, ndm state: 4
12-12 19:42:26.005   776   776 I cnss-daemon: RTM_NEWNEIGH message received: 28
12-12 19:42:26.006   776   776 I cnss-daemon: NDA_DST received: 192.168.1.69 ul: 562994060830912
12-12 19:42:26.006   776   776 I cnss-daemon: NDA_LLADDR received
12-12 19:42:26.016  4702  4703 I RTPS_MSG_IN: Created with CDRMessage of size: 65500
12-12 19:42:26.017  4702  4703 I RTCP    :  Accepted connection (local: 0.0.0.0@0.0.0.0:18316, remote: 192.168.1.69:33503)
12-12 19:42:26.018  4702  4707 I RTCP_MSG_IN: Received RTCP MSG. Logical Port 0
12-12 19:42:26.018  4702  4707 I RTCP_MSG: Receive [BIND_CONNECTION_REQUEST] LogicalPort: 0, Physical remote: 16010
12-12 19:42:26.019  4702  4707 I RTCP_MSG: Connection Stablished
12-12 19:42:26.025  4702  4707 I RTCP_MSG_IN: Received RTCP MSG. Logical Port 0
12-12 19:42:26.025  4702  4707 I RTCP_MSG: Receive [OPEN_LOGICAL_PORT_REQUEST] LogicalPort: 7410
12-12 19:42:26.026  4702  4707 I RTCP_MSG: Send [OPEN_LOGICAL_PORT_RESPONSE] Not found: 7410
12-12 19:42:26.055  1667  1750 W qti_sensors_hal: timestampCalc: Adjusting timestamp for rollover: 635859915546146, -1
12-12 19:42:26.116  1667  1750 W qti_sensors_hal: timestampCalc: Adjusting timestamp for rollover: 635859976245609, -1
12-12 19:42:26.177  1667  1750 W qti_sensors_hal: timestampCalc: Adjusting timestamp for rollover: 635860036975590, -1
12-12 19:42:26.237  1667  1750 W qti_sensors_hal: timestampCalc: Adjusting timestamp for rollover: 635860097675053, -1
12-12 19:42:26.298  1667  1750 W qti_sensors_hal: timestampCalc: Adjusting timestamp for rollover: 635860158405033, -1
12-12 19:42:26.359  1667  1750 W qti_sensors_hal: timestampCalc: Adjusting timestamp for rollover: 635860219104496, -1
12-12 19:42:26.419  1667  1750 W qti_sensors_hal: timestampCalc: Adjusting timestamp for rollover: 635860279773441, -1
12-12 19:42:26.480  1667  1750 W qti_sensors_hal: timestampCalc: Adjusting timestamp for rollover: 635860340503422, -1
12-12 19:42:26.514  4702  4707 I RTCP_MSG_IN: Received RTCP MSG. Logical Port 0
12-12 19:42:26.515  4702  4707 I RTCP_MSG: Receive [OPEN_LOGICAL_PORT_REQUEST] LogicalPort: 7412
12-12 19:42:26.515  4702  4707 I RTCP_MSG: Send [OPEN_LOGICAL_PORT_RESPONSE] Found: 7412
12-12 19:42:26.521  4702  4707 I RTCP_MSG_IN: Received RTCP MSG. Logical Port 0
12-12 19:42:26.521  4702  4707 I RTCP_MSG: Receive [OPEN_LOGICAL_PORT_REQUEST] LogicalPort: 7414
12-12 19:42:26.522  4702  4707 I RTCP_MSG: Send [OPEN_LOGICAL_PORT_RESPONSE] Not found: 7414
12-12 19:42:26.522  4702  4707 I RTCP_MSG_IN: Received RTCP MSG. Logical Port 0
12-12 19:42:26.522  4702  4707 I RTCP_MSG: Receive [OPEN_LOGICAL_PORT_REQUEST] LogicalPort: 7416
12-12 19:42:26.523  4702  4707 I RTCP_MSG: Send [OPEN_LOGICAL_PORT_RESPONSE] Not found: 7416
12-12 19:42:26.523  4702  4707 I RTCP_MSG_IN: Received RTCP MSG. Logical Port 0
12-12 19:42:26.523  4702  4707 I RTCP_MSG: Receive [CHECK_LOGICAL_PORT_REQUEST]
12-12 19:42:26.532  4702  4707 I RTCP_MSG_IN: Received RTCP MSG. Logical Port 0
12-12 19:42:26.532  4702  4707 I RTCP_MSG: Receive [CHECK_LOGICAL_PORT_REQUEST]
12-12 19:42:26.532  4702  4707 I RTCP    : FoundOpenedLogicalPort: 7413
12-12 19:42:26.538  4702  4707 I RTCP_MSG_IN: Received RTCP MSG. Logical Port 0
12-12 19:42:26.538  4702  4707 I RTCP_MSG: Receive [CHECK_LOGICAL_PORT_REQUEST]
12-12 19:42:26.538  4702  4707 I RTCP    : FoundOpenedLogicalPort: 7413
12-12 19:42:26.540  1667  1750 W qti_sensors_hal: timestampCalc: Adjusting timestamp for rollover: 635860401202885, -1
12-12 19:42:26.601  1667  1750 W qti_sensors_hal: timestampCalc: Adjusting timestamp for rollover: 635860461902348, -1
12-12 19:42:26.662  1667  1750 W qti_sensors_hal: timestampCalc: Adjusting timestamp for rollover: 635860522601811, -1
12-12 19:42:26.721  4702  4707 I RTCP_MSG_IN: Received RTCP MSG. Logical Port 0
12-12 19:42:26.721  4702  4707 I RTCP_MSG: Receive [CHECK_LOGICAL_PORT_REQUEST]
12-12 19:42:26.722  4702  4707 I RTCP    : FoundOpenedLogicalPort: 7413
12-12 19:42:26.722  1667  1750 W qti_sensors_hal: timestampCalc: Adjusting timestamp for rollover: 635860583331791, -1
12-12 19:42:26.725  4702  4707 I RTCP_MSG_IN: Received RTCP MSG. Logical Port 0
12-12 19:42:26.726  4702  4707 I RTCP_MSG: Receive [OPEN_LOGICAL_PORT_REQUEST] LogicalPort: 7413
12-12 19:42:26.726  4702  4707 I RTCP_MSG: Send [OPEN_LOGICAL_PORT_RESPONSE] Found: 7413
12-12 19:42:26.783  1667  1750 W qti_sensors_hal: timestampCalc: Adjusting timestamp for rollover: 635860644031254, -1
12-12 19:42:26.844  1667  1750 W qti_sensors_hal: timestampCalc: Adjusting timestamp for rollover: 635860704761234, -1
12-12 19:42:26.905  1667  1750 W qti_sensors_hal: timestampCalc: Adjusting timestamp for rollover: 635860765430180, -1
12-12 19:42:26.966  1667  1750 W qti_sensors_hal: timestampCalc: Adjusting timestamp for rollover: 635860826129643, -1
12-12 19:42:27.027  1667  1750 W qti_sensors_hal: timestampCalc: Adjusting timestamp for rollover: 635860886829105, -1
12-12 19:42:27.087  1667  1750 W qti_sensors_hal: timestampCalc: Adjusting timestamp for rollover: 635860947559086, -1
12-12 19:42:27.148  1667  1750 W qti_sensors_hal: timestampCalc: Adjusting timestamp for rollover: 635861008258549, -1
12-12 19:42:27.209  1667  1750 W qti_sensors_hal: timestampCalc: Adjusting timestamp for rollover: 635861068988529, -1
12-12 19:42:27.269  1667  1750 W qti_sensors_hal: timestampCalc: Adjusting timestamp for rollover: 635861129687992, -1
12-12 19:42:27.330  1667  1750 W qti_sensors_hal: timestampCalc: Adjusting timestamp for rollover: 635861190387455, -1
12-12 19:42:27.391  1667  1750 W qti_sensors_hal: timestampCalc: Adjusting timestamp for rollover: 635861251086918, -1
12-12 19:42:27.451  1667  1750 W qti_sensors_hal: timestampCalc: Adjusting timestamp for rollover: 635861311786381, -1
12-12 19:42:27.512  1667  1750 W qti_sensors_hal: timestampCalc: Adjusting timestamp for rollover: 635861372516361, -1
12-12 19:42:27.573  1667  1750 W qti_sensors_hal: timestampCalc: Adjusting timestamp for rollover: 635861433215824, -1
12-12 19:42:27.634  1667  1750 W qti_sensors_hal: timestampCalc: Adjusting timestamp for rollover: 635861493915287, -1
12-12 19:42:27.694  1667  1750 W qti_sensors_hal: timestampCalc: Adjusting timestamp for rollover: 635861554614750, -1
12-12 19:42:27.755  1667  1750 W qti_sensors_hal: timestampCalc: Adjusting timestamp for rollover: 635861615314213, -1
12-12 19:42:27.815  1667  1750 W qti_sensors_hal: timestampCalc: Adjusting timestamp for rollover: 635861676013676, -1
12-12 19:42:27.876  1667  1750 W qti_sensors_hal: timestampCalc: Adjusting timestamp for rollover: 635861736743656, -1
12-12 19:42:27.937  1667  1750 W qti_sensors_hal: timestampCalc: Adjusting timestamp for rollover: 635861797473637, -1
12-12 19:42:27.997  1667  1750 W qti_sensors_hal: timestampCalc: Adjusting timestamp for rollover: 635861858142582, -1
12-12 19:42:28.001  1929  1929 D KeyguardUpdateMonitor: received broadcast android.intent.action.BATTERY_CHANGED
12-12 19:42:28.003  2870  2870 I BatteryInfoReceiver: ACTION_BATTERY_CHANGED
12-12 19:42:28.004  2119  2250 W QCNEJ   : |CORE| CNE received unexpected action: android.intent.action.BATTERY_CHANGED
12-12 19:42:28.005  3741  3992 D PowerCheckerService: onBatteryChanged, mBatteryLevel = 100, status = 5, level = 100, plug = 2
12-12 19:42:28.011  3741  3998 D ThermalTempInfoHelper: thermal sensor1 temp is 28
12-12 19:42:28.019  3741  3998 D ThermalTempInfoHelper: thermal sensor1 temp is 28
12-12 19:42:28.038  1667  5696 E LocSvc_libulp: I/int ulp_msg_process_system_update(const UlpSystemEvent): systemEvent:5 
12-12 19:42:28.038  1667  5696 E LocSvc_libulp: I/===> int ulp_brain_turn_onoff_dr_provider() line 848 
12-12 19:42:28.038  1667  5696 E LocSvc_libulp: I/===> int ulp_dr_stop_engine() line 235 
12-12 19:42:28.038  1667  5696 E LocSvc_libulp: I/int ulp_msg_process_start_req(), at ulp state = 1
12-12 19:42:28.038  1667  2091 E LocSvc_api_v02: I/---> locClientSendReq line 2069 QMI_LOC_GET_BEST_AVAILABLE_POSITION_REQ_V02
12-12 19:42:28.041  1667  2105 E LocSvc_ApiV02: I/<--- void globalRespCb(locClientHandleType, uint32_t, const locClientRespIndUnionType, uint32_t, void *) line 140 QMI_LOC_GET_BEST_AVAILABLE_POSITION_REQ_V02
12-12 19:42:28.042  1667  5696 E LocSvc_libulp: I/int ulp_brain_process_zpp_position_report(const enum loc_sess_status, LocPosTechMask, UlpLocation *), report ZPP position to providers,report_position = 1
12-12 19:42:28.042  1667  5696 E LocSvc_libulp: I/===> int ulp_brain_turn_onoff_dr_provider() line 848 
12-12 19:42:28.042  1667  5696 E LocSvc_libulp: I/===> int ulp_dr_stop_engine() line 235 
12-12 19:42:28.058  1667  1750 W qti_sensors_hal: timestampCalc: Adjusting timestamp for rollover: 635861918842045, -1
12-12 19:42:28.119  1667  1750 W qti_sensors_hal: timestampCalc: Adjusting timestamp for rollover: 635861979541508, -1
12-12 19:42:28.180  1667  1750 W qti_sensors_hal: timestampCalc: Adjusting timestamp for rollover: 635862040271488, -1
12-12 19:42:28.241  1667  1750 W qti_sensors_hal: timestampCalc: Adjusting timestamp for rollover: 635862100970951, -1
12-12 19:42:28.301  1667  1750 W qti_sensors_hal: timestampCalc: Adjusting timestamp for rollover: 635862161670414, -1
12-12 19:42:28.362  1667  1750 W qti_sensors_hal: timestampCalc: Adjusting timestamp for rollover: 635862222369877, -1
12-12 19:42:28.423  1667  1750 W qti_sensors_hal: timestampCalc: Adjusting timestamp for rollover: 635862283069340, -1
12-12 19:42:28.483  1667  1750 W qti_sensors_hal: timestampCalc: Adjusting timestamp for rollover: 635862343799320, -1
12-12 19:42:28.544  1667  1750 W qti_sensors_hal: timestampCalc: Adjusting timestamp for rollover: 635862404472334, -1
12-12 19:42:28.605  1667  1750 W qti_sensors_hal: timestampCalc: Adjusting timestamp for rollover: 635862465202315, -1
12-12 19:42:28.619 15894 15894 D wpa_supplicant: wlan0: Control interface command 'SCAN TYPE=ONLY scan_id=3'
12-12 19:42:28.620 15894 15894 D wpa_supplicant: wlan0: Setting scan request: 0.000000 sec
12-12 19:42:28.620 15894 15894 D wpa_supplicant: Scan SSID (manual request): \xe7\xba\xa2\xe7\xb1\xb3\xe6\x89\x8b\xe6\x9c\xba
12-12 19:42:28.620 15894 15894 D wpa_supplicant: wlan0: Starting AP scan for wildcard SSID
12-12 19:42:28.620 15894 15894 D wpa_supplicant: wlan0: Add radio work 'scan'@0x7f9a22e540
12-12 19:42:28.621 15894 15894 D wpa_supplicant: wlan0: First radio work item in the queue - schedule start immediately
12-12 19:42:28.621 15894 15894 D wpa_supplicant: wlan0: Starting radio work 'scan'@0x7f9a22e540 after 0.000235 second wait
12-12 19:42:28.621 15894 15894 D wpa_supplicant: wlan0: nl80211: scan request
12-12 19:42:28.621 15894 15894 D wpa_supplicant: nl80211: Scan SSID - hexdump(len=12): e7 ba a2 e7 b1 b3 e6 89 8b e6 9c ba
12-12 19:42:28.621 15894 15894 D wpa_supplicant: nl80211: Scan SSID - hexdump(len=0): [NULL]
12-12 19:42:28.621 15894 15894 D wpa_supplicant: nl80211: Scan extra IEs - hexdump(len=7): 7f 05 00 00 0a 02 01
12-12 19:42:28.623 15894 15894 D wpa_supplicant: Scan requested (ret=0) - scan timeout 30 seconds
12-12 19:42:28.624 15894 15894 D wpa_supplicant: nl80211: Event message available
12-12 19:42:28.624 15894 15894 D wpa_supplicant: nl80211: Drv Event 33 (NL80211_CMD_TRIGGER_SCAN) received for wlan0
12-12 19:42:28.624 15894 15894 D wpa_supplicant: wlan0: nl80211: Scan trigger
12-12 19:42:28.624 15894 15894 D wpa_supplicant: wlan0: Event SCAN_STARTED (47) received
12-12 19:42:28.624 15894 15894 D wpa_supplicant: wlan0: Own scan request started a scan in 0.000704 seconds
12-12 19:42:28.665  1667  1750 W qti_sensors_hal: timestampCalc: Adjusting timestamp for rollover: 635862525871260, -1
12-12 19:42:28.726  1667  1750 W qti_sensors_hal: timestampCalc: Adjusting timestamp for rollover: 635862586601240, -1
12-12 19:42:28.755 15894 15894 D wpa_supplicant: wlan0: Control interface command 'SIGNAL_POLL'
12-12 19:42:28.787  1667  1750 W qti_sensors_hal: timestampCalc: Adjusting timestamp for rollover: 635862647300703, -1
12-12 19:42:28.847  1667  1750 W qti_sensors_hal: timestampCalc: Adjusting timestamp for rollover: 635862708000166, -1
12-12 19:42:28.908  1667  1750 W qti_sensors_hal: timestampCalc: Adjusting timestamp for rollover: 635862768699629, -1
12-12 19:42:28.969  1667  1750 W qti_sensors_hal: timestampCalc: Adjusting timestamp for rollover: 635862829399092, -1
12-12 19:42:29.031  1667  1750 W qti_sensors_hal: timestampCalc: Adjusting timestamp for rollover: 635862890098555, -1
12-12 19:42:29.091  1667  1750 W qti_sensors_hal: timestampCalc: Adjusting timestamp for rollover: 635862950828535, -1
12-12 19:42:29.151  1667  1750 W qti_sensors_hal: timestampCalc: Adjusting timestamp for rollover: 635863011497481, -1
12-12 19:42:29.212  1667  1750 W qti_sensors_hal: timestampCalc: Adjusting timestamp for rollover: 635863072227461, -1
12-12 19:42:29.272  1667  1750 W qti_sensors_hal: timestampCalc: Adjusting timestamp for rollover: 635863132957442, -1
12-12 19:42:29.333  1667  1750 W qti_sensors_hal: timestampCalc: Adjusting timestamp for rollover: 635863193626387, -1
12-12 19:42:29.394  1667  1750 W qti_sensors_hal: timestampCalc: Adjusting timestamp for rollover: 635863254325850, -1
12-12 19:42:29.455  1667  1750 W qti_sensors_hal: timestampCalc: Adjusting timestamp for rollover: 635863315025313, -1
12-12 19:42:29.516  1667  1750 W qti_sensors_hal: timestampCalc: Adjusting timestamp for rollover: 635863375785811, -1
12-12 19:42:29.576  1667  1750 W qti_sensors_hal: timestampCalc: Adjusting timestamp for rollover: 635863436485274, -1
12-12 19:42:29.637  1667  1750 W qti_sensors_hal: timestampCalc: Adjusting timestamp for rollover: 635863497215254, -1
12-12 19:42:29.698  1667  1750 W qti_sensors_hal: timestampCalc: Adjusting timestamp for rollover: 635863557853682, -1
12-12 19:42:29.720   894   894 I MSM-irqbalance: Decided to move IRQ5 from CPU1 [P:0] to CPU6 [P:1] (banned)
12-12 19:42:29.721   894   894 I MSM-irqbalance: Decided to move IRQ3 from CPU1 [P:0] to CPU4 [P:1] (banned)
12-12 19:42:29.722   894   894 I MSM-irqbalance: Decided to move IRQ5 from CPU2 [P:0] to CPU7 [P:1] (banned)
12-12 19:42:29.723   894   894 I MSM-irqbalance: Decided to move IRQ3 from CPU2 [P:0] to CPU5 [P:1] (banned)
12-12 19:42:29.723   894   894 I MSM-irqbalance: Decided to move IRQ5 from CPU0 [P:0] to CPU6 [P:1] (banned)
12-12 19:42:29.724   894   894 I MSM-irqbalance: Decided to move IRQ3 from CPU0 [P:0] to CPU4 [P:1] (banned)
12-12 19:42:29.725   894   894 I MSM-irqbalance: Decided to move IRQ5 from CPU3 [P:0] to CPU7 [P:1] (banned)
12-12 19:42:29.726   894   894 I MSM-irqbalance: Decided to move IRQ3 from CPU3 [P:0] to CPU5 [P:1] (banned)
12-12 19:42:29.758  1667  1750 W qti_sensors_hal: timestampCalc: Adjusting timestamp for rollover: 635863618583662, -1
12-12 19:42:29.819  1667  1750 W qti_sensors_hal: timestampCalc: Adjusting timestamp for rollover: 635863679313643, -1
12-12 19:42:29.880  1667  1750 W qti_sensors_hal: timestampCalc: Adjusting timestamp for rollover: 635863740013106, -1
12-12 19:42:29.940  1667  1750 W qti_sensors_hal: timestampCalc: Adjusting timestamp for rollover: 635863800712569, -1
12-12 19:42:30.001  1667  1750 W qti_sensors_hal: timestampCalc: Adjusting timestamp for rollover: 635863861412031, -1
12-12 19:42:30.021   747   747 E pttSocketApp:          aniAsfIpc.c:971 Error(105):Recv failed, ipcPtr [0xb3031000], sd 5
12-12 19:42:30.022   747   747 E pttSocketApp:       pttSocketApp.c:759 IPC Recv failed
12-12 19:42:30.022   747   747 E WLAN_PSA: NL MSG RCV err -1 105
12-12 19:42:30.062  1667  1750 W qti_sensors_hal: timestampCalc: Adjusting timestamp for rollover: 635863922111494, -1
12-12 19:42:30.122  1667  1750 W qti_sensors_hal: timestampCalc: Adjusting timestamp for rollover: 635863982810957, -1
12-12 19:42:30.183  1667  1750 W qti_sensors_hal: timestampCalc: Adjusting timestamp for rollover: 635864043540938, -1
12-12 19:42:30.244  1667  1750 W qti_sensors_hal: timestampCalc: Adjusting timestamp for rollover: 635864104240401, -1
12-12 19:42:30.305  1667  1750 W qti_sensors_hal: timestampCalc: Adjusting timestamp for rollover: 635864164909346, -1
12-12 19:42:30.366  1667  1750 W qti_sensors_hal: timestampCalc: Adjusting timestamp for rollover: 635864225669844, -1
12-12 19:42:30.426  1667  1750 W qti_sensors_hal: timestampCalc: Adjusting timestamp for rollover: 635864286338789, -1
12-12 19:42:30.487  1667  1750 W qti_sensors_hal: timestampCalc: Adjusting timestamp for rollover: 635864347038252, -1
12-12 19:42:30.547  1667  1750 W qti_sensors_hal: timestampCalc: Adjusting timestamp for rollover: 635864407737715, -1
12-12 19:42:30.608  1667  1750 W qti_sensors_hal: timestampCalc: Adjusting timestamp for rollover: 635864468406660, -1
12-12 19:42:30.669  1667  1750 W qti_sensors_hal: timestampCalc: Adjusting timestamp for rollover: 635864529136641, -1
12-12 19:42:30.730  1667  1750 W qti_sensors_hal: timestampCalc: Adjusting timestamp for rollover: 635864589805586, -1
12-12 19:42:30.790  1667  1750 W qti_sensors_hal: timestampCalc: Adjusting timestamp for rollover: 635864650535567, -1
12-12 19:42:30.827  4702  4705 I RTPS_PDP: ResendDiscoveryData Period
12-12 19:42:30.827  4702  4705 I RTPS_PDP: Announcing RTPSParticipant State (new change: 0)
12-12 19:42:30.828  4702  4706 I RTPS_WRITER: Sending relevant changes as DATA/DATA_FRAG messages
12-12 19:42:30.828  4702  4706 I RTPS_WRITER: Sending INFO_TS message
12-12 19:42:30.828  4702  4706 I RTPS_WRITER: endpoint: 0.1.0.c2, destinations: 
12-12 19:42:30.828  4702  4706 I RTPS_WRITER: Finish sending unsent changes
12-12 19:42:30.850  1667  1750 W qti_sensors_hal: timestampCalc: Adjusting timestamp for rollover: 635864711265547, -1
12-12 19:42:30.911  1667  1750 W qti_sensors_hal: timestampCalc: Adjusting timestamp for rollover: 635864771965010, -1
12-12 19:42:30.972  1667  1750 W qti_sensors_hal: timestampCalc: Adjusting timestamp for rollover: 635864832664473, -1
12-12 19:42:31.033  1667  1750 W qti_sensors_hal: timestampCalc: Adjusting timestamp for rollover: 635864893363936, -1
12-12 19:42:31.093  1667  1750 W qti_sensors_hal: timestampCalc: Adjusting timestamp for rollover: 635864954093916, -1
12-12 19:42:31.154  1667  1750 W qti_sensors_hal: timestampCalc: Adjusting timestamp for rollover: 635865014793379, -1
12-12 19:42:31.215  1667  1750 W qti_sensors_hal: timestampCalc: Adjusting timestamp for rollover: 635865075492842, -1
12-12 19:42:31.276  1667  1750 W qti_sensors_hal: timestampCalc: Adjusting timestamp for rollover: 635865136192305, -1
12-12 19:42:31.291 15894 15894 D wpa_supplicant: nl80211: Event message available
12-12 19:42:31.292 15894 15894 D wpa_supplicant: nl80211: Drv Event 34 (NL80211_CMD_NEW_SCAN_RESULTS) received for wlan0
12-12 19:42:31.292 15894 15894 D wpa_supplicant: wlan0: nl80211: New scan results available
12-12 19:42:31.292 15894 15894 D wpa_supplicant: nl80211: Scan probed for SSID '\xe7\xba\xa2\xe7\xb1\xb3\xe6\x89\x8b\xe6\x9c\xba'
12-12 19:42:31.292 15894 15894 D wpa_supplicant: nl80211: Scan probed for SSID ''
12-12 19:42:31.292 15894 15894 D wpa_supplicant: nl80211: Scan included frequencies: 2412 2417 2422 2427 2432 2437 2442 2447 2452 2457 2462 2467 2472 5180 5200 5220 5240 5260 5280 5300 5320 5745 5765 5785 5805 5825
12-12 19:42:31.292 15894 15894 D wpa_supplicant: wlan0: Event SCAN_RESULTS (3) received
12-12 19:42:31.293 15894 15894 D wpa_supplicant: wlan0: Scan completed in 2.668397 seconds
12-12 19:42:31.293 15894 15894 D wpa_supplicant: nl80211: Associated on 5745 MHz
12-12 19:42:31.293 15894 15894 D wpa_supplicant: nl80211: Associated with a4:2b:8c:16:15:a4
12-12 19:42:31.294 15894 15894 D wpa_supplicant: nl80211: Received scan results (73 BSSes)
12-12 19:42:31.295 15894 15894 D wpa_supplicant: nl80211: Scan results indicate BSS status with a4:2b:8c:16:15:a4 as associated
12-12 19:42:31.295 15894 15894 D wpa_supplicant: wlan0: BSS: Start scan result update 1172
12-12 19:42:31.296 15894 15894 D wpa_supplicant: wlan0: BSS: Add new id 9377 BSSID 50:d2:f5:03:d2:0a SSID 'Xiaomi_ssssssssssssssssssss' freq 2417
12-12 19:42:31.296 15894 15894 D wpa_supplicant: wlan0: BSS: Add new id 9378 BSSID 8c:be:be:44:f5:9f SSID 'DianOffice' freq 5785
12-12 19:42:31.297 15894 15894 D wpa_supplicant: wlan0: BSS: Add new id 9379 BSSID 28:6c:07:57:ee:31 SSID '!xiaomi_test_ls' freq 5805
12-12 19:42:31.297 15894 15894 D wpa_supplicant: wlan0: BSS: Add new id 9380 BSSID 48:4a:e9:9f:ee:e0 SSID 'MIOffice-2.4G' freq 2462
12-12 19:42:31.298 15894 15894 D wpa_supplicant: wlan0: BSS: Add new id 9381 BSSID 64:09:80:67:d3:4c SSID 'Xiaomi_OuO_5G' freq 5785
12-12 19:42:31.299 15894 15894 D wpa_supplicant: wlan0: BSS: Remove id 9361 BSSID 0c:2c:54:b2:e1:95 SSID '\x00\x00\x00\x00\x00\x00\x00\x00\x00\x00\x00\x00\x00\x00\x00\x00\x00\x00\x00\x00\x00\x00\x00\x00\x00\x00\x00\x00\x00\x00\x00\x00' due to no match in scan
12-12 19:42:31.299 15894 15894 D wpa_supplicant: wlan0: BSS: Remove id 9326 BSSID 8c:53:c3:3b:df:0a SSID 'Xiaomi_DF099' due to no match in scan
12-12 19:42:31.300 15894 15894 D wpa_supplicant: wlan0: BSS: Remove id 9337 BSSID 48:4a:e9:9e:22:c0 SSID 'MIOffice-2.4G' due to no match in scan
12-12 19:42:31.300 15894 15894 D wpa_supplicant: wlan0: BSS: Remove id 9333 BSSID 48:4a:e9:9e:22:c1 SSID 'MIOT' due to no match in scan
12-12 19:42:31.300 15894 15894 D wpa_supplicant: wlan0: BSS: Remove id 9351 BSSID 50:64:2b:7e:44:be SSID 'normanren_5G' due to no match in scan
12-12 19:42:31.301 15894 15894 D wpa_supplicant: wlan0: BSS: Remove id 9369 BSSID 48:4a:e9:a0:62:c0 SSID 'MIOffice-2.4G' due to no match in scan
12-12 19:42:31.301 15894 15894 D wpa_supplicant: wlan0: BSS: Remove id 9356 BSSID ec:41:18:4e:d4:54 SSID 'Xiaomi_xyz' due to no match in scan
12-12 19:42:31.301 15894 15894 D wpa_supplicant: wlan0: BSS: Remove id 9372 BSSID f0:b4:29:fe:fe:fc SSID 'handsome_5G' due to no match in scan
12-12 19:42:31.302 15894 15894 D wpa_supplicant: wlan0: BSS: Remove id 9367 BSSID 52:64:2b:6e:44:bd SSID '  \xe5\xb0\x8f\xe7\xb1\xb3\xe5\x85\xb1\xe4\xba\xabWiFi_44BC' due to no match in scan
12-12 19:42:31.302 15894 15894 D wpa_supplicant: BSS: last_scan_res_used=73/128
12-12 19:42:31.302 15894 15894 D wpa_supplicant: wlan0: Scan-only results received
12-12 19:42:31.303 15894 15894 D wpa_supplicant: wlan0: Radio work 'scan'@0x7f9a22e540 done in 2.681867 seconds
12-12 19:42:31.303 15894 15894 D wpa_supplicant: wlan0: radio_work_free('scan'@0x7f9a22e540: num_active_works --> 0
12-12 19:42:31.303 15894 15894 D wpa_supplicant: wlan0: Control interface command 'SCAN_RESULTS'
12-12 19:42:31.310 15894 15894 D wpa_supplicant: wlan0: Control interface command 'SCAN_RESULTS'
12-12 19:42:31.336  1667  1750 W qti_sensors_hal: timestampCalc: Adjusting timestamp for rollover: 635865196891768, -1
12-12 19:42:31.384  1667  1879 I AppScanObserverService: Start to match app observer
12-12 19:42:31.396  1667  1750 W qti_sensors_hal: timestampCalc: Adjusting timestamp for rollover: 635865257621748, -1
12-12 19:42:31.397  1667  1830 D WifiQualifiedNetworkSelector:: ==========start qualified Network Selection==========
12-12 19:42:31.398  1667  1830 D WifiQualifiedNetworkSelector:: Current network is: "NETGEAR65-5G" ,ID is: 4
12-12 19:42:31.398  1667  1830 D WifiQualifiedNetworkSelector:: Quit qualified Network Selection since it is not forced and current network is qualified already
12-12 19:42:31.440 29106 29106 W Settings: Setting device_provisioned has moved from android.provider.Settings.Secure to android.provider.Settings.Global.
12-12 19:42:31.442 29106 29106 W Settings: Setting device_provisioned has moved from android.provider.Settings.Secure to android.provider.Settings.Global.
12-12 19:42:31.444 29106 29106 W Settings: Setting device_provisioned has moved from android.provider.Settings.Secure to android.provider.Settings.Global.
12-12 19:42:31.457  1667  1750 W qti_sensors_hal: timestampCalc: Adjusting timestamp for rollover: 635865318351729, -1
12-12 19:42:31.518  1667  1750 W qti_sensors_hal: timestampCalc: Adjusting timestamp for rollover: 635865379020674, -1
12-12 19:42:31.529   747   747 E pttSocketApp:          aniAsfIpc.c:971 Error(105):Recv failed, ipcPtr [0xb3031000], sd 5
12-12 19:42:31.529   747   747 E pttSocketApp:       pttSocketApp.c:759 IPC Recv failed
12-12 19:42:31.529   747   747 E WLAN_PSA: NL MSG RCV err -1 105
12-12 19:42:31.579  1667  1750 W qti_sensors_hal: timestampCalc: Adjusting timestamp for rollover: 635865439720137, -1
12-12 19:42:31.640  1667  1750 W qti_sensors_hal: timestampCalc: Adjusting timestamp for rollover: 635865500450117, -1
12-12 19:42:31.682  4702  4707 I RTCP_MSG_IN: Received RTCP MSG. Logical Port 0
12-12 19:42:31.682  4702  4707 I RTCP_MSG: Receive [KEEP_ALIVE_REQUEST]
12-12 19:42:31.683  4702  4707 I RTCP_MSG_IN: Received RTCP MSG. Logical Port 0
12-12 19:42:31.683  4702  4707 I RTCP_MSG: Receive [OPEN_LOGICAL_PORT_REQUEST] LogicalPort: 7410
12-12 19:42:31.683  4702  4707 I RTCP_MSG: Send [OPEN_LOGICAL_PORT_RESPONSE] Not found: 7410
12-12 19:42:31.684  4702  4707 I RTCP_MSG_IN: Received RTCP MSG. Logical Port 7412
12-12 19:42:31.684  4702  4707 I RTCP_MSG_IN: [RECEIVE] From: 192.168.1.69:485768842 - 200 bytes.
12-12 19:42:31.684  4702  4707 I RTPS_RECV: local locator: 192.168.1.69:16010,remote locator: 192.168.1.69:485768842
12-12 19:42:31.685  4702  4707 I RTPS_MSG_IN: (ID:547736253520) InfoTS Submsg received, processing...
12-12 19:42:31.685  4702  4707 I RTPS_MSG_IN: (ID:547736253520) Data Submsg received, processing. locator: 192.168.1.69:485768842
12-12 19:42:31.685  4702  4707 I RTPS_MSG_IN: (ID:547736253520) from Writer 1.f.c0.1e.8a.3e.0.0.1.0.0.0|0.1.0.c2; possible RTPSReaders: 4
12-12 19:42:31.685  4702  4707 I RTPS_MSG_IN: (ID:547736253520) Trying to add change 1 TO reader: 0.1.0.c7
12-12 19:42:31.686  4702  4707 I RTPS_HISTORY: Change 1 added with 144 bytes
12-12 19:42:31.686  4702  4707 I RTPS_PDP: SPDP Message received
12-12 19:42:31.687  4702  4707 I RTPS_PDP: Announcing RTPSParticipant State (new change: 0)
12-12 19:42:31.687  4702  4707 I RTPS_PDP: For RTPSParticipant: 1.f.c0.1e.8a.3e.0.0.1.0.0.0
12-12 19:42:31.687  4702  4706 I RTPS_WRITER: Sending relevant changes as DATA/DATA_FRAG messages
12-12 19:42:31.687  4702  4706 I RTPS_WRITER: Sending INFO_TS message
12-12 19:42:31.687  4702  4707 I RTPS_READER: Writer 1.f.c0.1e.8a.3e.0.0.1.0.0.0|0.1.0.c2 added to 0.1.0.c7
12-12 19:42:31.688  4702  4706 I RTPS_WRITER: endpoint: 0.1.0.c2, destinations: 
12-12 19:42:31.688  4702  4706 I RTPS_WRITER: Finish sending unsent changes
12-12 19:42:31.688  4702  4707 I RTCP    : Called to OpenOutputChannel (physical: 16010; logical: 7412) @ 0.0.0.0@192.168.1.69:485768842
12-12 19:42:31.689  4702  4707 I RTCP_MSG: Send [OPEN_LOGICAL_PORT_REQUEST] LogicalPort: 7412
12-12 19:42:31.689  4702  4707 I RTPS_WRITER: Reader 1.f.c0.1e.8a.3e.0.0.1.0.0.0|0.1.0.c7 added to 0.1.0.c2
12-12 19:42:31.690  4702  4707 I RTPS_EDP: New DPD received, adding remote endpoints to our SimpleEDP endpoints
12-12 19:42:31.690  4702  4707 I RTPS_EDP: Adding SEDP Pub Writer to my Pub Reader
12-12 19:42:31.690  4702  4706 I RTPS_WRITER: Sending relevant changes as DATA/DATA_FRAG messages
12-12 19:42:31.690  4702  4706 I RTPS_WRITER: Sending INFO_TS message
12-12 19:42:31.690  4702  4706 I RTPS_WRITER: endpoint: 0.1.0.c2, destinations: 192.168.1.69:485768842,
12-12 19:42:31.691  4702  4706 I RTPS_WRITER: Finish sending unsent changes
12-12 19:42:31.691  4702  4707 I RTPS_READER: Writer Proxy created in reader: 0.0.3.c7
12-12 19:42:31.692  4702  4707 I RTPS_READER: Writer Proxy 1.f.c0.1e.8a.3e.0.0.1.0.0.0|0.0.3.c2 added to 0.0.3.c7
12-12 19:42:31.692  4702  4707 I RTPS_EDP: Adding SEDP Pub Reader to my Pub Writer
12-12 19:42:31.693  4702  4707 I RTPS_WRITER: Reader Proxy started
12-12 19:42:31.694  4702  4707 I RTPS_WRITER: 0.0.3.c2 Sending Heartbeat (1 - 1)
12-12 19:42:31.694  4702  4707 I RTPS_WRITER: endpoint: 0.0.3.c2, destinations: 192.168.1.69:485768842,
12-12 19:42:31.694  4702  4707 I RTPS_WRITER: Reader Proxy 1.f.c0.1e.8a.3e.0.0.1.0.0.0|0.0.3.c7 added to 0.0.3.c2 with 1(u)-0(m) locators
12-12 19:42:31.695  4702  4707 I RTPS_EDP: Adding SEDP Sub Writer to my Sub Reader
12-12 19:42:31.696  4702  4707 I RTPS_READER: Writer Proxy created in reader: 0.0.4.c7
12-12 19:42:31.696  4702  4707 I RTPS_READER: Writer Proxy 1.f.c0.1e.8a.3e.0.0.1.0.0.0|0.0.4.c2 added to 0.0.4.c7
12-12 19:42:31.696  4702  4707 I RTPS_EDP: Adding SEDP Sub Reader to my Sub Writer
12-12 19:42:31.697  4702  4707 I RTPS_WRITER: Reader Proxy started
12-12 19:42:31.697  4702  4707 I RTPS_WRITER: 0.0.4.c2 Sending Heartbeat (1 - 0)
12-12 19:42:31.698  4702  4707 I RTPS_WRITER: endpoint: 0.0.4.c2, destinations: 192.168.1.69:485768842,
12-12 19:42:31.698  4702  4707 I RTPS_WRITER: Reader Proxy 1.f.c0.1e.8a.3e.0.0.1.0.0.0|0.0.4.c7 added to 0.0.4.c2 with 1(u)-0(m) locators
12-12 19:42:31.698  4702  4707 I RTPS_LIVELINESS: Adding remote writer to my local Builtin Reader
12-12 19:42:31.699  4702  4707 I RTPS_READER: Writer Proxy created in reader: 0.2.0.c7
12-12 19:42:31.699  4702  4707 I RTPS_READER: Writer Proxy 1.f.c0.1e.8a.3e.0.0.1.0.0.0|0.2.0.c2 added to 0.2.0.c7
12-12 19:42:31.700  4702  4707 I RTPS_LIVELINESS: Adding remote reader to my local Builtin Writer
12-12 19:42:31.700  1667  1750 W qti_sensors_hal: timestampCalc: Adjusting timestamp for rollover: 635865561119063, -1
12-12 19:42:31.702  4702  4707 I RTPS_WRITER: Reader Proxy started
12-12 19:42:31.703  4702  4707 I RTPS_WRITER: 0.2.0.c2 Sending Heartbeat (1 - 0)
12-12 19:42:31.703  4702  4707 I RTPS_WRITER: endpoint: 0.2.0.c2, destinations: 192.168.1.69:485768842,
12-12 19:42:31.704  4702  4707 I RTPS_WRITER: Reader Proxy 1.f.c0.1e.8a.3e.0.0.1.0.0.0|0.2.0.c7 added to 0.2.0.c2 with 1(u)-0(m) locators
12-12 19:42:31.704  4702  4707 I RTPS_PARTICIPANT: 1.f.c0.1e.8a.3e.0.0.1.0.0.0|0.0.1.c1
12-12 19:42:31.704  4702  4707 I RTPS_HISTORY: Removing change 1
12-12 19:42:31.704  4702  4707 I RTPS_MSG_IN: (ID:547736253520) Sub Message DATA processed
12-12 19:42:31.705  4702  4707 I RTCP_MSG_IN: Received RTCP MSG. Logical Port 0
12-12 19:42:31.705  4702  4707 I RTCP_MSG: Receive [OPEN_LOGICAL_PORT_REQUEST] LogicalPort: 7414
12-12 19:42:31.705  4702  4707 I RTCP_MSG: Send [OPEN_LOGICAL_PORT_RESPONSE] Not found: 7414
12-12 19:42:31.706  4702  4707 I RTCP_MSG_IN: Received RTCP MSG. Logical Port 0
12-12 19:42:31.706  4702  4707 I RTCP_MSG: Receive [OPEN_LOGICAL_PORT_REQUEST] LogicalPort: 7416
12-12 19:42:31.706  4702  4707 I RTCP_MSG: Send [OPEN_LOGICAL_PORT_RESPONSE] Not found: 7416
12-12 19:42:31.707  4702  4707 I RTCP_MSG_IN: Received RTCP MSG. Logical Port 0
12-12 19:42:31.707  4702  4707 I RTCP_MSG: Receive [CHECK_LOGICAL_PORT_REQUEST]
12-12 19:42:31.707  4702  4707 I RTCP    : FoundOpenedLogicalPort: 7412
12-12 19:42:31.710  4702  4707 I RTCP_MSG_IN: Received RTCP MSG. Logical Port 0
12-12 19:42:31.711  4702  4707 I RTCP_MSG: Receive [OPEN_LOGICAL_PORT_RESPONSE]
12-12 19:42:31.711  4702  4707 I RTCP    : OpenedLogicalPort: 7412
12-12 19:42:31.715  4702  4707 I RTCP_MSG_IN: Received RTCP MSG. Logical Port 0
12-12 19:42:31.715  4702  4707 I RTCP_MSG: Receive [CHECK_LOGICAL_PORT_REQUEST]
12-12 19:42:31.715  4702  4707 I RTCP    : FoundOpenedLogicalPort: 7413
12-12 19:42:31.719  4702  4707 I RTCP_MSG_IN: Received RTCP MSG. Logical Port 0
12-12 19:42:31.720  4702  4707 I RTCP_MSG: Receive [CHECK_LOGICAL_PORT_REQUEST]
12-12 19:42:31.720  4702  4707 I RTCP    : FoundOpenedLogicalPort: 7413
12-12 19:42:31.762  1667  1750 W qti_sensors_hal: timestampCalc: Adjusting timestamp for rollover: 635865621818526, -1
12-12 19:42:31.762  4702  4705 I RTPS_READER: Sending ACKNACK: 0:
12-12 19:42:31.763  4702  4705 I RTPS_WRITER: endpoint: 0.0.3.c7, destinations: 192.168.1.69:485768842,
12-12 19:42:31.764 15894 15894 D wpa_supplicant: wlan0: Control interface command 'SIGNAL_POLL'
12-12 19:42:31.767  4702  4705 I RTPS_READER: Sending ACKNACK: 0:
12-12 19:42:31.768  4702  4705 I RTPS_WRITER: endpoint: 0.0.4.c7, destinations: 192.168.1.69:485768842,
12-12 19:42:31.769  4702  4705 I RTPS_READER: Sending ACKNACK: 0:
12-12 19:42:31.770  4702  4705 I RTPS_WRITER: endpoint: 0.2.0.c7, destinations: 192.168.1.69:485768842,
12-12 19:42:31.822  1667  1750 W qti_sensors_hal: timestampCalc: Adjusting timestamp for rollover: 635865682548506, -1
12-12 19:42:31.883  1667  1750 W qti_sensors_hal: timestampCalc: Adjusting timestamp for rollover: 635865743247969, -1
12-12 19:42:31.944  1667  1750 W qti_sensors_hal: timestampCalc: Adjusting timestamp for rollover: 635865803977949, -1
12-12 19:42:32.004  1667  1750 W qti_sensors_hal: timestampCalc: Adjusting timestamp for rollover: 635865864677412, -1
12-12 19:42:32.065  1667  1750 W qti_sensors_hal: timestampCalc: Adjusting timestamp for rollover: 635865925346358, -1
12-12 19:42:32.126  1667  1750 W qti_sensors_hal: timestampCalc: Adjusting timestamp for rollover: 635865986106856, -1
12-12 19:42:32.186  1667  1750 W qti_sensors_hal: timestampCalc: Adjusting timestamp for rollover: 635866046775801, -1
12-12 19:42:32.247  1667  1750 W qti_sensors_hal: timestampCalc: Adjusting timestamp for rollover: 635866107475264, -1
12-12 19:42:32.308  1667  1750 W qti_sensors_hal: timestampCalc: Adjusting timestamp for rollover: 635866168174727, -1
12-12 19:42:32.369  1667  1750 W qti_sensors_hal: timestampCalc: Adjusting timestamp for rollover: 635866228904707, -1
12-12 19:42:32.429  1667  1750 W qti_sensors_hal: timestampCalc: Adjusting timestamp for rollover: 635866289604170, -1
12-12 19:42:32.490  1667  1750 W qti_sensors_hal: timestampCalc: Adjusting timestamp for rollover: 635866350303633, -1
12-12 19:42:32.551  1667  1750 W qti_sensors_hal: timestampCalc: Adjusting timestamp for rollover: 635866411003096, -1
12-12 19:42:32.612  1667  1750 W qti_sensors_hal: timestampCalc: Adjusting timestamp for rollover: 635866471733076, -1
12-12 19:42:32.672  1667  1750 W qti_sensors_hal: timestampCalc: Adjusting timestamp for rollover: 635866532432539, -1
12-12 19:42:32.696  4702  4705 I RTPS_WRITER: 0.0.3.c2 Sending Heartbeat (1 - 1)
12-12 19:42:32.696  4702  4705 I RTPS_WRITER: endpoint: 0.0.3.c2, destinations: 192.168.1.69:485768842,
12-12 19:42:32.735  1667  1750 W qti_sensors_hal: timestampCalc: Adjusting timestamp for rollover: 635866593162520, -1
12-12 19:42:32.738  1667  7204 D PerfShielderService: com.android.settings|com.android.settings-com-118431799|151|378341020200465|87|3|2
12-12 19:42:32.740  2907  2920 W MiuiPerfServiceClient: interceptAndQueuing:29106|com.android.settings|151|87|unknown|null|com.android.settings-com-118431799|378341020200465|Slow handle traversal|2
12-12 19:42:32.797  1667  1750 W qti_sensors_hal: timestampCalc: Adjusting timestamp for rollover: 635866653861983, -1
12-12 19:42:32.854  1667  1750 W qti_sensors_hal: timestampCalc: Adjusting timestamp for rollover: 635866714561445, -1
12-12 19:42:32.915  1667  1750 W qti_sensors_hal: timestampCalc: Adjusting timestamp for rollover: 635866775291426, -1
12-12 19:42:32.975  1667  1750 W qti_sensors_hal: timestampCalc: Adjusting timestamp for rollover: 635866835960371, -1
12-12 19:42:33.036  1667  1750 W qti_sensors_hal: timestampCalc: Adjusting timestamp for rollover: 635866896690352, -1
12-12 19:42:33.097  1667  1750 W qti_sensors_hal: timestampCalc: Adjusting timestamp for rollover: 635866957389815, -1
12-12 19:42:33.158  1667  1750 W qti_sensors_hal: timestampCalc: Adjusting timestamp for rollover: 635867018089278, -1
12-12 19:42:33.219  1667  1750 W qti_sensors_hal: timestampCalc: Adjusting timestamp for rollover: 635867078788740, -1
12-12 19:42:33.279  1667  1750 W qti_sensors_hal: timestampCalc: Adjusting timestamp for rollover: 635867139518721, -1
12-12 19:42:33.340  1667  1750 W qti_sensors_hal: timestampCalc: Adjusting timestamp for rollover: 635867200218184, -1
12-12 19:42:33.401  1667  1750 W qti_sensors_hal: timestampCalc: Adjusting timestamp for rollover: 635867260917647, -1
12-12 19:42:33.461  1667  1750 W qti_sensors_hal: timestampCalc: Adjusting timestamp for rollover: 635867321647627, -1
12-12 19:42:33.522  1667  1750 W qti_sensors_hal: timestampCalc: Adjusting timestamp for rollover: 635867382347090, -1
12-12 19:42:33.583  1667  1750 W qti_sensors_hal: timestampCalc: Adjusting timestamp for rollover: 635867443046553, -1
12-12 19:42:33.643  1667  1750 W qti_sensors_hal: timestampCalc: Adjusting timestamp for rollover: 635867503776533, -1
12-12 19:42:33.698  4702  4705 I RTPS_WRITER: 0.0.3.c2 Sending Heartbeat (1 - 1)
12-12 19:42:33.698  4702  4705 I RTPS_WRITER: endpoint: 0.0.3.c2, destinations: 192.168.1.69:485768842,
12-12 19:42:33.705  1667  1750 W qti_sensors_hal: timestampCalc: Adjusting timestamp for rollover: 635867564475996, -1
12-12 19:42:33.765  1667  1750 W qti_sensors_hal: timestampCalc: Adjusting timestamp for rollover: 635867625175459, -1
12-12 19:42:33.826  1667  1750 W qti_sensors_hal: timestampCalc: Adjusting timestamp for rollover: 635867685905440, -1
12-12 19:42:33.886  1667  1750 W qti_sensors_hal: timestampCalc: Adjusting timestamp for rollover: 635867746574385, -1
12-12 19:42:33.947  1667  1750 W qti_sensors_hal: timestampCalc: Adjusting timestamp for rollover: 635867807304365, -1
12-12 19:42:34.007  1667  1750 W qti_sensors_hal: timestampCalc: Adjusting timestamp for rollover: 635867868003828, -1
12-12 19:42:34.068  1667  1750 W qti_sensors_hal: timestampCalc: Adjusting timestamp for rollover: 635867928733809, -1
12-12 19:42:34.129  1667  1750 W qti_sensors_hal: timestampCalc: Adjusting timestamp for rollover: 635867989433272, -1
12-12 19:42:34.190  1667  1750 W qti_sensors_hal: timestampCalc: Adjusting timestamp for rollover: 635868050132735, -1
12-12 19:42:34.250  1667  1750 W qti_sensors_hal: timestampCalc: Adjusting timestamp for rollover: 635868110862715, -1
12-12 19:42:34.311  1667  1750 W qti_sensors_hal: timestampCalc: Adjusting timestamp for rollover: 635868171531660, -1
12-12 19:42:34.372  1667  1750 W qti_sensors_hal: timestampCalc: Adjusting timestamp for rollover: 635868232231123, -1
12-12 19:42:34.433  1667  1750 W qti_sensors_hal: timestampCalc: Adjusting timestamp for rollover: 635868292930586, -1
12-12 19:42:34.493  1667  1750 W qti_sensors_hal: timestampCalc: Adjusting timestamp for rollover: 635868353660567, -1
12-12 19:42:34.554  1667  1750 W qti_sensors_hal: timestampCalc: Adjusting timestamp for rollover: 635868414360029, -1
12-12 19:42:34.615  1667  1750 W qti_sensors_hal: timestampCalc: Adjusting timestamp for rollover: 635868475059492, -1
12-12 19:42:34.676  1667  1750 W qti_sensors_hal: timestampCalc: Adjusting timestamp for rollover: 635868535758955, -1
12-12 19:42:34.700  4702  4705 I RTPS_WRITER: 0.0.3.c2 Sending Heartbeat (1 - 1)
12-12 19:42:34.700  4702  4705 I RTPS_WRITER: endpoint: 0.0.3.c2, destinations: 192.168.1.69:485768842,
12-12 19:42:34.730   894   894 I MSM-irqbalance: Decided to move IRQ5 from CPU3 [P:0] to CPU6 [P:1] (banned)
12-12 19:42:34.732   894   894 I MSM-irqbalance: Decided to move IRQ3 from CPU3 [P:0] to CPU4 [P:1] (banned)
12-12 19:42:34.733   894   894 I MSM-irqbalance: Decided to move IRQ5 from CPU2 [P:0] to CPU7 [P:1] (banned)
12-12 19:42:34.734   894   894 I MSM-irqbalance: Decided to move IRQ3 from CPU2 [P:0] to CPU5 [P:1] (banned)
12-12 19:42:34.735   894   894 I MSM-irqbalance: Decided to move IRQ5 from CPU0 [P:0] to CPU6 [P:1] (banned)
12-12 19:42:34.736   894   894 I MSM-irqbalance: Decided to move IRQ3 from CPU0 [P:0] to CPU4 [P:1] (banned)
12-12 19:42:34.736  1667  1750 W qti_sensors_hal: timestampCalc: Adjusting timestamp for rollover: 635868596519453, -1
12-12 19:42:34.737   894   894 I MSM-irqbalance: Decided to move IRQ5 from CPU1 [P:0] to CPU7 [P:1] (banned)
12-12 19:42:34.737   894   894 I MSM-irqbalance: Decided to move IRQ3 from CPU1 [P:0] to CPU5 [P:1] (banned)
12-12 19:42:34.775 15894 15894 D wpa_supplicant: wlan0: Control interface command 'SIGNAL_POLL'
12-12 19:42:34.797  1667  1750 W qti_sensors_hal: timestampCalc: Adjusting timestamp for rollover: 635868657218916, -1
12-12 19:42:34.857  1667  1750 W qti_sensors_hal: timestampCalc: Adjusting timestamp for rollover: 635868717918379, -1
12-12 19:42:34.918  1667  1750 W qti_sensors_hal: timestampCalc: Adjusting timestamp for rollover: 635868778648360, -1
12-12 19:42:34.979  1667  1750 W qti_sensors_hal: timestampCalc: Adjusting timestamp for rollover: 635868839347822, -1
12-12 19:42:35.040  1667  1750 W qti_sensors_hal: timestampCalc: Adjusting timestamp for rollover: 635868900047285, -1
12-12 19:42:35.100  1667  1750 W qti_sensors_hal: timestampCalc: Adjusting timestamp for rollover: 635868960746748, -1
12-12 19:42:35.161  1667  1750 W qti_sensors_hal: timestampCalc: Adjusting timestamp for rollover: 635869021446211, -1
12-12 19:42:35.222  1667  1750 W qti_sensors_hal: timestampCalc: Adjusting timestamp for rollover: 635869082176192, -1
12-12 19:42:35.283  1667  1750 W qti_sensors_hal: timestampCalc: Adjusting timestamp for rollover: 635869142845137, -1
12-12 19:42:35.343  1667  1750 W qti_sensors_hal: timestampCalc: Adjusting timestamp for rollover: 635869203605635, -1
12-12 19:42:35.404  1667  1750 W qti_sensors_hal: timestampCalc: Adjusting timestamp for rollover: 635869264274580, -1
12-12 19:42:35.465  1667  1750 W qti_sensors_hal: timestampCalc: Adjusting timestamp for rollover: 635869324974043, -1
12-12 19:42:35.525  1667  1750 W qti_sensors_hal: timestampCalc: Adjusting timestamp for rollover: 635869385673506, -1
12-12 19:42:35.586  1667  1750 W qti_sensors_hal: timestampCalc: Adjusting timestamp for rollover: 635869446403487, -1
12-12 19:42:35.647  1667  1750 W qti_sensors_hal: timestampCalc: Adjusting timestamp for rollover: 635869507072432, -1
12-12 19:42:35.702  4702  4705 I RTPS_WRITER: 0.0.3.c2 Sending Heartbeat (1 - 1)
12-12 19:42:35.702  4702  4705 I RTPS_WRITER: endpoint: 0.0.3.c2, destinations: 192.168.1.69:485768842,
12-12 19:42:35.707  1667  1750 W qti_sensors_hal: timestampCalc: Adjusting timestamp for rollover: 635869567832930, -1
12-12 19:42:35.768  1667  1750 W qti_sensors_hal: timestampCalc: Adjusting timestamp for rollover: 635869628532393, -1
12-12 19:42:35.828  4702  4705 I RTPS_PDP: ResendDiscoveryData Period
12-12 19:42:35.829  1667  1750 W qti_sensors_hal: timestampCalc: Adjusting timestamp for rollover: 635869689231856, -1
12-12 19:42:35.829  4702  4705 I RTPS_PDP: Announcing RTPSParticipant State (new change: 0)
12-12 19:42:35.829  4702  4706 I RTPS_WRITER: Sending relevant changes as DATA/DATA_FRAG messages
12-12 19:42:35.829  4702  4706 I RTPS_WRITER: Sending INFO_TS message
12-12 19:42:35.830  4702  4706 I RTPS_WRITER: endpoint: 0.1.0.c2, destinations: 192.168.1.69:485768842,
12-12 19:42:35.830  4702  4706 I RTPS_WRITER: Finish sending unsent changes
12-12 19:42:35.890  1667  1750 W qti_sensors_hal: timestampCalc: Adjusting timestamp for rollover: 635869749931319, -1
12-12 19:42:35.949  4702  4707 I RTCP_MSG_IN: Received RTCP MSG. Logical Port 0
12-12 19:42:35.949  4702  4707 I RTCP_MSG: Receive [KEEP_ALIVE_REQUEST]
12-12 19:42:35.950  1667  1750 W qti_sensors_hal: timestampCalc: Adjusting timestamp for rollover: 635869810630781, -1
12-12 19:42:35.957  4702  4707 I RTCP_MSG_IN: Received RTCP MSG. Logical Port 0
12-12 19:42:35.957  4702  4707 I RTCP_MSG: Receive [OPEN_LOGICAL_PORT_REQUEST] LogicalPort: 7410
12-12 19:42:35.957  4702  4707 I RTCP_MSG: Send [OPEN_LOGICAL_PORT_RESPONSE] Not found: 7410
12-12 19:42:35.958  4702  4707 I RTCP_MSG_IN: Received RTCP MSG. Logical Port 7412
12-12 19:42:35.958  4702  4707 I RTCP_MSG_IN: [RECEIVE] From: 192.168.1.69:485768842 - 200 bytes.
12-12 19:42:35.959  4702  4707 I RTPS_RECV: local locator: 192.168.1.69:16010,remote locator: 192.168.1.69:485768842
12-12 19:42:35.959  4702  4707 I RTPS_MSG_IN: (ID:547736253520) InfoTS Submsg received, processing...
12-12 19:42:35.959  4702  4707 I RTPS_MSG_IN: (ID:547736253520) Data Submsg received, processing. locator: 192.168.1.69:485768842
12-12 19:42:35.959  4702  4707 I RTPS_MSG_IN: (ID:547736253520) from Writer 1.f.c0.1e.8a.3e.0.0.1.0.0.0|0.1.0.c2; possible RTPSReaders: 4
12-12 19:42:35.960  4702  4707 I RTPS_MSG_IN: (ID:547736253520) Trying to add change 1 TO reader: 0.1.0.c7
12-12 19:42:35.960  4702  4707 I RTPS_MSG_IN: (ID:547736253520) MessageReceiver not add change 1
12-12 19:42:35.960  4702  4707 I RTPS_LIVELINESS: RTPSParticipant 1.f.c0.1e.8a.3e.0.0.1.0.0.0|0.0.1.c1 is Alive
12-12 19:42:35.961  4702  4707 I RTPS_LIVELINESS:  Stopped for Participant_sub with ID: 1.f.c0.1e.8a.3e.0.0.1.0.0.0
12-12 19:42:35.961  4702  4707 I RTPS_MSG_IN: (ID:547736253520) Sub Message DATA processed
12-12 19:42:35.961  4702  4707 I RTCP_MSG_IN: Received RTCP MSG. Logical Port 0
12-12 19:42:35.962  4702  4707 I RTCP_MSG: Receive [OPEN_LOGICAL_PORT_REQUEST] LogicalPort: 7414
12-12 19:42:35.962  4702  4707 I RTCP_MSG: Send [OPEN_LOGICAL_PORT_RESPONSE] Not found: 7414
12-12 19:42:35.962  4702  4707 I RTCP_MSG_IN: Received RTCP MSG. Logical Port 0
12-12 19:42:35.962  4702  4707 I RTCP_MSG: Receive [OPEN_LOGICAL_PORT_REQUEST] LogicalPort: 7416
12-12 19:42:35.963  4702  4707 I RTCP_MSG: Send [OPEN_LOGICAL_PORT_RESPONSE] Not found: 7416
12-12 19:42:35.966  4702  4707 I RTCP_MSG_IN: Received RTCP MSG. Logical Port 7412
12-12 19:42:35.972  4702  4707 I RTCP_MSG_IN: [RECEIVE] From: 192.168.1.69:485768842 - 200 bytes.
12-12 19:42:35.972  4702  4707 I RTPS_RECV: local locator: 192.168.1.69:16010,remote locator: 192.168.1.69:485768842
12-12 19:42:35.972  4702  4707 I RTPS_MSG_IN: (ID:547736253520) InfoTS Submsg received, processing...
12-12 19:42:35.972  4702  4707 I RTPS_MSG_IN: (ID:547736253520) Data Submsg received, processing. locator: 192.168.1.69:485768842
12-12 19:42:35.972  4702  4707 I RTPS_MSG_IN: (ID:547736253520) from Writer 1.f.c0.1e.8a.3e.0.0.1.0.0.0|0.1.0.c2; possible RTPSReaders: 4
12-12 19:42:35.972  4702  4707 I RTPS_MSG_IN: (ID:547736253520) Trying to add change 1 TO reader: 0.1.0.c7
12-12 19:42:35.972  4702  4707 I RTPS_MSG_IN: (ID:547736253520) MessageReceiver not add change 1
12-12 19:42:35.973  4702  4707 I RTPS_LIVELINESS: RTPSParticipant 1.f.c0.1e.8a.3e.0.0.1.0.0.0|0.0.1.c1 is Alive
12-12 19:42:35.973  4702  4707 I RTPS_LIVELINESS:  Stopped for Participant_sub with ID: 1.f.c0.1e.8a.3e.0.0.1.0.0.0
12-12 19:42:35.973  4702  4707 I RTPS_MSG_IN: (ID:547736253520) Sub Message DATA processed
12-12 19:42:35.973  4702  4707 I RTCP_MSG_IN: Received RTCP MSG. Logical Port 7412
12-12 19:42:35.973  4702  4707 I RTCP_MSG_IN: [RECEIVE] From: 192.168.1.69:485768842 - 200 bytes.
12-12 19:42:35.974  4702  4707 I RTPS_RECV: local locator: 192.168.1.69:16010,remote locator: 192.168.1.69:485768842
12-12 19:42:35.974  4702  4707 I RTPS_MSG_IN: (ID:547736253520) InfoTS Submsg received, processing...
