12-05 14:54:31.305 23691 23717 I RTPS_PARTICIPANT:
12-05 14:54:31.309 23691 23719 I RTPS_PARTICIPANT: Thread: 484784477424 created and waiting for tasks.
12-05 14:54:31.312 23691 23717 I RTPS_MSG_IN: Created with CDRMessage of size: 65500
12-05 14:54:31.315 23691 23717 I RTPS_MSG_IN: Created with CDRMessage of size: 65500
12-05 14:54:31.315 23691 23717 I RTPS_PARTICIPANT: RTPSParticipant Created with NO default Unicast Locator List, adding Locators:192.168.43.158:7413,


12-05 14:54:31.315 23691 23717 I RTPS_PDP: Beginning
12-05 14:54:31.315 23691 23717 I RTPS_PDP: Beginning

12-05 14:54:31.315 23691 23717 I RTPS_UTILS: Creating CacheChangePool of size: 26 with payload of size: 5000
12-05 14:54:31.315 23691 23717 I RTPS_UTILS: Static Mode is active, preallocating memory for pool_size elements
12-05 14:54:31.315 23691 23717 I RTPS_UTILS: Allocating group of cache changes of size: 26


12-05 14:54:31.315 23691 23717 I RTPS_PARTICIPANT:  of type BEST_EFFORT
12-05 14:54:31.315 23691 23717 I RTPS_READER: RTPSReader created correctly
12-05 14:54:31.316 23691 23717 I RTPS_READER: Writer |GUID UNKNOWN| added to 0.1.0.c7


12-05 14:54:31.316 23691 23717 I RTPS_UTILS: Creating CacheChangePool of size: 21 with payload of size: 5000
12-05 14:54:31.316 23691 23717 I RTPS_UTILS: Static Mode is active, preallocating memory for pool_size elements
12-05 14:54:31.316 23691 23717 I RTPS_UTILS: Allocating group of cache changes of size: 21


12-05 14:54:31.317 23691 23717 I RTPS_PARTICIPANT:  of type BEST_EFFORT
12-05 14:54:31.317 23691 23717 I RTPS_WRITER: RTPSWriter created
12-05 14:54:31.317 23691 23717 I RTPS_READER: Reader |GUID UNKNOWN| added to 0.1.0.c2


12-05 14:54:31.317 23691 23717 I RTPS_PDP: SPDP Endpoints creation finished
12-05 14:54:31.317 23691 23717 I RTPS_EDP: Beginning Simple Endpoint Discovery Protocol
12-05 14:54:31.317 23691 23717 I RTPS_UTILS: Creating CacheChangePool of size: 21 with payload of size: 5000
12-05 14:54:31.317 23691 23717 I RTPS_UTILS: Static Mode is active, preallocating memory for pool_size elements
12-05 14:54:31.317 23691 23717 I RTPS_UTILS: Allocating group of cache changes of size: 21
12-05 14:54:31.317 23691 23723 I RTPS_WRITER: Finish sending unsent changes
12-05 14:54:31.317 23691 23717 I RTPS_PARTICIPANT:  of type RELIABLE
12-05 14:54:31.317 23691 23717 I RTPS_WRITER: RTPSWriter created
12-05 14:54:31.318 23691 23717 I RTPS_EDP: SEDP Publication Writer created
12-05 14:54:31.318 23691 23717 I RTPS_UTILS: Creating CacheChangePool of size: 21 with payload of size: 5000
12-05 14:54:31.318 23691 23717 I RTPS_UTILS: Static Mode is active, preallocating memory for pool_size elements
12-05 14:54:31.318 23691 23717 I RTPS_UTILS: Allocating group of cache changes of size: 21
12-05 14:54:31.318 23691 23717 I RTPS_PARTICIPANT:  of type RELIABLE
12-05 14:54:31.318 23691 23717 I RTPS_READER: RTPSReader created correctly
12-05 14:54:31.318 23691 23717 I RTPS_EDP: SEDP Subscription Reader created
12-05 14:54:31.318 23691 23717 I RTPS_UTILS: Creating CacheChangePool of size: 21 with payload of size: 5000
12-05 14:54:31.318 23691 23717 I RTPS_UTILS: Static Mode is active, preallocating memory for pool_size elements
12-05 14:54:31.318 23691 23717 I RTPS_UTILS: Allocating group of cache changes of size: 21
12-05 14:54:31.318 23691 23717 I RTPS_PARTICIPANT:  of type RELIABLE
12-05 14:54:31.318 23691 23717 I RTPS_READER: RTPSReader created correctly
12-05 14:54:31.318 23691 23717 I RTPS_EDP: SEDP Publication Reader created
12-05 14:54:31.318 23691 23717 I RTPS_UTILS: Creating CacheChangePool of size: 21 with payload of size: 5000
12-05 14:54:31.318 23691 23717 I RTPS_UTILS: Static Mode is active, preallocating memory for pool_size elements
12-05 14:54:31.318 23691 23717 I RTPS_UTILS: Allocating group of cache changes of size: 21
12-05 14:54:31.318 23691 23717 I RTPS_PARTICIPANT:  of type RELIABLE
12-05 14:54:31.318 23691 23717 I RTPS_WRITER: RTPSWriter created
12-05 14:54:31.318 23691 23717 I RTPS_EDP: SEDP Subscription Writer created
12-05 14:54:31.318 23691 23717 I RTPS_EDP: Creation finished
12-05 14:54:31.318 23691 23717 I RTPS_LIVELINESS: Initializing Liveliness Protocol
12-05 14:54:31.318 23691 23717 I RTPS_UTILS: Creating CacheChangePool of size: 21 with payload of size: 100
12-05 14:54:31.318 23691 23717 I RTPS_UTILS: Static Mode is active, preallocating memory for pool_size elements
12-05 14:54:31.318 23691 23717 I RTPS_UTILS: Allocating group of cache changes of size: 21
12-05 14:54:31.318 23691 23717 I RTPS_PARTICIPANT:  of type RELIABLE
12-05 14:54:31.318 23691 23717 I RTPS_WRITER: RTPSWriter created
12-05 14:54:31.319 23691 23717 I RTPS_LIVELINESS: Builtin Liveliness Writer created
12-05 14:54:31.319 23691 23717 I RTPS_UTILS: Creating CacheChangePool of size: 101 with payload of size: 100
12-05 14:54:31.319 23691 23717 I RTPS_UTILS: Static Mode is active, preallocating memory for pool_size elements
12-05 14:54:31.319 23691 23717 I RTPS_UTILS: Allocating group of cache changes of size: 101
12-05 14:54:31.319 23691 23717 I RTPS_PARTICIPANT:  of type RELIABLE
12-05 14:54:31.319 23691 23717 I RTPS_READER: RTPSReader created correctly
12-05 14:54:31.319 23691 23717 I RTPS_LIVELINESS: Builtin Liveliness Reader created
12-05 14:54:31.319 23691 23717 I RTPS_PDP: Announcing RTPSParticipant State (new change: 1)
12-05 14:54:31.319 23691 23717 I RTPS_WRITER: Creating new change
12-05 14:54:31.319 23691 23717 I RTPS_HISTORY: Change 1 added with 172 bytes
12-05 14:54:31.319 23691 23717 I RTPS_WRITER: Sending relevant changes as DATA/DATA_FRAG messages
12-05 14:54:31.319 23691 23717 I RTPS_WRITER: Sending INFO_TS message
12-05 14:54:31.319 23691 23720 I RTPS_MSG_IN: (ID:484777051376) InfoTS Submsg received, processing...
12-05 14:54:31.319 23691 23720 I RTPS_MSG_IN: (ID:484777051376) Data Submsg received, processing.
12-05 14:54:31.319 23691 23720 I RTPS_MSG_IN: (ID:484777051376) from Writer 1.f.13.9f.8b.5c.0.0.1.0.0.0|0.1.0.c2; possible RTPSReaders: 4
12-05 14:54:31.319 23691 23720 I RTPS_MSG_IN: (ID:484777051376) Trying to add change 1 TO reader: 0.1.0.c7
12-05 14:54:31.319 23691 23720 I RTPS_HISTORY: Change 1 added with 172 bytes
12-05 14:54:31.319 23691 23720 I RTPS_PDP: SPDP Message received
12-05 14:54:31.320 23691 23720 I RTPS_PDP: Message from own RTPSParticipant, removing
12-05 14:54:31.320 23691 23720 I RTPS_HISTORY: Removing change 1
12-05 14:54:31.320 23691 23720 I RTPS_PARTICIPANT: 1.f.13.9f.8b.5c.0.0.1.0.0.0|0.0.1.c1
12-05 14:54:31.320 23691 23720 I RTPS_MSG_IN: (ID:484777051376) Sub Message DATA processed
12-05 14:54:31.320 23691 23717 I RTPS_MSG_OUT: UDPTransport: 228 bytes TO endpoint: 239.255.0.1:7400 FROM 0.0.0.0:41859


12-05 14:54:31.320 23691 23717 I RTPS_PARTICIPANT: 1.f.13.9f.8b.5c.0.0.1.0.0.0|0.0.1.c1
12-05 14:54:31.320 23691 23717 I RTPS_PARTICIPANT: RTPSParticipant "RTPSParticipant" with guidPrefix: 1.f.13.9f.8b.5c.0.0.1.0.0.0


12-05 14:54:31.322 23691 23717 I RTPS_UTILS: Creating CacheChangePool of size: 501 with payload of size: 500
12-05 14:54:31.322 23691 23717 I RTPS_UTILS: Static Mode is active, preallocating memory for pool_size elements
12-05 14:54:31.322 23691 23717 I RTPS_UTILS: Allocating group of cache changes of size: 501


12-05 14:54:31.322 23691 23717 I RTPS_PARTICIPANT:  of type BEST_EFFORT
12-05 14:54:31.322 23691 23717 I RTPS_READER: RTPSReader created correctly
12-05 14:54:31.322 23691 23717 I RTPS_EDP: Adding 0.0.1.4 in topic Test
12-05 14:54:31.322 23691 23717 I RTPS_PDP: Adding reader proxy data 1.f.13.9f.8b.5c.0.0.1.0.0.0|0.0.1.4
12-05 14:54:31.323 23691 23717 I RTPS_EDP: 1.f.13.9f.8b.5c.0.0.1.0.0.0|0.0.1.4 in topic: "Test"
12-05 14:54:31.323 23691 23717 I RTPS_EDP: 1.f.13.9f.8b.5c.0.0.1.0.0.0|0.0.1.4 in topic: "Test"


12-05 14:54:31.323 23691 23717 I RTPS_EDP: 0.0.1.4
12-05 14:54:31.323 23691 23717 I RTPS_WRITER: Creating new change
12-05 14:54:31.323 23691 23717 I RTPS_HISTORY: Change 1 added with 268 bytes
12-05 14:54:31.323 23691 23717 I RTPS_WRITER: No reader proxy to add change.
12-05 14:54:31.323 23691 23717 I RTPS_PARTICIPANT: 1.f.13.9f.8b.5c.0.0.1.0.0.0|0.0.1.c1
12-05 14:54:31.323 23691 23717 I RTPS_PROXY_DATA: ReaderProxyData destructor: 1.f.13.9f.8b.5c.0.0.1.0.0.0|0.0.1.4
12-05 14:54:50.720 23691 23720 I RTPS_MSG_IN: (ID:484777051376) InfoTS Submsg received, processing...
12-05 14:54:50.721 23691 23720 I RTPS_MSG_IN: (ID:484777051376) Data Submsg received, processing.


12-05 14:54:50.721 23691 23720 I RTPS_MSG_IN: (ID:484777051376) from Writer 1.f.40.bb.15.3b.0.0.1.0.0.0|0.1.0.c2; possible RTPSReaders: 4
12-05 14:54:50.721 23691 23720 I RTPS_MSG_IN: (ID:484777051376) Trying to add change 1 TO reader: 0.1.0.c7


12-05 14:54:50.721 23691 23720 I RTPS_HISTORY: Change 1 added with 172 bytes
12-05 14:54:50.721 23691 23720 I RTPS_PDP: SPDP Message received


12-05 14:54:50.723 23691 23720 I RTPS_PDP: Announcing RTPSParticipant State (new change: 0)
12-05 14:54:50.723 23691 23720 I RTPS_PDP: For RTPSParticipant: 1.f.40.bb.15.3b.0.0.1.0.0.0
12-05 14:54:50.724 23691 23723 I RTPS_WRITER: Sending relevant changes as DATA/DATA_FRAG messages
12-05 14:54:50.724 23691 23720 I RTPS_READER: Writer 1.f.40.bb.15.3b.0.0.1.0.0.0|0.1.0.c2 added to 0.1.0.c7
12-05 14:54:50.724 23691 23723 I RTPS_WRITER: Sending INFO_TS message
12-05 14:54:50.725 23691 23723 I RTPS_MSG_OUT: UDPTransport: 228 bytes TO endpoint: 239.255.0.1:7400 FROM 0.0.0.0:41859
12-05 14:54:50.725 23691 23723 I RTPS_WRITER: Finish sending unsent changes
12-05 14:54:50.725 23691 23720 I RTPS_READER: Reader 1.f.40.bb.15.3b.0.0.1.0.0.0|0.1.0.c7 added to 0.1.0.c2
12-05 14:54:50.725 23691 23720 I RTPS_EDP: New DPD received, adding remote endpoints to our SimpleEDP endpoints
12-05 14:54:50.725 23691 23720 I RTPS_EDP: Adding SEDP Pub Writer to my Pub Reader
12-05 14:54:50.725 23691 23723 I RTPS_WRITER: Sending relevant changes as DATA/DATA_FRAG messages
12-05 14:54:50.725 23691 23723 I RTPS_WRITER: Sending INFO_TS message
12-05 14:54:50.726 23691 23720 I RTPS_READER: Writer Proxy created in reader: 0.0.3.c7
12-05 14:54:50.726 23691 23720 I RTPS_READER: Writer Proxy 1.f.40.bb.15.3b.0.0.1.0.0.0|0.0.3.c2 added to 0.0.3.c7
12-05 14:54:50.726 23691 23720 I RTPS_EDP: Adding SEDP Pub Reader to my Pub Writer
12-05 14:54:50.726 23691 23723 I RTPS_MSG_OUT: UDPTransport: 228 bytes TO endpoint: 239.255.0.1:7400 FROM 0.0.0.0:41859
12-05 14:54:50.726 23691 23723 I RTPS_WRITER: Finish sending unsent changes
12-05 14:54:50.726 23691 23720 I RTPS_WRITER: Reader Proxy started
12-05 14:54:50.726 23691 23720 I RTPS_WRITER: 0.0.3.c2 Sending Heartbeat (1 - 0)



12-05 14:54:50.727 23691 23720 I RTPS_MSG_OUT: UDPTransport: 68 bytes TO endpoint: 192.168.43.1:7412 FROM 0.0.0.0:41859
12-05 14:54:50.727 23691 23720 I RTPS_WRITER: Reader Proxy 1.f.40.bb.15.3b.0.0.1.0.0.0|0.0.3.c7 added to 0.0.3.c2 with 1(u)-1(m) locators
12-05 14:54:50.727 23691 23720 I RTPS_EDP: Adding SEDP Sub Writer to my Sub Reader
12-05 14:54:50.727 23691 23720 I RTPS_READER: Writer Proxy created in reader: 0.0.4.c7
12-05 14:54:50.728 23691 23720 I RTPS_READER: Writer Proxy 1.f.40.bb.15.3b.0.0.1.0.0.0|0.0.4.c2 added to 0.0.4.c7
12-05 14:54:50.728 23691 23720 I RTPS_EDP: Adding SEDP Sub Reader to my Sub Writer
12-05 14:54:50.728 23691 23720 I RTPS_WRITER: Reader Proxy started
12-05 14:54:50.728 23691 23720 I RTPS_WRITER: 0.0.4.c2 Sending Heartbeat (1 - 1)
12-05 14:54:50.728 23691 23720 I RTPS_MSG_OUT: UDPTransport: 68 bytes TO endpoint: 192.168.43.1:7412 FROM 0.0.0.0:41859
12-05 14:54:50.728 23691 23720 I RTPS_WRITER: Reader Proxy 1.f.40.bb.15.3b.0.0.1.0.0.0|0.0.4.c7 added to 0.0.4.c2 with 1(u)-1(m) locators
12-05 14:54:50.728 23691 23720 I RTPS_LIVELINESS: Adding remote writer to my local Builtin Reader
12-05 14:54:50.729 23691 23720 I RTPS_READER: Writer Proxy created in reader: 0.2.0.c7
12-05 14:54:50.729 23691 23720 I RTPS_READER: Writer Proxy 1.f.40.bb.15.3b.0.0.1.0.0.0|0.2.0.c2 added to 0.2.0.c7
12-05 14:54:50.729 23691 23720 I RTPS_LIVELINESS: Adding remote reader to my local Builtin Writer
12-05 14:54:50.729 23691 23720 I RTPS_WRITER: Reader Proxy started
12-05 14:54:50.729 23691 23720 I RTPS_WRITER: 0.2.0.c2 Sending Heartbeat (1 - 0)
12-05 14:54:50.729 23691 23720 I RTPS_MSG_OUT: UDPTransport: 68 bytes TO endpoint: 192.168.43.1:7412 FROM 0.0.0.0:41859
12-05 14:54:50.729 23691 23720 I RTPS_WRITER: Reader Proxy 1.f.40.bb.15.3b.0.0.1.0.0.0|0.2.0.c7 added to 0.2.0.c2 with 1(u)-1(m) locators
12-05 14:54:50.730 23691 23720 I RTPS_PARTICIPANT: 1.f.40.bb.15.3b.0.0.1.0.0.0|0.0.1.c1
12-05 14:54:50.730 23691 23720 I RTPS_HISTORY: Removing change 1
12-05 14:54:50.730 23691 23720 I RTPS_MSG_IN: (ID:484777051376) Sub Message DATA processed
12-05 14:54:50.730 23691 23720 I RTPS_MSG_IN: (ID:484777051376) InfoTS Submsg received, processing...
12-05 14:54:50.730 23691 23720 I RTPS_MSG_IN: (ID:484777051376) Data Submsg received, processing.
12-05 14:54:50.730 23691 23720 I RTPS_MSG_IN: (ID:484777051376) from Writer 1.f.13.9f.8b.5c.0.0.1.0.0.0|0.1.0.c2; possible RTPSReaders: 4
12-05 14:54:50.730 23691 23720 I RTPS_MSG_IN: (ID:484777051376) Trying to add change 1 TO reader: 0.1.0.c7
12-05 14:54:50.730 23691 23720 I RTPS_MSG_IN: (ID:484777051376) MessageReceiver not add change 1
12-05 14:54:50.730 23691 23720 I RTPS_LIVELINESS: RTPSParticipant 1.f.13.9f.8b.5c.0.0.1.0.0.0|0.0.1.c1 is Alive
12-05 14:54:50.730 23691 23720 I RTPS_MSG_IN: (ID:484777051376) Sub Message DATA processed
12-05 14:54:50.730 23691 23720 I RTPS_MSG_IN: (ID:484777051376) InfoTS Submsg received, processing...
12-05 14:54:50.731 23691 23720 I RTPS_MSG_IN: (ID:484777051376) Data Submsg received, processing.
12-05 14:54:50.731 23691 23720 I RTPS_MSG_IN: (ID:484777051376) from Writer 1.f.13.9f.8b.5c.0.0.1.0.0.0|0.1.0.c2; possible RTPSReaders: 4
12-05 14:54:50.731 23691 23720 I RTPS_MSG_IN: (ID:484777051376) Trying to add change 1 TO reader: 0.1.0.c7
12-05 14:54:50.731 23691 23720 I RTPS_MSG_IN: (ID:484777051376) MessageReceiver not add change 1
12-05 14:54:50.731 23691 23720 I RTPS_LIVELINESS: RTPSParticipant 1.f.13.9f.8b.5c.0.0.1.0.0.0|0.0.1.c1 is Alive
12-05 14:54:50.731 23691 23720 I RTPS_MSG_IN: (ID:484777051376) Sub Message DATA processed
12-05 14:54:50.756 23691 23721 I RTPS_MSG_IN: (ID:484776010992) InfoDST message received, processing...
12-05 14:54:50.756 23691 23721 I RTPS_MSG_IN: (ID:484776010992) DST RTPSParticipant is now: 1.f.13.9f.8b.5c.0.0.1.0.0.0
12-05 14:54:50.756 23691 23721 I RTPS_MSG_IN: (ID:484776010992) Heartbeat Submsg received, processing...
12-05 14:54:50.756 23691 23721 I RTPS_READER: 0.0.3.c2: up to seqNum: 1
12-05 14:54:50.756 23691 23721 I RTPS_READER: 0.0.3.c2: changes up to seqNum: 1 missing.
12-05 14:54:50.757 23691 23720 I RTPS_MSG_IN: (ID:484777051376) InfoTS Submsg received, processing...
12-05 14:54:50.757 23691 23720 I RTPS_MSG_IN: (ID:484777051376) Data Submsg received, processing.
12-05 14:54:50.757 23691 23720 I RTPS_MSG_IN: (ID:484777051376) from Writer 1.f.40.bb.15.3b.0.0.1.0.0.0|0.1.0.c2; possible RTPSReaders: 4
12-05 14:54:50.757 23691 23720 I RTPS_MSG_IN: (ID:484777051376) Trying to add change 1 TO reader: 0.1.0.c7
12-05 14:54:50.757 23691 23720 I RTPS_MSG_IN: (ID:484777051376) MessageReceiver not add change 1
12-05 14:54:50.757 23691 23720 I RTPS_LIVELINESS: RTPSParticipant 1.f.40.bb.15.3b.0.0.1.0.0.0|0.0.1.c1 is Alive
12-05 14:54:50.757 23691 23720 I RTPS_LIVELINESS:  Stopped for RTPSParticipant with ID: 1.f.40.bb.15.3b.0.0.1.0.0.0
12-05 14:54:50.757 23691 23720 I RTPS_MSG_IN: (ID:484777051376) Sub Message DATA processed
12-05 14:54:50.758 23691 23720 I RTPS_MSG_IN: (ID:484777051376) InfoTS Submsg received, processing...
12-05 14:54:50.758 23691 23720 I RTPS_MSG_IN: (ID:484777051376) Data Submsg received, processing.
12-05 14:54:50.759 23691 23720 I RTPS_MSG_IN: (ID:484777051376) from Writer 1.f.40.bb.15.3b.0.0.1.0.0.0|0.1.0.c2; possible RTPSReaders: 4
12-05 14:54:50.759 23691 23720 I RTPS_MSG_IN: (ID:484777051376) Trying to add change 1 TO reader: 0.1.0.c7
12-05 14:54:50.759 23691 23720 I RTPS_MSG_IN: (ID:484777051376) MessageReceiver not add change 1
12-05 14:54:50.759 23691 23720 I RTPS_LIVELINESS: RTPSParticipant 1.f.40.bb.15.3b.0.0.1.0.0.0|0.0.1.c1 is Alive
12-05 14:54:50.759 23691 23720 I RTPS_LIVELINESS:  Stopped for RTPSParticipant with ID: 1.f.40.bb.15.3b.0.0.1.0.0.0
12-05 14:54:50.759 23691 23720 I RTPS_MSG_IN: (ID:484777051376) Sub Message DATA processed
12-05 14:54:50.760 23691 23721 I RTPS_MSG_IN: (ID:484776010992) InfoDST message received, processing...
12-05 14:54:50.760 23691 23721 I RTPS_MSG_IN: (ID:484776010992) DST RTPSParticipant is now: 1.f.13.9f.8b.5c.0.0.1.0.0.0
12-05 14:54:50.760 23691 23721 I RTPS_MSG_IN: (ID:484776010992) Heartbeat Submsg received, processing...
12-05 14:54:50.760 23691 23721 I RTPS_READER: 0.0.4.c2: up to seqNum: 1
12-05 14:54:50.760 23691 23721 I RTPS_READER: 0.0.4.c2: changes up to seqNum: 0 missing.
12-05 14:54:50.760 23691 23721 I RTPS_MSG_IN: (ID:484776010992) InfoDST message received, processing...
12-05 14:54:50.760 23691 23721 I RTPS_MSG_IN: (ID:484776010992) DST RTPSParticipant is now: 1.f.13.9f.8b.5c.0.0.1.0.0.0
12-05 14:54:50.760 23691 23721 I RTPS_MSG_IN: (ID:484776010992) Heartbeat Submsg received, processing...
12-05 14:54:50.760 23691 23721 I RTPS_READER: 0.2.0.c2: up to seqNum: 1
12-05 14:54:50.760 23691 23721 I RTPS_READER: 0.2.0.c2: changes up to seqNum: 0 missing.
12-05 14:54:50.766 23691 23719 I RTPS_READER:
12-05 14:54:50.766 23691 23719 I RTPS_READER: Sending ACKNACK: 1:
12-05 14:54:50.767 23691 23719 I RTPS_MSG_OUT: UDPTransport: 64 bytes TO endpoint: 192.168.43.1:7412 FROM 0.0.0.0:41859
12-05 14:54:50.768 23691 23719 I RTPS_READER:
12-05 14:54:50.768 23691 23719 I RTPS_READER: Sending ACKNACK: 1:1-
12-05 14:54:50.768 23691 23719 I RTPS_MSG_OUT: UDPTransport: 68 bytes TO endpoint: 192.168.43.1:7412 FROM 0.0.0.0:41859
12-05 14:54:50.772 23691 23719 I RTPS_READER:
12-05 14:54:50.772 23691 23719 I RTPS_READER: Sending ACKNACK: 1:
12-05 14:54:50.772 23691 23719 I RTPS_MSG_OUT: UDPTransport: 64 bytes TO endpoint: 192.168.43.1:7412 FROM 0.0.0.0:41859
12-05 14:54:50.797 23691 23719 I RTPS_READER: Sending ACKNACK: 0:
12-05 14:54:50.798 23691 23719 I RTPS_MSG_OUT: UDPTransport: 64 bytes TO endpoint: 192.168.43.1:7412 FROM 0.0.0.0:41859
12-05 14:54:50.798 23691 23719 I RTPS_READER: Sending ACKNACK: 0:
12-05 14:54:50.798 23691 23719 I RTPS_MSG_OUT: UDPTransport: 64 bytes TO endpoint: 192.168.43.1:7412 FROM 0.0.0.0:41859
12-05 14:54:50.800 23691 23719 I RTPS_READER: Sending ACKNACK: 0:
12-05 14:54:50.800 23691 23719 I RTPS_MSG_OUT: UDPTransport: 64 bytes TO endpoint: 192.168.43.1:7412 FROM 0.0.0.0:41859
12-05 14:54:50.825 23691 23721 I RTPS_MSG_IN: (ID:484776010992) InfoDST message received, processing...
12-05 14:54:50.826 23691 23721 I RTPS_MSG_IN: (ID:484776010992) DST RTPSParticipant is now: 1.f.13.9f.8b.5c.0.0.1.0.0.0
12-05 14:54:50.826 23691 23721 I RTPS_MSG_IN: (ID:484776010992) Heartbeat Submsg received, processing...
12-05 14:54:50.826 23691 23721 I RTPS_READER: 0.0.3.c2: up to seqNum: 1
12-05 14:54:50.826 23691 23721 I RTPS_READER: 0.0.3.c2: changes up to seqNum: 1 missing.
12-05 14:54:50.827 23691 23721 I RTPS_MSG_IN: (ID:484776010992) InfoDST message received, processing...
12-05 14:54:50.827 23691 23721 I RTPS_MSG_IN: (ID:484776010992) DST RTPSParticipant is now: 1.f.13.9f.8b.5c.0.0.1.0.0.0
12-05 14:54:50.827 23691 23721 I RTPS_MSG_IN: (ID:484776010992) Heartbeat Submsg received, processing...
12-05 14:54:50.827 23691 23721 I RTPS_READER: 0.0.4.c2: up to seqNum: 1
12-05 14:54:50.827 23691 23721 I RTPS_READER: 0.0.4.c2: changes up to seqNum: 0 missing.
12-05 14:54:50.827 23691 23721 I RTPS_MSG_IN: (ID:484776010992) InfoDST message received, processing...
12-05 14:54:50.827 23691 23721 I RTPS_MSG_IN: (ID:484776010992) DST RTPSParticipant is now: 1.f.13.9f.8b.5c.0.0.1.0.0.0
12-05 14:54:50.827 23691 23721 I RTPS_MSG_IN: (ID:484776010992) Heartbeat Submsg received, processing...
12-05 14:54:50.827 23691 23721 I RTPS_READER: 0.2.0.c2: up to seqNum: 1
12-05 14:54:50.827 23691 23721 I RTPS_READER: 0.2.0.c2: changes up to seqNum: 0 missing.
12-05 14:54:50.827 23691 23721 I RTPS_MSG_IN: (ID:484776010992) InfoDST message received, processing...
12-05 14:54:50.828 23691 23721 I RTPS_MSG_IN: (ID:484776010992) DST RTPSParticipant is now: 1.f.13.9f.8b.5c.0.0.1.0.0.0
12-05 14:54:50.828 23691 23721 I RTPS_MSG_IN: (ID:484776010992) Acknack Submsg received, processing...
12-05 14:54:50.828 23691 23721 I RTPS_WRITER: 0.0.3.c2 Sending Heartbeat (1 - 0)
12-05 14:54:50.828 23691 23721 I RTPS_MSG_OUT: UDPTransport: 68 bytes TO endpoint: 192.168.43.1:7412 FROM 0.0.0.0:41859
12-05 14:54:50.828 23691 23721 I RTPS_MSG_IN: (ID:484776010992) InfoDST message received, processing...
12-05 14:54:50.829 23691 23721 I RTPS_MSG_IN: (ID:484776010992) DST RTPSParticipant is now: 1.f.13.9f.8b.5c.0.0.1.0.0.0
12-05 14:54:50.829 23691 23721 I RTPS_MSG_IN: (ID:484776010992) Acknack Submsg received, processing...
12-05 14:54:50.829 23691 23721 I RTPS_WRITER: 0.0.4.c2 Sending Heartbeat (1 - 1)
12-05 14:54:50.829 23691 23721 I RTPS_MSG_OUT: UDPTransport: 68 bytes TO endpoint: 192.168.43.1:7412 FROM 0.0.0.0:41859
12-05 14:54:50.830 23691 23721 I RTPS_MSG_IN: (ID:484776010992) InfoDST message received, processing...
12-05 14:54:50.830 23691 23721 I RTPS_MSG_IN: (ID:484776010992) DST RTPSParticipant is now: 1.f.13.9f.8b.5c.0.0.1.0.0.0
12-05 14:54:50.830 23691 23721 I RTPS_MSG_IN: (ID:484776010992) Acknack Submsg received, processing...
12-05 14:54:50.830 23691 23721 I RTPS_WRITER: 0.2.0.c2 Sending Heartbeat (1 - 0)
12-05 14:54:50.831 23691 23721 I RTPS_MSG_OUT: UDPTransport: 68 bytes TO endpoint: 192.168.43.1:7412 FROM 0.0.0.0:41859
12-05 14:54:50.833 23691 23719 I RTPS_READER:
12-05 14:54:50.834 23691 23719 I RTPS_READER: Sending ACKNACK: 1:
12-05 14:54:50.834 23691 23719 I RTPS_MSG_OUT: UDPTransport: 64 bytes TO endpoint: 192.168.43.1:7412 FROM 0.0.0.0:41859
12-05 14:54:50.838 23691 23719 I RTPS_READER:
12-05 14:54:50.838 23691 23719 I RTPS_READER: Sending ACKNACK: 1:1-
12-05 14:54:50.839 23691 23719 I RTPS_MSG_OUT: UDPTransport: 68 bytes TO endpoint: 192.168.43.1:7412 FROM 0.0.0.0:41859
12-05 14:54:50.839 23691 23719 I RTPS_READER:
12-05 14:54:50.839 23691 23719 I RTPS_READER: Sending ACKNACK: 1:
12-05 14:54:50.839 23691 23719 I RTPS_MSG_OUT: UDPTransport: 64 bytes TO endpoint: 192.168.43.1:7412 FROM 0.0.0.0:41859
12-05 14:54:50.843 23691 23721 I RTPS_MSG_IN: (ID:484776010992) InfoDST message received, processing...
12-05 14:54:50.844 23691 23721 I RTPS_MSG_IN: (ID:484776010992) DST RTPSParticipant is now: 1.f.13.9f.8b.5c.0.0.1.0.0.0
12-05 14:54:50.844 23691 23721 I RTPS_MSG_IN: (ID:484776010992) Acknack Submsg received, processing...
12-05 14:54:50.849 23691 23721 I RTPS_MSG_IN: (ID:484776010992) InfoDST message received, processing...
12-05 14:54:50.849 23691 23721 I RTPS_MSG_IN: (ID:484776010992) DST RTPSParticipant is now: 1.f.13.9f.8b.5c.0.0.1.0.0.0
12-05 14:54:50.849 23691 23721 I RTPS_MSG_IN: (ID:484776010992) Acknack Submsg received, processing...
12-05 14:54:50.849 23691 23721 I RTPS_MSG_IN: (ID:484776010992) InfoDST message received, processing...
12-05 14:54:50.849 23691 23721 I RTPS_MSG_IN: (ID:484776010992) DST RTPSParticipant is now: 1.f.13.9f.8b.5c.0.0.1.0.0.0
12-05 14:54:50.849 23691 23721 I RTPS_MSG_IN: (ID:484776010992) Acknack Submsg received, processing...
12-05 14:54:50.849 23691 23721 I RTPS_WRITER: Requested Changes: 1:1-
12-05 14:54:50.876 23691 23721 I RTPS_MSG_IN: (ID:484776010992) InfoDST message received, processing...
12-05 14:54:50.877 23691 23721 I RTPS_MSG_IN: (ID:484776010992) DST RTPSParticipant is now: 1.f.13.9f.8b.5c.0.0.1.0.0.0
12-05 14:54:50.877 23691 23721 I RTPS_MSG_IN: (ID:484776010992) InfoTS Submsg received, processing...
12-05 14:54:50.877 23691 23721 I RTPS_MSG_IN: (ID:484776010992) Data Submsg received, processing.
12-05 14:54:50.877 23691 23721 I RTPS_MSG_IN: (ID:484776010992) from Writer 1.f.40.bb.15.3b.0.0.1.0.0.0|0.0.3.c2; possible RTPSReaders: 4
12-05 14:54:50.877 23691 23721 I RTPS_MSG_IN: (ID:484776010992) Trying to add change 1 TO reader: 0.0.3.c7
12-05 14:54:50.877 23691 23721 I RTPS_HISTORY: Change 1 added with 276 bytes
12-05 14:54:50.877 23691 23721 I RTPS_READER: 0.0.3.c2: seqNum: 1
12-05 14:54:50.877 23691 23721 I RTPS_EDP:
12-05 14:54:50.878 23691 23721 I RTPS_PDP: Adding writer proxy data 1.f.40.bb.15.3b.0.0.1.0.0.0|0.0.1.3
12-05 14:54:50.878 23691 23721 I RTPS_EDP: 1.f.40.bb.15.3b.0.0.1.0.0.0|0.0.1.3 in topic: "Test"
12-05 14:54:50.878 23691 23721 I RTPS_READER: Writer 1.f.40.bb.15.3b.0.0.1.0.0.0|0.0.1.3 added to 0.0.1.4
12-05 14:54:50.878 23691 23721 I RTPS_EDP: Valid Matching to local reader: 0.0.1.4
12-05 14:54:50.878 23691 23721 I RTPS_PROXY_DATA: ReaderProxyData destructor: 1.f.13.9f.8b.5c.0.0.1.0.0.0|0.0.1.4
12-05 14:54:50.878 23691 23721 I RTPS_PARTICIPANT: 1.f.13.9f.8b.5c.0.0.1.0.0.0|0.0.1.c1
12-05 14:54:50.879 23691 23721 I RTPS_PARTICIPANT: 1.f.40.bb.15.3b.0.0.1.0.0.0|0.0.1.c1
12-05 14:54:50.879 23691 23721 I RTPS_PROXY_DATA: 1.f.40.bb.15.3b.0.0.1.0.0.0|0.0.1.3
12-05 14:54:50.879 23691 23721 I RTPS_HISTORY: Removing change 1
12-05 14:54:50.879 23691 23721 I RTPS_READER: 0.0.3.c7 FINDS writerProxy 1.f.40.bb.15.3b.0.0.1.0.0.0|0.0.3.c2 from 1
12-05 14:54:50.879 23691 23721 I RTPS_MSG_IN: (ID:484776010992) Sub Message DATA processed
12-05 14:54:50.943 23691 23719 I RTPS_WRITER: Responding to Acknack messages
12-05 14:54:50.944 23691 23723 I RTPS_WRITER: Sending relevant changes as DATA/DATA_FRAG messages
12-05 14:54:50.944 23691 23723 I RTPS_WRITER: Sending INFO_TS message
12-05 14:54:50.945 23691 23723 I RTPS_MSG_OUT: UDPTransport: 340 bytes TO endpoint: 192.168.43.1:7412 FROM 0.0.0.0:41859
12-05 14:54:50.945 23691 23723 I RTPS_WRITER: Finish sending unsent changes
12-05 14:54:50.955 23691 23722 I RTPS_MSG_IN: (ID:484774970608) InfoDST message received, processing...
12-05 14:54:50.955 23691 23722 I RTPS_MSG_IN: (ID:484774970608) DST RTPSParticipant is now: 1.f.13.9f.8b.5c.0.0.1.0.0.0
12-05 14:54:50.955 23691 23722 I RTPS_MSG_IN: (ID:484774970608) Heartbeat Submsg received, processing...
12-05 14:54:50.955 23691 23722 I RTPS_MSG_IN: (ID:484774970608) Gap Submsg received, processing...
12-05 14:54:50.955 23691 23719 I RTPS_WRITER: Changing underway to unacked for Reader: 1.f.40.bb.15.3b.0.0.1.0.0.0|0.0.4.c7
12-05 14:54:51.730 23691 23719 I RTPS_WRITER: 0.0.4.c2 Sending Heartbeat (1 - 1)
12-05 14:54:51.731 23691 23719 I RTPS_MSG_OUT: UDPTransport: 68 bytes TO endpoint: 192.168.43.1:7412 FROM 0.0.0.0:41859
12-05 14:54:51.762 23691 23721 I RTPS_MSG_IN: (ID:484776010992) InfoDST message received, processing...
12-05 14:54:51.762 23691 23721 I RTPS_MSG_IN: (ID:484776010992) DST RTPSParticipant is now: 1.f.13.9f.8b.5c.0.0.1.0.0.0
12-05 14:54:51.762 23691 23721 I RTPS_MSG_IN: (ID:484776010992) Heartbeat Submsg received, processing...
12-05 14:54:51.762 23691 23721 I RTPS_READER: 0.0.3.c2: up to seqNum: 1
12-05 14:54:51.763 23691 23721 I RTPS_READER: 0.0.3.c2: changes up to seqNum: 1 missing.
12-05 14:54:51.775 23691 23719 I RTPS_READER:
12-05 14:54:51.775 23691 23719 I RTPS_READER: Sending ACKNACK: 2:
12-05 14:54:51.775 23691 23719 I RTPS_MSG_OUT: UDPTransport: 64 bytes TO endpoint: 192.168.43.1:7412 FROM 0.0.0.0:41859
12-05 14:54:51.776 23691 23721 I RTPS_MSG_IN: (ID:484776010992) InfoDST message received, processing...
12-05 14:54:51.776 23691 23721 I RTPS_MSG_IN: (ID:484776010992) DST RTPSParticipant is now: 1.f.13.9f.8b.5c.0.0.1.0.0.0
12-05 14:54:51.776 23691 23721 I RTPS_MSG_IN: (ID:484776010992) Acknack Submsg received, processing...
12-05 14:55:11.340 23691 23719 I RTPS_PDP: ResendDiscoveryData Period
12-05 14:55:11.341 23691 23719 I RTPS_PDP: Announcing RTPSParticipant State (new change: 0)
12-05 14:55:11.342 23691 23723 I RTPS_WRITER: Sending relevant changes as DATA/DATA_FRAG messages
12-05 14:55:11.342 23691 23723 I RTPS_WRITER: Sending INFO_TS message
12-05 14:55:11.344 23691 23723 I RTPS_MSG_OUT: UDPTransport: 228 bytes TO endpoint: 239.255.0.1:7400 FROM 0.0.0.0:41859
12-05 14:55:11.344 23691 23723 I RTPS_WRITER: Finish sending unsent changes
12-05 14:55:11.344 23691 23720 I RTPS_MSG_IN: (ID:484777051376) InfoTS Submsg received, processing...
12-05 14:55:11.344 23691 23720 I RTPS_MSG_IN: (ID:484777051376) Data Submsg received, processing.
12-05 14:55:11.344 23691 23720 I RTPS_MSG_IN: (ID:484777051376) from Writer 1.f.13.9f.8b.5c.0.0.1.0.0.0|0.1.0.c2; possible RTPSReaders: 4
12-05 14:55:11.344 23691 23720 I RTPS_MSG_IN: (ID:484777051376) Trying to add change 1 TO reader: 0.1.0.c7
12-05 14:55:11.344 23691 23720 I RTPS_MSG_IN: (ID:484777051376) MessageReceiver not add change 1
12-05 14:55:11.345 23691 23720 I RTPS_LIVELINESS: RTPSParticipant 1.f.13.9f.8b.5c.0.0.1.0.0.0|0.0.1.c1 is Alive
12-05 14:55:11.345 23691 23720 I RTPS_MSG_IN: (ID:484777051376) Sub Message DATA processed
