12-05 14:54:50.724 23691 23723 I RTPS_WRITER: Sending relevant changes as DATA/DATA_FRAG messages
12-05 14:54:50.724 23691 23720 I RTPS_READER: Writer 1.f.40.bb.15.3b.0.0.1.0.0.0|0.1.0.c2 added to 0.1.0.c7
12-05 14:54:50.724 23691 23723 I RTPS_WRITER: Sending INFO_TS message
12-05 14:54:50.725 23691 23723 I RTPS_MSG_OUT: UDPTransport: 228 bytes TO endpoint: 239.255.0.1:7400 FROM 0.0.0.0:41859
12-05 14:54:50.725 23691 23723 I RTPS_WRITER: Finish sending unsent changes
12-05 14:54:50.725 23691 23720 I RTPS_READER: Reader 1.f.40.bb.15.3b.0.0.1.0.0.0|0.1.0.c7 added to 0.1.0.c2
12-05 14:54:50.725 23691 23720 I RTPS_EDP: New DPD received, adding remote endpoints to our SimpleEDP endpoints
12-05 14:54:50.725 23691 23720 I RTPS_EDP: Adding SEDP Pub Writer to my Pub Reader
12-05 14:54:50.725 23691 23723 I RTPS_WRITER: Sending relevant changes as DATA/DATA_FRAG messages
12-05 14:54:50.725 23691 23723 I RTPS_WRITER: Sending INFO_TS message
12-05 14:54:50.726 23691 23720 I RTPS_READER: Writer Proxy created in reader: 0.0.3.c7
12-05 14:54:50.726 23691 23720 I RTPS_READER: Writer Proxy 1.f.40.bb.15.3b.0.0.1.0.0.0|0.0.3.c2 added to 0.0.3.c7
12-05 14:54:50.726 23691 23720 I RTPS_EDP: Adding SEDP Pub Reader to my Pub Writer
12-05 14:54:50.726 23691 23723 I RTPS_MSG_OUT: UDPTransport: 228 bytes TO endpoint: 239.255.0.1:7400 FROM 0.0.0.0:41859
12-05 14:54:50.726 23691 23723 I RTPS_WRITER: Finish sending unsent changes
12-05 14:54:50.726 23691 23720 I RTPS_WRITER: Reader Proxy started
12-05 14:54:50.726 23691 23720 I RTPS_WRITER: 0.0.3.c2 Sending Heartbeat (1 - 0)
12-05 14:54:50.727 23691 23720 I RTPS_MSG_OUT: UDPTransport: 68 bytes TO endpoint: 192.168.43.1:7412 FROM 0.0.0.0:41859
12-05 14:54:50.727 23691 23720 I RTPS_WRITER: Reader Proxy 1.f.40.bb.15.3b.0.0.1.0.0.0|0.0.3.c7 added to 0.0.3.c2 with 1(u)-1(m) locators
12-05 14:54:50.727 23691 23720 I RTPS_EDP: Adding SEDP Sub Writer to my Sub Reader
12-05 14:54:50.727 23691 23720 I RTPS_READER: Writer Proxy created in reader: 0.0.4.c7
12-05 14:54:50.728 23691 23720 I RTPS_READER: Writer Proxy 1.f.40.bb.15.3b.0.0.1.0.0.0|0.0.4.c2 added to 0.0.4.c7
12-05 14:54:50.728 23691 23720 I RTPS_EDP: Adding SEDP Sub Reader to my Sub Writer
12-05 14:54:50.728 23691 23720 I RTPS_WRITER: Reader Proxy started
12-05 14:54:50.728 23691 23720 I RTPS_WRITER: 0.0.4.c2 Sending Heartbeat (1 - 1)
12-05 14:54:50.728 23691 23720 I RTPS_MSG_OUT: UDPTransport: 68 bytes TO endpoint: 192.168.43.1:7412 FROM 0.0.0.0:41859
12-05 14:54:50.728 23691 23720 I RTPS_WRITER: Reader Proxy 1.f.40.bb.15.3b.0.0.1.0.0.0|0.0.4.c7 added to 0.0.4.c2 with 1(u)-1(m) locators
12-05 14:54:50.728 23691 23720 I RTPS_LIVELINESS: Adding remote writer to my local Builtin Reader
12-05 14:54:50.729 23691 23720 I RTPS_READER: Writer Proxy created in reader: 0.2.0.c7
12-05 14:54:50.729 23691 23720 I RTPS_READER: Writer Proxy 1.f.40.bb.15.3b.0.0.1.0.0.0|0.2.0.c2 added to 0.2.0.c7
12-05 14:54:50.729 23691 23720 I RTPS_LIVELINESS: Adding remote reader to my local Builtin Writer
12-05 14:54:50.729 23691 23720 I RTPS_WRITER: Reader Proxy started
12-05 14:54:50.729 23691 23720 I RTPS_WRITER: 0.2.0.c2 Sending Heartbeat (1 - 0)
12-05 14:54:50.729 23691 23720 I RTPS_MSG_OUT: UDPTransport: 68 bytes TO endpoint: 192.168.43.1:7412 FROM 0.0.0.0:41859
12-05 14:54:50.729 23691 23720 I RTPS_WRITER: Reader Proxy 1.f.40.bb.15.3b.0.0.1.0.0.0|0.2.0.c7 added to 0.2.0.c2 with 1(u)-1(m) locators
12-05 14:54:50.730 23691 23720 I RTPS_PARTICIPANT: 1.f.40.bb.15.3b.0.0.1.0.0.0|0.0.1.c1
12-05 14:54:50.730 23691 23720 I RTPS_HISTORY: Removing change 1
12-05 14:54:50.730 23691 23720 I RTPS_MSG_IN: (ID:484777051376) Sub Message DATA processed
12-05 14:54:50.730 23691 23720 I RTPS_MSG_IN: (ID:484777051376) InfoTS Submsg received, processing...
12-05 14:54:50.730 23691 23720 I RTPS_MSG_IN: (ID:484777051376) Data Submsg received, processing.
12-05 14:54:50.730 23691 23720 I RTPS_MSG_IN: (ID:484777051376) from Writer 1.f.13.9f.8b.5c.0.0.1.0.0.0|0.1.0.c2; possible RTPSReaders: 4
12-05 14:54:50.730 23691 23720 I RTPS_MSG_IN: (ID:484777051376) Trying to add change 1 TO reader: 0.1.0.c7
12-05 14:54:50.730 23691 23720 I RTPS_MSG_IN: (ID:484777051376) MessageReceiver not add change 1
12-05 14:54:50.730 23691 23720 I RTPS_LIVELINESS: RTPSParticipant 1.f.13.9f.8b.5c.0.0.1.0.0.0|0.0.1.c1 is Alive
12-05 14:54:50.730 23691 23720 I RTPS_MSG_IN: (ID:484777051376) Sub Message DATA processed
12-05 14:54:50.730 23691 23720 I RTPS_MSG_IN: (ID:484777051376) InfoTS Submsg received, processing...
12-05 14:54:50.731 23691 23720 I RTPS_MSG_IN: (ID:484777051376) Data Submsg received, processing.
12-05 14:54:50.731 23691 23720 I RTPS_MSG_IN: (ID:484777051376) from Writer 1.f.13.9f.8b.5c.0.0.1.0.0.0|0.1.0.c2; possible RTPSReaders: 4
12-05 14:54:50.731 23691 23720 I RTPS_MSG_IN: (ID:484777051376) Trying to add change 1 TO reader: 0.1.0.c7
12-05 14:54:50.731 23691 23720 I RTPS_MSG_IN: (ID:484777051376) MessageReceiver not add change 1
12-05 14:54:50.731 23691 23720 I RTPS_LIVELINESS: RTPSParticipant 1.f.13.9f.8b.5c.0.0.1.0.0.0|0.0.1.c1 is Alive
12-05 14:54:50.731 23691 23720 I RTPS_MSG_IN: (ID:484777051376) Sub Message DATA processed
12-05 14:54:50.756 23691 23721 I RTPS_MSG_IN: (ID:484776010992) InfoDST message received, processing...
12-05 14:54:50.756 23691 23721 I RTPS_MSG_IN: (ID:484776010992) DST RTPSParticipant is now: 1.f.13.9f.8b.5c.0.0.1.0.0.0
12-05 14:54:50.756 23691 23721 I RTPS_MSG_IN: (ID:484776010992) Heartbeat Submsg received, processing...
12-05 14:54:50.756 23691 23721 I RTPS_READER: 0.0.3.c2: up to seqNum: 1
12-05 14:54:50.756 23691 23721 I RTPS_READER: 0.0.3.c2: changes up to seqNum: 1 missing.
12-05 14:54:50.757 23691 23720 I RTPS_MSG_IN: (ID:484777051376) InfoTS Submsg received, processing...
12-05 14:54:50.757 23691 23720 I RTPS_MSG_IN: (ID:484777051376) Data Submsg received, processing.
12-05 14:54:50.757 23691 23720 I RTPS_MSG_IN: (ID:484777051376) from Writer 1.f.40.bb.15.3b.0.0.1.0.0.0|0.1.0.c2; possible RTPSReaders: 4
12-05 14:54:50.757 23691 23720 I RTPS_MSG_IN: (ID:484777051376) Trying to add change 1 TO reader: 0.1.0.c7
12-05 14:54:50.757 23691 23720 I RTPS_MSG_IN: (ID:484777051376) MessageReceiver not add change 1
12-05 14:54:50.757 23691 23720 I RTPS_LIVELINESS: RTPSParticipant 1.f.40.bb.15.3b.0.0.1.0.0.0|0.0.1.c1 is Alive
12-05 14:54:50.757 23691 23720 I RTPS_LIVELINESS:  Stopped for RTPSParticipant with ID: 1.f.40.bb.15.3b.0.0.1.0.0.0
12-05 14:54:50.757 23691 23720 I RTPS_MSG_IN: (ID:484777051376) Sub Message DATA processed
12-05 14:54:50.758 23691 23720 I RTPS_MSG_IN: (ID:484777051376) InfoTS Submsg received, processing...
12-05 14:54:50.758 23691 23720 I RTPS_MSG_IN: (ID:484777051376) Data Submsg received, processing.
12-05 14:54:50.759 23691 23720 I RTPS_MSG_IN: (ID:484777051376) from Writer 1.f.40.bb.15.3b.0.0.1.0.0.0|0.1.0.c2; possible RTPSReaders: 4
12-05 14:54:50.759 23691 23720 I RTPS_MSG_IN: (ID:484777051376) Trying to add change 1 TO reader: 0.1.0.c7
12-05 14:54:50.759 23691 23720 I RTPS_MSG_IN: (ID:484777051376) MessageReceiver not add change 1
12-05 14:54:50.759 23691 23720 I RTPS_LIVELINESS: RTPSParticipant 1.f.40.bb.15.3b.0.0.1.0.0.0|0.0.1.c1 is Alive
12-05 14:54:50.759 23691 23720 I RTPS_LIVELINESS:  Stopped for RTPSParticipant with ID: 1.f.40.bb.15.3b.0.0.1.0.0.0
12-05 14:54:50.759 23691 23720 I RTPS_MSG_IN: (ID:484777051376) Sub Message DATA processed
12-05 14:54:50.760 23691 23721 I RTPS_MSG_IN: (ID:484776010992) InfoDST message received, processing...
12-05 14:54:50.760 23691 23721 I RTPS_MSG_IN: (ID:484776010992) DST RTPSParticipant is now: 1.f.13.9f.8b.5c.0.0.1.0.0.0
12-05 14:54:50.760 23691 23721 I RTPS_MSG_IN: (ID:484776010992) Heartbeat Submsg received, processing...
12-05 14:54:50.760 23691 23721 I RTPS_READER: 0.0.4.c2: up to seqNum: 1
12-05 14:54:50.760 23691 23721 I RTPS_READER: 0.0.4.c2: changes up to seqNum: 0 missing.
12-05 14:54:50.760 23691 23721 I RTPS_MSG_IN: (ID:484776010992) InfoDST message received, processing...
12-05 14:54:50.760 23691 23721 I RTPS_MSG_IN: (ID:484776010992) DST RTPSParticipant is now: 1.f.13.9f.8b.5c.0.0.1.0.0.0
12-05 14:54:50.760 23691 23721 I RTPS_MSG_IN: (ID:484776010992) Heartbeat Submsg received, processing...
12-05 14:54:50.760 23691 23721 I RTPS_READER: 0.2.0.c2: up to seqNum: 1
12-05 14:54:50.760 23691 23721 I RTPS_READER: 0.2.0.c2: changes up to seqNum: 0 missing.
12-05 14:54:50.766 23691 23719 I RTPS_READER: 
12-05 14:54:50.766 23691 23719 I RTPS_READER: Sending ACKNACK: 1:
12-05 14:54:50.767 23691 23719 I RTPS_MSG_OUT: UDPTransport: 64 bytes TO endpoint: 192.168.43.1:7412 FROM 0.0.0.0:41859
12-05 14:54:50.768 23691 23719 I RTPS_READER: 
12-05 14:54:50.768 23691 23719 I RTPS_READER: Sending ACKNACK: 1:1-
12-05 14:54:50.768 23691 23719 I RTPS_MSG_OUT: UDPTransport: 68 bytes TO endpoint: 192.168.43.1:7412 FROM 0.0.0.0:41859
12-05 14:54:50.772 23691 23719 I RTPS_READER: 
12-05 14:54:50.772 23691 23719 I RTPS_READER: Sending ACKNACK: 1:
12-05 14:54:50.772 23691 23719 I RTPS_MSG_OUT: UDPTransport: 64 bytes TO endpoint: 192.168.43.1:7412 FROM 0.0.0.0:41859
12-05 14:54:50.797 23691 23719 I RTPS_READER: Sending ACKNACK: 0:
12-05 14:54:50.798 23691 23719 I RTPS_MSG_OUT: UDPTransport: 64 bytes TO endpoint: 192.168.43.1:7412 FROM 0.0.0.0:41859
12-05 14:54:50.798 23691 23719 I RTPS_READER: Sending ACKNACK: 0:
12-05 14:54:50.798 23691 23719 I RTPS_MSG_OUT: UDPTransport: 64 bytes TO endpoint: 192.168.43.1:7412 FROM 0.0.0.0:41859
12-05 14:54:50.800 23691 23719 I RTPS_READER: Sending ACKNACK: 0:
12-05 14:54:50.800 23691 23719 I RTPS_MSG_OUT: UDPTransport: 64 bytes TO endpoint: 192.168.43.1:7412 FROM 0.0.0.0:41859
12-05 14:54:50.825 23691 23721 I RTPS_MSG_IN: (ID:484776010992) InfoDST message received, processing...
12-05 14:54:50.826 23691 23721 I RTPS_MSG_IN: (ID:484776010992) DST RTPSParticipant is now: 1.f.13.9f.8b.5c.0.0.1.0.0.0
12-05 14:54:50.826 23691 23721 I RTPS_MSG_IN: (ID:484776010992) Heartbeat Submsg received, processing...
12-05 14:54:50.826 23691 23721 I RTPS_READER: 0.0.3.c2: up to seqNum: 1
12-05 14:54:50.826 23691 23721 I RTPS_READER: 0.0.3.c2: changes up to seqNum: 1 missing.
12-05 14:54:50.827 23691 23721 I RTPS_MSG_IN: (ID:484776010992) InfoDST message received, processing...
12-05 14:54:50.827 23691 23721 I RTPS_MSG_IN: (ID:484776010992) DST RTPSParticipant is now: 1.f.13.9f.8b.5c.0.0.1.0.0.0
12-05 14:54:50.827 23691 23721 I RTPS_MSG_IN: (ID:484776010992) Heartbeat Submsg received, processing...
12-05 14:54:50.827 23691 23721 I RTPS_READER: 0.0.4.c2: up to seqNum: 1
12-05 14:54:50.827 23691 23721 I RTPS_READER: 0.0.4.c2: changes up to seqNum: 0 missing.
12-05 14:54:50.827 23691 23721 I RTPS_MSG_IN: (ID:484776010992) InfoDST message received, processing...
12-05 14:54:50.827 23691 23721 I RTPS_MSG_IN: (ID:484776010992) DST RTPSParticipant is now: 1.f.13.9f.8b.5c.0.0.1.0.0.0
12-05 14:54:50.827 23691 23721 I RTPS_MSG_IN: (ID:484776010992) Heartbeat Submsg received, processing...
12-05 14:54:50.827 23691 23721 I RTPS_READER: 0.2.0.c2: up to seqNum: 1
12-05 14:54:50.827 23691 23721 I RTPS_READER: 0.2.0.c2: changes up to seqNum: 0 missing.
12-05 14:54:50.827 23691 23721 I RTPS_MSG_IN: (ID:484776010992) InfoDST message received, processing...
12-05 14:54:50.828 23691 23721 I RTPS_MSG_IN: (ID:484776010992) DST RTPSParticipant is now: 1.f.13.9f.8b.5c.0.0.1.0.0.0
12-05 14:54:50.828 23691 23721 I RTPS_MSG_IN: (ID:484776010992) Acknack Submsg received, processing...
12-05 14:54:50.828 23691 23721 I RTPS_WRITER: 0.0.3.c2 Sending Heartbeat (1 - 0)
12-05 14:54:50.828 23691 23721 I RTPS_MSG_OUT: UDPTransport: 68 bytes TO endpoint: 192.168.43.1:7412 FROM 0.0.0.0:41859
12-05 14:54:50.828 23691 23721 I RTPS_MSG_IN: (ID:484776010992) InfoDST message received, processing...
12-05 14:54:50.829 23691 23721 I RTPS_MSG_IN: (ID:484776010992) DST RTPSParticipant is now: 1.f.13.9f.8b.5c.0.0.1.0.0.0
12-05 14:54:50.829 23691 23721 I RTPS_MSG_IN: (ID:484776010992) Acknack Submsg received, processing...
12-05 14:54:50.829 23691 23721 I RTPS_WRITER: 0.0.4.c2 Sending Heartbeat (1 - 1)
12-05 14:54:50.829 23691 23721 I RTPS_MSG_OUT: UDPTransport: 68 bytes TO endpoint: 192.168.43.1:7412 FROM 0.0.0.0:41859
12-05 14:54:50.830 23691 23721 I RTPS_MSG_IN: (ID:484776010992) InfoDST message received, processing...
12-05 14:54:50.830 23691 23721 I RTPS_MSG_IN: (ID:484776010992) DST RTPSParticipant is now: 1.f.13.9f.8b.5c.0.0.1.0.0.0
12-05 14:54:50.830 23691 23721 I RTPS_MSG_IN: (ID:484776010992) Acknack Submsg received, processing...
12-05 14:54:50.830 23691 23721 I RTPS_WRITER: 0.2.0.c2 Sending Heartbeat (1 - 0)
12-05 14:54:50.831 23691 23721 I RTPS_MSG_OUT: UDPTransport: 68 bytes TO endpoint: 192.168.43.1:7412 FROM 0.0.0.0:41859
12-05 14:54:50.833 23691 23719 I RTPS_READER: 
12-05 14:54:50.834 23691 23719 I RTPS_READER: Sending ACKNACK: 1:
12-05 14:54:50.834 23691 23719 I RTPS_MSG_OUT: UDPTransport: 64 bytes TO endpoint: 192.168.43.1:7412 FROM 0.0.0.0:41859
12-05 14:54:50.838 23691 23719 I RTPS_READER: 
12-05 14:54:50.838 23691 23719 I RTPS_READER: Sending ACKNACK: 1:1-
12-05 14:54:50.839 23691 23719 I RTPS_MSG_OUT: UDPTransport: 68 bytes TO endpoint: 192.168.43.1:7412 FROM 0.0.0.0:41859
12-05 14:54:50.839 23691 23719 I RTPS_READER: 
12-05 14:54:50.839 23691 23719 I RTPS_READER: Sending ACKNACK: 1:
12-05 14:54:50.839 23691 23719 I RTPS_MSG_OUT: UDPTransport: 64 bytes TO endpoint: 192.168.43.1:7412 FROM 0.0.0.0:41859
12-05 14:54:50.843 23691 23721 I RTPS_MSG_IN: (ID:484776010992) InfoDST message received, processing...
12-05 14:54:50.844 23691 23721 I RTPS_MSG_IN: (ID:484776010992) DST RTPSParticipant is now: 1.f.13.9f.8b.5c.0.0.1.0.0.0
12-05 14:54:50.844 23691 23721 I RTPS_MSG_IN: (ID:484776010992) Acknack Submsg received, processing...
12-05 14:54:50.849 23691 23721 I RTPS_MSG_IN: (ID:484776010992) InfoDST message received, processing...
12-05 14:54:50.849 23691 23721 I RTPS_MSG_IN: (ID:484776010992) DST RTPSParticipant is now: 1.f.13.9f.8b.5c.0.0.1.0.0.0
12-05 14:54:50.849 23691 23721 I RTPS_MSG_IN: (ID:484776010992) Acknack Submsg received, processing...
12-05 14:54:50.849 23691 23721 I RTPS_MSG_IN: (ID:484776010992) InfoDST message received, processing...
12-05 14:54:50.849 23691 23721 I RTPS_MSG_IN: (ID:484776010992) DST RTPSParticipant is now: 1.f.13.9f.8b.5c.0.0.1.0.0.0
12-05 14:54:50.849 23691 23721 I RTPS_MSG_IN: (ID:484776010992) Acknack Submsg received, processing...
12-05 14:54:50.849 23691 23721 I RTPS_WRITER: Requested Changes: 1:1-
12-05 14:54:50.876 23691 23721 I RTPS_MSG_IN: (ID:484776010992) InfoDST message received, processing...
12-05 14:54:50.877 23691 23721 I RTPS_MSG_IN: (ID:484776010992) DST RTPSParticipant is now: 1.f.13.9f.8b.5c.0.0.1.0.0.0
12-05 14:54:50.877 23691 23721 I RTPS_MSG_IN: (ID:484776010992) InfoTS Submsg received, processing...
12-05 14:54:50.877 23691 23721 I RTPS_MSG_IN: (ID:484776010992) Data Submsg received, processing.
12-05 14:54:50.877 23691 23721 I RTPS_MSG_IN: (ID:484776010992) from Writer 1.f.40.bb.15.3b.0.0.1.0.0.0|0.0.3.c2; possible RTPSReaders: 4
12-05 14:54:50.877 23691 23721 I RTPS_MSG_IN: (ID:484776010992) Trying to add change 1 TO reader: 0.0.3.c7
12-05 14:54:50.877 23691 23721 I RTPS_HISTORY: Change 1 added with 276 bytes
12-05 14:54:50.877 23691 23721 I RTPS_READER: 0.0.3.c2: seqNum: 1
12-05 14:54:50.877 23691 23721 I RTPS_EDP: 
12-05 14:54:50.878 23691 23721 I RTPS_PDP: Adding writer proxy data 1.f.40.bb.15.3b.0.0.1.0.0.0|0.0.1.3
12-05 14:54:50.878 23691 23721 I RTPS_EDP: 1.f.40.bb.15.3b.0.0.1.0.0.0|0.0.1.3 in topic: "Test"
12-05 14:54:50.878 23691 23721 I RTPS_READER: Writer 1.f.40.bb.15.3b.0.0.1.0.0.0|0.0.1.3 added to 0.0.1.4
12-05 14:54:50.878 23691 23721 I RTPS_EDP: Valid Matching to local reader: 0.0.1.4
12-05 14:54:50.878 23691 23721 I dps_manager_impl: Reader(0x70eaaed600): Matched with a Writer
12-05 14:54:50.878 23691 23721 I RTPS_PROXY_DATA: ReaderProxyData destructor: 1.f.13.9f.8b.5c.0.0.1.0.0.0|0.0.1.4
12-05 14:54:50.878 23691 23721 I RTPS_PARTICIPANT: 1.f.13.9f.8b.5c.0.0.1.0.0.0|0.0.1.c1
12-05 14:54:50.879 23691 23721 I RTPS_PARTICIPANT: 1.f.40.bb.15.3b.0.0.1.0.0.0|0.0.1.c1
12-05 14:54:50.879 23691 23721 I RTPS_PROXY_DATA: 1.f.40.bb.15.3b.0.0.1.0.0.0|0.0.1.3
12-05 14:54:50.879 23691 23721 I RTPS_HISTORY: Removing change 1
12-05 14:54:50.879 23691 23721 I RTPS_READER: 0.0.3.c7 FINDS writerProxy 1.f.40.bb.15.3b.0.0.1.0.0.0|0.0.3.c2 from 1
12-05 14:54:50.879 23691 23721 I RTPS_MSG_IN: (ID:484776010992) Sub Message DATA processed
12-05 14:54:50.943 23691 23719 I RTPS_WRITER: Responding to Acknack messages
12-05 14:54:50.944 23691 23723 I RTPS_WRITER: Sending relevant changes as DATA/DATA_FRAG messages
12-05 14:54:50.944 23691 23723 I RTPS_WRITER: Sending INFO_TS message
12-05 14:54:50.945 23691 23723 I RTPS_MSG_OUT: UDPTransport: 340 bytes TO endpoint: 192.168.43.1:7412 FROM 0.0.0.0:41859
12-05 14:54:50.945 23691 23723 I RTPS_WRITER: Finish sending unsent changes
12-05 14:54:50.955 23691 23722 I RTPS_MSG_IN: (ID:484774970608) InfoDST message received, processing...
12-05 14:54:50.955 23691 23722 I RTPS_MSG_IN: (ID:484774970608) DST RTPSParticipant is now: 1.f.13.9f.8b.5c.0.0.1.0.0.0
12-05 14:54:50.955 23691 23722 I RTPS_MSG_IN: (ID:484774970608) Heartbeat Submsg received, processing...
12-05 14:54:50.955 23691 23722 I RTPS_MSG_IN: (ID:484774970608) Gap Submsg received, processing...
12-05 14:54:50.955 23691 23719 I RTPS_WRITER: Changing underway to unacked for Reader: 1.f.40.bb.15.3b.0.0.1.0.0.0|0.0.4.c7
12-05 14:54:51.730 23691 23719 I RTPS_WRITER: 0.0.4.c2 Sending Heartbeat (1 - 1)
12-05 14:54:51.731 23691 23719 I RTPS_MSG_OUT: UDPTransport: 68 bytes TO endpoint: 192.168.43.1:7412 FROM 0.0.0.0:41859
12-05 14:54:51.762 23691 23721 I RTPS_MSG_IN: (ID:484776010992) InfoDST message received, processing...
12-05 14:54:51.762 23691 23721 I RTPS_MSG_IN: (ID:484776010992) DST RTPSParticipant is now: 1.f.13.9f.8b.5c.0.0.1.0.0.0
12-05 14:54:51.762 23691 23721 I RTPS_MSG_IN: (ID:484776010992) Heartbeat Submsg received, processing...
12-05 14:54:51.762 23691 23721 I RTPS_READER: 0.0.3.c2: up to seqNum: 1
12-05 14:54:51.763 23691 23721 I RTPS_READER: 0.0.3.c2: changes up to seqNum: 1 missing.
12-05 14:54:51.775 23691 23719 I RTPS_READER: 
12-05 14:54:51.775 23691 23719 I RTPS_READER: Sending ACKNACK: 2:
12-05 14:54:51.775 23691 23719 I RTPS_MSG_OUT: UDPTransport: 64 bytes TO endpoint: 192.168.43.1:7412 FROM 0.0.0.0:41859
12-05 14:54:51.776 23691 23721 I RTPS_MSG_IN: (ID:484776010992) InfoDST message received, processing...
12-05 14:54:51.776 23691 23721 I RTPS_MSG_IN: (ID:484776010992) DST RTPSParticipant is now: 1.f.13.9f.8b.5c.0.0.1.0.0.0
12-05 14:54:51.776 23691 23721 I RTPS_MSG_IN: (ID:484776010992) Acknack Submsg received, processing...
12-05 14:54:52.401  3474  3655 I DatabaseUtil: writeApplyOperatorDetailInfo
12-05 14:54:52.814 21654 21725 D MI_STAT : UploaderEngine postToServer network is not connected 
12-05 14:54:52.822 21654 21725 D MI_STAT : UploadTimer handleMessage: true
12-05 14:54:52.845 23732 23732 F linker  : CANNOT LINK EXECUTABLE "/system/bin/dpmd": "/system/lib64/libdpmframework.so" is 32-bit instead of 64-bit
12-05 14:54:54.714  2592  4816 I DPMJ    : |REQ:RCVR| DPM creating socket
12-05 14:54:55.641  2382  2569 D NetworkController.MobileSignalController(1): 4G level = 5
12-05 14:54:57.860 23736 23736 F linker  : CANNOT LINK EXECUTABLE "/system/bin/dpmd": "/system/lib64/libdpmframework.so" is 32-bit instead of 64-bit
12-05 14:54:58.718  2592  4816 I DPMJ    : |REQ:RCVR| DPM creating socket
12-05 14:55:02.872 23737 23737 F linker  : CANNOT LINK EXECUTABLE "/system/bin/dpmd": "/system/lib64/libdpmframework.so" is 32-bit instead of 64-bit
12-05 14:55:02.725  2592  4816 I chatty  : uid=1000(system) DPMReceiver identical 1 line
12-05 14:55:06.732  2592  4816 I DPMJ    : |REQ:RCVR| DPM creating socket
12-05 14:55:06.903  2382  2569 D NetworkController.MobileSignalController(1): 4G level = 5
12-05 14:55:07.868 21654 21725 D MI_STAT : UploaderEngine postToServer network is not connected 
12-05 14:55:07.873 21654 21725 D MI_STAT : UploadTimer handleMessage: true
12-05 14:55:07.900 23739 23739 F linker  : CANNOT LINK EXECUTABLE "/system/bin/dpmd": "/system/lib64/libdpmframework.so" is 32-bit instead of 64-bit
12-05 14:55:08.802   687   687 W memtrack@1.0-se: type=1400 audit(0.0:2125): avc: denied { read } for name="mem" dev="debugfs" ino=311651 scontext=u:r:hal_memtrack_default:s0 tcontext=u:object_r:qti_debugfs:s0 tclass=file permissive=0
12-05 14:55:10.739  2592  4816 I DPMJ    : |REQ:RCVR| DPM creating socket
12-05 14:55:11.340 23691 23719 I RTPS_PDP: ResendDiscoveryData Period
12-05 14:55:11.341 23691 23719 I RTPS_PDP: Announcing RTPSParticipant State (new change: 0)
12-05 14:55:11.342 23691 23723 I RTPS_WRITER: Sending relevant changes as DATA/DATA_FRAG messages
12-05 14:55:11.342 23691 23723 I RTPS_WRITER: Sending INFO_TS message
12-05 14:55:11.344 23691 23723 I RTPS_MSG_OUT: UDPTransport: 228 bytes TO endpoint: 239.255.0.1:7400 FROM 0.0.0.0:41859
12-05 14:55:11.344 23691 23723 I RTPS_WRITER: Finish sending unsent changes
12-05 14:55:11.344 23691 23720 I RTPS_MSG_IN: (ID:484777051376) InfoTS Submsg received, processing...
12-05 14:55:11.344 23691 23720 I RTPS_MSG_IN: (ID:484777051376) Data Submsg received, processing.
12-05 14:55:11.344 23691 23720 I RTPS_MSG_IN: (ID:484777051376) from Writer 1.f.13.9f.8b.5c.0.0.1.0.0.0|0.1.0.c2; possible RTPSReaders: 4
12-05 14:55:11.344 23691 23720 I RTPS_MSG_IN: (ID:484777051376) Trying to add change 1 TO reader: 0.1.0.c7
12-05 14:55:11.344 23691 23720 I RTPS_MSG_IN: (ID:484777051376) MessageReceiver not add change 1
12-05 14:55:11.345 23691 23720 I RTPS_LIVELINESS: RTPSParticipant 1.f.13.9f.8b.5c.0.0.1.0.0.0|0.0.1.c1 is Alive
12-05 14:55:11.345 23691 23720 I RTPS_MSG_IN: (ID:484777051376) Sub Message DATA processed
12-05 14:55:11.385  2382  2569 D NetworkController.MobileSignalController(1): 4G level = 5
12-05 14:55:12.918 23740 23740 F linker  : CANNOT LINK EXECUTABLE "/system/bin/dpmd": "/system/lib64/libdpmframework.so" is 32-bit instead of 64-bit
12-05 14:55:14.747  2592  4816 I DPMJ    : |REQ:RCVR| DPM creating socket
12-05 14:55:16.174  2055  2130 I ActivityManager: Force stopping com.xiaomi.mi_connect_service appid=10145 user=0: from process:23744
12-05 14:55:16.175  2055  2130 I AutoStartManagerService: MIUILOG- Reject RestartService packageName :com.xiaomi.mi_connect_service uid : 10145
12-05 14:55:16.175  2055  2130 D AutoStartManagerService: prepare force stop p:23691 s: 19
12-05 14:55:16.175  2055  2130 I Process : Sending signal. PID: 23691 SIG: 19
12-05 14:55:16.177  2055  2130 I ActivityManager: Killing 23691:com.xiaomi.mi_connect_service/u0a145 (adj 0): stop com.xiaomi.mi_connect_service: from process:23744
12-05 14:55:16.178  2055  2083 W libprocessgroup: kill(-23691, 9) failed: No such process
12-05 14:55:16.178  2055  2130 W ActivityManager: Crash of app com.xiaomi.mi_connect_service running instrumentation ComponentInfo{com.xiaomi.mi_connect_service.test/androidx.test.runner.AndroidJUnitRunner}
12-05 14:55:16.179  2055  2130 I ActivityManager: Force stopping com.xiaomi.mi_connect_service appid=10145 user=0: finished inst
12-05 14:55:16.179  2055  2130 I AutoStartManagerService: MIUILOG- Reject RestartService packageName :com.xiaomi.mi_connect_service uid : 10145
12-05 14:55:16.181  2055 23746 W Binder  : Outgoing transactions from this process must be FLAG_ONEWAY
12-05 14:55:16.181  2055 23746 W Binder  : java.lang.Throwable
12-05 14:55:16.181  2055 23746 W Binder  : 	at android.os.BinderProxy.transact(BinderProxy.java:460)
12-05 14:55:16.181  2055 23746 W Binder  : 	at android.app.IInstrumentationWatcher$Stub$Proxy.instrumentationFinished(IInstrumentationWatcher.java:164)
12-05 14:55:16.181  2055 23746 W Binder  : 	at com.android.server.am.InstrumentationReporter$MyThread.run(InstrumentationReporter.java:86)
12-05 14:55:16.183 23682 23682 D AndroidRuntime: Shutting down VM
12-05 14:55:16.183  2055  2083 W libprocessgroup: kill(-23691, 9) failed: No such process
12-05 14:55:16.188   729  3247 V APM_AudioPolicyManager: AudioPolicyManager:setRecordSilenced(uid:10145, silenced:1)
12-05 14:55:16.188   729  3247 V AudioFlinger: AudioFlinger::setRecordSilenced(uid:10145, silenced:1)
12-05 14:55:16.188  2055  2083 W libprocessgroup: kill(-23691, 9) failed: No such process
12-05 14:55:16.190  2055  2081 V UidProcStateHelper: process died:[23691,10145]
12-05 14:55:16.194  2055  2083 W libprocessgroup: kill(-23691, 9) failed: No such process
12-05 14:55:16.195  4445  4522 D ActiveStateController: updateStateForUidActiveChangedLocked, uid: 10145 active: false
12-05 14:55:16.197  3445  3739 W MtpStorageManager: The file lcfp.lock was 0 KB size 
12-05 14:55:16.199  3445  3739 W MtpStorageManager: The file lcfp.lock was 0 KB size 
12-05 14:55:16.200  2055  2083 W libprocessgroup: kill(-23691, 9) failed: No such process
12-05 14:55:16.201  3445  3739 W MtpStorageManager: The file lcfp.lock was 0 KB size 
12-05 14:55:16.202  2629  2629 D CarrierSvcBindHelper: No carrier app for: 0
12-05 14:55:16.203  2629  2629 E PhoneInterfaceManager: [PhoneIntfMgr] getCarrierPackageNamesForIntent: No UICC
12-05 14:55:16.203  2629  2629 D CarrierSvcBindHelper: No carrier app for: 1
12-05 14:55:16.206  2055  2083 W libprocessgroup: kill(-23691, 9) failed: No such process
12-05 14:55:16.236  2055  2083 I chatty  : uid=1000(system) ActivityManager identical 5 lines
12-05 14:55:16.242  2055  2083 W libprocessgroup: kill(-23691, 9) failed: No such process
12-05 14:55:16.243  2055  2083 I libprocessgroup: Successfully killed process cgroup uid 10145 pid 23691 in 65ms
12-05 14:55:16.243   999   999 I Zygote  : Process 23691 exited due to signal (9)
12-05 14:55:17.935 23752 23752 F linker  : CANNOT LINK EXECUTABLE "/system/bin/dpmd": "/system/lib64/libdpmframework.so" is 32-bit instead of 64-bit
