12-07 11:11:42.304 18750 18780 I RTPS_RECV: local locator: 192.168.1.2:7412,remote locator: 192.168.1.124:48763
12-07 11:11:42.304 18750 18780 I RTPS_MSG_IN: (ID:547420181584) InfoDST message received, processing...
12-07 11:11:42.304 18750 18780 I RTPS_MSG_IN: (ID:547420181584) DST RTPSParticipant is now: 1.f.6a.d1.3e.49.0.0.1.0.0.0
12-07 11:11:42.304 18750 18780 I RTPS_MSG_IN: (ID:547420181584) Heartbeat Submsg received, processing...
12-07 11:11:42.373 18750 18780 I RTPS_RECV: local locator: 192.168.1.2:7412,remote locator: 192.168.1.124:48763
12-07 11:11:42.373 18750 18780 I RTPS_MSG_IN: (ID:547420181584) InfoDST message received, processing...
12-07 11:11:42.373 18750 18780 I RTPS_MSG_IN: (ID:547420181584) DST RTPSParticipant is now: 1.f.6a.d1.3e.49.0.0.1.0.0.0
12-07 11:11:42.373 18750 18780 I RTPS_MSG_IN: (ID:547420181584) Acknack Submsg received, processing...
12-07 11:11:42.374 18750 18780 I RTPS_RECV: local locator: 192.168.1.2:7412,remote locator: 192.168.1.124:48763
12-07 11:11:42.374 18750 18780 I RTPS_MSG_IN: (ID:547420181584) InfoDST message received, processing...
12-07 11:11:42.374 18750 18780 I RTPS_MSG_IN: (ID:547420181584) DST RTPSParticipant is now: 1.f.6a.d1.3e.49.0.0.1.0.0.0
12-07 11:11:42.374 18750 18780 I RTPS_MSG_IN: (ID:547420181584) Acknack Submsg received, processing...
12-07 11:11:42.374 18750 18780 I RTPS_RECV: local locator: 192.168.1.2:7412,remote locator: 192.168.1.124:48763
12-07 11:11:42.374 18750 18780 I RTPS_MSG_IN: (ID:547420181584) InfoDST message received, processing...
12-07 11:11:42.374 18750 18780 I RTPS_MSG_IN: (ID:547420181584) DST RTPSParticipant is now: 1.f.6a.d1.3e.49.0.0.1.0.0.0
12-07 11:11:42.375 18750 18780 I RTPS_MSG_IN: (ID:547420181584) Acknack Submsg received, processing...
12-07 11:11:42.375 18750 18780 I RTPS_RECV: local locator: 192.168.1.2:7412,remote locator: 192.168.1.124:44966
12-07 11:11:42.375 18750 18780 I RTPS_MSG_IN: (ID:547420181584) InfoDST message received, processing...
12-07 11:11:42.375 18750 18780 I RTPS_MSG_IN: (ID:547420181584) DST RTPSParticipant is now: 1.f.6a.d1.3e.49.0.0.1.0.0.0
12-07 11:11:42.375 18750 18780 I RTPS_MSG_IN: (ID:547420181584) Acknack Submsg received, processing...
12-07 11:11:42.375 18750 18780 I RTPS_RECV: local locator: 192.168.1.2:7412,remote locator: 192.168.1.124:44966
12-07 11:11:42.376 18750 18780 I RTPS_MSG_IN: (ID:547420181584) InfoDST message received, processing...
12-07 11:11:42.376 18750 18780 I RTPS_MSG_IN: (ID:547420181584) DST RTPSParticipant is now: 1.f.6a.d1.3e.49.0.0.1.0.0.0
12-07 11:11:42.376 18750 18780 I RTPS_MSG_IN: (ID:547420181584) Acknack Submsg received, processing...
12-07 11:11:42.376 18750 18780 I RTPS_RECV: local locator: 192.168.1.2:7412,remote locator: 192.168.1.124:44966
12-07 11:11:42.376 18750 18780 I RTPS_MSG_IN: (ID:547420181584) InfoDST message received, processing...
12-07 11:11:42.376 18750 18780 I RTPS_MSG_IN: (ID:547420181584) DST RTPSParticipant is now: 1.f.6a.d1.3e.49.0.0.1.0.0.0
12-07 11:11:42.376 18750 18780 I RTPS_MSG_IN: (ID:547420181584) Acknack Submsg received, processing...
12-07 11:11:42.377 18750 18780 I RTPS_RECV: local locator: 192.168.1.2:7412,remote locator: 192.168.1.124:60397
12-07 11:11:42.377 18750 18780 I RTPS_MSG_IN: (ID:547420181584) InfoDST message received, processing...
12-07 11:11:42.377 18750 18780 I RTPS_MSG_IN: (ID:547420181584) DST RTPSParticipant is now: 1.f.6a.d1.3e.49.0.0.1.0.0.0
12-07 11:11:42.377 18750 18780 I RTPS_MSG_IN: (ID:547420181584) Acknack Submsg received, processing...
12-07 11:11:42.377 18750 18780 I RTPS_RECV: local locator: 192.168.1.2:7412,remote locator: 192.168.1.124:48356
12-07 11:11:42.377 18750 18780 I RTPS_MSG_IN: (ID:547420181584) InfoDST message received, processing...
12-07 11:11:42.377 18750 18780 I RTPS_MSG_IN: (ID:547420181584) DST RTPSParticipant is now: 1.f.6a.d1.3e.49.0.0.1.0.0.0
12-07 11:11:42.378 18750 18780 I RTPS_MSG_IN: (ID:547420181584) Acknack Submsg received, processing...
12-07 11:11:42.378 18750 18780 I RTPS_RECV: local locator: 192.168.1.2:7412,remote locator: 192.168.1.124:60397
12-07 11:11:42.378 18750 18780 I RTPS_MSG_IN: (ID:547420181584) InfoDST message received, processing...
12-07 11:11:42.378 18750 18780 I RTPS_MSG_IN: (ID:547420181584) DST RTPSParticipant is now: 1.f.6a.d1.3e.49.0.0.1.0.0.0
12-07 11:11:42.378 18750 18780 I RTPS_MSG_IN: (ID:547420181584) Acknack Submsg received, processing...
12-07 11:11:42.378 18750 18780 I RTPS_RECV: local locator: 192.168.1.2:7412,remote locator: 192.168.1.124:60397
12-07 11:11:42.378 18750 18780 I RTPS_MSG_IN: (ID:547420181584) InfoDST message received, processing...
12-07 11:11:42.379 18750 18780 I RTPS_MSG_IN: (ID:547420181584) DST RTPSParticipant is now: 1.f.6a.d1.3e.49.0.0.1.0.0.0
12-07 11:11:42.379 18750 18780 I RTPS_MSG_IN: (ID:547420181584) Acknack Submsg received, processing...
12-07 11:11:42.380 18750 18780 I RTPS_RECV: local locator: 192.168.1.2:7412,remote locator: 192.168.1.124:48356
12-07 11:11:42.380 18750 18780 I RTPS_MSG_IN: (ID:547420181584) InfoDST message received, processing...
12-07 11:11:42.380 18750 18780 I RTPS_MSG_IN: (ID:547420181584) DST RTPSParticipant is now: 1.f.6a.d1.3e.49.0.0.1.0.0.0
12-07 11:11:42.380 18750 18780 I RTPS_MSG_IN: (ID:547420181584) Acknack Submsg received, processing...
12-07 11:11:42.380 18750 18780 I RTPS_RECV: local locator: 192.168.1.2:7412,remote locator: 192.168.1.124:48356
12-07 11:11:42.380 18750 18780 I RTPS_MSG_IN: (ID:547420181584) InfoDST message received, processing...
12-07 11:11:42.381 18750 18780 I RTPS_MSG_IN: (ID:547420181584) DST RTPSParticipant is now: 1.f.6a.d1.3e.49.0.0.1.0.0.0
12-07 11:11:42.381 18750 18780 I RTPS_MSG_IN: (ID:547420181584) Acknack Submsg received, processing...
12-07 11:11:42.482 18750 18780 I RTPS_RECV: local locator: 192.168.1.2:7412,remote locator: 192.168.1.52:33211
12-07 11:11:42.482 18750 18780 I RTPS_MSG_IN: (ID:547420181584) InfoDST message received, processing...
12-07 11:11:42.482 18750 18780 I RTPS_MSG_IN: (ID:547420181584) DST RTPSParticipant is now: 1.f.6a.d1.3e.49.0.0.1.0.0.0
12-07 11:11:42.482 18750 18780 I RTPS_MSG_IN: (ID:547420181584) Heartbeat Submsg received, processing...
12-07 11:11:42.484 18750 18780 I RTPS_RECV: local locator: 192.168.1.2:7412,remote locator: 192.168.1.52:33211
12-07 11:11:42.484 18750 18780 I RTPS_MSG_IN: (ID:547420181584) InfoDST message received, processing...
12-07 11:11:42.484 18750 18780 I RTPS_MSG_IN: (ID:547420181584) DST RTPSParticipant is now: 1.f.6a.d1.3e.49.0.0.1.0.0.0
12-07 11:11:42.484 18750 18780 I RTPS_MSG_IN: (ID:547420181584) Heartbeat Submsg received, processing...
12-07 11:11:42.484 18750 18780 I RTPS_RECV: local locator: 192.168.1.2:7412,remote locator: 192.168.1.52:33211
12-07 11:11:42.485 18750 18780 I RTPS_MSG_IN: (ID:547420181584) InfoDST message received, processing...
12-07 11:11:42.485 18750 18780 I RTPS_MSG_IN: (ID:547420181584) DST RTPSParticipant is now: 1.f.6a.d1.3e.49.0.0.1.0.0.0
12-07 11:11:42.485 18750 18780 I RTPS_MSG_IN: (ID:547420181584) Heartbeat Submsg received, processing...
12-07 11:11:42.490 18750 18780 I RTPS_RECV: local locator: 192.168.1.2:7412,remote locator: 192.168.1.49:48358
12-07 11:11:42.490 18750 18780 I RTPS_MSG_IN: (ID:547420181584) InfoDST message received, processing...
12-07 11:11:42.491 18750 18780 I RTPS_MSG_IN: (ID:547420181584) DST RTPSParticipant is now: 1.f.6a.d1.3e.49.0.0.1.0.0.0
12-07 11:11:42.491 18750 18780 I RTPS_MSG_IN: (ID:547420181584) Heartbeat Submsg received, processing...
12-07 11:11:42.491 18750 18780 I RTPS_RECV: local locator: 192.168.1.2:7412,remote locator: 192.168.1.49:48358
12-07 11:11:42.491 18750 18780 I RTPS_MSG_IN: (ID:547420181584) InfoDST message received, processing...
12-07 11:11:42.491 18750 18780 I RTPS_MSG_IN: (ID:547420181584) DST RTPSParticipant is now: 1.f.6a.d1.3e.49.0.0.1.0.0.0
12-07 11:11:42.491 18750 18780 I RTPS_MSG_IN: (ID:547420181584) Heartbeat Submsg received, processing...
12-07 11:11:42.492 18750 18780 I RTPS_RECV: local locator: 192.168.1.2:7412,remote locator: 192.168.1.49:48358
12-07 11:11:42.492 18750 18780 I RTPS_MSG_IN: (ID:547420181584) InfoDST message received, processing...
12-07 11:11:42.492 18750 18780 I RTPS_MSG_IN: (ID:547420181584) DST RTPSParticipant is now: 1.f.6a.d1.3e.49.0.0.1.0.0.0
12-07 11:11:42.492 18750 18780 I RTPS_MSG_IN: (ID:547420181584) Heartbeat Submsg received, processing...
12-07 11:11:42.492 18750 18780 I RTPS_RECV: local locator: 192.168.1.2:7412,remote locator: 192.168.1.54:39553
12-07 11:11:42.492 18750 18780 I RTPS_MSG_IN: (ID:547420181584) InfoDST message received, processing...
12-07 11:11:42.492 18750 18780 I RTPS_MSG_IN: (ID:547420181584) DST RTPSParticipant is now: 1.f.6a.d1.3e.49.0.0.1.0.0.0
12-07 11:11:42.493 18750 18780 I RTPS_MSG_IN: (ID:547420181584) Heartbeat Submsg received, processing...
12-07 11:11:42.493 18750 18780 I RTPS_RECV: local locator: 192.168.1.2:7412,remote locator: 192.168.1.54:39553
12-07 11:11:42.493 18750 18780 I RTPS_MSG_IN: (ID:547420181584) InfoDST message received, processing...
12-07 11:11:42.493 18750 18780 I RTPS_MSG_IN: (ID:547420181584) DST RTPSParticipant is now: 1.f.6a.d1.3e.49.0.0.1.0.0.0
12-07 11:11:42.493 18750 18780 I RTPS_MSG_IN: (ID:547420181584) Heartbeat Submsg received, processing...
12-07 11:11:42.493 18750 18780 I RTPS_RECV: local locator: 192.168.1.2:7412,remote locator: 192.168.1.54:39553
12-07 11:11:42.494 18750 18780 I RTPS_MSG_IN: (ID:547420181584) InfoDST message received, processing...
12-07 11:11:42.494 18750 18780 I RTPS_MSG_IN: (ID:547420181584) DST RTPSParticipant is now: 1.f.6a.d1.3e.49.0.0.1.0.0.0
12-07 11:11:42.494 18750 18780 I RTPS_MSG_IN: (ID:547420181584) Heartbeat Submsg received, processing...
12-07 11:11:42.552 18750 18780 I RTPS_RECV: local locator: 192.168.1.2:7412,remote locator: 192.168.1.52:33211
12-07 11:11:42.553 18750 18780 I RTPS_MSG_IN: (ID:547420181584) InfoDST message received, processing...
12-07 11:11:42.553 18750 18780 I RTPS_MSG_IN: (ID:547420181584) DST RTPSParticipant is now: 1.f.6a.d1.3e.49.0.0.1.0.0.0
12-07 11:11:42.553 18750 18780 I RTPS_MSG_IN: (ID:547420181584) Acknack Submsg received, processing...
12-07 11:11:42.553 18750 18780 I RTPS_RECV: local locator: 192.168.1.2:7412,remote locator: 192.168.1.52:33211
12-07 11:11:42.553 18750 18780 I RTPS_MSG_IN: (ID:547420181584) InfoDST message received, processing...
12-07 11:11:42.554 18750 18780 I RTPS_MSG_IN: (ID:547420181584) DST RTPSParticipant is now: 1.f.6a.d1.3e.49.0.0.1.0.0.0
12-07 11:11:42.554 18750 18780 I RTPS_MSG_IN: (ID:547420181584) Acknack Submsg received, processing...
12-07 11:11:42.554 18750 18780 I RTPS_RECV: local locator: 192.168.1.2:7412,remote locator: 192.168.1.52:33211
12-07 11:11:42.554 18750 18780 I RTPS_MSG_IN: (ID:547420181584) InfoDST message received, processing...
12-07 11:11:42.554 18750 18780 I RTPS_MSG_IN: (ID:547420181584) DST RTPSParticipant is now: 1.f.6a.d1.3e.49.0.0.1.0.0.0
12-07 11:11:42.554 18750 18780 I RTPS_MSG_IN: (ID:547420181584) Acknack Submsg received, processing...
12-07 11:11:42.555 18750 18780 I RTPS_RECV: local locator: 192.168.1.2:7412,remote locator: 192.168.1.54:39553
12-07 11:11:42.555 18750 18780 I RTPS_MSG_IN: (ID:547420181584) InfoDST message received, processing...
12-07 11:11:42.555 18750 18780 I RTPS_MSG_IN: (ID:547420181584) DST RTPSParticipant is now: 1.f.6a.d1.3e.49.0.0.1.0.0.0
12-07 11:11:42.555 18750 18780 I RTPS_MSG_IN: (ID:547420181584) Acknack Submsg received, processing...
12-07 11:11:42.555 18750 18780 I RTPS_RECV: local locator: 192.168.1.2:7412,remote locator: 192.168.1.54:39553
12-07 11:11:42.556 18750 18780 I RTPS_MSG_IN: (ID:547420181584) InfoDST message received, processing...
12-07 11:11:42.556 18750 18780 I RTPS_MSG_IN: (ID:547420181584) DST RTPSParticipant is now: 1.f.6a.d1.3e.49.0.0.1.0.0.0
12-07 11:11:42.556 18750 18780 I RTPS_MSG_IN: (ID:547420181584) Acknack Submsg received, processing...
12-07 11:11:42.556 18750 18780 I RTPS_RECV: local locator: 192.168.1.2:7412,remote locator: 192.168.1.54:39553
12-07 11:11:42.556 18750 18780 I RTPS_MSG_IN: (ID:547420181584) InfoDST message received, processing...
12-07 11:11:42.556 18750 18780 I RTPS_MSG_IN: (ID:547420181584) DST RTPSParticipant is now: 1.f.6a.d1.3e.49.0.0.1.0.0.0
12-07 11:11:42.557 18750 18780 I RTPS_MSG_IN: (ID:547420181584) Acknack Submsg received, processing...
12-07 11:11:42.594 18750 18780 I RTPS_RECV: local locator: 192.168.1.2:7412,remote locator: 192.168.1.49:48358
12-07 11:11:42.594 18750 18780 I RTPS_MSG_IN: (ID:547420181584) InfoDST message received, processing...
12-07 11:11:42.594 18750 18780 I RTPS_MSG_IN: (ID:547420181584) DST RTPSParticipant is now: 1.f.6a.d1.3e.49.0.0.1.0.0.0
12-07 11:11:42.594 18750 18780 I RTPS_MSG_IN: (ID:547420181584) Acknack Submsg received, processing...
12-07 11:11:42.594 18750 18780 I RTPS_RECV: local locator: 192.168.1.2:7412,remote locator: 192.168.1.49:48358
12-07 11:11:42.595 18750 18780 I RTPS_MSG_IN: (ID:547420181584) InfoDST message received, processing...
12-07 11:11:42.595 18750 18780 I RTPS_MSG_IN: (ID:547420181584) DST RTPSParticipant is now: 1.f.6a.d1.3e.49.0.0.1.0.0.0
12-07 11:11:42.595 18750 18780 I RTPS_MSG_IN: (ID:547420181584) Acknack Submsg received, processing...
12-07 11:11:42.595 18750 18780 I RTPS_RECV: local locator: 192.168.1.2:7412,remote locator: 192.168.1.49:48358
12-07 11:11:42.596 18750 18780 I RTPS_MSG_IN: (ID:547420181584) InfoDST message received, processing...
12-07 11:11:42.596 18750 18780 I RTPS_MSG_IN: (ID:547420181584) DST RTPSParticipant is now: 1.f.6a.d1.3e.49.0.0.1.0.0.0
12-07 11:11:42.596 18750 18780 I RTPS_MSG_IN: (ID:547420181584) Acknack Submsg received, processing...
12-07 11:11:42.683 18750 18779 I RTPS_RECV: local locator: 239.255.0.1:7400,remote locator: 192.168.1.49:48358
12-07 11:11:42.683 18750 18779 I RTPS_MSG_IN: (ID:547421217872) InfoTS Submsg received, processing...
12-07 11:11:42.683 18750 18779 I RTPS_MSG_IN: (ID:547421217872) Data Submsg received, processing. locator: 192.168.1.49:48358
12-07 11:11:42.684 18750 18779 I RTPS_MSG_IN: (ID:547421217872) from Writer 1.f.87.f4.dc.2f.0.0.1.0.0.0|0.1.0.c2; possible RTPSReaders: 4
12-07 11:11:42.684 18750 18779 I RTPS_MSG_IN: (ID:547421217872) Trying to add change 1 TO reader: 0.1.0.c7
12-07 11:11:42.684 18750 18779 I RTPS_HISTORY: Change 1 added with 172 bytes
12-07 11:11:42.684 18750 18779 I RTPS_PDP: SPDP Message received
12-07 11:11:42.684 18750 18779 I RTPS_PDP: Announcing RTPSParticipant State (new change: 0)
12-07 11:11:42.685 18750 18779 I RTPS_PDP: For RTPSParticipant: 1.f.87.f4.dc.2f.0.0.1.0.0.0
12-07 11:11:42.685 18750 18782 I RTPS_WRITER: Sending relevant changes as DATA/DATA_FRAG messages
12-07 11:11:42.685 18750 18779 I RTPS_READER: Writer 1.f.87.f4.dc.2f.0.0.1.0.0.0|0.1.0.c2 added to 0.1.0.c7
12-07 11:11:42.685 18750 18782 I RTPS_WRITER: Sending INFO_TS message
12-07 11:11:42.685 18750 18782 I RTPS_WRITER: endpoint: 0.1.0.c2, destinations: 239.255.0.1:7400,
12-07 11:11:42.686 18750 18782 I RTPS_MSG_OUT: UDPTransport: 228 bytes TO endpoint: 239.255.0.1:7400 FROM 0.0.0.0:60805
12-07 11:11:42.686 18750 18782 I RTPS_WRITER: Finish sending unsent changes
12-07 11:11:42.686 18750 18779 I RTPS_WRITER: Reader 1.f.87.f4.dc.2f.0.0.1.0.0.0|0.1.0.c7 added to 0.1.0.c2
12-07 11:11:42.687 18750 18779 I RTPS_EDP: New DPD received, adding remote endpoints to our SimpleEDP endpoints
12-07 11:11:42.687 18750 18779 I RTPS_EDP: Adding SEDP Pub Writer to my Pub Reader
12-07 11:11:42.687 18750 18782 I RTPS_WRITER: Sending relevant changes as DATA/DATA_FRAG messages
12-07 11:11:42.687 18750 18779 I RTPS_READER: Writer Proxy created in reader: 0.0.3.c7
12-07 11:11:42.687 18750 18782 I RTPS_WRITER: Sending INFO_TS message
12-07 11:11:42.687 18750 18782 I RTPS_WRITER: endpoint: 0.1.0.c2, destinations: 239.255.0.1:7400,
12-07 11:11:42.688 18750 18779 I RTPS_READER: Writer Proxy 1.f.87.f4.dc.2f.0.0.1.0.0.0|0.0.3.c2 added to 0.0.3.c7
12-07 11:11:42.688 18750 18779 I RTPS_EDP: Adding SEDP Pub Reader to my Pub Writer
12-07 11:11:42.688 18750 18782 I RTPS_MSG_OUT: UDPTransport: 228 bytes TO endpoint: 239.255.0.1:7400 FROM 0.0.0.0:60805
12-07 11:11:42.688 18750 18782 I RTPS_WRITER: Finish sending unsent changes
12-07 11:11:42.689 18750 18779 I RTPS_WRITER: Reader Proxy started
12-07 11:11:42.689 18750 18779 I RTPS_WRITER: 0.0.3.c2 Sending Heartbeat (1 - 0)
12-07 11:11:42.690 18750 18779 I RTPS_WRITER: endpoint: 0.0.3.c2, destinations: 192.168.1.49:7412,
12-07 11:11:42.690 18750 18779 I RTPS_MSG_OUT: UDPTransport: 68 bytes TO endpoint: 192.168.1.49:7412 FROM 0.0.0.0:60805
12-07 11:11:42.690 18750 18779 I RTPS_WRITER: Reader Proxy 1.f.87.f4.dc.2f.0.0.1.0.0.0|0.0.3.c7 added to 0.0.3.c2 with 1(u)-1(m) locators
12-07 11:11:42.691 18750 18779 I RTPS_EDP: Adding SEDP Sub Writer to my Sub Reader
12-07 11:11:42.691 18750 18779 I RTPS_READER: Writer Proxy created in reader: 0.0.4.c7
12-07 11:11:42.691 18750 18779 I RTPS_READER: Writer Proxy 1.f.87.f4.dc.2f.0.0.1.0.0.0|0.0.4.c2 added to 0.0.4.c7
12-07 11:11:42.691 18750 18779 I RTPS_EDP: Adding SEDP Sub Reader to my Sub Writer
12-07 11:11:42.692 18750 18779 I RTPS_WRITER: Reader Proxy started
12-07 11:11:42.692 18750 18779 I RTPS_WRITER: 0.0.4.c2 Sending Heartbeat (1 - 1)
12-07 11:11:42.692 18750 18779 I RTPS_WRITER: endpoint: 0.0.4.c2, destinations: 192.168.1.49:7412,
12-07 11:11:42.692 18750 18779 I RTPS_MSG_OUT: UDPTransport: 68 bytes TO endpoint: 192.168.1.49:7412 FROM 0.0.0.0:60805
12-07 11:11:42.693 18750 18779 I RTPS_WRITER: Reader Proxy 1.f.87.f4.dc.2f.0.0.1.0.0.0|0.0.4.c7 added to 0.0.4.c2 with 1(u)-1(m) locators
12-07 11:11:42.693 18750 18779 I RTPS_LIVELINESS: Adding remote writer to my local Builtin Reader
12-07 11:11:42.693 18750 18779 I RTPS_READER: Writer Proxy created in reader: 0.2.0.c7
12-07 11:11:42.693 18750 18779 I RTPS_READER: Writer Proxy 1.f.87.f4.dc.2f.0.0.1.0.0.0|0.2.0.c2 added to 0.2.0.c7
12-07 11:11:42.693 18750 18779 I RTPS_LIVELINESS: Adding remote reader to my local Builtin Writer
12-07 11:11:42.694 18750 18779 I RTPS_WRITER: Reader Proxy started
12-07 11:11:42.694 18750 18779 I RTPS_WRITER: 0.2.0.c2 Sending Heartbeat (1 - 0)
12-07 11:11:42.694 18750 18779 I RTPS_WRITER: endpoint: 0.2.0.c2, destinations: 192.168.1.49:7412,
12-07 11:11:42.694 18750 18779 I RTPS_MSG_OUT: UDPTransport: 68 bytes TO endpoint: 192.168.1.49:7412 FROM 0.0.0.0:60805
12-07 11:11:42.695 18750 18779 I RTPS_WRITER: Reader Proxy 1.f.87.f4.dc.2f.0.0.1.0.0.0|0.2.0.c7 added to 0.2.0.c2 with 1(u)-1(m) locators
12-07 11:11:42.695 18750 18779 I RTPS_PARTICIPANT: 1.f.87.f4.dc.2f.0.0.1.0.0.0|0.0.1.c1
12-07 11:11:42.696 18750 18779 I RTPS_HISTORY: Removing change 1
12-07 11:11:42.696 18750 18779 I RTPS_MSG_IN: (ID:547421217872) Sub Message DATA processed
12-07 11:11:42.696 18750 18779 I RTPS_RECV: local locator: 239.255.0.1:7400,remote locator: 192.168.1.2:60805
12-07 11:11:42.696 18750 18779 I RTPS_MSG_IN: (ID:547421217872) InfoTS Submsg received, processing...
12-07 11:11:42.697 18750 18779 I RTPS_MSG_IN: (ID:547421217872) Data Submsg received, processing. locator: 192.168.1.2:60805
12-07 11:11:42.697 18750 18779 I RTPS_MSG_IN: (ID:547421217872) from Writer 1.f.6a.d1.3e.49.0.0.1.0.0.0|0.1.0.c2; possible RTPSReaders: 4
12-07 11:11:42.697 18750 18779 I RTPS_MSG_IN: (ID:547421217872) Trying to add change 1 TO reader: 0.1.0.c7
12-07 11:11:42.697 18750 18779 I RTPS_MSG_IN: (ID:547421217872) MessageReceiver not add change 1
12-07 11:11:42.697 18750 18779 I RTPS_LIVELINESS: RTPSParticipant 1.f.6a.d1.3e.49.0.0.1.0.0.0|0.0.1.c1 is Alive
12-07 11:11:42.697 18750 18779 I RTPS_MSG_IN: (ID:547421217872) Sub Message DATA processed
12-07 11:11:42.698 18750 18779 I RTPS_RECV: local locator: 239.255.0.1:7400,remote locator: 192.168.1.2:60805
12-07 11:11:42.698 18750 18779 I RTPS_MSG_IN: (ID:547421217872) InfoTS Submsg received, processing...
12-07 11:11:42.698 18750 18779 I RTPS_MSG_IN: (ID:547421217872) Data Submsg received, processing. locator: 192.168.1.2:60805
12-07 11:11:42.698 18750 18779 I RTPS_MSG_IN: (ID:547421217872) from Writer 1.f.6a.d1.3e.49.0.0.1.0.0.0|0.1.0.c2; possible RTPSReaders: 4
12-07 11:11:42.698 18750 18779 I RTPS_MSG_IN: (ID:547421217872) Trying to add change 1 TO reader: 0.1.0.c7
12-07 11:11:42.698 18750 18779 I RTPS_MSG_IN: (ID:547421217872) MessageReceiver not add change 1
12-07 11:11:42.699 18750 18779 I RTPS_LIVELINESS: RTPSParticipant 1.f.6a.d1.3e.49.0.0.1.0.0.0|0.0.1.c1 is Alive
12-07 11:11:42.699 18750 18779 I RTPS_MSG_IN: (ID:547421217872) Sub Message DATA processed
12-07 11:11:42.699 18750 18779 I RTPS_RECV: local locator: 239.255.0.1:7400,remote locator: 192.168.1.54:39553
12-07 11:11:42.699 18750 18779 I RTPS_MSG_IN: (ID:547421217872) InfoTS Submsg received, processing...
12-07 11:11:42.699 18750 18779 I RTPS_MSG_IN: (ID:547421217872) Data Submsg received, processing. locator: 192.168.1.54:39553
12-07 11:11:42.700 18750 18779 I RTPS_MSG_IN: (ID:547421217872) from Writer 1.f.67.be.93.7e.0.0.1.0.0.0|0.1.0.c2; possible RTPSReaders: 4
12-07 11:11:42.700 18750 18779 I RTPS_MSG_IN: (ID:547421217872) Trying to add change 1 TO reader: 0.1.0.c7
12-07 11:11:42.700 18750 18779 I RTPS_HISTORY: Change 1 added with 172 bytes
12-07 11:11:42.700 18750 18779 I RTPS_PDP: SPDP Message received
12-07 11:11:42.700 18750 18779 I RTPS_PDP: Announcing RTPSParticipant State (new change: 0)
12-07 11:11:42.701 18750 18779 I RTPS_PDP: For RTPSParticipant: 1.f.67.be.93.7e.0.0.1.0.0.0
12-07 11:11:42.701 18750 18779 I RTPS_READER: Writer 1.f.67.be.93.7e.0.0.1.0.0.0|0.1.0.c2 added to 0.1.0.c7
12-07 11:11:42.701 18750 18779 I RTPS_WRITER: Reader 1.f.67.be.93.7e.0.0.1.0.0.0|0.1.0.c7 added to 0.1.0.c2
12-07 11:11:42.702 18750 18779 I RTPS_EDP: New DPD received, adding remote endpoints to our SimpleEDP endpoints
12-07 11:11:42.702 18750 18779 I RTPS_EDP: Adding SEDP Pub Writer to my Pub Reader
12-07 11:11:42.702 18750 18782 I RTPS_WRITER: Sending relevant changes as DATA/DATA_FRAG messages
12-07 11:11:42.702 18750 18779 I RTPS_READER: Writer Proxy created in reader: 0.0.3.c7
12-07 11:11:42.702 18750 18782 I RTPS_WRITER: Sending INFO_TS message
12-07 11:11:42.702 18750 18779 I RTPS_READER: Writer Proxy 1.f.67.be.93.7e.0.0.1.0.0.0|0.0.3.c2 added to 0.0.3.c7
12-07 11:11:42.702 18750 18782 I RTPS_WRITER: endpoint: 0.1.0.c2, destinations: 239.255.0.1:7400,
12-07 11:11:42.702 18750 18779 I RTPS_EDP: Adding SEDP Pub Reader to my Pub Writer
12-07 11:11:42.703 18750 18782 I RTPS_MSG_OUT: UDPTransport: 228 bytes TO endpoint: 239.255.0.1:7400 FROM 0.0.0.0:60805
12-07 11:11:42.703 18750 18782 I RTPS_WRITER: Finish sending unsent changes
12-07 11:11:42.703 18750 18779 I RTPS_WRITER: Reader Proxy started
12-07 11:11:42.703 18750 18779 I RTPS_WRITER: 0.0.3.c2 Sending Heartbeat (1 - 0)
12-07 11:11:42.704 18750 18779 I RTPS_WRITER: endpoint: 0.0.3.c2, destinations: 192.168.1.54:7412,
12-07 11:11:42.704 18750 18779 I RTPS_MSG_OUT: UDPTransport: 68 bytes TO endpoint: 192.168.1.54:7412 FROM 0.0.0.0:60805
12-07 11:11:42.704 18750 18779 I RTPS_WRITER: Reader Proxy 1.f.67.be.93.7e.0.0.1.0.0.0|0.0.3.c7 added to 0.0.3.c2 with 1(u)-1(m) locators
12-07 11:11:42.705 18750 18779 I RTPS_EDP: Adding SEDP Sub Writer to my Sub Reader
12-07 11:11:42.705 18750 18779 I RTPS_READER: Writer Proxy created in reader: 0.0.4.c7
12-07 11:11:42.705 18750 18779 I RTPS_READER: Writer Proxy 1.f.67.be.93.7e.0.0.1.0.0.0|0.0.4.c2 added to 0.0.4.c7
12-07 11:11:42.705 18750 18779 I RTPS_EDP: Adding SEDP Sub Reader to my Sub Writer
12-07 11:11:42.705 18750 18779 I RTPS_WRITER: Reader Proxy started
12-07 11:11:42.706 18750 18779 I RTPS_WRITER: 0.0.4.c2 Sending Heartbeat (1 - 1)
12-07 11:11:42.706 18750 18779 I RTPS_WRITER: endpoint: 0.0.4.c2, destinations: 192.168.1.54:7412,
12-07 11:11:42.706 18750 18779 I RTPS_MSG_OUT: UDPTransport: 68 bytes TO endpoint: 192.168.1.54:7412 FROM 0.0.0.0:60805
12-07 11:11:42.706 18750 18779 I RTPS_WRITER: Reader Proxy 1.f.67.be.93.7e.0.0.1.0.0.0|0.0.4.c7 added to 0.0.4.c2 with 1(u)-1(m) locators
12-07 11:11:42.707 18750 18779 I RTPS_LIVELINESS: Adding remote writer to my local Builtin Reader
12-07 11:11:42.707 18750 18779 I RTPS_READER: Writer Proxy created in reader: 0.2.0.c7
12-07 11:11:42.707 18750 18779 I RTPS_READER: Writer Proxy 1.f.67.be.93.7e.0.0.1.0.0.0|0.2.0.c2 added to 0.2.0.c7
12-07 11:11:42.707 18750 18779 I RTPS_LIVELINESS: Adding remote reader to my local Builtin Writer
12-07 11:11:42.707 18750 18779 I RTPS_WRITER: Reader Proxy started
12-07 11:11:42.708 18750 18779 I RTPS_WRITER: 0.2.0.c2 Sending Heartbeat (1 - 0)
12-07 11:11:42.708 18750 18779 I RTPS_WRITER: endpoint: 0.2.0.c2, destinations: 192.168.1.54:7412,
12-07 11:11:42.708 18750 18779 I RTPS_MSG_OUT: UDPTransport: 68 bytes TO endpoint: 192.168.1.54:7412 FROM 0.0.0.0:60805
12-07 11:11:42.708 18750 18779 I RTPS_WRITER: Reader Proxy 1.f.67.be.93.7e.0.0.1.0.0.0|0.2.0.c7 added to 0.2.0.c2 with 1(u)-1(m) locators
12-07 11:11:42.710 18750 18779 I RTPS_PARTICIPANT: 1.f.67.be.93.7e.0.0.1.0.0.0|0.0.1.c1
12-07 11:11:42.710 18750 18779 I RTPS_HISTORY: Removing change 1
12-07 11:11:42.710 18750 18779 I RTPS_MSG_IN: (ID:547421217872) Sub Message DATA processed
12-07 11:11:42.710 18750 18779 I RTPS_RECV: local locator: 239.255.0.1:7400,remote locator: 192.168.1.2:60805
12-07 11:11:42.710 18750 18779 I RTPS_MSG_IN: (ID:547421217872) InfoTS Submsg received, processing...
12-07 11:11:42.710 18750 18779 I RTPS_MSG_IN: (ID:547421217872) Data Submsg received, processing. locator: 192.168.1.2:60805
12-07 11:11:42.710 18750 18779 I RTPS_MSG_IN: (ID:547421217872) from Writer 1.f.6a.d1.3e.49.0.0.1.0.0.0|0.1.0.c2; possible RTPSReaders: 4
12-07 11:11:42.710 18750 18779 I RTPS_MSG_IN: (ID:547421217872) Trying to add change 1 TO reader: 0.1.0.c7
12-07 11:11:42.710 18750 18779 I RTPS_MSG_IN: (ID:547421217872) MessageReceiver not add change 1
12-07 11:11:42.710 18750 18779 I RTPS_LIVELINESS: RTPSParticipant 1.f.6a.d1.3e.49.0.0.1.0.0.0|0.0.1.c1 is Alive
12-07 11:11:42.710 18750 18779 I RTPS_MSG_IN: (ID:547421217872) Sub Message DATA processed
12-07 11:11:42.722 18750 18780 I RTPS_RECV: local locator: 192.168.1.2:7412,remote locator: 192.168.1.54:39553
12-07 11:11:42.722 18750 18780 I RTPS_MSG_IN: (ID:547420181584) InfoDST message received, processing...
12-07 11:11:42.722 18750 18780 I RTPS_MSG_IN: (ID:547420181584) DST RTPSParticipant is now: 1.f.6a.d1.3e.49.0.0.1.0.0.0
12-07 11:11:42.722 18750 18780 I RTPS_MSG_IN: (ID:547420181584) Acknack Submsg received, processing...
12-07 11:11:42.724 18750 18780 I RTPS_RECV: local locator: 192.168.1.2:7412,remote locator: 192.168.1.54:39553
12-07 11:11:42.724 18750 18780 I RTPS_MSG_IN: (ID:547420181584) InfoDST message received, processing...
12-07 11:11:42.724 18750 18780 I RTPS_MSG_IN: (ID:547420181584) DST RTPSParticipant is now: 1.f.6a.d1.3e.49.0.0.1.0.0.0
12-07 11:11:42.724 18750 18780 I RTPS_MSG_IN: (ID:547420181584) Acknack Submsg received, processing...
12-07 11:11:42.730 18750 18780 I RTPS_RECV: local locator: 192.168.1.2:7412,remote locator: 192.168.1.54:39553
12-07 11:11:42.730 18750 18780 I RTPS_MSG_IN: (ID:547420181584) InfoDST message received, processing...
12-07 11:11:42.730 18750 18780 I RTPS_MSG_IN: (ID:547420181584) DST RTPSParticipant is now: 1.f.6a.d1.3e.49.0.0.1.0.0.0
12-07 11:11:42.730 18750 18780 I RTPS_MSG_IN: (ID:547420181584) Acknack Submsg received, processing...
12-07 11:11:42.730 18750 18780 I RTPS_WRITER: Requested Changes: 1:1-
12-07 11:11:42.753 18750 18780 I RTPS_RECV: local locator: 192.168.1.2:7412,remote locator: 192.168.1.49:48358
12-07 11:11:42.753 18750 18780 I RTPS_MSG_IN: (ID:547420181584) InfoDST message received, processing...
12-07 11:11:42.753 18750 18780 I RTPS_MSG_IN: (ID:547420181584) DST RTPSParticipant is now: 1.f.6a.d1.3e.49.0.0.1.0.0.0
12-07 11:11:42.753 18750 18780 I RTPS_MSG_IN: (ID:547420181584) Acknack Submsg received, processing...
12-07 11:11:42.754 18750 18780 I RTPS_RECV: local locator: 192.168.1.2:7412,remote locator: 192.168.1.49:48358
12-07 11:11:42.754 18750 18780 I RTPS_MSG_IN: (ID:547420181584) InfoDST message received, processing...
12-07 11:11:42.754 18750 18780 I RTPS_MSG_IN: (ID:547420181584) DST RTPSParticipant is now: 1.f.6a.d1.3e.49.0.0.1.0.0.0
12-07 11:11:42.754 18750 18780 I RTPS_MSG_IN: (ID:547420181584) Acknack Submsg received, processing...
12-07 11:11:42.754 18750 18780 I RTPS_RECV: local locator: 192.168.1.2:7412,remote locator: 192.168.1.49:48358
12-07 11:11:42.754 18750 18780 I RTPS_MSG_IN: (ID:547420181584) InfoDST message received, processing...
12-07 11:11:42.755 18750 18780 I RTPS_MSG_IN: (ID:547420181584) DST RTPSParticipant is now: 1.f.6a.d1.3e.49.0.0.1.0.0.0
12-07 11:11:42.755 18750 18780 I RTPS_MSG_IN: (ID:547420181584) Acknack Submsg received, processing...
12-07 11:11:42.755 18750 18780 I RTPS_WRITER: Requested Changes: 1:1-
12-07 11:11:42.758 18750 18778 I RTPS_READER: Sending ACKNACK: 0:
12-07 11:11:42.759 18750 18778 I RTPS_WRITER: endpoint: 0.0.3.c7, destinations: 192.168.1.49:7412,
12-07 11:11:42.759 18750 18778 I RTPS_MSG_OUT: UDPTransport: 64 bytes TO endpoint: 192.168.1.49:7412 FROM 0.0.0.0:60805
12-07 11:11:42.762 18750 18778 I RTPS_READER: Sending ACKNACK: 0:
12-07 11:11:42.763 18750 18778 I RTPS_WRITER: endpoint: 0.0.4.c7, destinations: 192.168.1.49:7412,
12-07 11:11:42.763 18750 18778 I RTPS_MSG_OUT: UDPTransport: 64 bytes TO endpoint: 192.168.1.49:7412 FROM 0.0.0.0:60805
12-07 11:11:42.763 18750 18778 I RTPS_READER: Sending ACKNACK: 0:
12-07 11:11:42.764 18750 18778 I RTPS_WRITER: endpoint: 0.2.0.c7, destinations: 192.168.1.49:7412,
12-07 11:11:42.764 18750 18778 I RTPS_MSG_OUT: UDPTransport: 64 bytes TO endpoint: 192.168.1.49:7412 FROM 0.0.0.0:60805
12-07 11:11:42.766 18750 18780 I RTPS_RECV: local locator: 192.168.1.2:7412,remote locator: 192.168.1.49:48358
12-07 11:11:42.766 18750 18780 I RTPS_MSG_IN: (ID:547420181584) InfoDST message received, processing...
12-07 11:11:42.767 18750 18780 I RTPS_MSG_IN: (ID:547420181584) DST RTPSParticipant is now: 1.f.6a.d1.3e.49.0.0.1.0.0.0
12-07 11:11:42.767 18750 18780 I RTPS_MSG_IN: (ID:547420181584) Heartbeat Submsg received, processing...
12-07 11:11:42.767 18750 18780 I RTPS_READER: 0.0.3.c2: up to seqNum: 1
12-07 11:11:42.767 18750 18780 I RTPS_READER: 0.0.3.c2: changes up to seqNum: 0 missing.
12-07 11:11:42.767 18750 18780 I RTPS_RECV: local locator: 192.168.1.2:7412,remote locator: 192.168.1.49:48358
12-07 11:11:42.767 18750 18780 I RTPS_MSG_IN: (ID:547420181584) InfoDST message received, processing...
12-07 11:11:42.768 18750 18780 I RTPS_MSG_IN: (ID:547420181584) DST RTPSParticipant is now: 1.f.6a.d1.3e.49.0.0.1.0.0.0
12-07 11:11:42.768 18750 18780 I RTPS_MSG_IN: (ID:547420181584) Heartbeat Submsg received, processing...
12-07 11:11:42.768 18750 18780 I RTPS_READER: 0.0.4.c2: up to seqNum: 1
12-07 11:11:42.768 18750 18780 I RTPS_READER: 0.0.4.c2: changes up to seqNum: 0 missing.
12-07 11:11:42.770 18750 18780 I RTPS_RECV: local locator: 192.168.1.2:7412,remote locator: 192.168.1.49:48358
12-07 11:11:42.770 18750 18780 I RTPS_MSG_IN: (ID:547420181584) InfoDST message received, processing...
12-07 11:11:42.770 18750 18780 I RTPS_MSG_IN: (ID:547420181584) DST RTPSParticipant is now: 1.f.6a.d1.3e.49.0.0.1.0.0.0
12-07 11:11:42.771 18750 18780 I RTPS_MSG_IN: (ID:547420181584) Heartbeat Submsg received, processing...
12-07 11:11:42.771 18750 18780 I RTPS_READER: 0.2.0.c2: up to seqNum: 1
12-07 11:11:42.771 18750 18780 I RTPS_READER: 0.2.0.c2: changes up to seqNum: 0 missing.
12-07 11:11:42.773 18750 18778 I RTPS_READER: Sending ACKNACK: 0:
12-07 11:11:42.773 18750 18778 I RTPS_WRITER: endpoint: 0.0.3.c7, destinations: 192.168.1.54:7412,
12-07 11:11:42.774 18750 18778 I RTPS_MSG_OUT: UDPTransport: 64 bytes TO endpoint: 192.168.1.54:7412 FROM 0.0.0.0:60805
12-07 11:11:42.775 18750 18778 I RTPS_READER: Sending ACKNACK: 0:
12-07 11:11:42.775 18750 18778 I RTPS_WRITER: endpoint: 0.0.4.c7, destinations: 192.168.1.54:7412,
12-07 11:11:42.776 18750 18778 I RTPS_MSG_OUT: UDPTransport: 64 bytes TO endpoint: 192.168.1.54:7412 FROM 0.0.0.0:60805
12-07 11:11:42.777 18750 18778 I RTPS_READER: 
12-07 11:11:42.778 18750 18778 I RTPS_READER: Sending ACKNACK: 1:
12-07 11:11:42.778 18750 18778 I RTPS_WRITER: endpoint: 0.2.0.c7, destinations: 192.168.1.49:7412,
12-07 11:11:42.778 18750 18778 I RTPS_MSG_OUT: UDPTransport: 64 bytes TO endpoint: 192.168.1.49:7412 FROM 0.0.0.0:60805
12-07 11:11:42.778 18750 18778 I RTPS_READER: Sending ACKNACK: 0:
12-07 11:11:42.779 18750 18778 I RTPS_WRITER: endpoint: 0.2.0.c7, destinations: 192.168.1.54:7412,
12-07 11:11:42.779 18750 18780 I RTPS_RECV: local locator: 192.168.1.2:7412,remote locator: 192.168.1.54:39553
12-07 11:11:42.779 18750 18778 I RTPS_MSG_OUT: UDPTransport: 64 bytes TO endpoint: 192.168.1.54:7412 FROM 0.0.0.0:60805
12-07 11:11:42.780 18750 18780 I RTPS_MSG_IN: (ID:547420181584) InfoDST message received, processing...
12-07 11:11:42.780 18750 18778 I RTPS_READER: 
12-07 11:11:42.780 18750 18778 I RTPS_READER: Sending ACKNACK: 1:
12-07 11:11:42.780 18750 18780 I RTPS_MSG_IN: (ID:547420181584) DST RTPSParticipant is now: 1.f.6a.d1.3e.49.0.0.1.0.0.0
12-07 11:11:42.780 18750 18780 I RTPS_MSG_IN: (ID:547420181584) Heartbeat Submsg received, processing...
12-07 11:11:42.780 18750 18778 I RTPS_WRITER: endpoint: 0.0.3.c7, destinations: 192.168.1.49:7412,
12-07 11:11:42.780 18750 18778 I RTPS_MSG_OUT: UDPTransport: 64 bytes TO endpoint: 192.168.1.49:7412 FROM 0.0.0.0:60805
12-07 11:11:42.780 18750 18778 I RTPS_READER: 
12-07 11:11:42.781 18750 18778 I RTPS_READER: Sending ACKNACK: 1:
12-07 11:11:42.781 18750 18778 I RTPS_WRITER: endpoint: 0.0.4.c7, destinations: 192.168.1.49:7412,
12-07 11:11:42.781 18750 18778 I RTPS_MSG_OUT: UDPTransport: 64 bytes TO endpoint: 192.168.1.49:7412 FROM 0.0.0.0:60805
12-07 11:11:42.785 18750 18780 I RTPS_READER: 0.0.3.c2: up to seqNum: 1
12-07 11:11:42.785 18750 18780 I RTPS_READER: 0.0.3.c2: changes up to seqNum: 0 missing.
12-07 11:11:42.785 18750 18780 I RTPS_RECV: local locator: 192.168.1.2:7412,remote locator: 192.168.1.54:39553
12-07 11:11:42.785 18750 18780 I RTPS_MSG_IN: (ID:547420181584) InfoDST message received, processing...
12-07 11:11:42.786 18750 18780 I RTPS_MSG_IN: (ID:547420181584) DST RTPSParticipant is now: 1.f.6a.d1.3e.49.0.0.1.0.0.0
12-07 11:11:42.786 18750 18780 I RTPS_MSG_IN: (ID:547420181584) Heartbeat Submsg received, processing...
12-07 11:11:42.786 18750 18780 I RTPS_READER: 0.0.4.c2: up to seqNum: 1
12-07 11:11:42.786 18750 18780 I RTPS_READER: 0.0.4.c2: changes up to seqNum: 0 missing.
12-07 11:11:42.786 18750 18780 I RTPS_RECV: local locator: 192.168.1.2:7412,remote locator: 192.168.1.54:39553
12-07 11:11:42.786 18750 18780 I RTPS_MSG_IN: (ID:547420181584) InfoDST message received, processing...
12-07 11:11:42.787 18750 18780 I RTPS_MSG_IN: (ID:547420181584) DST RTPSParticipant is now: 1.f.6a.d1.3e.49.0.0.1.0.0.0
12-07 11:11:42.787 18750 18780 I RTPS_MSG_IN: (ID:547420181584) Heartbeat Submsg received, processing...
12-07 11:11:42.787 18750 18780 I RTPS_READER: 0.2.0.c2: up to seqNum: 1
12-07 11:11:42.787 18750 18780 I RTPS_READER: 0.2.0.c2: changes up to seqNum: 0 missing.
12-07 11:11:42.793 18750 18778 I RTPS_READER: 
12-07 11:11:42.793 18750 18778 I RTPS_READER: Sending ACKNACK: 1:
12-07 11:11:42.793 18750 18778 I RTPS_WRITER: endpoint: 0.2.0.c7, destinations: 192.168.1.54:7412,
12-07 11:11:42.794 18750 18778 I RTPS_MSG_OUT: UDPTransport: 64 bytes TO endpoint: 192.168.1.54:7412 FROM 0.0.0.0:60805
12-07 11:11:42.797 18750 18778 I RTPS_READER: 
12-07 11:11:42.797 18750 18778 I RTPS_READER: Sending ACKNACK: 1:
12-07 11:11:42.797 18750 18778 I RTPS_WRITER: endpoint: 0.0.3.c7, destinations: 192.168.1.54:7412,
12-07 11:11:42.797 18750 18778 I RTPS_MSG_OUT: UDPTransport: 64 bytes TO endpoint: 192.168.1.54:7412 FROM 0.0.0.0:60805
12-07 11:11:42.798 18750 18778 I RTPS_READER: 
12-07 11:11:42.798 18750 18778 I RTPS_READER: Sending ACKNACK: 1:
12-07 11:11:42.798 18750 18778 I RTPS_WRITER: endpoint: 0.0.4.c7, destinations: 192.168.1.54:7412,
12-07 11:11:42.798 18750 18778 I RTPS_MSG_OUT: UDPTransport: 64 bytes TO endpoint: 192.168.1.54:7412 FROM 0.0.0.0:60805
12-07 11:11:42.825 18750 18778 I RTPS_WRITER: Responding to Acknack messages
12-07 11:11:42.825 18750 18782 I RTPS_WRITER: Sending relevant changes as DATA/DATA_FRAG messages
12-07 11:11:42.825 18750 18782 I RTPS_WRITER: Sending INFO_TS message
12-07 11:11:42.825 18750 18782 I RTPS_WRITER: endpoint: 0.0.4.c2, destinations: 239.255.0.1:7400,
12-07 11:11:42.826 18750 18779 I RTPS_RECV: local locator: 239.255.0.1:7400,remote locator: 192.168.1.2:60805
12-07 11:11:42.827 18750 18779 I RTPS_MSG_IN: (ID:547421217872) InfoTS Submsg received, processing...
12-07 11:11:42.827 18750 18779 I RTPS_MSG_IN: (ID:547421217872) Data Submsg received, processing. locator: 192.168.1.2:60805
12-07 11:11:42.827 18750 18779 I RTPS_MSG_IN: (ID:547421217872) from Writer 1.f.6a.d1.3e.49.0.0.1.0.0.0|0.0.4.c2; possible RTPSReaders: 4
12-07 11:11:42.827 18750 18779 I RTPS_MSG_IN: (ID:547421217872) Sub Message DATA processed
12-07 11:11:42.828 18750 18782 I RTPS_MSG_OUT: UDPTransport: 324 bytes TO endpoint: 239.255.0.1:7400 FROM 0.0.0.0:60805
12-07 11:11:42.828 15894 15894 D wpa_supplicant: wlan0: Control interface command 'SIGNAL_POLL'
12-07 11:11:42.828 18750 18782 I RTPS_WRITER: Finish sending unsent changes
12-07 11:11:42.837 18750 18778 I RTPS_WRITER: Changing underway to unacked for Reader: 1.f.87.f4.dc.2f.0.0.1.0.0.0|0.0.4.c7
12-07 11:11:42.837 18750 18778 I RTPS_WRITER: Changing underway to unacked for Reader: 1.f.67.be.93.7e.0.0.1.0.0.0|0.0.4.c7
12-07 11:11:43.693 18750 18778 I RTPS_WRITER: 0.0.4.c2 Sending Heartbeat (1 - 1)
12-07 11:11:43.693 18750 18778 I RTPS_WRITER: endpoint: 0.0.4.c2, destinations: 239.255.0.1:7400,
12-07 11:11:43.694 18750 18778 I RTPS_MSG_OUT: UDPTransport: 52 bytes TO endpoint: 239.255.0.1:7400 FROM 0.0.0.0:60805
12-07 11:11:43.694 18750 18779 I RTPS_RECV: local locator: 239.255.0.1:7400,remote locator: 192.168.1.2:60805
12-07 11:11:43.695 18750 18779 I RTPS_MSG_IN: (ID:547421217872) Heartbeat Submsg received, processing...
12-07 11:11:43.929 18750 18780 I RTPS_RECV: local locator: 192.168.1.2:7412,remote locator: 192.168.1.52:33211
12-07 11:11:43.929 18750 18780 I RTPS_MSG_IN: (ID:547420181584) InfoDST message received, processing...
12-07 11:11:43.929 18750 18780 I RTPS_MSG_IN: (ID:547420181584) DST RTPSParticipant is now: 1.f.6a.d1.3e.49.0.0.1.0.0.0
12-07 11:11:43.929 18750 18780 I RTPS_MSG_IN: (ID:547420181584) Acknack Submsg received, processing...
12-07 11:11:43.940 18750 18780 I RTPS_RECV: local locator: 192.168.1.2:7412,remote locator: 192.168.1.54:39553
12-07 11:11:43.941 18750 18780 I RTPS_MSG_IN: (ID:547420181584) InfoDST message received, processing...
12-07 11:11:43.941 18750 18780 I RTPS_MSG_IN: (ID:547420181584) DST RTPSParticipant is now: 1.f.6a.d1.3e.49.0.0.1.0.0.0
12-07 11:11:43.941 18750 18780 I RTPS_MSG_IN: (ID:547420181584) Acknack Submsg received, processing...
12-07 11:11:43.983 18750 18780 I RTPS_RECV: local locator: 192.168.1.2:7412,remote locator: 192.168.1.49:48358
12-07 11:11:43.983 18750 18780 I RTPS_MSG_IN: (ID:547420181584) InfoDST message received, processing...
12-07 11:11:43.983 18750 18780 I RTPS_MSG_IN: (ID:547420181584) DST RTPSParticipant is now: 1.f.6a.d1.3e.49.0.0.1.0.0.0
12-07 11:11:43.983 18750 18780 I RTPS_MSG_IN: (ID:547420181584) Acknack Submsg received, processing...
12-07 11:11:44.928   894   894 I MSM-irqbalance: Decided to move IRQ5 from CPU1 [P:0] to CPU6 [P:1] (banned)
12-07 11:11:44.930   894   894 I MSM-irqbalance: Decided to move IRQ3 from CPU1 [P:0] to CPU4 [P:1] (banned)
12-07 11:11:44.931   894   894 I MSM-irqbalance: Decided to move IRQ5 from CPU3 [P:0] to CPU5 [P:1] (banned)
12-07 11:11:44.932   894   894 I MSM-irqbalance: Decided to move IRQ3 from CPU3 [P:0] to CPU7 [P:1] (banned)
12-07 11:11:44.934   894   894 I MSM-irqbalance: Decided to move IRQ5 from CPU0 [P:0] to CPU6 [P:1] (banned)
12-07 11:11:44.935   894   894 I MSM-irqbalance: Decided to move IRQ3 from CPU0 [P:0] to CPU4 [P:1] (banned)
12-07 11:11:44.936   894   894 I MSM-irqbalance: Decided to move IRQ3 from CPU2 [P:0] to CPU5 [P:1] (banned)
12-07 11:11:44.937   894   894 I MSM-irqbalance: Decided to move IRQ5 from CPU2 [P:0] to CPU7 [P:1] (banned)
12-07 11:11:45.839 15894 15894 D wpa_supplicant: wlan0: Control interface command 'SIGNAL_POLL'
12-07 11:11:47.566   776   776 I cnss-daemon: RTM_NEWNEIGH message received: 28
12-07 11:11:47.566   776   776 E cnss-daemon: Stale or unreachable neighbors, ndm state: 4
12-07 11:11:47.567   776   776 I cnss-daemon: RTM_NEWNEIGH message received: 28
12-07 11:11:47.567   776   776 E cnss-daemon: Stale or unreachable neighbors, ndm state: 4
12-07 11:11:48.224 18750 18779 I RTPS_RECV: local locator: 239.255.0.1:7400,remote locator: 192.168.1.69:37897
12-07 11:11:48.224 18750 18779 I RTPS_MSG_IN: (ID:547421217872) InfoTS Submsg received, processing...
12-07 11:11:48.225 18750 18779 I RTPS_MSG_IN: (ID:547421217872) Data Submsg received, processing. locator: 192.168.1.69:37897
12-07 11:11:48.225 18750 18779 I RTPS_MSG_IN: (ID:547421217872) from Writer 1.f.c0.1e.f.1b.0.0.1.0.0.0|0.1.0.c2; possible RTPSReaders: 4
12-07 11:11:48.225 18750 18779 I RTPS_MSG_IN: (ID:547421217872) Trying to add change 1 TO reader: 0.1.0.c7
12-07 11:11:48.225 18750 18779 I RTPS_HISTORY: Change 1 added with 172 bytes
12-07 11:11:48.225 18750 18779 I RTPS_PDP: SPDP Message received
12-07 11:11:48.226 18750 18779 I RTPS_PDP: Announcing RTPSParticipant State (new change: 0)
12-07 11:11:48.227 18750 18779 I RTPS_PDP: For RTPSParticipant: 1.f.c0.1e.f.1b.0.0.1.0.0.0
12-07 11:11:48.227 18750 18782 I RTPS_WRITER: Sending relevant changes as DATA/DATA_FRAG messages
12-07 11:11:48.227 18750 18779 I RTPS_READER: Writer 1.f.c0.1e.f.1b.0.0.1.0.0.0|0.1.0.c2 added to 0.1.0.c7
12-07 11:11:48.227 18750 18782 I RTPS_WRITER: Sending INFO_TS message
12-07 11:11:48.227 18750 18782 I RTPS_WRITER: endpoint: 0.1.0.c2, destinations: 239.255.0.1:7400,
12-07 11:11:48.228 18750 18782 I RTPS_MSG_OUT: UDPTransport: 228 bytes TO endpoint: 239.255.0.1:7400 FROM 0.0.0.0:60805
12-07 11:11:48.228 18750 18782 I RTPS_WRITER: Finish sending unsent changes
12-07 11:11:48.229 18750 18779 I RTPS_WRITER: Reader 1.f.c0.1e.f.1b.0.0.1.0.0.0|0.1.0.c7 added to 0.1.0.c2
12-07 11:11:48.230 18750 18779 I RTPS_EDP: New DPD received, adding remote endpoints to our SimpleEDP endpoints
12-07 11:11:48.230 18750 18779 I RTPS_EDP: Adding SEDP Pub Writer to my Pub Reader
12-07 11:11:48.230 18750 18779 I RTPS_READER: Writer Proxy created in reader: 0.0.3.c7
12-07 11:11:48.230 18750 18779 I RTPS_READER: Writer Proxy 1.f.c0.1e.f.1b.0.0.1.0.0.0|0.0.3.c2 added to 0.0.3.c7
12-07 11:11:48.231 18750 18779 I RTPS_EDP: Adding SEDP Pub Reader to my Pub Writer
12-07 11:11:48.232 18750 18779 I RTPS_WRITER: Reader Proxy started
12-07 11:11:48.232 18750 18779 I RTPS_WRITER: 0.0.3.c2 Sending Heartbeat (1 - 0)
12-07 11:11:48.232 18750 18779 I RTPS_WRITER: endpoint: 0.0.3.c2, destinations: 192.168.1.69:7412,
12-07 11:11:48.233 18750 18779 I RTPS_MSG_OUT: UDPTransport: 68 bytes TO endpoint: 192.168.1.69:7412 FROM 0.0.0.0:60805
12-07 11:11:48.233 18750 18779 I RTPS_WRITER: Reader Proxy 1.f.c0.1e.f.1b.0.0.1.0.0.0|0.0.3.c7 added to 0.0.3.c2 with 1(u)-1(m) locators
12-07 11:11:48.233 18750 18779 I RTPS_EDP: Adding SEDP Sub Writer to my Sub Reader
12-07 11:11:48.234 18750 18782 I RTPS_WRITER: Sending relevant changes as DATA/DATA_FRAG messages
12-07 11:11:48.234 18750 18782 I RTPS_WRITER: Sending INFO_TS message
12-07 11:11:48.234 18750 18782 I RTPS_WRITER: endpoint: 0.1.0.c2, destinations: 239.255.0.1:7400,
12-07 11:11:48.234 18750 18779 I RTPS_READER: Writer Proxy created in reader: 0.0.4.c7
12-07 11:11:48.234 18750 18782 I RTPS_MSG_OUT: UDPTransport: 228 bytes TO endpoint: 239.255.0.1:7400 FROM 0.0.0.0:60805
12-07 11:11:48.235 18750 18779 I RTPS_READER: Writer Proxy 1.f.c0.1e.f.1b.0.0.1.0.0.0|0.0.4.c2 added to 0.0.4.c7
12-07 11:11:48.235 18750 18782 I RTPS_WRITER: Finish sending unsent changes
12-07 11:11:48.235 18750 18779 I RTPS_EDP: Adding SEDP Sub Reader to my Sub Writer
12-07 11:11:48.235 18750 18779 I RTPS_WRITER: Reader Proxy started
12-07 11:11:48.235 18750 18779 I RTPS_WRITER: 0.0.4.c2 Sending Heartbeat (1 - 1)
12-07 11:11:48.235 18750 18779 I RTPS_WRITER: endpoint: 0.0.4.c2, destinations: 192.168.1.69:7412,
12-07 11:11:48.236 18750 18779 I RTPS_MSG_OUT: UDPTransport: 68 bytes TO endpoint: 192.168.1.69:7412 FROM 0.0.0.0:60805
12-07 11:11:48.236 18750 18779 I RTPS_WRITER: Reader Proxy 1.f.c0.1e.f.1b.0.0.1.0.0.0|0.0.4.c7 added to 0.0.4.c2 with 1(u)-1(m) locators
12-07 11:11:48.236 18750 18779 I RTPS_LIVELINESS: Adding remote writer to my local Builtin Reader
12-07 11:11:48.237 18750 18779 I RTPS_READER: Writer Proxy created in reader: 0.2.0.c7
12-07 11:11:48.237 18750 18779 I RTPS_READER: Writer Proxy 1.f.c0.1e.f.1b.0.0.1.0.0.0|0.2.0.c2 added to 0.2.0.c7
12-07 11:11:48.237 18750 18779 I RTPS_LIVELINESS: Adding remote reader to my local Builtin Writer
12-07 11:11:48.237 18750 18779 I RTPS_WRITER: Reader Proxy started
12-07 11:11:48.237 18750 18779 I RTPS_WRITER: 0.2.0.c2 Sending Heartbeat (1 - 0)
12-07 11:11:48.238 18750 18779 I RTPS_WRITER: endpoint: 0.2.0.c2, destinations: 192.168.1.69:7412,
12-07 11:11:48.238 18750 18779 I RTPS_MSG_OUT: UDPTransport: 68 bytes TO endpoint: 192.168.1.69:7412 FROM 0.0.0.0:60805
12-07 11:11:48.238 18750 18779 I RTPS_WRITER: Reader Proxy 1.f.c0.1e.f.1b.0.0.1.0.0.0|0.2.0.c7 added to 0.2.0.c2 with 1(u)-1(m) locators
12-07 11:11:48.238 18750 18779 I RTPS_PARTICIPANT: 1.f.c0.1e.f.1b.0.0.1.0.0.0|0.0.1.c1
12-07 11:11:48.239 18750 18779 I RTPS_HISTORY: Removing change 1
12-07 11:11:48.239 18750 18779 I RTPS_MSG_IN: (ID:547421217872) Sub Message DATA processed
12-07 11:11:48.239 18750 18779 I RTPS_RECV: local locator: 239.255.0.1:7400,remote locator: 192.168.1.2:60805
12-07 11:11:48.240 18750 18779 I RTPS_MSG_IN: (ID:547421217872) InfoTS Submsg received, processing...
12-07 11:11:48.240 18750 18779 I RTPS_MSG_IN: (ID:547421217872) Data Submsg received, processing. locator: 192.168.1.2:60805
12-07 11:11:48.240 18750 18779 I RTPS_MSG_IN: (ID:547421217872) from Writer 1.f.6a.d1.3e.49.0.0.1.0.0.0|0.1.0.c2; possible RTPSReaders: 4
12-07 11:11:48.240 18750 18779 I RTPS_MSG_IN: (ID:547421217872) Trying to add change 1 TO reader: 0.1.0.c7
12-07 11:11:48.240 18750 18779 I RTPS_MSG_IN: (ID:547421217872) MessageReceiver not add change 1
12-07 11:11:48.240 18750 18779 I RTPS_LIVELINESS: RTPSParticipant 1.f.6a.d1.3e.49.0.0.1.0.0.0|0.0.1.c1 is Alive
12-07 11:11:48.241 18750 18779 I RTPS_MSG_IN: (ID:547421217872) Sub Message DATA processed
12-07 11:11:48.241 18750 18779 I RTPS_RECV: local locator: 239.255.0.1:7400,remote locator: 192.168.1.2:60805
12-07 11:11:48.242 18750 18779 I RTPS_MSG_IN: (ID:547421217872) InfoTS Submsg received, processing...
12-07 11:11:48.242 18750 18779 I RTPS_MSG_IN: (ID:547421217872) Data Submsg received, processing. locator: 192.168.1.2:60805
12-07 11:11:48.242 18750 18779 I RTPS_MSG_IN: (ID:547421217872) from Writer 1.f.6a.d1.3e.49.0.0.1.0.0.0|0.1.0.c2; possible RTPSReaders: 4
12-07 11:11:48.242 18750 18779 I RTPS_MSG_IN: (ID:547421217872) Trying to add change 1 TO reader: 0.1.0.c7
12-07 11:11:48.242 18750 18779 I RTPS_MSG_IN: (ID:547421217872) MessageReceiver not add change 1
12-07 11:11:48.242 18750 18779 I RTPS_LIVELINESS: RTPSParticipant 1.f.6a.d1.3e.49.0.0.1.0.0.0|0.0.1.c1 is Alive
12-07 11:11:48.243 18750 18779 I RTPS_MSG_IN: (ID:547421217872) Sub Message DATA processed
12-07 11:11:48.301 18750 18778 I RTPS_READER: Sending ACKNACK: 0:
12-07 11:11:48.301 18750 18778 I RTPS_WRITER: endpoint: 0.0.3.c7, destinations: 192.168.1.69:7412,
12-07 11:11:48.302 18750 18778 I RTPS_MSG_OUT: UDPTransport: 64 bytes TO endpoint: 192.168.1.69:7412 FROM 0.0.0.0:60805
12-07 11:11:48.306 18750 18778 I RTPS_READER: Sending ACKNACK: 0:
12-07 11:11:48.306 18750 18778 I RTPS_WRITER: endpoint: 0.0.4.c7, destinations: 192.168.1.69:7412,
12-07 11:11:48.306 18750 18778 I RTPS_MSG_OUT: UDPTransport: 64 bytes TO endpoint: 192.168.1.69:7412 FROM 0.0.0.0:60805
12-07 11:11:48.308 18750 18778 I RTPS_READER: Sending ACKNACK: 0:
12-07 11:11:48.308 18750 18778 I RTPS_WRITER: endpoint: 0.2.0.c7, destinations: 192.168.1.69:7412,
12-07 11:11:48.309 18750 18778 I RTPS_MSG_OUT: UDPTransport: 64 bytes TO endpoint: 192.168.1.69:7412 FROM 0.0.0.0:60805
12-07 11:11:48.409   776   776 I cnss-daemon: RTM_NEWNEIGH message received: 28
12-07 11:11:48.410   776   776 E cnss-daemon: Stale or unreachable neighbors, ndm state: 4
12-07 11:11:48.418 18750 18779 I RTPS_RECV: local locator: 239.255.0.1:7400,remote locator: 192.168.1.49:48358
12-07 11:11:48.418 18750 18779 I RTPS_MSG_IN: (ID:547421217872) InfoTS Submsg received, processing...
12-07 11:11:48.418 18750 18779 I RTPS_MSG_IN: (ID:547421217872) Data Submsg received, processing. locator: 192.168.1.49:48358
12-07 11:11:48.418 18750 18779 I RTPS_MSG_IN: (ID:547421217872) from Writer 1.f.87.f4.dc.2f.0.0.1.0.0.0|0.1.0.c2; possible RTPSReaders: 4
12-07 11:11:48.419 18750 18779 I RTPS_MSG_IN: (ID:547421217872) Trying to add change 1 TO reader: 0.1.0.c7
12-07 11:11:48.419 18750 18779 I RTPS_MSG_IN: (ID:547421217872) MessageReceiver not add change 1
12-07 11:11:48.419 18750 18779 I RTPS_LIVELINESS: RTPSParticipant 1.f.87.f4.dc.2f.0.0.1.0.0.0|0.0.1.c1 is Alive
12-07 11:11:48.419 18750 18779 I RTPS_LIVELINESS:  Stopped for RTPSParticipant with ID: 1.f.87.f4.dc.2f.0.0.1.0.0.0
12-07 11:11:48.420 18750 18779 I RTPS_MSG_IN: (ID:547421217872) Sub Message DATA processed
12-07 11:11:48.420 18750 18779 I RTPS_RECV: local locator: 239.255.0.1:7400,remote locator: 192.168.1.54:39553
12-07 11:11:48.420 18750 18779 I RTPS_MSG_IN: (ID:547421217872) InfoTS Submsg received, processing...
12-07 11:11:48.420 18750 18779 I RTPS_MSG_IN: (ID:547421217872) Data Submsg received, processing. locator: 192.168.1.54:39553
12-07 11:11:48.420 18750 18779 I RTPS_MSG_IN: (ID:547421217872) from Writer 1.f.67.be.93.7e.0.0.1.0.0.0|0.1.0.c2; possible RTPSReaders: 4
12-07 11:11:48.421 18750 18779 I RTPS_MSG_IN: (ID:547421217872) Trying to add change 1 TO reader: 0.1.0.c7
