--------- beginning of main
12-07 11:11:06.543 15894 15894 D wpa_supplicant: wlan0: Control interface command 'SIGNAL_POLL'
12-07 11:11:09.569 15894 15894 D wpa_supplicant: wlan0: Control interface command 'SIGNAL_POLL'
12-07 11:11:09.928   894   894 I MSM-irqbalance: Decided to move IRQ3 from CPU3 [P:0] to CPU6 [P:1] (banned)
12-07 11:11:09.928   894   894 I MSM-irqbalance: Decided to move IRQ5 from CPU3 [P:0] to CPU7 [P:1] (banned)
12-07 11:11:09.929   894   894 I MSM-irqbalance: Decided to move IRQ5 from CPU0 [P:0] to CPU5 [P:1] (banned)
12-07 11:11:09.930   894   894 I MSM-irqbalance: Decided to move IRQ3 from CPU0 [P:0] to CPU4 [P:1] (banned)
12-07 11:11:09.931   894   894 I MSM-irqbalance: Decided to move IRQ5 from CPU2 [P:0] to CPU6 [P:1] (banned)
12-07 11:11:09.931   894   894 I MSM-irqbalance: Decided to move IRQ3 from CPU2 [P:0] to CPU7 [P:1] (banned)
12-07 11:11:09.932   894   894 I MSM-irqbalance: Decided to move IRQ5 from CPU1 [P:0] to CPU5 [P:1] (banned)
12-07 11:11:09.933   894   894 I MSM-irqbalance: Decided to move IRQ3 from CPU1 [P:0] to CPU4 [P:1] (banned)
12-07 11:11:12.594 15894 15894 D wpa_supplicant: wlan0: Control interface command 'SIGNAL_POLL'
12-07 11:11:14.928   894   894 I MSM-irqbalance: Decided to move IRQ5 from CPU3 [P:0] to CPU6 [P:1] (banned)
12-07 11:11:14.929   894   894 I MSM-irqbalance: Decided to move IRQ3 from CPU3 [P:0] to CPU7 [P:1] (banned)
12-07 11:11:14.930   894   894 I MSM-irqbalance: Decided to move IRQ5 from CPU0 [P:0] to CPU5 [P:1] (banned)
12-07 11:11:14.931   894   894 I MSM-irqbalance: Decided to move IRQ3 from CPU0 [P:0] to CPU4 [P:1] (banned)
12-07 11:11:14.932   894   894 I MSM-irqbalance: Decided to move IRQ5 from CPU2 [P:0] to CPU6 [P:1] (banned)
12-07 11:11:14.933   894   894 I MSM-irqbalance: Decided to move IRQ3 from CPU2 [P:0] to CPU7 [P:1] (banned)
12-07 11:11:14.933   894   894 I MSM-irqbalance: Decided to move IRQ5 from CPU1 [P:0] to CPU5 [P:1] (banned)
12-07 11:11:14.934   894   894 I MSM-irqbalance: Decided to move IRQ3 from CPU1 [P:0] to CPU4 [P:1] (banned)
12-07 11:11:15.621 15894 15894 D wpa_supplicant: wlan0: Control interface command 'SIGNAL_POLL'
12-07 11:11:18.649 15894 15894 D wpa_supplicant: wlan0: Control interface command 'SIGNAL_POLL'
12-07 11:11:19.927   894   894 I MSM-irqbalance: Decided to move IRQ5 from CPU3 [P:0] to CPU6 [P:1] (banned)
12-07 11:11:19.928   894   894 I MSM-irqbalance: Decided to move IRQ3 from CPU3 [P:0] to CPU7 [P:1] (banned)
12-07 11:11:19.929   894   894 I MSM-irqbalance: Decided to move IRQ5 from CPU0 [P:0] to CPU5 [P:1] (banned)
12-07 11:11:19.930   894   894 I MSM-irqbalance: Decided to move IRQ3 from CPU0 [P:0] to CPU4 [P:1] (banned)
12-07 11:11:19.931   894   894 I MSM-irqbalance: Decided to move IRQ5 from CPU2 [P:0] to CPU6 [P:1] (banned)
12-07 11:11:19.931   894   894 I MSM-irqbalance: Decided to move IRQ3 from CPU2 [P:0] to CPU7 [P:1] (banned)
12-07 11:11:19.932   894   894 I MSM-irqbalance: Decided to move IRQ5 from CPU1 [P:0] to CPU5 [P:1] (banned)
12-07 11:11:19.933   894   894 I MSM-irqbalance: Decided to move IRQ3 from CPU1 [P:0] to CPU4 [P:1] (banned)
12-07 11:11:21.674 15894 15894 D wpa_supplicant: wlan0: Control interface command 'SIGNAL_POLL'
12-07 11:11:24.701 15894 15894 D wpa_supplicant: wlan0: Control interface command 'SIGNAL_POLL'
12-07 11:11:24.929   894   894 I MSM-irqbalance: Decided to move IRQ5 from CPU3 [P:0] to CPU4 [P:1] (banned)
12-07 11:11:24.930   894   894 I MSM-irqbalance: Decided to move IRQ3 from CPU3 [P:0] to CPU7 [P:1] (banned)
12-07 11:11:24.931   894   894 I MSM-irqbalance: Decided to move IRQ5 from CPU0 [P:0] to CPU5 [P:1] (banned)
12-07 11:11:24.933   894   894 I MSM-irqbalance: Decided to move IRQ3 from CPU0 [P:0] to CPU6 [P:1] (banned)
12-07 11:11:24.934   894   894 I MSM-irqbalance: Decided to move IRQ5 from CPU2 [P:0] to CPU4 [P:1] (banned)
12-07 11:11:24.935   894   894 I MSM-irqbalance: Decided to move IRQ3 from CPU2 [P:0] to CPU7 [P:1] (banned)
12-07 11:11:24.936   894   894 I MSM-irqbalance: Decided to move IRQ5 from CPU1 [P:0] to CPU5 [P:1] (banned)
12-07 11:11:24.936   894   894 I MSM-irqbalance: Decided to move IRQ3 from CPU1 [P:0] to CPU6 [P:1] (banned)
12-07 11:11:26.310   776   776 I cnss-daemon: RTM_NEWROUTE Indication
12-07 11:11:26.311   776   776 E cnss-daemon: gateway mac address: %02x:%02x:%02x:%02x:%02x:%02x
12-07 11:11:26.311   776   776 E cnss-daemon: : 00:00:00:00:00:00
12-07 11:11:26.311   776   776 E cnss-daemon: Invalid mac address: 0x5588506110M
12-07 11:11:27.728 15894 15894 D wpa_supplicant: wlan0: Control interface command 'SIGNAL_POLL'
12-07 11:11:29.522 15894 15894 D wpa_supplicant: wlan0: BSS: Remove id 2070 BSSID a4:2b:8c:16:15:a2 SSID 'NETGEAR65' due to wpa_bss_flush_by_age
12-07 11:11:29.522 15894 15894 D wpa_supplicant: wlan0: BSS: Remove id 2121 BSSID 0c:2c:54:b2:e1:94 SSID 'Xiaomi-test-MIot' due to wpa_bss_flush_by_age
12-07 11:11:29.523 15894 15894 D wpa_supplicant: wlan0: BSS: Remove id 2074 BSSID 28:6c:07:0d:7a:b0 SSID 'Xiaomi_7AAF_24G' due to wpa_bss_flush_by_age
12-07 11:11:29.523 15894 15894 D wpa_supplicant: wlan0: BSS: Remove id 2076 BSSID 50:64:2b:75:bb:e3 SSID 'go_roaming' due to wpa_bss_flush_by_age
12-07 11:11:29.523 15894 15894 D wpa_supplicant: wlan0: BSS: Remove id 2125 BSSID ec:41:18:0f:e1:d5 SSID 'Xiaomi_TS' due to wpa_bss_flush_by_age
12-07 11:11:29.524 15894 15894 D wpa_supplicant: wlan0: BSS: Remove id 2126 BSSID 48:4a:e9:9e:22:c1 SSID 'MIOT' due to wpa_bss_flush_by_age
12-07 11:11:29.524 15894 15894 D wpa_supplicant: wlan0: BSS: Remove id 2128 BSSID 48:4a:e9:a0:6a:e1 SSID 'MIOffice-2.4G' due to wpa_bss_flush_by_age
12-07 11:11:29.524 15894 15894 D wpa_supplicant: wlan0: BSS: Remove id 2129 BSSID 48:4a:e9:a0:6a:e0 SSID 'MIOT' due to wpa_bss_flush_by_age
12-07 11:11:29.525 15894 15894 D wpa_supplicant: wlan0: BSS: Remove id 2130 BSSID 48:4a:e9:a0:62:c0 SSID 'MIOffice-2.4G' due to wpa_bss_flush_by_age
12-07 11:11:29.525 15894 15894 D wpa_supplicant: wlan0: BSS: Remove id 2098 BSSID b0:6e:bf:7b:c0:2c SSID 'Xxxz_5G' due to wpa_bss_flush_by_age
12-07 11:11:29.526 15894 15894 D wpa_supplicant: wlan0: BSS: Remove id 2131 BSSID 50:64:2b:7e:44:be SSID 'normanren_5G' due to wpa_bss_flush_by_age
12-07 11:11:29.526 15894 15894 D wpa_supplicant: wlan0: BSS: Remove id 2134 BSSID 50:64:2b:67:6c:b6 SSID '00_Curry_5G' due to wpa_bss_flush_by_age
12-07 11:11:29.526 15894 15894 D wpa_supplicant: wlan0: BSS: Remove id 2135 BSSID 48:4a:e9:a0:69:a0 SSID 'MIOffice-2.4G' due to wpa_bss_flush_by_age
12-07 11:11:29.527 15894 15894 D wpa_supplicant: wlan0: BSS: Remove id 2136 BSSID 48:4a:e9:9f:e6:e1 SSID 'MIOT' due to wpa_bss_flush_by_age
12-07 11:11:29.928   894   894 I MSM-irqbalance: Decided to move IRQ5 from CPU3 [P:0] to CPU4 [P:1] (banned)
12-07 11:11:29.929   894   894 I MSM-irqbalance: Decided to move IRQ3 from CPU3 [P:0] to CPU7 [P:1] (banned)
12-07 11:11:29.930   894   894 I MSM-irqbalance: Decided to move IRQ5 from CPU0 [P:0] to CPU5 [P:1] (banned)
12-07 11:11:29.931   894   894 I MSM-irqbalance: Decided to move IRQ3 from CPU0 [P:0] to CPU6 [P:1] (banned)
12-07 11:11:29.932   894   894 I MSM-irqbalance: Decided to move IRQ5 from CPU2 [P:0] to CPU4 [P:1] (banned)
12-07 11:11:29.933   894   894 I MSM-irqbalance: Decided to move IRQ3 from CPU2 [P:0] to CPU7 [P:1] (banned)
12-07 11:11:29.934   894   894 I MSM-irqbalance: Decided to move IRQ5 from CPU1 [P:0] to CPU5 [P:1] (banned)
12-07 11:11:29.934   894   894 I MSM-irqbalance: Decided to move IRQ3 from CPU1 [P:0] to CPU6 [P:1] (banned)
12-07 11:11:30.752 15894 15894 D wpa_supplicant: wlan0: Control interface command 'SIGNAL_POLL'
12-07 11:11:33.777 15894 15894 D wpa_supplicant: wlan0: Control interface command 'SIGNAL_POLL'
12-07 11:11:34.870   776   776 I cnss-daemon: RTM_NEWNEIGH message received: 28
12-07 11:11:34.870   776   776 E cnss-daemon: Stale or unreachable neighbors, ndm state: 16
12-07 11:11:34.885   776   776 I cnss-daemon: RTM_NEWNEIGH message received: 28
12-07 11:11:34.886   776   776 I cnss-daemon: NDA_DST received: 192.168.1.1 ul: 562992919980224
12-07 11:11:34.886   776   776 I cnss-daemon: NDA_LLADDR received
12-07 11:11:34.931   894   894 I MSM-irqbalance: Decided to move IRQ5 from CPU3 [P:0] to CPU4 [P:1] (banned)
12-07 11:11:34.932   894   894 I MSM-irqbalance: Decided to move IRQ3 from CPU3 [P:0] to CPU7 [P:1] (banned)
12-07 11:11:34.934   894   894 I MSM-irqbalance: Decided to move IRQ5 from CPU0 [P:0] to CPU5 [P:1] (banned)
12-07 11:11:34.934   894   894 I MSM-irqbalance: Decided to move IRQ3 from CPU0 [P:0] to CPU6 [P:1] (banned)
12-07 11:11:34.935   894   894 I MSM-irqbalance: Decided to move IRQ5 from CPU2 [P:0] to CPU4 [P:1] (banned)
12-07 11:11:34.936   894   894 I MSM-irqbalance: Decided to move IRQ3 from CPU2 [P:0] to CPU7 [P:1] (banned)
12-07 11:11:34.936   894   894 I MSM-irqbalance: Decided to move IRQ5 from CPU1 [P:0] to CPU5 [P:1] (banned)
12-07 11:11:34.937   894   894 I MSM-irqbalance: Decided to move IRQ3 from CPU1 [P:0] to CPU6 [P:1] (banned)
12-07 11:11:36.173  1929  2391 D NetworkController.MobileSignalController(1): 4G level = 5
12-07 11:11:36.796 15894 15894 D wpa_supplicant: wlan0: Control interface command 'SIGNAL_POLL'
12-07 11:11:37.414 18652 18652 D AndroidRuntime: >>>>>> START com.android.internal.os.RuntimeInit uid 0 <<<<<<
12-07 11:11:37.418 18652 18652 D AndroidRuntime: CheckJNI is OFF
12-07 11:11:37.492 18652 18652 D ICU     : No timezone override file found: /data/misc/zoneinfo/current/icu/icu_tzdata.dat
12-07 11:11:37.525 18652 18652 I Radio-JNI: register_android_hardware_Radio DONE
12-07 11:11:37.538 18661 18661 D AndroidRuntime: >>>>>> START com.android.internal.os.RuntimeInit uid 0 <<<<<<
12-07 11:11:37.542 18661 18661 D AndroidRuntime: CheckJNI is OFF
12-07 11:11:37.547 18652 18652 D AndroidRuntime: Calling main entry com.android.commands.wm.Wm
12-07 11:11:37.606 18652 18652 D AndroidRuntime: Shutting down VM
12-07 11:11:37.614 18661 18661 D ICU     : No timezone override file found: /data/misc/zoneinfo/current/icu/icu_tzdata.dat
12-07 11:11:37.646 18661 18661 I Radio-JNI: register_android_hardware_Radio DONE
12-07 11:11:37.666 18661 18661 D AndroidRuntime: Calling main entry com.android.commands.pm.Pm
12-07 11:11:37.726 18661 18661 I art     : System.exit called, status: 0
12-07 11:11:37.726 18661 18661 I AndroidRuntime: VM exiting with result code 0.
12-07 11:11:38.279 18680 18680 D AndroidRuntime: >>>>>> START com.android.internal.os.RuntimeInit uid 0 <<<<<<
12-07 11:11:38.283 18680 18680 D AndroidRuntime: CheckJNI is OFF
12-07 11:11:38.357 18680 18680 D ICU     : No timezone override file found: /data/misc/zoneinfo/current/icu/icu_tzdata.dat
12-07 11:11:38.390 18680 18680 I Radio-JNI: register_android_hardware_Radio DONE
12-07 11:11:38.410 18680 18680 D AndroidRuntime: Calling main entry com.android.commands.am.Am
--------- beginning of system
12-07 11:11:38.468  1667  1678 I ActivityManager: Force stopping com.xiaomi.mi_connect_service appid=10138 user=0: from process:18680
12-07 11:11:38.468  1667  1678 I AutoStartManagerService: MIUILOG- Reject RestartService packageName :com.xiaomi.mi_connect_service uid : 10138
12-07 11:11:38.471 18680 18680 D AndroidRuntime: Shutting down VM
12-07 11:11:38.479  2154  2154 D CarrierSvcBindHelper: No carrier app for: 0
12-07 11:11:38.479  2154  2154 D CarrierSvcBindHelper: No carrier app for: 1
12-07 11:11:39.046 18697 18697 D AndroidRuntime: >>>>>> START com.android.internal.os.RuntimeInit uid 0 <<<<<<
12-07 11:11:39.050 18697 18697 D AndroidRuntime: CheckJNI is OFF
12-07 11:11:39.124 18697 18697 D ICU     : No timezone override file found: /data/misc/zoneinfo/current/icu/icu_tzdata.dat
12-07 11:11:39.157 18697 18697 I Radio-JNI: register_android_hardware_Radio DONE
12-07 11:11:39.177 18697 18697 D AndroidRuntime: Calling main entry com.android.commands.pm.Pm
12-07 11:11:39.238 18697 18697 I art     : System.exit called, status: 0
12-07 11:11:39.238 18697 18697 I AndroidRuntime: VM exiting with result code 0.
12-07 11:11:39.768 18711 18711 D AndroidRuntime: >>>>>> START com.android.internal.os.RuntimeInit uid 0 <<<<<<
12-07 11:11:39.771 18711 18711 D AndroidRuntime: CheckJNI is OFF
12-07 11:11:39.819 15894 15894 D wpa_supplicant: wlan0: Control interface command 'SIGNAL_POLL'
12-07 11:11:39.845 18711 18711 D ICU     : No timezone override file found: /data/misc/zoneinfo/current/icu/icu_tzdata.dat
12-07 11:11:39.878 18711 18711 I Radio-JNI: register_android_hardware_Radio DONE
12-07 11:11:39.898 18711 18711 D AndroidRuntime: Calling main entry com.android.commands.pm.Pm
12-07 11:11:39.922   894   894 I MSM-irqbalance: Decided to move IRQ5 from CPU3 [P:0] to CPU4 [P:1] (banned)
12-07 11:11:39.922   894   894 I MSM-irqbalance: Decided to move IRQ3 from CPU3 [P:0] to CPU7 [P:1] (banned)
12-07 11:11:39.923   894   894 I MSM-irqbalance: Decided to move IRQ5 from CPU0 [P:0] to CPU5 [P:1] (banned)
12-07 11:11:39.923   894   894 I MSM-irqbalance: Decided to move IRQ3 from CPU0 [P:0] to CPU6 [P:1] (banned)
12-07 11:11:39.923   894   894 I MSM-irqbalance: Decided to move IRQ5 from CPU1 [P:0] to CPU4 [P:1] (banned)
12-07 11:11:39.924   894   894 I MSM-irqbalance: Decided to move IRQ3 from CPU1 [P:0] to CPU7 [P:1] (banned)
12-07 11:11:39.924   894   894 I MSM-irqbalance: Decided to move IRQ5 from CPU2 [P:0] to CPU5 [P:1] (banned)
12-07 11:11:39.924   894   894 I MSM-irqbalance: Decided to move IRQ3 from CPU2 [P:0] to CPU6 [P:1] (banned)
12-07 11:11:39.958 18711 18711 I art     : System.exit called, status: 0
12-07 11:11:39.958 18711 18711 I AndroidRuntime: VM exiting with result code 0.
12-07 11:11:40.478 18721 18721 D AndroidRuntime: >>>>>> START com.android.internal.os.RuntimeInit uid 0 <<<<<<
12-07 11:11:40.481 18721 18721 D AndroidRuntime: CheckJNI is OFF
12-07 11:11:40.557 18721 18721 D ICU     : No timezone override file found: /data/misc/zoneinfo/current/icu/icu_tzdata.dat
12-07 11:11:40.590 18721 18721 I Radio-JNI: register_android_hardware_Radio DONE
12-07 11:11:40.610 18721 18721 D AndroidRuntime: Calling main entry com.android.commands.am.Am
12-07 11:11:40.666  1667  1678 I ActivityManager: Force stopping com.xiaomi.mi_connect_service.test appid=10152 user=0: from process:18721
12-07 11:11:40.667  1667  1678 I AutoStartManagerService: MIUILOG- Reject RestartService packageName :com.xiaomi.mi_connect_service.test uid : 10152
12-07 11:11:40.670 18721 18721 D AndroidRuntime: Shutting down VM
12-07 11:11:40.677  2154  2154 D CarrierSvcBindHelper: No carrier app for: 0
12-07 11:11:40.678  2154  2154 D CarrierSvcBindHelper: No carrier app for: 1
12-07 11:11:40.761 18737 18737 I ps      : type=1400 audit(0.0:26568): avc: denied { getattr } for path="/proc/1" dev="proc" ino=14822 scontext=u:r:platform_app:s0:c512,c768 tcontext=u:r:init:s0 tclass=dir permissive=1
12-07 11:11:40.761 18737 18737 I ps      : type=1400 audit(0.0:26569): avc: denied { search } for name="1" dev="proc" ino=14822 scontext=u:r:platform_app:s0:c512,c768 tcontext=u:r:init:s0 tclass=dir permissive=1
12-07 11:11:40.761 18737 18737 I ps      : type=1400 audit(0.0:26570): avc: denied { read } for name="cmdline" dev="proc" ino=277 scontext=u:r:platform_app:s0:c512,c768 tcontext=u:r:init:s0 tclass=file permissive=1
12-07 11:11:40.761 18737 18737 I ps      : type=1400 audit(0.0:26571): avc: denied { open } for path="/proc/1/cmdline" dev="proc" ino=277 scontext=u:r:platform_app:s0:c512,c768 tcontext=u:r:init:s0 tclass=file permissive=1
12-07 11:11:40.761 18737 18737 I ps      : type=1400 audit(0.0:26572): avc: denied { getattr } for path="/proc/2" dev="proc" ino=26691 scontext=u:r:platform_app:s0:c512,c768 tcontext=u:r:kernel:s0 tclass=dir permissive=1
12-07 11:11:40.761 18737 18737 I ps      : type=1400 audit(0.0:26573): avc: denied { search } for name="2" dev="proc" ino=26691 scontext=u:r:platform_app:s0:c512,c768 tcontext=u:r:kernel:s0 tclass=dir permissive=1
12-07 11:11:40.761 18737 18737 I ps      : type=1400 audit(0.0:26574): avc: denied { read } for name="cmdline" dev="proc" ino=27074 scontext=u:r:platform_app:s0:c512,c768 tcontext=u:r:kernel:s0 tclass=file permissive=1
12-07 11:11:40.761 18737 18737 I ps      : type=1400 audit(0.0:26575): avc: denied { open } for path="/proc/2/cmdline" dev="proc" ino=27074 scontext=u:r:platform_app:s0:c512,c768 tcontext=u:r:kernel:s0 tclass=file permissive=1
12-07 11:11:40.791 18737 18737 I ps      : type=1400 audit(0.0:26576): avc: denied { getattr } for path="/proc/422" dev="proc" ino=5335 scontext=u:r:platform_app:s0:c512,c768 tcontext=u:r:ueventd:s0 tclass=dir permissive=1
12-07 11:11:40.791 18737 18737 I ps      : type=1400 audit(0.0:26577): avc: denied { search } for name="422" dev="proc" ino=5335 scontext=u:r:platform_app:s0:c512,c768 tcontext=u:r:ueventd:s0 tclass=dir permissive=1
12-07 11:11:40.791 18737 18737 I ps      : type=1400 audit(0.0:26578): avc: denied { read } for name="cmdline" dev="proc" ino=27732 scontext=u:r:platform_app:s0:c512,c768 tcontext=u:r:ueventd:s0 tclass=file permissive=1
12-07 11:11:40.791 18737 18737 I ps      : type=1400 audit(0.0:26579): avc: denied { open } for path="/proc/422/cmdline" dev="proc" ino=27732 scontext=u:r:platform_app:s0:c512,c768 tcontext=u:r:ueventd:s0 tclass=file permissive=1
12-07 11:11:40.791 18737 18737 I ps      : type=1400 audit(0.0:26580): avc: denied { getattr } for path="/proc/446" dev="proc" ino=5868 scontext=u:r:platform_app:s0:c512,c768 tcontext=u:r:mqsasd:s0 tclass=dir permissive=1
12-07 11:11:40.791 18737 18737 I ps      : type=1400 audit(0.0:26581): avc: denied { search } for name="446" dev="proc" ino=5868 scontext=u:r:platform_app:s0:c512,c768 tcontext=u:r:mqsasd:s0 tclass=dir permissive=1
12-07 11:11:40.791 18737 18737 I ps      : type=1400 audit(0.0:26582): avc: denied { read } for name="cmdline" dev="proc" ino=269 scontext=u:r:platform_app:s0:c512,c768 tcontext=u:r:mqsasd:s0 tclass=file permissive=1
12-07 11:11:40.791 18737 18737 I ps      : type=1400 audit(0.0:26583): avc: denied { open } for path="/proc/446/cmdline" dev="proc" ino=269 scontext=u:r:platform_app:s0:c512,c768 tcontext=u:r:mqsasd:s0 tclass=file permissive=1
12-07 11:11:40.791 18737 18737 I ps      : type=1400 audit(0.0:26584): avc: denied { getattr } for path="/proc/447" dev="proc" ino=5878 scontext=u:r:platform_app:s0:c512,c768 tcontext=u:r:logd:s0 tclass=dir permissive=1
12-07 11:11:40.791 18737 18737 I ps      : type=1400 audit(0.0:26585): avc: denied { search } for name="447" dev="proc" ino=5878 scontext=u:r:platform_app:s0:c512,c768 tcontext=u:r:logd:s0 tclass=dir permissive=1
12-07 11:11:40.791 18737 18737 I ps      : type=1400 audit(0.0:26586): avc: denied { read } for name="cmdline" dev="proc" ino=274 scontext=u:r:platform_app:s0:c512,c768 tcontext=u:r:logd:s0 tclass=file permissive=1
12-07 11:11:40.791 18737 18737 I ps      : type=1400 audit(0.0:26587): avc: denied { open } for path="/proc/447/cmdline" dev="proc" ino=274 scontext=u:r:platform_app:s0:c512,c768 tcontext=u:r:logd:s0 tclass=file permissive=1
12-07 11:11:40.791 18737 18737 I ps      : type=1400 audit(0.0:26588): avc: denied { getattr } for path="/proc/458" dev="proc" ino=286 scontext=u:r:platform_app:s0:c512,c768 tcontext=u:r:debuggerd:s0 tclass=dir permissive=1
12-07 11:11:40.791 18737 18737 I ps      : type=1400 audit(0.0:26589): avc: denied { search } for name="458" dev="proc" ino=286 scontext=u:r:platform_app:s0:c512,c768 tcontext=u:r:debuggerd:s0 tclass=dir permissive=1
12-07 11:11:40.791 18737 18737 I ps      : type=1400 audit(0.0:26590): avc: denied { read } for name="cmdline" dev="proc" ino=363 scontext=u:r:platform_app:s0:c512,c768 tcontext=u:r:debuggerd:s0 tclass=file permissive=1
12-07 11:11:40.791 18737 18737 I ps      : type=1400 audit(0.0:26591): avc: denied { open } for path="/proc/458/cmdline" dev="proc" ino=363 scontext=u:r:platform_app:s0:c512,c768 tcontext=u:r:debuggerd:s0 tclass=file permissive=1
12-07 11:11:40.791 18737 18737 I ps      : type=1400 audit(0.0:26592): avc: denied { getattr } for path="/proc/460" dev="proc" ino=14856 scontext=u:r:platform_app:s0:c512,c768 tcontext=u:r:vold:s0 tclass=dir permissive=1
12-07 11:11:40.791 18737 18737 I ps      : type=1400 audit(0.0:26593): avc: denied { search } for name="460" dev="proc" ino=14856 scontext=u:r:platform_app:s0:c512,c768 tcontext=u:r:vold:s0 tclass=dir permissive=1
12-07 11:11:40.791 18737 18737 I ps      : type=1400 audit(0.0:26594): avc: denied { read } for name="cmdline" dev="proc" ino=370 scontext=u:r:platform_app:s0:c512,c768 tcontext=u:r:vold:s0 tclass=file permissive=1
12-07 11:11:41.166 18736 18736 D AndroidRuntime: >>>>>> START com.android.internal.os.RuntimeInit uid 0 <<<<<<
12-07 11:11:41.170 18736 18736 D AndroidRuntime: CheckJNI is OFF
12-07 11:11:41.244 18736 18736 D ICU     : No timezone override file found: /data/misc/zoneinfo/current/icu/icu_tzdata.dat
12-07 11:11:41.279 18736 18736 I Radio-JNI: register_android_hardware_Radio DONE
12-07 11:11:41.298 18736 18736 D AndroidRuntime: Calling main entry com.android.commands.am.Am
12-07 11:11:41.359  1667  1678 I ActivityManager: Force stopping com.xiaomi.mi_connect_service appid=10138 user=0: start instr
12-07 11:11:41.360  1667  1678 I AutoStartManagerService: MIUILOG- Reject RestartService packageName :com.xiaomi.mi_connect_service uid : 10138
12-07 11:11:41.379 18750 18750 I art     : Late-enabling -Xcheck:jni
12-07 11:11:41.379  1667  1678 D Boost   : hostingType=added application, hostingName=com.xiaomi.mi_connect_service, callerPackage=android, isSystem=true, isBoostNeeded=false.
12-07 11:11:41.379  1667  1678 I ActivityManager: Start proc 18750:com.xiaomi.mi_connect_service/u0a138 for added application com.xiaomi.mi_connect_service caller=android
12-07 11:11:41.399 18750 18750 W ReflectionUtils: 
12-07 11:11:41.399 18750 18750 W ReflectionUtils: java.lang.NoSuchMethodException: android.os.MessageQueue#enableMonitor()#bestmatch
12-07 11:11:41.399 18750 18750 W ReflectionUtils: 	at miui.util.ReflectionUtils.findMethodBestMatch(ReflectionUtils.java:338)
12-07 11:11:41.399 18750 18750 W ReflectionUtils: 	at miui.util.ReflectionUtils.findMethodBestMatch(ReflectionUtils.java:375)
12-07 11:11:41.399 18750 18750 W ReflectionUtils: 	at miui.util.ReflectionUtils.callMethod(ReflectionUtils.java:800)
12-07 11:11:41.399 18750 18750 W ReflectionUtils: 	at miui.util.ReflectionUtils.tryCallMethod(ReflectionUtils.java:818)
12-07 11:11:41.399 18750 18750 W ReflectionUtils: 	at android.os.BaseLooper.enableMonitor(BaseLooper.java:47)
12-07 11:11:41.399 18750 18750 W ReflectionUtils: 	at android.os.Looper.prepareMainLooper(Looper.java:112)
12-07 11:11:41.399 18750 18750 W ReflectionUtils: 	at android.app.ActivityThread.main(ActivityThread.java:6371)
12-07 11:11:41.399 18750 18750 W ReflectionUtils: 	at java.lang.reflect.Method.invoke(Native Method)
12-07 11:11:41.399 18750 18750 W ReflectionUtils: 	at com.android.internal.os.ZygoteInit$MethodAndArgsCaller.run(ZygoteInit.java:930)
12-07 11:11:41.399 18750 18750 W ReflectionUtils: 	at com.android.internal.os.ZygoteInit.main(ZygoteInit.java:820)
12-07 11:11:41.399 18750 18750 V BoostFramework: BoostFramework() : mPerf = com.qualcomm.qti.Performance@960a7e0
12-07 11:11:41.412  1667  1685 V UidProcStateHelper: process state changed:[18750,10138,4]
12-07 11:11:41.791 18769 18769 I ps      : type=1400 audit(0.0:26895): avc: denied { getattr } for path="/proc/422" dev="proc" ino=5335 scontext=u:r:platform_app:s0:c512,c768 tcontext=u:r:ueventd:s0 tclass=dir permissive=1
12-07 11:11:41.791 18769 18769 I ps      : type=1400 audit(0.0:26896): avc: denied { search } for name="422" dev="proc" ino=5335 scontext=u:r:platform_app:s0:c512,c768 tcontext=u:r:ueventd:s0 tclass=dir permissive=1
12-07 11:11:41.791 18769 18769 I ps      : type=1400 audit(0.0:26897): avc: denied { read } for name="cmdline" dev="proc" ino=27732 scontext=u:r:platform_app:s0:c512,c768 tcontext=u:r:ueventd:s0 tclass=file permissive=1
12-07 11:11:41.791 18769 18769 I ps      : type=1400 audit(0.0:26898): avc: denied { open } for path="/proc/422/cmdline" dev="proc" ino=27732 scontext=u:r:platform_app:s0:c512,c768 tcontext=u:r:ueventd:s0 tclass=file permissive=1
12-07 11:11:41.791 18769 18769 I ps      : type=1400 audit(0.0:26899): avc: denied { getattr } for path="/proc/446" dev="proc" ino=5868 scontext=u:r:platform_app:s0:c512,c768 tcontext=u:r:mqsasd:s0 tclass=dir permissive=1
12-07 11:11:41.791 18769 18769 I ps      : type=1400 audit(0.0:26900): avc: denied { search } for name="446" dev="proc" ino=5868 scontext=u:r:platform_app:s0:c512,c768 tcontext=u:r:mqsasd:s0 tclass=dir permissive=1
12-07 11:11:41.791 18769 18769 I ps      : type=1400 audit(0.0:26901): avc: denied { read } for name="cmdline" dev="proc" ino=269 scontext=u:r:platform_app:s0:c512,c768 tcontext=u:r:mqsasd:s0 tclass=file permissive=1
12-07 11:11:41.791 18769 18769 I ps      : type=1400 audit(0.0:26902): avc: denied { open } for path="/proc/446/cmdline" dev="proc" ino=269 scontext=u:r:platform_app:s0:c512,c768 tcontext=u:r:mqsasd:s0 tclass=file permissive=1
12-07 11:11:41.791 18769 18769 I ps      : type=1400 audit(0.0:26903): avc: denied { getattr } for path="/proc/447" dev="proc" ino=5878 scontext=u:r:platform_app:s0:c512,c768 tcontext=u:r:logd:s0 tclass=dir permissive=1
12-07 11:11:41.791 18769 18769 I ps      : type=1400 audit(0.0:26904): avc: denied { search } for name="447" dev="proc" ino=5878 scontext=u:r:platform_app:s0:c512,c768 tcontext=u:r:logd:s0 tclass=dir permissive=1
12-07 11:11:41.791 18769 18769 I ps      : type=1400 audit(0.0:26905): avc: denied { read } for name="cmdline" dev="proc" ino=274 scontext=u:r:platform_app:s0:c512,c768 tcontext=u:r:logd:s0 tclass=file permissive=1
12-07 11:11:41.791 18769 18769 I ps      : type=1400 audit(0.0:26906): avc: denied { open } for path="/proc/447/cmdline" dev="proc" ino=274 scontext=u:r:platform_app:s0:c512,c768 tcontext=u:r:logd:s0 tclass=file permissive=1
12-07 11:11:41.791 18769 18769 I ps      : type=1400 audit(0.0:26907): avc: denied { getattr } for path="/proc/458" dev="proc" ino=286 scontext=u:r:platform_app:s0:c512,c768 tcontext=u:r:debuggerd:s0 tclass=dir permissive=1
12-07 11:11:41.791 18769 18769 I ps      : type=1400 audit(0.0:26908): avc: denied { search } for name="458" dev="proc" ino=286 scontext=u:r:platform_app:s0:c512,c768 tcontext=u:r:debuggerd:s0 tclass=dir permissive=1
12-07 11:11:41.791 18769 18769 I ps      : type=1400 audit(0.0:26909): avc: denied { read } for name="cmdline" dev="proc" ino=363 scontext=u:r:platform_app:s0:c512,c768 tcontext=u:r:debuggerd:s0 tclass=file permissive=1
12-07 11:11:41.791 18769 18769 I ps      : type=1400 audit(0.0:26910): avc: denied { open } for path="/proc/458/cmdline" dev="proc" ino=363 scontext=u:r:platform_app:s0:c512,c768 tcontext=u:r:debuggerd:s0 tclass=file permissive=1
12-07 11:11:41.791 18769 18769 I ps      : type=1400 audit(0.0:26911): avc: denied { getattr } for path="/proc/460" dev="proc" ino=14856 scontext=u:r:platform_app:s0:c512,c768 tcontext=u:r:vold:s0 tclass=dir permissive=1
12-07 11:11:41.791 18769 18769 I ps      : type=1400 audit(0.0:26912): avc: denied { search } for name="460" dev="proc" ino=14856 scontext=u:r:platform_app:s0:c512,c768 tcontext=u:r:vold:s0 tclass=dir permissive=1
12-07 11:11:41.791 18769 18769 I ps      : type=1400 audit(0.0:26913): avc: denied { read } for name="cmdline" dev="proc" ino=370 scontext=u:r:platform_app:s0:c512,c768 tcontext=u:r:vold:s0 tclass=file permissive=1
12-07 11:11:41.791 18769 18769 I ps      : type=1400 audit(0.0:26914): avc: denied { open } for path="/proc/460/cmdline" dev="proc" ino=370 scontext=u:r:platform_app:s0:c512,c768 tcontext=u:r:vold:s0 tclass=file permissive=1
12-07 11:11:41.841  1929  1929 D KeyguardUpdateMonitor: received broadcast android.intent.action.BATTERY_CHANGED
12-07 11:11:41.842  2119  2250 W QCNEJ   : |CORE| CNE received unexpected action: android.intent.action.BATTERY_CHANGED
12-07 11:11:41.843  3741  3992 D PowerCheckerService: onBatteryChanged, mBatteryLevel = 100, status = 5, level = 100, plug = 2
12-07 11:11:41.843 22157 22200 D HeadsetStateMachine: Disconnected process message: 10, size: 0
12-07 11:11:41.843  2870  2870 I BatteryInfoReceiver: ACTION_BATTERY_CHANGED
12-07 11:11:41.845  3741  3998 D ThermalTempInfoHelper: thermal sensor1 temp is 28
12-07 11:11:41.846  3741  3998 D ThermalTempInfoHelper: thermal sensor1 temp is 28
12-07 11:11:41.881  1667  5696 E LocSvc_libulp: I/int ulp_msg_process_system_update(const UlpSystemEvent): systemEvent:5 
12-07 11:11:41.881  1667  5696 E LocSvc_libulp: I/===> int ulp_brain_turn_onoff_dr_provider() line 848 
12-07 11:11:41.881  1667  5696 E LocSvc_libulp: I/===> int ulp_dr_stop_engine() line 235 
12-07 11:11:41.881  1667  5696 E LocSvc_libulp: I/int ulp_msg_process_start_req(), at ulp state = 1
12-07 11:11:41.881  1667  2091 E LocSvc_api_v02: I/---> locClientSendReq line 2069 QMI_LOC_GET_BEST_AVAILABLE_POSITION_REQ_V02
12-07 11:11:41.884  1667  2105 E LocSvc_ApiV02: I/<--- void globalRespCb(locClientHandleType, uint32_t, const locClientRespIndUnionType, uint32_t, void *) line 140 QMI_LOC_GET_BEST_AVAILABLE_POSITION_REQ_V02
12-07 11:11:41.884  1667  5696 E LocSvc_libulp: I/int ulp_brain_process_zpp_position_report(const enum loc_sess_status, LocPosTechMask, UlpLocation *), report ZPP position to providers,report_position = 1
12-07 11:11:41.885  1667  5696 E LocSvc_libulp: I/===> int ulp_brain_turn_onoff_dr_provider() line 848 
12-07 11:11:41.885  1667  5696 E LocSvc_libulp: I/===> int ulp_dr_stop_engine() line 235 
12-07 11:11:41.989 18750 18750 W art     : Found duplicate classes, falling back to interpreter mode for /data/app/com.xiaomi.mi_connect_service-2/base.apk
12-07 11:11:41.989 18750 18750 W art     : Found duplicated class when checking oat files: 'Landroid/support/v4/app/INotificationSideChannel;' in /data/app/com.xiaomi.mi_connect_service-2/base.apk and /data/app/com.xiaomi.mi_connect_service.test-2/base.apk
12-07 11:11:42.121 18750 18750 W System  : ClassLoader referenced unknown path: /data/app/com.xiaomi.mi_connect_service.test-2/lib/arm64
12-07 11:11:42.123 18750 18750 W ResourceType: No package identifier when getting name for resource number 0x00000000
12-07 11:11:42.129 18750 18750 W System  : ClassLoader referenced unknown path: 
12-07 11:11:42.130 18750 18750 W ResourceType: No package identifier when getting name for resource number 0x00000000
12-07 11:11:42.157 18750 18750 W System.err: java.io.FileNotFoundException: /jacoco.exec (Read-only file system)
12-07 11:11:42.157 18750 18750 W System.err: 	at java.io.FileOutputStream.open(Native Method)
12-07 11:11:42.157 18750 18750 W System.err: 	at java.io.FileOutputStream.<init>(FileOutputStream.java:221)
12-07 11:11:42.157 18750 18750 W System.err: 	at org.jacoco.agent.rt.internal_8ff85ea.output.FileOutput.openFile(FileOutput.java:67)
12-07 11:11:42.157 18750 18750 W System.err: 	at org.jacoco.agent.rt.internal_8ff85ea.output.FileOutput.startup(FileOutput.java:49)
12-07 11:11:42.157 18750 18750 W System.err: 	at org.jacoco.agent.rt.internal_8ff85ea.Agent.startup(Agent.java:122)
12-07 11:11:42.157 18750 18750 W System.err: 	at org.jacoco.agent.rt.internal_8ff85ea.Agent.getInstance(Agent.java:50)
12-07 11:11:42.158 18750 18750 W System.err: 	at org.jacoco.agent.rt.internal_8ff85ea.Offline.<clinit>(Offline.java:31)
12-07 11:11:42.158 18750 18750 W System.err: 	at org.jacoco.agent.rt.internal_8ff85ea.Offline.getProbes(Offline.java:51)
12-07 11:11:42.158 18750 18750 W System.err: 	at com.xiaomi.mi_connect_service.MyApplication.$jacocoInit(MyApplication.java)
12-07 11:11:42.158 18750 18750 W System.err: 	at com.xiaomi.mi_connect_service.MyApplication.<init>(MyApplication.java)
12-07 11:11:42.158 18750 18750 W System.err: 	at java.lang.Class.newInstance(Native Method)
12-07 11:11:42.158 18750 18750 W System.err: 	at android.app.Instrumentation.newApplication(Instrumentation.java:1008)
12-07 11:11:42.158 18750 18750 W System.err: 	at android.app.Instrumentation.newApplication(Instrumentation.java:993)
12-07 11:11:42.158 18750 18750 W System.err: 	at android.app.LoadedApk.makeApplication(LoadedApk.java:800)
12-07 11:11:42.158 18750 18750 W System.err: 	at android.app.ActivityThread.handleBindApplication(ActivityThread.java:5520)
12-07 11:11:42.158 18750 18750 W System.err: 	at android.app.ActivityThread.-wrap2(ActivityThread.java)
12-07 11:11:42.158 18750 18750 W System.err: 	at android.app.ActivityThread$H.handleMessage(ActivityThread.java:1626)
12-07 11:11:42.158 18750 18750 W System.err: 	at android.os.Handler.dispatchMessage(Handler.java:102)
12-07 11:11:42.158 18750 18750 W System.err: 	at android.os.Looper.loop(Looper.java:163)
12-07 11:11:42.158 18750 18750 W System.err: 	at android.app.ActivityThread.main(ActivityThread.java:6388)
12-07 11:11:42.158 18750 18750 W System.err: 	at java.lang.reflect.Method.invoke(Native Method)
12-07 11:11:42.158 18750 18750 W System.err: 	at com.android.internal.os.ZygoteInit$MethodAndArgsCaller.run(ZygoteInit.java:930)
12-07 11:11:42.158 18750 18750 W System.err: 	at com.android.internal.os.ZygoteInit.main(ZygoteInit.java:820)
12-07 11:11:42.167 18750 18750 I MonitoringInstr: Instrumentation started!
12-07 11:11:42.169 18750 18750 I MonitoringInstr: Setting context classloader to 'dalvik.system.PathClassLoader[DexPathList[[zip file "/system/framework/android.test.runner.jar", zip file "/data/app/com.xiaomi.mi_connect_service.test-2/base.apk", zip file "/data/app/com.xiaomi.mi_connect_service-2/base.apk"],nativeLibraryDirectories=[/data/app/com.xiaomi.mi_connect_service.test-2/lib/arm64, /data/app/com.xiaomi.mi_connect_service-2/lib/arm64, /data/app/com.xiaomi.mi_connect_service.test-2/base.apk!/lib/arm64-v8a, /data/app/com.xiaomi.mi_connect_service-2/base.apk!/lib/arm64-v8a, /system/lib64, /vendor/lib64]]]', Original: 'dalvik.system.PathClassLoader[DexPathList[[zip file "/system/framework/android.test.runner.jar", zip file "/data/app/com.xiaomi.mi_connect_service.test-2/base.apk", zip file "/data/app/com.xiaomi.mi_connect_service-2/base.apk"],nativeLibraryDirectories=[/data/app/com.xiaomi.mi_connect_service.test-2/lib/arm64, /data/app/com.xiaomi.mi_connect_service-2/lib/arm64, /data/app/com.xiaomi.mi_connect_service.test-2/base.apk!/lib/arm64-v8a, /data/app/com.xiaomi.mi_connect_service-2/base.apk!/lib/arm64-v8a, /system/lib64, /vendor/lib64]]]'
12-07 11:11:42.175 18750 18750 D RegionUtil: CN
12-07 11:11:42.176 18750 18750 I MonitoringInstr: No JSBridge.
12-07 11:11:42.177 18750 18776 I MonitoringInstr: Setting context classloader to 'dalvik.system.PathClassLoader[DexPathList[[zip file "/system/framework/android.test.runner.jar", zip file "/data/app/com.xiaomi.mi_connect_service.test-2/base.apk", zip file "/data/app/com.xiaomi.mi_connect_service-2/base.apk"],nativeLibraryDirectories=[/data/app/com.xiaomi.mi_connect_service.test-2/lib/arm64, /data/app/com.xiaomi.mi_connect_service-2/lib/arm64, /data/app/com.xiaomi.mi_connect_service.test-2/base.apk!/lib/arm64-v8a, /data/app/com.xiaomi.mi_connect_service-2/base.apk!/lib/arm64-v8a, /system/lib64, /vendor/lib64]]]', Original: 'dalvik.system.PathClassLoader[DexPathList[[zip file "/system/framework/android.test.runner.jar", zip file "/data/app/com.xiaomi.mi_connect_service.test-2/base.apk", zip file "/data/app/com.xiaomi.mi_connect_service-2/base.apk"],nativeLibraryDirectories=[/data/app/com.xiaomi.mi_connect_service.test-2/lib/arm64, /data/app/com.xiaomi.mi_connect_service-2/lib/arm64, /data/app/com.xiaomi.mi_connect_service.test-2/base.apk!/lib/arm64-v8a, /data/app/com.xiaomi.mi_connect_service-2/base.apk!/lib/arm64-v8a, /system/lib64, /vendor/lib64]]]'
12-07 11:11:42.196 18750 18776 I UsageTrackerFacilitator: Usage tracking enabled
12-07 11:11:42.225 18750 18776 D TestExecutor: Adding listener androidx.test.internal.runner.listener.LogRunListener
12-07 11:11:42.225 18750 18776 D TestExecutor: Adding listener androidx.test.internal.runner.listener.InstrumentationResultPrinter
12-07 11:11:42.226 18750 18776 D TestExecutor: Adding listener androidx.test.internal.runner.listener.ActivityFinisherRunListener
12-07 11:11:42.231 18750 18776 I TestRunner: run started: 1 tests
12-07 11:11:42.235 18750 18776 I TestRunner: started: testSubscribe(com.xiaomi.mi_connect_service.test.DpsNativeTest)
12-07 11:11:42.238 18750 18750 I MonitoringInstr: Activities that are still in CREATED to STOPPED: 0
12-07 11:11:42.276 18750 18776 I dps_jni : JNI OnLoad.
12-07 11:11:42.276 18750 18776 I RTPS_PARTICIPANT: 
12-07 11:11:42.279 18750 18778 I RTPS_PARTICIPANT: Thread: 547422254160 created and waiting for tasks.
12-07 11:11:42.280 18750 18776 I RTPS_MSG_IN: Created with CDRMessage of size: 65500
12-07 11:11:42.281 18750 18776 I RTPS_MSG_IN: Created with CDRMessage of size: 65500
12-07 11:11:42.281 18750 18776 I RTPS_MSG_IN: Created with CDRMessage of size: 65500
12-07 11:11:42.281 18750 18776 I RTPS_MSG_IN: Created with CDRMessage of size: 65500
12-07 11:11:42.282 18750 18776 I RTPS_MSG_IN: Created with CDRMessage of size: 65500
12-07 11:11:42.282 18750 18776 I RTPS_MSG_IN: Created with CDRMessage of size: 65500
12-07 11:11:42.282 18750 18776 I RTPS_PARTICIPANT: RTPSParticipant Created with NO default Unicast Locator List, adding Locators:192.168.1.2:7413,
12-07 11:11:42.282 18750 18776 I RTPS_PDP: Beginning
12-07 11:11:42.282 18750 18776 I RTPS_PDP: Beginning
12-07 11:11:42.282 18750 18776 I RTPS_UTILS: Creating CacheChangePool of size: 26 with payload of size: 5000
12-07 11:11:42.282 18750 18776 I RTPS_UTILS: Static Mode is active, preallocating memory for pool_size elements
12-07 11:11:42.282 18750 18776 I RTPS_UTILS: Allocating group of cache changes of size: 26
12-07 11:11:42.283 18750 18776 I RTPS_PARTICIPANT:  of type BEST_EFFORT
12-07 11:11:42.283 18750 18776 I RTPS_READER: RTPSReader created correctly
12-07 11:11:42.283 18750 18776 I RTPS_READER: Writer |GUID UNKNOWN| added to 0.1.0.c7
12-07 11:11:42.284 18750 18776 I RTPS_UTILS: Creating CacheChangePool of size: 21 with payload of size: 5000
12-07 11:11:42.284 18750 18776 I RTPS_UTILS: Static Mode is active, preallocating memory for pool_size elements
12-07 11:11:42.284 18750 18776 I RTPS_UTILS: Allocating group of cache changes of size: 21
12-07 11:11:42.284 18750 18776 I RTPS_PARTICIPANT:  of type BEST_EFFORT
12-07 11:11:42.284 18750 18776 I RTPS_WRITER: RTPSWriter created
12-07 11:11:42.284 18750 18776 I RTPS_WRITER: Reader |GUID UNKNOWN| added to 0.1.0.c2
12-07 11:11:42.284 18750 18776 I RTPS_PDP: SPDP Endpoints creation finished
12-07 11:11:42.284 18750 18776 I RTPS_EDP: Beginning Simple Endpoint Discovery Protocol
12-07 11:11:42.284 18750 18782 I RTPS_WRITER: Finish sending unsent changes
12-07 11:11:42.284 18750 18776 I RTPS_UTILS: Creating CacheChangePool of size: 21 with payload of size: 5000
12-07 11:11:42.284 18750 18776 I RTPS_UTILS: Static Mode is active, preallocating memory for pool_size elements
12-07 11:11:42.284 18750 18776 I RTPS_UTILS: Allocating group of cache changes of size: 21
12-07 11:11:42.284 18750 18776 I RTPS_PARTICIPANT:  of type RELIABLE
12-07 11:11:42.284 18750 18776 I RTPS_WRITER: RTPSWriter created
12-07 11:11:42.285 18750 18776 I RTPS_EDP: SEDP Publication Writer created
12-07 11:11:42.285 18750 18776 I RTPS_UTILS: Creating CacheChangePool of size: 21 with payload of size: 5000
12-07 11:11:42.285 18750 18776 I RTPS_UTILS: Static Mode is active, preallocating memory for pool_size elements
12-07 11:11:42.285 18750 18776 I RTPS_UTILS: Allocating group of cache changes of size: 21
12-07 11:11:42.285 18750 18776 I RTPS_PARTICIPANT:  of type RELIABLE
12-07 11:11:42.285 18750 18776 I RTPS_READER: RTPSReader created correctly
12-07 11:11:42.285 18750 18776 I RTPS_EDP: SEDP Subscription Reader created
12-07 11:11:42.285 18750 18776 I RTPS_UTILS: Creating CacheChangePool of size: 21 with payload of size: 5000
12-07 11:11:42.285 18750 18776 I RTPS_UTILS: Static Mode is active, preallocating memory for pool_size elements
12-07 11:11:42.285 18750 18776 I RTPS_UTILS: Allocating group of cache changes of size: 21
12-07 11:11:42.285 18750 18776 I RTPS_PARTICIPANT:  of type RELIABLE
12-07 11:11:42.285 18750 18776 I RTPS_READER: RTPSReader created correctly
12-07 11:11:42.285 18750 18776 I RTPS_EDP: SEDP Publication Reader created
12-07 11:11:42.285 18750 18776 I RTPS_UTILS: Creating CacheChangePool of size: 21 with payload of size: 5000
12-07 11:11:42.285 18750 18776 I RTPS_UTILS: Static Mode is active, preallocating memory for pool_size elements
12-07 11:11:42.286 18750 18776 I RTPS_UTILS: Allocating group of cache changes of size: 21
12-07 11:11:42.286 18750 18776 I RTPS_PARTICIPANT:  of type RELIABLE
12-07 11:11:42.286 18750 18776 I RTPS_WRITER: RTPSWriter created
12-07 11:11:42.286 18750 18776 I RTPS_EDP: SEDP Subscription Writer created
12-07 11:11:42.286 18750 18776 I RTPS_EDP: Creation finished
12-07 11:11:42.286 18750 18776 I RTPS_LIVELINESS: Initializing Liveliness Protocol
12-07 11:11:42.286 18750 18776 I RTPS_UTILS: Creating CacheChangePool of size: 21 with payload of size: 100
12-07 11:11:42.286 18750 18776 I RTPS_UTILS: Static Mode is active, preallocating memory for pool_size elements
12-07 11:11:42.286 18750 18776 I RTPS_UTILS: Allocating group of cache changes of size: 21
12-07 11:11:42.286 18750 18776 I RTPS_PARTICIPANT:  of type RELIABLE
12-07 11:11:42.286 18750 18776 I RTPS_WRITER: RTPSWriter created
12-07 11:11:42.286 18750 18776 I RTPS_LIVELINESS: Builtin Liveliness Writer created
12-07 11:11:42.286 18750 18776 I RTPS_UTILS: Creating CacheChangePool of size: 101 with payload of size: 100
12-07 11:11:42.286 18750 18776 I RTPS_UTILS: Static Mode is active, preallocating memory for pool_size elements
12-07 11:11:42.286 18750 18776 I RTPS_UTILS: Allocating group of cache changes of size: 101
12-07 11:11:42.287 18750 18776 I RTPS_PARTICIPANT:  of type RELIABLE
12-07 11:11:42.287 18750 18776 I RTPS_READER: RTPSReader created correctly
12-07 11:11:42.287 18750 18776 I RTPS_LIVELINESS: Builtin Liveliness Reader created
12-07 11:11:42.287 18750 18776 I RTPS_PDP: Announcing RTPSParticipant State (new change: 1)
12-07 11:11:42.287 18750 18776 I RTPS_WRITER: Creating new change
12-07 11:11:42.287 18750 18776 I RTPS_HISTORY: Change 1 added with 172 bytes
12-07 11:11:42.287 18750 18776 I RTPS_WRITER: Sending relevant changes as DATA/DATA_FRAG messages
12-07 11:11:42.287 18750 18776 I RTPS_WRITER: Sending INFO_TS message
12-07 11:11:42.287 18750 18776 I RTPS_WRITER: endpoint: 0.1.0.c2, destinations: 239.255.0.1:7400,
12-07 11:11:42.287 18750 18776 I RTPS_MSG_OUT: UDPTransport: 228 bytes TO endpoint: 239.255.0.1:7400 FROM 0.0.0.0:60805
12-07 11:11:42.287 18750 18776 I RTPS_PARTICIPANT: 1.f.6a.d1.3e.49.0.0.1.0.0.0|0.0.1.c1
12-07 11:11:42.287 18750 18779 I RTPS_RECV: local locator: 239.255.0.1:7400,remote locator: 192.168.1.2:60805
12-07 11:11:42.287 18750 18776 I RTPS_PARTICIPANT: RTPSParticipant "RTPSParticipant" with guidPrefix: 1.f.6a.d1.3e.49.0.0.1.0.0.0
12-07 11:11:42.288 18750 18779 I RTPS_MSG_IN: (ID:547421217872) InfoTS Submsg received, processing...
12-07 11:11:42.288 18750 18779 I RTPS_MSG_IN: (ID:547421217872) Data Submsg received, processing. locator: 192.168.1.2:60805
12-07 11:11:42.288 18750 18779 I RTPS_MSG_IN: (ID:547421217872) from Writer 1.f.6a.d1.3e.49.0.0.1.0.0.0|0.1.0.c2; possible RTPSReaders: 4
12-07 11:11:42.288 18750 18779 I RTPS_MSG_IN: (ID:547421217872) Trying to add change 1 TO reader: 0.1.0.c7
12-07 11:11:42.288 18750 18779 I RTPS_HISTORY: Change 1 added with 172 bytes
12-07 11:11:42.288 18750 18779 I RTPS_PDP: SPDP Message received
12-07 11:11:42.288 18750 18779 I RTPS_PDP: Message from own RTPSParticipant, removing
12-07 11:11:42.288 18750 18779 I RTPS_HISTORY: Removing change 1
12-07 11:11:42.288 18750 18779 I RTPS_PARTICIPANT: 1.f.6a.d1.3e.49.0.0.1.0.0.0|0.0.1.c1
12-07 11:11:42.289 18750 18779 I RTPS_MSG_IN: (ID:547421217872) Sub Message DATA processed
12-07 11:11:42.289 18750 18776 I RTPS_UTILS: Creating CacheChangePool of size: 501 with payload of size: 500
12-07 11:11:42.289 18750 18776 I RTPS_UTILS: Static Mode is active, preallocating memory for pool_size elements
12-07 11:11:42.289 18750 18776 I RTPS_UTILS: Allocating group of cache changes of size: 501
12-07 11:11:42.290 18750 18776 I RTPS_PARTICIPANT:  of type BEST_EFFORT
12-07 11:11:42.290 18750 18776 I RTPS_READER: RTPSReader created correctly
12-07 11:11:42.290 18750 18776 I RTPS_EDP: Adding 0.0.1.4 in topic Test
12-07 11:11:42.290 18750 18776 I RTPS_PDP: Adding reader proxy data 1.f.6a.d1.3e.49.0.0.1.0.0.0|0.0.1.4
12-07 11:11:42.290 18750 18776 I RTPS_EDP: 1.f.6a.d1.3e.49.0.0.1.0.0.0|0.0.1.4 in topic: "Test"
12-07 11:11:42.290 18750 18776 I RTPS_EDP: 1.f.6a.d1.3e.49.0.0.1.0.0.0|0.0.1.4 in topic: "Test"
12-07 11:11:42.290 18750 18776 I RTPS_EDP: 0.0.1.4
12-07 11:11:42.290 18750 18776 I RTPS_WRITER: Creating new change
12-07 11:11:42.290 18750 18776 I RTPS_HISTORY: Change 1 added with 268 bytes
12-07 11:11:42.291 18750 18776 I RTPS_WRITER: No reader proxy to add change.
12-07 11:11:42.291 18750 18776 I RTPS_PARTICIPANT: 1.f.6a.d1.3e.49.0.0.1.0.0.0|0.0.1.c1
12-07 11:11:42.291 18750 18776 I RTPS_PROXY_DATA: ReaderProxyData destructor: 1.f.6a.d1.3e.49.0.0.1.0.0.0|0.0.1.4
12-07 11:11:42.302 18750 18780 I RTPS_RECV: local locator: 192.168.1.2:7412,remote locator: 192.168.1.124:60397
12-07 11:11:42.302 18750 18780 I RTPS_MSG_IN: (ID:547420181584) InfoDST message received, processing...
12-07 11:11:42.302 18750 18780 I RTPS_MSG_IN: (ID:547420181584) DST RTPSParticipant is now: 1.f.6a.d1.3e.49.0.0.1.0.0.0
12-07 11:11:42.302 18750 18780 I RTPS_MSG_IN: (ID:547420181584) Heartbeat Submsg received, processing...
12-07 11:11:42.302 18750 18780 I RTPS_RECV: local locator: 192.168.1.2:7412,remote locator: 192.168.1.124:44966
12-07 11:11:42.302 18750 18780 I RTPS_MSG_IN: (ID:547420181584) InfoDST message received, processing...
12-07 11:11:42.302 18750 18780 I RTPS_MSG_IN: (ID:547420181584) DST RTPSParticipant is now: 1.f.6a.d1.3e.49.0.0.1.0.0.0
12-07 11:11:42.302 18750 18780 I RTPS_MSG_IN: (ID:547420181584) Heartbeat Submsg received, processing...
12-07 11:11:42.303 18750 18780 I RTPS_RECV: local locator: 192.168.1.2:7412,remote locator: 192.168.1.124:44966
12-07 11:11:42.303 18750 18780 I RTPS_MSG_IN: (ID:547420181584) InfoDST message received, processing...
12-07 11:11:42.303 18750 18780 I RTPS_MSG_IN: (ID:547420181584) DST RTPSParticipant is now: 1.f.6a.d1.3e.49.0.0.1.0.0.0
12-07 11:11:42.303 18750 18780 I RTPS_MSG_IN: (ID:547420181584) Heartbeat Submsg received, processing...
12-07 11:11:42.303 18750 18780 I RTPS_RECV: local locator: 192.168.1.2:7412,remote locator: 192.168.1.124:44966
12-07 11:11:42.303 18750 18780 I RTPS_MSG_IN: (ID:547420181584) InfoDST message received, processing...
12-07 11:11:42.303 18750 18780 I RTPS_MSG_IN: (ID:547420181584) DST RTPSParticipant is now: 1.f.6a.d1.3e.49.0.0.1.0.0.0
12-07 11:11:42.303 18750 18780 I RTPS_MSG_IN: (ID:547420181584) Heartbeat Submsg received, processing...
12-07 11:11:42.303 18750 18780 I RTPS_RECV: local locator: 192.168.1.2:7412,remote locator: 192.168.1.124:48356
12-07 11:11:42.303 18750 18780 I RTPS_MSG_IN: (ID:547420181584) InfoDST message received, processing...
12-07 11:11:42.303 18750 18780 I RTPS_MSG_IN: (ID:547420181584) DST RTPSParticipant is now: 1.f.6a.d1.3e.49.0.0.1.0.0.0
12-07 11:11:42.303 18750 18780 I RTPS_MSG_IN: (ID:547420181584) Heartbeat Submsg received, processing...
12-07 11:11:42.303 18750 18780 I RTPS_RECV: local locator: 192.168.1.2:7412,remote locator: 192.168.1.124:60397
12-07 11:11:42.303 18750 18780 I RTPS_MSG_IN: (ID:547420181584) InfoDST message received, processing...
12-07 11:11:42.303 18750 18780 I RTPS_MSG_IN: (ID:547420181584) DST RTPSParticipant is now: 1.f.6a.d1.3e.49.0.0.1.0.0.0
12-07 11:11:42.303 18750 18780 I RTPS_MSG_IN: (ID:547420181584) Heartbeat Submsg received, processing...
12-07 11:11:42.303 18750 18780 I RTPS_RECV: local locator: 192.168.1.2:7412,remote locator: 192.168.1.124:48356
12-07 11:11:42.303 18750 18780 I RTPS_MSG_IN: (ID:547420181584) InfoDST message received, processing...
12-07 11:11:42.303 18750 18780 I RTPS_MSG_IN: (ID:547420181584) DST RTPSParticipant is now: 1.f.6a.d1.3e.49.0.0.1.0.0.0
12-07 11:11:42.303 18750 18780 I RTPS_MSG_IN: (ID:547420181584) Heartbeat Submsg received, processing...
12-07 11:11:42.304 18750 18780 I RTPS_RECV: local locator: 192.168.1.2:7412,remote locator: 192.168.1.124:60397
12-07 11:11:42.304 18750 18780 I RTPS_MSG_IN: (ID:547420181584) InfoDST message received, processing...
12-07 11:11:42.304 18750 18780 I RTPS_MSG_IN: (ID:547420181584) DST RTPSParticipant is now: 1.f.6a.d1.3e.49.0.0.1.0.0.0
12-07 11:11:42.304 18750 18780 I RTPS_MSG_IN: (ID:547420181584) Heartbeat Submsg received, processing...
12-07 11:11:42.304 18750 18780 I RTPS_RECV: local locator: 192.168.1.2:7412,remote locator: 192.168.1.124:48356
12-07 11:11:42.304 18750 18780 I RTPS_MSG_IN: (ID:547420181584) InfoDST message received, processing...
12-07 11:11:42.304 18750 18780 I RTPS_MSG_IN: (ID:547420181584) DST RTPSParticipant is now: 1.f.6a.d1.3e.49.0.0.1.0.0.0
12-07 11:11:42.304 18750 18780 I RTPS_MSG_IN: (ID:547420181584) Heartbeat Submsg received, processing...
12-07 11:11:42.304 18750 18780 I RTPS_RECV: local locator: 192.168.1.2:7412,remote locator: 192.168.1.124:48763
12-07 11:11:42.304 18750 18780 I RTPS_MSG_IN: (ID:547420181584) InfoDST message received, processing...
12-07 11:11:42.304 18750 18780 I RTPS_MSG_IN: (ID:547420181584) DST RTPSParticipant is now: 1.f.6a.d1.3e.49.0.0.1.0.0.0
12-07 11:11:42.304 18750 18780 I RTPS_MSG_IN: (ID:547420181584) Heartbeat Submsg received, processing...
12-07 11:11:42.304 18750 18780 I RTPS_RECV: local locator: 192.168.1.2:7412,remote locator: 192.168.1.124:48763
12-07 11:11:42.304 18750 18780 I RTPS_MSG_IN: (ID:547420181584) InfoDST message received, processing...
12-07 11:11:42.304 18750 18780 I RTPS_MSG_IN: (ID:547420181584) DST RTPSParticipant is now: 1.f.6a.d1.3e.49.0.0.1.0.0.0
12-07 11:11:42.304 18750 18780 I RTPS_MSG_IN: (ID:547420181584) Heartbeat Submsg received, processing...
