12-07 11:11:48.421 18750 18779 I RTPS_MSG_IN: (ID:547421217872) MessageReceiver not add change 1
12-07 11:11:48.421 18750 18779 I RTPS_LIVELINESS: RTPSParticipant 1.f.67.be.93.7e.0.0.1.0.0.0|0.0.1.c1 is Alive
12-07 11:11:48.421 18750 18779 I RTPS_LIVELINESS:  Stopped for RTPSParticipant with ID: 1.f.67.be.93.7e.0.0.1.0.0.0
12-07 11:11:48.421 18750 18779 I RTPS_MSG_IN: (ID:547421217872) Sub Message DATA processed
12-07 11:11:48.449 18750 18780 I RTPS_RECV: local locator: 192.168.1.2:7412,remote locator: 192.168.1.69:37897
12-07 11:11:48.449 18750 18780 I RTPS_MSG_IN: (ID:547420181584) InfoDST message received, processing...
12-07 11:11:48.450 18750 18780 I RTPS_MSG_IN: (ID:547420181584) DST RTPSParticipant is now: 1.f.6a.d1.3e.49.0.0.1.0.0.0
12-07 11:11:48.450 18750 18780 I RTPS_MSG_IN: (ID:547420181584) Heartbeat Submsg received, processing...
12-07 11:11:48.450 18750 18780 I RTPS_READER: 0.0.3.c2: up to seqNum: 1
12-07 11:11:48.450 18750 18780 I RTPS_READER: 0.0.3.c2: changes up to seqNum: 1 missing.
12-07 11:11:48.450 18750 18780 I RTPS_RECV: local locator: 192.168.1.2:7412,remote locator: 192.168.1.69:37897
12-07 11:11:48.451 18750 18780 I RTPS_MSG_IN: (ID:547420181584) InfoDST message received, processing...
12-07 11:11:48.451 18750 18780 I RTPS_MSG_IN: (ID:547420181584) DST RTPSParticipant is now: 1.f.6a.d1.3e.49.0.0.1.0.0.0
12-07 11:11:48.451 18750 18780 I RTPS_MSG_IN: (ID:547420181584) Heartbeat Submsg received, processing...
12-07 11:11:48.451 18750 18780 I RTPS_READER: 0.0.4.c2: up to seqNum: 1
12-07 11:11:48.451 18750 18780 I RTPS_READER: 0.0.4.c2: changes up to seqNum: 0 missing.
12-07 11:11:48.453 18750 18780 I RTPS_RECV: local locator: 192.168.1.2:7412,remote locator: 192.168.1.69:37897
12-07 11:11:48.453 18750 18780 I RTPS_MSG_IN: (ID:547420181584) InfoDST message received, processing...
12-07 11:11:48.453 18750 18780 I RTPS_MSG_IN: (ID:547420181584) DST RTPSParticipant is now: 1.f.6a.d1.3e.49.0.0.1.0.0.0
12-07 11:11:48.454 18750 18780 I RTPS_MSG_IN: (ID:547420181584) Heartbeat Submsg received, processing...
12-07 11:11:48.454 18750 18780 I RTPS_READER: 0.2.0.c2: up to seqNum: 1
12-07 11:11:48.454 18750 18780 I RTPS_READER: 0.2.0.c2: changes up to seqNum: 0 missing.
12-07 11:11:48.460 18750 18778 I RTPS_READER: 
12-07 11:11:48.460 18750 18778 I RTPS_READER: Sending ACKNACK: 1:
12-07 11:11:48.461 18750 18778 I RTPS_WRITER: endpoint: 0.2.0.c7, destinations: 192.168.1.69:7412,
12-07 11:11:48.461 18750 18778 I RTPS_MSG_OUT: UDPTransport: 64 bytes TO endpoint: 192.168.1.69:7412 FROM 0.0.0.0:60805
12-07 11:11:48.462 18750 18778 I RTPS_READER: 
12-07 11:11:48.462 18750 18778 I RTPS_READER: Sending ACKNACK: 1:1-
12-07 11:11:48.463 18750 18778 I RTPS_WRITER: endpoint: 0.0.3.c7, destinations: 192.168.1.69:7412,
12-07 11:11:48.463 18750 18778 I RTPS_MSG_OUT: UDPTransport: 68 bytes TO endpoint: 192.168.1.69:7412 FROM 0.0.0.0:60805
12-07 11:11:48.463 18750 18778 I RTPS_READER: 
12-07 11:11:48.463 18750 18778 I RTPS_READER: Sending ACKNACK: 1:
12-07 11:11:48.464 18750 18778 I RTPS_WRITER: endpoint: 0.0.4.c7, destinations: 192.168.1.69:7412,
12-07 11:11:48.464 18750 18778 I RTPS_MSG_OUT: UDPTransport: 64 bytes TO endpoint: 192.168.1.69:7412 FROM 0.0.0.0:60805
12-07 11:11:48.519 18750 18780 I RTPS_RECV: local locator: 192.168.1.2:7412,remote locator: 192.168.1.69:37897
12-07 11:11:48.519 18750 18780 I RTPS_MSG_IN: (ID:547420181584) InfoDST message received, processing...
12-07 11:11:48.519 18750 18780 I RTPS_MSG_IN: (ID:547420181584) DST RTPSParticipant is now: 1.f.6a.d1.3e.49.0.0.1.0.0.0
12-07 11:11:48.519 18750 18780 I RTPS_MSG_IN: (ID:547420181584) Acknack Submsg received, processing...
12-07 11:11:48.519 18750 18780 I RTPS_WRITER: 0.0.3.c2 Sending Heartbeat (1 - 0)
12-07 11:11:48.520 18750 18780 I RTPS_WRITER: endpoint: 0.0.3.c2, destinations: 192.168.1.69:7412,
12-07 11:11:48.521 18750 18780 I RTPS_MSG_OUT: UDPTransport: 68 bytes TO endpoint: 192.168.1.69:7412 FROM 0.0.0.0:60805
12-07 11:11:48.521 18750 18780 I RTPS_RECV: local locator: 192.168.1.2:7412,remote locator: 192.168.1.69:37897
12-07 11:11:48.521 18750 18780 I RTPS_MSG_IN: (ID:547420181584) InfoDST message received, processing...
12-07 11:11:48.521 18750 18780 I RTPS_MSG_IN: (ID:547420181584) DST RTPSParticipant is now: 1.f.6a.d1.3e.49.0.0.1.0.0.0
12-07 11:11:48.521 18750 18780 I RTPS_MSG_IN: (ID:547420181584) Acknack Submsg received, processing...
12-07 11:11:48.521 18750 18780 I RTPS_WRITER: 0.0.4.c2 Sending Heartbeat (1 - 1)
12-07 11:11:48.522 18750 18780 I RTPS_WRITER: endpoint: 0.0.4.c2, destinations: 192.168.1.69:7412,
12-07 11:11:48.522 18750 18780 I RTPS_MSG_OUT: UDPTransport: 68 bytes TO endpoint: 192.168.1.69:7412 FROM 0.0.0.0:60805
12-07 11:11:48.523 18750 18780 I RTPS_RECV: local locator: 192.168.1.2:7412,remote locator: 192.168.1.69:37897
12-07 11:11:48.524 18750 18780 I RTPS_MSG_IN: (ID:547420181584) InfoDST message received, processing...
12-07 11:11:48.524 18750 18780 I RTPS_MSG_IN: (ID:547420181584) DST RTPSParticipant is now: 1.f.6a.d1.3e.49.0.0.1.0.0.0
12-07 11:11:48.525 18750 18780 I RTPS_MSG_IN: (ID:547420181584) Acknack Submsg received, processing...
12-07 11:11:48.525 18750 18780 I RTPS_WRITER: 0.2.0.c2 Sending Heartbeat (1 - 0)
12-07 11:11:48.526 18750 18780 I RTPS_WRITER: endpoint: 0.2.0.c2, destinations: 192.168.1.69:7412,
12-07 11:11:48.526 18750 18780 I RTPS_MSG_OUT: UDPTransport: 68 bytes TO endpoint: 192.168.1.69:7412 FROM 0.0.0.0:60805
12-07 11:11:48.536 18750 18780 I RTPS_RECV: local locator: 192.168.1.2:7412,remote locator: 192.168.1.69:37897
12-07 11:11:48.536 18750 18780 I RTPS_MSG_IN: (ID:547420181584) InfoDST message received, processing...
12-07 11:11:48.537 18750 18780 I RTPS_MSG_IN: (ID:547420181584) DST RTPSParticipant is now: 1.f.6a.d1.3e.49.0.0.1.0.0.0
12-07 11:11:48.537 18750 18780 I RTPS_MSG_IN: (ID:547420181584) Acknack Submsg received, processing...
12-07 11:11:48.538 18750 18780 I RTPS_RECV: local locator: 192.168.1.2:7412,remote locator: 192.168.1.69:37897
12-07 11:11:48.538 18750 18780 I RTPS_MSG_IN: (ID:547420181584) InfoDST message received, processing...
12-07 11:11:48.538 18750 18780 I RTPS_MSG_IN: (ID:547420181584) DST RTPSParticipant is now: 1.f.6a.d1.3e.49.0.0.1.0.0.0
12-07 11:11:48.538 18750 18780 I RTPS_MSG_IN: (ID:547420181584) Acknack Submsg received, processing...
12-07 11:11:48.538 18750 18780 I RTPS_RECV: local locator: 192.168.1.2:7412,remote locator: 192.168.1.69:37897
12-07 11:11:48.539 18750 18780 I RTPS_MSG_IN: (ID:547420181584) InfoDST message received, processing...
12-07 11:11:48.539 18750 18780 I RTPS_MSG_IN: (ID:547420181584) DST RTPSParticipant is now: 1.f.6a.d1.3e.49.0.0.1.0.0.0
12-07 11:11:48.539 18750 18780 I RTPS_MSG_IN: (ID:547420181584) Acknack Submsg received, processing...
12-07 11:11:48.539 18750 18780 I RTPS_WRITER: Requested Changes: 1:1-
12-07 11:11:48.622 18750 18779 I RTPS_RECV: local locator: 239.255.0.1:7400,remote locator: 192.168.1.69:37897
12-07 11:11:48.622 18750 18779 I RTPS_MSG_IN: (ID:547421217872) InfoTS Submsg received, processing...
12-07 11:11:48.622 18750 18779 I RTPS_MSG_IN: (ID:547421217872) Data Submsg received, processing. locator: 192.168.1.69:37897
12-07 11:11:48.622 18750 18779 I RTPS_MSG_IN: (ID:547421217872) from Writer 1.f.c0.1e.f.1b.0.0.1.0.0.0|0.1.0.c2; possible RTPSReaders: 4
12-07 11:11:48.623 18750 18779 I RTPS_MSG_IN: (ID:547421217872) Trying to add change 1 TO reader: 0.1.0.c7
12-07 11:11:48.623 18750 18779 I RTPS_MSG_IN: (ID:547421217872) MessageReceiver not add change 1
12-07 11:11:48.623 18750 18779 I RTPS_LIVELINESS: RTPSParticipant 1.f.c0.1e.f.1b.0.0.1.0.0.0|0.0.1.c1 is Alive
12-07 11:11:48.623 18750 18779 I RTPS_LIVELINESS:  Stopped for RTPSParticipant with ID: 1.f.c0.1e.f.1b.0.0.1.0.0.0
12-07 11:11:48.623 18750 18779 I RTPS_MSG_IN: (ID:547421217872) Sub Message DATA processed
12-07 11:11:48.623 18750 18779 I RTPS_RECV: local locator: 239.255.0.1:7400,remote locator: 192.168.1.69:37897
12-07 11:11:48.624 18750 18779 I RTPS_MSG_IN: (ID:547421217872) InfoTS Submsg received, processing...
12-07 11:11:48.624 18750 18779 I RTPS_MSG_IN: (ID:547421217872) Data Submsg received, processing. locator: 192.168.1.69:37897
12-07 11:11:48.624 18750 18779 I RTPS_MSG_IN: (ID:547421217872) from Writer 1.f.c0.1e.f.1b.0.0.1.0.0.0|0.1.0.c2; possible RTPSReaders: 4
12-07 11:11:48.624 18750 18779 I RTPS_MSG_IN: (ID:547421217872) Trying to add change 1 TO reader: 0.1.0.c7
12-07 11:11:48.624 18750 18779 I RTPS_MSG_IN: (ID:547421217872) MessageReceiver not add change 1
12-07 11:11:48.625 18750 18779 I RTPS_LIVELINESS: RTPSParticipant 1.f.c0.1e.f.1b.0.0.1.0.0.0|0.0.1.c1 is Alive
12-07 11:11:48.625 18750 18779 I RTPS_LIVELINESS:  Stopped for RTPSParticipant with ID: 1.f.c0.1e.f.1b.0.0.1.0.0.0
12-07 11:11:48.625 18750 18779 I RTPS_MSG_IN: (ID:547421217872) Sub Message DATA processed
12-07 11:11:48.625 18750 18779 I RTPS_RECV: local locator: 239.255.0.1:7400,remote locator: 192.168.1.69:37897
12-07 11:11:48.625 18750 18779 I RTPS_MSG_IN: (ID:547421217872) InfoTS Submsg received, processing...
12-07 11:11:48.625 18750 18779 I RTPS_MSG_IN: (ID:547421217872) Data Submsg received, processing. locator: 192.168.1.69:37897
12-07 11:11:48.626 18750 18779 I RTPS_MSG_IN: (ID:547421217872) from Writer 1.f.c0.1e.f.1b.0.0.1.0.0.0|0.1.0.c2; possible RTPSReaders: 4
12-07 11:11:48.626 18750 18779 I RTPS_MSG_IN: (ID:547421217872) Trying to add change 1 TO reader: 0.1.0.c7
12-07 11:11:48.626 18750 18779 I RTPS_MSG_IN: (ID:547421217872) MessageReceiver not add change 1
12-07 11:11:48.626 18750 18779 I RTPS_LIVELINESS: RTPSParticipant 1.f.c0.1e.f.1b.0.0.1.0.0.0|0.0.1.c1 is Alive
12-07 11:11:48.626 18750 18779 I RTPS_LIVELINESS:  Stopped for RTPSParticipant with ID: 1.f.c0.1e.f.1b.0.0.1.0.0.0
12-07 11:11:48.627 18750 18779 I RTPS_MSG_IN: (ID:547421217872) Sub Message DATA processed
12-07 11:11:48.627 18750 18779 I RTPS_RECV: local locator: 239.255.0.1:7400,remote locator: 192.168.1.69:37897
12-07 11:11:48.627 18750 18779 I RTPS_MSG_IN: (ID:547421217872) InfoTS Submsg received, processing...
12-07 11:11:48.627 18750 18779 I RTPS_MSG_IN: (ID:547421217872) Data Submsg received, processing. locator: 192.168.1.69:37897
12-07 11:11:48.627 18750 18779 I RTPS_MSG_IN: (ID:547421217872) from Writer 1.f.c0.1e.f.1b.0.0.1.0.0.0|0.1.0.c2; possible RTPSReaders: 4
12-07 11:11:48.627 18750 18779 I RTPS_MSG_IN: (ID:547421217872) Trying to add change 1 TO reader: 0.1.0.c7
12-07 11:11:48.627 18750 18779 I RTPS_MSG_IN: (ID:547421217872) MessageReceiver not add change 1
12-07 11:11:48.628 18750 18779 I RTPS_LIVELINESS: RTPSParticipant 1.f.c0.1e.f.1b.0.0.1.0.0.0|0.0.1.c1 is Alive
12-07 11:11:48.628 18750 18779 I RTPS_LIVELINESS:  Stopped for RTPSParticipant with ID: 1.f.c0.1e.f.1b.0.0.1.0.0.0
12-07 11:11:48.628 18750 18779 I RTPS_MSG_IN: (ID:547421217872) Sub Message DATA processed
12-07 11:11:48.628 18750 18779 I RTPS_RECV: local locator: 239.255.0.1:7400,remote locator: 192.168.1.69:37897
12-07 11:11:48.629 18750 18779 I RTPS_MSG_IN: (ID:547421217872) InfoTS Submsg received, processing...
12-07 11:11:48.629 18750 18779 I RTPS_MSG_IN: (ID:547421217872) Data Submsg received, processing. locator: 192.168.1.69:37897
12-07 11:11:48.629 18750 18779 I RTPS_MSG_IN: (ID:547421217872) from Writer 1.f.c0.1e.f.1b.0.0.1.0.0.0|0.0.3.c2; possible RTPSReaders: 4
12-07 11:11:48.629 18750 18779 I RTPS_MSG_IN: (ID:547421217872) Trying to add change 1 TO reader: 0.0.3.c7
12-07 11:11:48.629 18750 18779 I RTPS_HISTORY: Change 1 added with 276 bytes
12-07 11:11:48.630 18750 18779 I RTPS_READER: 0.0.3.c2: seqNum: 1
12-07 11:11:48.630 18750 18779 I RTPS_EDP: 
12-07 11:11:48.630 18750 18779 I RTPS_PDP: Adding writer proxy data 1.f.c0.1e.f.1b.0.0.1.0.0.0|0.0.1.3
12-07 11:11:48.630 18750 18779 I RTPS_EDP: 1.f.c0.1e.f.1b.0.0.1.0.0.0|0.0.1.3 in topic: "Test"
12-07 11:11:48.631 18750 18779 I RTPS_READER: Writer 1.f.c0.1e.f.1b.0.0.1.0.0.0|0.0.1.3 added to 0.0.1.4
12-07 11:11:48.631 18750 18779 I RTPS_EDP: Valid Matching to local reader: 0.0.1.4
12-07 11:11:48.631 18750 18779 I dps_manager_impl: Reader(0x7f76181a00): Matched with a Writer
12-07 11:11:48.631 18750 18779 I RTPS_PROXY_DATA: ReaderProxyData destructor: 1.f.6a.d1.3e.49.0.0.1.0.0.0|0.0.1.4
12-07 11:11:48.632 18750 18779 I RTPS_PARTICIPANT: 1.f.6a.d1.3e.49.0.0.1.0.0.0|0.0.1.c1
12-07 11:11:48.632 18750 18779 I RTPS_PARTICIPANT: 1.f.c0.1e.f.1b.0.0.1.0.0.0|0.0.1.c1
12-07 11:11:48.632 18750 18779 I RTPS_PROXY_DATA: 1.f.c0.1e.f.1b.0.0.1.0.0.0|0.0.1.3
12-07 11:11:48.632 18750 18779 I RTPS_HISTORY: Removing change 1
12-07 11:11:48.632 18750 18778 I RTPS_WRITER: Responding to Acknack messages
12-07 11:11:48.632 18750 18779 I RTPS_READER: 0.0.3.c7 FINDS writerProxy 1.f.c0.1e.f.1b.0.0.1.0.0.0|0.0.3.c2 from 3
12-07 11:11:48.633 18750 18779 I RTPS_MSG_IN: (ID:547421217872) Sub Message DATA processed
12-07 11:11:48.633 18750 18782 I RTPS_WRITER: Sending relevant changes as DATA/DATA_FRAG messages
12-07 11:11:48.633 18750 18782 I RTPS_WRITER: Sending INFO_TS message
12-07 11:11:48.633 18750 18782 I RTPS_WRITER: endpoint: 0.0.4.c2, destinations: 192.168.1.69:7412,
12-07 11:11:48.634 18750 18782 I RTPS_MSG_OUT: UDPTransport: 340 bytes TO endpoint: 192.168.1.69:7412 FROM 0.0.0.0:60805
12-07 11:11:48.634 18750 18782 I RTPS_WRITER: Finish sending unsent changes
12-07 11:11:48.643 18750 18781 I RTPS_RECV: local locator: 192.168.1.2:7413,remote locator: 192.168.1.69:37897
12-07 11:11:48.643 18750 18781 I RTPS_MSG_IN: (ID:547419145296) InfoDST message received, processing...
12-07 11:11:48.643 18750 18781 I RTPS_MSG_IN: (ID:547419145296) DST RTPSParticipant is now: 1.f.6a.d1.3e.49.0.0.1.0.0.0
12-07 11:11:48.643 18750 18781 I RTPS_MSG_IN: (ID:547419145296) Heartbeat Submsg received, processing...
12-07 11:11:48.645 18750 18778 I RTPS_WRITER: Changing underway to unacked for Reader: 1.f.c0.1e.f.1b.0.0.1.0.0.0|0.0.4.c7
12-07 11:11:48.647 18750 18781 I RTPS_RECV: local locator: 192.168.1.2:7413,remote locator: 192.168.1.69:37897
12-07 11:11:48.647 18750 18781 I RTPS_MSG_IN: (ID:547419145296) InfoDST message received, processing...
12-07 11:11:48.647 18750 18781 I RTPS_MSG_IN: (ID:547419145296) DST RTPSParticipant is now: 1.f.6a.d1.3e.49.0.0.1.0.0.0
12-07 11:11:48.647 18750 18781 I RTPS_MSG_IN: (ID:547419145296) InfoTS Submsg received, processing...
12-07 11:11:48.647 18750 18781 I RTPS_MSG_IN: (ID:547419145296) Data Submsg received, processing. locator: 192.168.1.69:37897
12-07 11:11:48.648 18750 18781 I RTPS_MSG_IN: (ID:547419145296) from Writer 1.f.c0.1e.f.1b.0.0.1.0.0.0|0.0.1.3; possible RTPSReaders: 1
12-07 11:11:48.648 18750 18781 I RTPS_MSG_IN: (ID:547419145296) Trying to add change 1 TO reader: 0.0.1.4
12-07 11:11:48.648 18750 18781 I RTPS_HISTORY: Change 1 added with 12 bytes
12-07 11:11:48.648 18750 18781 I dps_manager_impl: Reader: new cache message: hello world
12-07 11:11:48.650 18750 18781 D DpsNativeTest: message: hello world
12-07 11:11:48.650 18750 18781 I RTPS_HISTORY: Removing change 1
12-07 11:11:48.650 18750 18781 I RTPS_MSG_IN: (ID:547419145296) Sub Message DATA processed
12-07 11:11:48.651 18750 18776 I TestRunner: finished: testSubscribe(com.xiaomi.mi_connect_service.test.DpsNativeTest)
12-07 11:11:48.656 18750 18750 I MonitoringInstr: Activities that are still in CREATED to STOPPED: 0
12-07 11:11:48.657 18750 18776 I TestRunner: run finished: 1 tests, 0 failed, 0 ignored
12-07 11:11:48.665 18750 18776 D NetworkSecurityConfig: No Network Security Config specified, using platform default
12-07 11:11:48.863 15894 15894 D wpa_supplicant: wlan0: Control interface command 'SIGNAL_POLL'
12-07 11:11:48.959 18750 18776 I MonitoringInstr: waitForActivitiesToComplete() took: 0ms
12-07 11:11:48.960 18750 18750 I MonitoringInstr: Activities that are still in CREATED to STOPPED: 0
12-07 11:11:48.963  1667  2045 I ActivityManager: Force stopping com.xiaomi.mi_connect_service appid=10138 user=0: finished inst
12-07 11:11:48.964  1667  2045 I AutoStartManagerService: MIUILOG- Reject RestartService packageName :com.xiaomi.mi_connect_service uid : 10138
12-07 11:11:48.965  1667  2045 D AutoStartManagerService: prepare force stop p:18750 s: 19
12-07 11:11:48.951  2045  2045 I Binder:1667_4: type=1400 audit(0.0:27028): avc: denied { sigstop } for scontext=u:r:system_server:s0 tcontext=u:r:platform_app:s0:c512,c768 tclass=process permissive=1
12-07 11:11:48.965  1667  2045 I Process : Sending signal. PID: 18750 SIG: 19
12-07 11:11:48.966 18736 18736 D AndroidRuntime: Shutting down VM
12-07 11:11:48.966  1667  2045 I ActivityManager: Killing 18750:com.xiaomi.mi_connect_service/u0a138 (adj 0): stop com.xiaomi.mi_connect_service: finished inst
12-07 11:11:48.967  1667  2045 D ActivityManager: cleanUpApplicationRecord -- 18750
12-07 11:11:48.982  1667  1685 V UidProcStateHelper: process died:[18750,10138]
12-07 11:11:48.988  3741  3923 W MessageQueue: Handler (com.miui.powerkeeper.feedbackcontrol.FeedbackControlService$FeedbackControlHandler) {c59b2d7} sending message to a Handler on a dead thread
12-07 11:11:48.988  3741  3923 W MessageQueue: java.lang.IllegalStateException: Handler (com.miui.powerkeeper.feedbackcontrol.FeedbackControlService$FeedbackControlHandler) {c59b2d7} sending message to a Handler on a dead thread
12-07 11:11:48.988  3741  3923 W MessageQueue: 	at android.os.MessageQueue.enqueueMessage(MessageQueue.java:543)
12-07 11:11:48.988  3741  3923 W MessageQueue: 	at android.os.Handler.enqueueMessage(Handler.java:646)
12-07 11:11:48.988  3741  3923 W MessageQueue: 	at android.os.Handler.sendMessageAtTime(Handler.java:612)
12-07 11:11:48.988  3741  3923 W MessageQueue: 	at android.os.Handler.sendMessageDelayed(Handler.java:582)
12-07 11:11:48.988  3741  3923 W MessageQueue: 	at android.os.Handler.post(Handler.java:338)
12-07 11:11:48.988  3741  3923 W MessageQueue: 	at com.miui.powerkeeper.utils.ProcessObserver.notifyProcessDiedListeners(ProcessObserver.java:432)
12-07 11:11:48.988  3741  3923 W MessageQueue: 	at com.miui.powerkeeper.utils.ProcessObserver.-wrap4(ProcessObserver.java)
12-07 11:11:48.988  3741  3923 W MessageQueue: 	at com.miui.powerkeeper.utils.ProcessObserver$1$2.run(ProcessObserver.java:140)
12-07 11:11:48.988  3741  3923 W MessageQueue: 	at android.os.Handler.handleCallback(Handler.java:754)
12-07 11:11:48.988  3741  3923 W MessageQueue: 	at android.os.Handler.dispatchMessage(Handler.java:95)
12-07 11:11:48.988  3741  3923 W MessageQueue: 	at android.os.Looper.loop(Looper.java:163)
12-07 11:11:48.988  3741  3923 W MessageQueue: 	at android.os.HandlerThread.run(HandlerThread.java:61)
12-07 11:11:48.993  3741  3992 D PowerChecker.Notify: removeNotification, type = 0, uid = 10138, pkg = null
12-07 11:11:48.993  3741  3875 D ActiveStateController: updateStateForUidActiveChangedLocked, uid: 10138 active: false
12-07 11:11:49.011  1667 18786 I ActivityManager: Failure reporting to instrumentation watcher: comp=ComponentInfo{com.xiaomi.mi_connect_service.test/androidx.test.runner.AndroidJUnitRunner} results=Bundle[mParcelledData.dataSize=92]
12-07 11:11:49.502 18787 18787 D AndroidRuntime: >>>>>> START com.android.internal.os.RuntimeInit uid 0 <<<<<<
12-07 11:11:49.506 18787 18787 D AndroidRuntime: CheckJNI is OFF
12-07 11:11:49.580 18787 18787 D ICU     : No timezone override file found: /data/misc/zoneinfo/current/icu/icu_tzdata.dat
12-07 11:11:49.615 18787 18787 I Radio-JNI: register_android_hardware_Radio DONE
12-07 11:11:49.635 18787 18787 D AndroidRuntime: Calling main entry com.android.commands.am.Am
12-07 11:11:49.692  1667  1678 I ActivityManager: Force stopping com.xiaomi.mi_connect_service appid=10138 user=0: from process:18787
12-07 11:11:49.693  1667  1678 I AutoStartManagerService: MIUILOG- Reject RestartService packageName :com.xiaomi.mi_connect_service uid : 10138
12-07 11:11:49.695 18787 18787 D AndroidRuntime: Shutting down VM
12-07 11:11:49.701  2154  2154 D CarrierSvcBindHelper: No carrier app for: 0
12-07 11:11:49.701  2154  2154 D CarrierSvcBindHelper: No carrier app for: 1
12-07 11:11:49.927   894   894 I MSM-irqbalance: Decided to move IRQ5 from CPU1 [P:0] to CPU6 [P:1] (banned)
12-07 11:11:49.929   894   894 I MSM-irqbalance: Decided to move IRQ3 from CPU1 [P:0] to CPU4 [P:1] (banned)
12-07 11:11:49.930   894   894 I MSM-irqbalance: Decided to move IRQ5 from CPU3 [P:0] to CPU5 [P:1] (banned)
12-07 11:11:49.930   894   894 I MSM-irqbalance: Decided to move IRQ3 from CPU3 [P:0] to CPU7 [P:1] (banned)
12-07 11:11:49.931   894   894 I MSM-irqbalance: Decided to move IRQ5 from CPU0 [P:0] to CPU6 [P:1] (banned)
12-07 11:11:49.932   894   894 I MSM-irqbalance: Decided to move IRQ3 from CPU0 [P:0] to CPU4 [P:1] (banned)
12-07 11:11:49.932   894   894 I MSM-irqbalance: Decided to move IRQ5 from CPU2 [P:0] to CPU5 [P:1] (banned)
12-07 11:11:49.933   894   894 I MSM-irqbalance: Decided to move IRQ3 from CPU2 [P:0] to CPU7 [P:1] (banned)
12-07 11:11:51.871 15894 15894 D wpa_supplicant: wlan0: Control interface command 'SIGNAL_POLL'
12-07 11:11:53.239   776   776 I cnss-daemon: RTM_NEWNEIGH message received: 28
12-07 11:11:53.239   776   776 E cnss-daemon: Stale or unreachable neighbors, ndm state: 16
12-07 11:11:53.352   776   776 I cnss-daemon: RTM_NEWNEIGH message received: 28
12-07 11:11:53.352   776   776 I cnss-daemon: NDA_DST received: 192.168.1.69 ul: 562994060830912
12-07 11:11:53.352   776   776 I cnss-daemon: NDA_LLADDR received
12-07 11:11:53.679   776   776 I cnss-daemon: RTM_NEWNEIGH message received: 28
12-07 11:11:53.679   776   776 I cnss-daemon: NDA_DST received: 192.168.1.1 ul: 562992919980224
12-07 11:11:53.680   776   776 I cnss-daemon: NDA_LLADDR received
12-07 11:11:54.896 15894 15894 D wpa_supplicant: wlan0: Control interface command 'SIGNAL_POLL'
12-07 11:11:54.928   894   894 I MSM-irqbalance: Decided to move IRQ5 from CPU3 [P:0] to CPU7 [P:1] (banned)
12-07 11:11:54.929   894   894 I MSM-irqbalance: Decided to move IRQ3 from CPU3 [P:0] to CPU6 [P:1] (banned)
12-07 11:11:54.930   894   894 I MSM-irqbalance: Decided to move IRQ5 from CPU0 [P:0] to CPU5 [P:1] (banned)
12-07 11:11:54.931   894   894 I MSM-irqbalance: Decided to move IRQ3 from CPU0 [P:0] to CPU4 [P:1] (banned)
12-07 11:11:54.932   894   894 I MSM-irqbalance: Decided to move IRQ5 from CPU2 [P:0] to CPU7 [P:1] (banned)
12-07 11:11:54.932   894   894 I MSM-irqbalance: Decided to move IRQ3 from CPU2 [P:0] to CPU6 [P:1] (banned)
12-07 11:11:54.933   894   894 I MSM-irqbalance: Decided to move IRQ5 from CPU1 [P:0] to CPU5 [P:1] (banned)
12-07 11:11:54.934   894   894 I MSM-irqbalance: Decided to move IRQ3 from CPU1 [P:0] to CPU4 [P:1] (banned)
