12-07 11:11:42.826 18750 18779 I RTPS_RECV: local locator: 239.255.0.1:7400,remote locator: 192.168.1.2:60805
12-07 11:11:42.827 18750 18779 I RTPS_MSG_IN: (ID:547421217872) InfoTS Submsg received, processing...
12-07 11:11:42.827 18750 18779 I RTPS_MSG_IN: (ID:547421217872) Data Submsg received, processing. locator: 192.168.1.2:60805
12-07 11:11:42.827 18750 18779 I RTPS_MSG_IN: (ID:547421217872) from Writer 1.f.6a.d1.3e.49.0.0.1.0.0.0|0.0.4.c2; possible RTPSReaders: 4
12-07 11:11:42.827 18750 18779 I RTPS_MSG_IN: (ID:547421217872) Sub Message DATA processed
12-07 11:11:42.828 18750 18782 I RTPS_MSG_OUT: UDPTransport: 324 bytes TO endpoint: 239.255.0.1:7400 FROM 0.0.0.0:60805
12-07 11:11:42.828 18750 18782 I RTPS_WRITER: Finish sending unsent changes
12-07 11:11:42.837 18750 18778 I RTPS_WRITER: Changing underway to unacked for Reader: 1.f.87.f4.dc.2f.0.0.1.0.0.0|0.0.4.c7
12-07 11:11:42.837 18750 18778 I RTPS_WRITER: Changing underway to unacked for Reader: 1.f.67.be.93.7e.0.0.1.0.0.0|0.0.4.c7
12-07 11:11:43.693 18750 18778 I RTPS_WRITER: 0.0.4.c2 Sending Heartbeat (1 - 1)
12-07 11:11:43.693 18750 18778 I RTPS_WRITER: endpoint: 0.0.4.c2, destinations: 239.255.0.1:7400,
12-07 11:11:43.694 18750 18778 I RTPS_MSG_OUT: UDPTransport: 52 bytes TO endpoint: 239.255.0.1:7400 FROM 0.0.0.0:60805
12-07 11:11:43.694 18750 18779 I RTPS_RECV: local locator: 239.255.0.1:7400,remote locator: 192.168.1.2:60805
12-07 11:11:43.695 18750 18779 I RTPS_MSG_IN: (ID:547421217872) Heartbeat Submsg received, processing...
12-07 11:11:43.929 18750 18780 I RTPS_RECV: local locator: 192.168.1.2:7412,remote locator: 192.168.1.52:33211
12-07 11:11:43.929 18750 18780 I RTPS_MSG_IN: (ID:547420181584) InfoDST message received, processing...
12-07 11:11:43.929 18750 18780 I RTPS_MSG_IN: (ID:547420181584) DST RTPSParticipant is now: 1.f.6a.d1.3e.49.0.0.1.0.0.0
12-07 11:11:43.929 18750 18780 I RTPS_MSG_IN: (ID:547420181584) Acknack Submsg received, processing...
12-07 11:11:43.940 18750 18780 I RTPS_RECV: local locator: 192.168.1.2:7412,remote locator: 192.168.1.54:39553
12-07 11:11:43.941 18750 18780 I RTPS_MSG_IN: (ID:547420181584) InfoDST message received, processing...
12-07 11:11:43.941 18750 18780 I RTPS_MSG_IN: (ID:547420181584) DST RTPSParticipant is now: 1.f.6a.d1.3e.49.0.0.1.0.0.0
12-07 11:11:43.941 18750 18780 I RTPS_MSG_IN: (ID:547420181584) Acknack Submsg received, processing...
12-07 11:11:43.983 18750 18780 I RTPS_RECV: local locator: 192.168.1.2:7412,remote locator: 192.168.1.49:48358
12-07 11:11:43.983 18750 18780 I RTPS_MSG_IN: (ID:547420181584) InfoDST message received, processing...
12-07 11:11:43.983 18750 18780 I RTPS_MSG_IN: (ID:547420181584) DST RTPSParticipant is now: 1.f.6a.d1.3e.49.0.0.1.0.0.0
12-07 11:11:43.983 18750 18780 I RTPS_MSG_IN: (ID:547420181584) Acknack Submsg received, processing...


12-07 11:11:48.224 18750 18779 I RTPS_RECV: local locator: 239.255.0.1:7400,remote locator: 192.168.1.69:37897
12-07 11:11:48.224 18750 18779 I RTPS_MSG_IN: (ID:547421217872) InfoTS Submsg received, processing...
12-07 11:11:48.225 18750 18779 I RTPS_MSG_IN: (ID:547421217872) Data Submsg received, processing. locator: 192.168.1.69:37897


12-07 11:11:48.225 18750 18779 I RTPS_MSG_IN: (ID:547421217872) from Writer 1.f.c0.1e.f.1b.0.0.1.0.0.0|0.1.0.c2; possible RTPSReaders: 4


12-07 11:11:48.225 18750 18779 I RTPS_MSG_IN: (ID:547421217872) Trying to add change 1 TO reader: 0.1.0.c7
12-07 11:11:48.225 18750 18779 I RTPS_HISTORY: Change 1 added with 172 bytes
12-07 11:11:48.225 18750 18779 I RTPS_PDP: SPDP Message received
12-07 11:11:48.226 18750 18779 I RTPS_PDP: Announcing RTPSParticipant State (new change: 0)
12-07 11:11:48.227 18750 18779 I RTPS_PDP: For RTPSParticipant: 1.f.c0.1e.f.1b.0.0.1.0.0.0
12-07 11:11:48.227 18750 18782 I RTPS_WRITER: Sending relevant changes as DATA/DATA_FRAG messages
12-07 11:11:48.227 18750 18779 I RTPS_READER: Writer 1.f.c0.1e.f.1b.0.0.1.0.0.0|0.1.0.c2 added to 0.1.0.c7
12-07 11:11:48.227 18750 18782 I RTPS_WRITER: Sending INFO_TS message
12-07 11:11:48.227 18750 18782 I RTPS_WRITER: endpoint: 0.1.0.c2, destinations: 239.255.0.1:7400,
12-07 11:11:48.228 18750 18782 I RTPS_MSG_OUT: UDPTransport: 228 bytes TO endpoint: 239.255.0.1:7400 FROM 0.0.0.0:60805
12-07 11:11:48.228 18750 18782 I RTPS_WRITER: Finish sending unsent changes
12-07 11:11:48.229 18750 18779 I RTPS_WRITER: Reader 1.f.c0.1e.f.1b.0.0.1.0.0.0|0.1.0.c7 added to 0.1.0.c2
12-07 11:11:48.230 18750 18779 I RTPS_EDP: New DPD received, adding remote endpoints to our SimpleEDP endpoints
12-07 11:11:48.230 18750 18779 I RTPS_EDP: Adding SEDP Pub Writer to my Pub Reader
12-07 11:11:48.230 18750 18779 I RTPS_READER: Writer Proxy created in reader: 0.0.3.c7
12-07 11:11:48.230 18750 18779 I RTPS_READER: Writer Proxy 1.f.c0.1e.f.1b.0.0.1.0.0.0|0.0.3.c2 added to 0.0.3.c7
12-07 11:11:48.231 18750 18779 I RTPS_EDP: Adding SEDP Pub Reader to my Pub Writer
12-07 11:11:48.232 18750 18779 I RTPS_WRITER: Reader Proxy started
12-07 11:11:48.232 18750 18779 I RTPS_WRITER: 0.0.3.c2 Sending Heartbeat (1 - 0)
12-07 11:11:48.232 18750 18779 I RTPS_WRITER: endpoint: 0.0.3.c2, destinations: 192.168.1.69:7412,
12-07 11:11:48.233 18750 18779 I RTPS_MSG_OUT: UDPTransport: 68 bytes TO endpoint: 192.168.1.69:7412 FROM 0.0.0.0:60805
12-07 11:11:48.233 18750 18779 I RTPS_WRITER: Reader Proxy 1.f.c0.1e.f.1b.0.0.1.0.0.0|0.0.3.c7 added to 0.0.3.c2 with 1(u)-1(m) locators
12-07 11:11:48.233 18750 18779 I RTPS_EDP: Adding SEDP Sub Writer to my Sub Reader
12-07 11:11:48.234 18750 18782 I RTPS_WRITER: Sending relevant changes as DATA/DATA_FRAG messages
12-07 11:11:48.234 18750 18782 I RTPS_WRITER: Sending INFO_TS message
12-07 11:11:48.234 18750 18782 I RTPS_WRITER: endpoint: 0.1.0.c2, destinations: 239.255.0.1:7400,
12-07 11:11:48.234 18750 18779 I RTPS_READER: Writer Proxy created in reader: 0.0.4.c7
12-07 11:11:48.234 18750 18782 I RTPS_MSG_OUT: UDPTransport: 228 bytes TO endpoint: 239.255.0.1:7400 FROM 0.0.0.0:60805
12-07 11:11:48.235 18750 18779 I RTPS_READER: Writer Proxy 1.f.c0.1e.f.1b.0.0.1.0.0.0|0.0.4.c2 added to 0.0.4.c7
12-07 11:11:48.235 18750 18782 I RTPS_WRITER: Finish sending unsent changes
12-07 11:11:48.235 18750 18779 I RTPS_EDP: Adding SEDP Sub Reader to my Sub Writer
12-07 11:11:48.235 18750 18779 I RTPS_WRITER: Reader Proxy started
12-07 11:11:48.235 18750 18779 I RTPS_WRITER: 0.0.4.c2 Sending Heartbeat (1 - 1)
12-07 11:11:48.235 18750 18779 I RTPS_WRITER: endpoint: 0.0.4.c2, destinations: 192.168.1.69:7412,
12-07 11:11:48.236 18750 18779 I RTPS_MSG_OUT: UDPTransport: 68 bytes TO endpoint: 192.168.1.69:7412 FROM 0.0.0.0:60805
12-07 11:11:48.236 18750 18779 I RTPS_WRITER: Reader Proxy 1.f.c0.1e.f.1b.0.0.1.0.0.0|0.0.4.c7 added to 0.0.4.c2 with 1(u)-1(m) locators
12-07 11:11:48.236 18750 18779 I RTPS_LIVELINESS: Adding remote writer to my local Builtin Reader
12-07 11:11:48.237 18750 18779 I RTPS_READER: Writer Proxy created in reader: 0.2.0.c7
12-07 11:11:48.237 18750 18779 I RTPS_READER: Writer Proxy 1.f.c0.1e.f.1b.0.0.1.0.0.0|0.2.0.c2 added to 0.2.0.c7
12-07 11:11:48.237 18750 18779 I RTPS_LIVELINESS: Adding remote reader to my local Builtin Writer
12-07 11:11:48.237 18750 18779 I RTPS_WRITER: Reader Proxy started
12-07 11:11:48.237 18750 18779 I RTPS_WRITER: 0.2.0.c2 Sending Heartbeat (1 - 0)
12-07 11:11:48.238 18750 18779 I RTPS_WRITER: endpoint: 0.2.0.c2, destinations: 192.168.1.69:7412,
12-07 11:11:48.238 18750 18779 I RTPS_MSG_OUT: UDPTransport: 68 bytes TO endpoint: 192.168.1.69:7412 FROM 0.0.0.0:60805
12-07 11:11:48.238 18750 18779 I RTPS_WRITER: Reader Proxy 1.f.c0.1e.f.1b.0.0.1.0.0.0|0.2.0.c7 added to 0.2.0.c2 with 1(u)-1(m) locators
12-07 11:11:48.238 18750 18779 I RTPS_PARTICIPANT: 1.f.c0.1e.f.1b.0.0.1.0.0.0|0.0.1.c1
12-07 11:11:48.239 18750 18779 I RTPS_HISTORY: Removing change 1
12-07 11:11:48.239 18750 18779 I RTPS_MSG_IN: (ID:547421217872) Sub Message DATA processed
12-07 11:11:48.239 18750 18779 I RTPS_RECV: local locator: 239.255.0.1:7400,remote locator: 192.168.1.2:60805
12-07 11:11:48.240 18750 18779 I RTPS_MSG_IN: (ID:547421217872) InfoTS Submsg received, processing...
12-07 11:11:48.240 18750 18779 I RTPS_MSG_IN: (ID:547421217872) Data Submsg received, processing. locator: 192.168.1.2:60805
12-07 11:11:48.240 18750 18779 I RTPS_MSG_IN: (ID:547421217872) from Writer 1.f.6a.d1.3e.49.0.0.1.0.0.0|0.1.0.c2; possible RTPSReaders: 4
12-07 11:11:48.240 18750 18779 I RTPS_MSG_IN: (ID:547421217872) Trying to add change 1 TO reader: 0.1.0.c7
12-07 11:11:48.240 18750 18779 I RTPS_MSG_IN: (ID:547421217872) MessageReceiver not add change 1
12-07 11:11:48.240 18750 18779 I RTPS_LIVELINESS: RTPSParticipant 1.f.6a.d1.3e.49.0.0.1.0.0.0|0.0.1.c1 is Alive
12-07 11:11:48.241 18750 18779 I RTPS_MSG_IN: (ID:547421217872) Sub Message DATA processed
12-07 11:11:48.241 18750 18779 I RTPS_RECV: local locator: 239.255.0.1:7400,remote locator: 192.168.1.2:60805
12-07 11:11:48.242 18750 18779 I RTPS_MSG_IN: (ID:547421217872) InfoTS Submsg received, processing...
12-07 11:11:48.242 18750 18779 I RTPS_MSG_IN: (ID:547421217872) Data Submsg received, processing. locator: 192.168.1.2:60805
12-07 11:11:48.242 18750 18779 I RTPS_MSG_IN: (ID:547421217872) from Writer 1.f.6a.d1.3e.49.0.0.1.0.0.0|0.1.0.c2; possible RTPSReaders: 4
12-07 11:11:48.242 18750 18779 I RTPS_MSG_IN: (ID:547421217872) Trying to add change 1 TO reader: 0.1.0.c7
12-07 11:11:48.242 18750 18779 I RTPS_MSG_IN: (ID:547421217872) MessageReceiver not add change 1
12-07 11:11:48.242 18750 18779 I RTPS_LIVELINESS: RTPSParticipant 1.f.6a.d1.3e.49.0.0.1.0.0.0|0.0.1.c1 is Alive
12-07 11:11:48.243 18750 18779 I RTPS_MSG_IN: (ID:547421217872) Sub Message DATA processed
12-07 11:11:48.301 18750 18778 I RTPS_READER: Sending ACKNACK: 0:
12-07 11:11:48.301 18750 18778 I RTPS_WRITER: endpoint: 0.0.3.c7, destinations: 192.168.1.69:7412,
12-07 11:11:48.302 18750 18778 I RTPS_MSG_OUT: UDPTransport: 64 bytes TO endpoint: 192.168.1.69:7412 FROM 0.0.0.0:60805
12-07 11:11:48.306 18750 18778 I RTPS_READER: Sending ACKNACK: 0:
12-07 11:11:48.306 18750 18778 I RTPS_WRITER: endpoint: 0.0.4.c7, destinations: 192.168.1.69:7412,
12-07 11:11:48.306 18750 18778 I RTPS_MSG_OUT: UDPTransport: 64 bytes TO endpoint: 192.168.1.69:7412 FROM 0.0.0.0:60805
12-07 11:11:48.308 18750 18778 I RTPS_READER: Sending ACKNACK: 0:
12-07 11:11:48.308 18750 18778 I RTPS_WRITER: endpoint: 0.2.0.c7, destinations: 192.168.1.69:7412,
12-07 11:11:48.309 18750 18778 I RTPS_MSG_OUT: UDPTransport: 64 bytes TO endpoint: 192.168.1.69:7412 FROM 0.0.0.0:60805
12-07 11:11:48.418 18750 18779 I RTPS_RECV: local locator: 239.255.0.1:7400,remote locator: 192.168.1.49:48358
12-07 11:11:48.418 18750 18779 I RTPS_MSG_IN: (ID:547421217872) InfoTS Submsg received, processing...
12-07 11:11:48.418 18750 18779 I RTPS_MSG_IN: (ID:547421217872) Data Submsg received, processing. locator: 192.168.1.49:48358
12-07 11:11:48.418 18750 18779 I RTPS_MSG_IN: (ID:547421217872) from Writer 1.f.87.f4.dc.2f.0.0.1.0.0.0|0.1.0.c2; possible RTPSReaders: 4
12-07 11:11:48.419 18750 18779 I RTPS_MSG_IN: (ID:547421217872) Trying to add change 1 TO reader: 0.1.0.c7
12-07 11:11:48.419 18750 18779 I RTPS_MSG_IN: (ID:547421217872) MessageReceiver not add change 1
12-07 11:11:48.419 18750 18779 I RTPS_LIVELINESS: RTPSParticipant 1.f.87.f4.dc.2f.0.0.1.0.0.0|0.0.1.c1 is Alive
12-07 11:11:48.419 18750 18779 I RTPS_LIVELINESS:  Stopped for RTPSParticipant with ID: 1.f.87.f4.dc.2f.0.0.1.0.0.0
12-07 11:11:48.420 18750 18779 I RTPS_MSG_IN: (ID:547421217872) Sub Message DATA processed
12-07 11:11:48.420 18750 18779 I RTPS_RECV: local locator: 239.255.0.1:7400,remote locator: 192.168.1.54:39553
12-07 11:11:48.420 18750 18779 I RTPS_MSG_IN: (ID:547421217872) InfoTS Submsg received, processing...
12-07 11:11:48.420 18750 18779 I RTPS_MSG_IN: (ID:547421217872) Data Submsg received, processing. locator: 192.168.1.54:39553
12-07 11:11:48.420 18750 18779 I RTPS_MSG_IN: (ID:547421217872) from Writer 1.f.67.be.93.7e.0.0.1.0.0.0|0.1.0.c2; possible RTPSReaders: 4
12-07 11:11:48.421 18750 18779 I RTPS_MSG_IN: (ID:547421217872) Trying to add change 1 TO reader: 0.1.0.c7
12-07 11:11:48.421 18750 18779 I RTPS_MSG_IN: (ID:547421217872) MessageReceiver not add change 1
12-07 11:11:48.421 18750 18779 I RTPS_LIVELINESS: RTPSParticipant 1.f.67.be.93.7e.0.0.1.0.0.0|0.0.1.c1 is Alive
12-07 11:11:48.421 18750 18779 I RTPS_LIVELINESS:  Stopped for RTPSParticipant with ID: 1.f.67.be.93.7e.0.0.1.0.0.0
12-07 11:11:48.421 18750 18779 I RTPS_MSG_IN: (ID:547421217872) Sub Message DATA processed
12-07 11:11:48.449 18750 18780 I RTPS_RECV: local locator: 192.168.1.2:7412,remote locator: 192.168.1.69:37897
12-07 11:11:48.449 18750 18780 I RTPS_MSG_IN: (ID:547420181584) InfoDST message received, processing...
12-07 11:11:48.450 18750 18780 I RTPS_MSG_IN: (ID:547420181584) DST RTPSParticipant is now: 1.f.6a.d1.3e.49.0.0.1.0.0.0
12-07 11:11:48.450 18750 18780 I RTPS_MSG_IN: (ID:547420181584) Heartbeat Submsg received, processing...
12-07 11:11:48.450 18750 18780 I RTPS_READER: 0.0.3.c2: up to seqNum: 1
12-07 11:11:48.450 18750 18780 I RTPS_READER: 0.0.3.c2: changes up to seqNum: 1 missing.
12-07 11:11:48.450 18750 18780 I RTPS_RECV: local locator: 192.168.1.2:7412,remote locator: 192.168.1.69:37897
12-07 11:11:48.451 18750 18780 I RTPS_MSG_IN: (ID:547420181584) InfoDST message received, processing...
12-07 11:11:48.451 18750 18780 I RTPS_MSG_IN: (ID:547420181584) DST RTPSParticipant is now: 1.f.6a.d1.3e.49.0.0.1.0.0.0
12-07 11:11:48.451 18750 18780 I RTPS_MSG_IN: (ID:547420181584) Heartbeat Submsg received, processing...
12-07 11:11:48.451 18750 18780 I RTPS_READER: 0.0.4.c2: up to seqNum: 1
12-07 11:11:48.451 18750 18780 I RTPS_READER: 0.0.4.c2: changes up to seqNum: 0 missing.
12-07 11:11:48.453 18750 18780 I RTPS_RECV: local locator: 192.168.1.2:7412,remote locator: 192.168.1.69:37897
12-07 11:11:48.453 18750 18780 I RTPS_MSG_IN: (ID:547420181584) InfoDST message received, processing...
12-07 11:11:48.453 18750 18780 I RTPS_MSG_IN: (ID:547420181584) DST RTPSParticipant is now: 1.f.6a.d1.3e.49.0.0.1.0.0.0
12-07 11:11:48.454 18750 18780 I RTPS_MSG_IN: (ID:547420181584) Heartbeat Submsg received, processing...
12-07 11:11:48.454 18750 18780 I RTPS_READER: 0.2.0.c2: up to seqNum: 1
12-07 11:11:48.454 18750 18780 I RTPS_READER: 0.2.0.c2: changes up to seqNum: 0 missing.
12-07 11:11:48.460 18750 18778 I RTPS_READER:
12-07 11:11:48.460 18750 18778 I RTPS_READER: Sending ACKNACK: 1:
12-07 11:11:48.461 18750 18778 I RTPS_WRITER: endpoint: 0.2.0.c7, destinations: 192.168.1.69:7412,
12-07 11:11:48.461 18750 18778 I RTPS_MSG_OUT: UDPTransport: 64 bytes TO endpoint: 192.168.1.69:7412 FROM 0.0.0.0:60805
12-07 11:11:48.462 18750 18778 I RTPS_READER:
12-07 11:11:48.462 18750 18778 I RTPS_READER: Sending ACKNACK: 1:1-
12-07 11:11:48.463 18750 18778 I RTPS_WRITER: endpoint: 0.0.3.c7, destinations: 192.168.1.69:7412,
12-07 11:11:48.463 18750 18778 I RTPS_MSG_OUT: UDPTransport: 68 bytes TO endpoint: 192.168.1.69:7412 FROM 0.0.0.0:60805
12-07 11:11:48.463 18750 18778 I RTPS_READER:
12-07 11:11:48.463 18750 18778 I RTPS_READER: Sending ACKNACK: 1:
12-07 11:11:48.464 18750 18778 I RTPS_WRITER: endpoint: 0.0.4.c7, destinations: 192.168.1.69:7412,
12-07 11:11:48.464 18750 18778 I RTPS_MSG_OUT: UDPTransport: 64 bytes TO endpoint: 192.168.1.69:7412 FROM 0.0.0.0:60805
12-07 11:11:48.519 18750 18780 I RTPS_RECV: local locator: 192.168.1.2:7412,remote locator: 192.168.1.69:37897
12-07 11:11:48.519 18750 18780 I RTPS_MSG_IN: (ID:547420181584) InfoDST message received, processing...
12-07 11:11:48.519 18750 18780 I RTPS_MSG_IN: (ID:547420181584) DST RTPSParticipant is now: 1.f.6a.d1.3e.49.0.0.1.0.0.0
12-07 11:11:48.519 18750 18780 I RTPS_MSG_IN: (ID:547420181584) Acknack Submsg received, processing...
12-07 11:11:48.519 18750 18780 I RTPS_WRITER: 0.0.3.c2 Sending Heartbeat (1 - 0)
12-07 11:11:48.520 18750 18780 I RTPS_WRITER: endpoint: 0.0.3.c2, destinations: 192.168.1.69:7412,
12-07 11:11:48.521 18750 18780 I RTPS_MSG_OUT: UDPTransport: 68 bytes TO endpoint: 192.168.1.69:7412 FROM 0.0.0.0:60805
12-07 11:11:48.521 18750 18780 I RTPS_RECV: local locator: 192.168.1.2:7412,remote locator: 192.168.1.69:37897
12-07 11:11:48.521 18750 18780 I RTPS_MSG_IN: (ID:547420181584) InfoDST message received, processing...
12-07 11:11:48.521 18750 18780 I RTPS_MSG_IN: (ID:547420181584) DST RTPSParticipant is now: 1.f.6a.d1.3e.49.0.0.1.0.0.0
12-07 11:11:48.521 18750 18780 I RTPS_MSG_IN: (ID:547420181584) Acknack Submsg received, processing...
12-07 11:11:48.521 18750 18780 I RTPS_WRITER: 0.0.4.c2 Sending Heartbeat (1 - 1)
12-07 11:11:48.522 18750 18780 I RTPS_WRITER: endpoint: 0.0.4.c2, destinations: 192.168.1.69:7412,
12-07 11:11:48.522 18750 18780 I RTPS_MSG_OUT: UDPTransport: 68 bytes TO endpoint: 192.168.1.69:7412 FROM 0.0.0.0:60805
12-07 11:11:48.523 18750 18780 I RTPS_RECV: local locator: 192.168.1.2:7412,remote locator: 192.168.1.69:37897
12-07 11:11:48.524 18750 18780 I RTPS_MSG_IN: (ID:547420181584) InfoDST message received, processing...
12-07 11:11:48.524 18750 18780 I RTPS_MSG_IN: (ID:547420181584) DST RTPSParticipant is now: 1.f.6a.d1.3e.49.0.0.1.0.0.0
12-07 11:11:48.525 18750 18780 I RTPS_MSG_IN: (ID:547420181584) Acknack Submsg received, processing...
12-07 11:11:48.525 18750 18780 I RTPS_WRITER: 0.2.0.c2 Sending Heartbeat (1 - 0)
12-07 11:11:48.526 18750 18780 I RTPS_WRITER: endpoint: 0.2.0.c2, destinations: 192.168.1.69:7412,
12-07 11:11:48.526 18750 18780 I RTPS_MSG_OUT: UDPTransport: 68 bytes TO endpoint: 192.168.1.69:7412 FROM 0.0.0.0:60805
12-07 11:11:48.536 18750 18780 I RTPS_RECV: local locator: 192.168.1.2:7412,remote locator: 192.168.1.69:37897
12-07 11:11:48.536 18750 18780 I RTPS_MSG_IN: (ID:547420181584) InfoDST message received, processing...
12-07 11:11:48.537 18750 18780 I RTPS_MSG_IN: (ID:547420181584) DST RTPSParticipant is now: 1.f.6a.d1.3e.49.0.0.1.0.0.0
12-07 11:11:48.537 18750 18780 I RTPS_MSG_IN: (ID:547420181584) Acknack Submsg received, processing...
12-07 11:11:48.538 18750 18780 I RTPS_RECV: local locator: 192.168.1.2:7412,remote locator: 192.168.1.69:37897
12-07 11:11:48.538 18750 18780 I RTPS_MSG_IN: (ID:547420181584) InfoDST message received, processing...
12-07 11:11:48.538 18750 18780 I RTPS_MSG_IN: (ID:547420181584) DST RTPSParticipant is now: 1.f.6a.d1.3e.49.0.0.1.0.0.0
12-07 11:11:48.538 18750 18780 I RTPS_MSG_IN: (ID:547420181584) Acknack Submsg received, processing...
12-07 11:11:48.538 18750 18780 I RTPS_RECV: local locator: 192.168.1.2:7412,remote locator: 192.168.1.69:37897
12-07 11:11:48.539 18750 18780 I RTPS_MSG_IN: (ID:547420181584) InfoDST message received, processing...
12-07 11:11:48.539 18750 18780 I RTPS_MSG_IN: (ID:547420181584) DST RTPSParticipant is now: 1.f.6a.d1.3e.49.0.0.1.0.0.0
12-07 11:11:48.539 18750 18780 I RTPS_MSG_IN: (ID:547420181584) Acknack Submsg received, processing...
12-07 11:11:48.539 18750 18780 I RTPS_WRITER: Requested Changes: 1:1-
12-07 11:11:48.622 18750 18779 I RTPS_RECV: local locator: 239.255.0.1:7400,remote locator: 192.168.1.69:37897
12-07 11:11:48.622 18750 18779 I RTPS_MSG_IN: (ID:547421217872) InfoTS Submsg received, processing...
12-07 11:11:48.622 18750 18779 I RTPS_MSG_IN: (ID:547421217872) Data Submsg received, processing. locator: 192.168.1.69:37897
12-07 11:11:48.622 18750 18779 I RTPS_MSG_IN: (ID:547421217872) from Writer 1.f.c0.1e.f.1b.0.0.1.0.0.0|0.1.0.c2; possible RTPSReaders: 4
12-07 11:11:48.623 18750 18779 I RTPS_MSG_IN: (ID:547421217872) Trying to add change 1 TO reader: 0.1.0.c7
12-07 11:11:48.623 18750 18779 I RTPS_MSG_IN: (ID:547421217872) MessageReceiver not add change 1
12-07 11:11:48.623 18750 18779 I RTPS_LIVELINESS: RTPSParticipant 1.f.c0.1e.f.1b.0.0.1.0.0.0|0.0.1.c1 is Alive
12-07 11:11:48.623 18750 18779 I RTPS_LIVELINESS:  Stopped for RTPSParticipant with ID: 1.f.c0.1e.f.1b.0.0.1.0.0.0
12-07 11:11:48.623 18750 18779 I RTPS_MSG_IN: (ID:547421217872) Sub Message DATA processed
12-07 11:11:48.623 18750 18779 I RTPS_RECV: local locator: 239.255.0.1:7400,remote locator: 192.168.1.69:37897
12-07 11:11:48.624 18750 18779 I RTPS_MSG_IN: (ID:547421217872) InfoTS Submsg received, processing...
12-07 11:11:48.624 18750 18779 I RTPS_MSG_IN: (ID:547421217872) Data Submsg received, processing. locator: 192.168.1.69:37897
12-07 11:11:48.624 18750 18779 I RTPS_MSG_IN: (ID:547421217872) from Writer 1.f.c0.1e.f.1b.0.0.1.0.0.0|0.1.0.c2; possible RTPSReaders: 4
12-07 11:11:48.624 18750 18779 I RTPS_MSG_IN: (ID:547421217872) Trying to add change 1 TO reader: 0.1.0.c7
12-07 11:11:48.624 18750 18779 I RTPS_MSG_IN: (ID:547421217872) MessageReceiver not add change 1
12-07 11:11:48.625 18750 18779 I RTPS_LIVELINESS: RTPSParticipant 1.f.c0.1e.f.1b.0.0.1.0.0.0|0.0.1.c1 is Alive
12-07 11:11:48.625 18750 18779 I RTPS_LIVELINESS:  Stopped for RTPSParticipant with ID: 1.f.c0.1e.f.1b.0.0.1.0.0.0
12-07 11:11:48.625 18750 18779 I RTPS_MSG_IN: (ID:547421217872) Sub Message DATA processed
12-07 11:11:48.625 18750 18779 I RTPS_RECV: local locator: 239.255.0.1:7400,remote locator: 192.168.1.69:37897
12-07 11:11:48.625 18750 18779 I RTPS_MSG_IN: (ID:547421217872) InfoTS Submsg received, processing...
12-07 11:11:48.625 18750 18779 I RTPS_MSG_IN: (ID:547421217872) Data Submsg received, processing. locator: 192.168.1.69:37897
12-07 11:11:48.626 18750 18779 I RTPS_MSG_IN: (ID:547421217872) from Writer 1.f.c0.1e.f.1b.0.0.1.0.0.0|0.1.0.c2; possible RTPSReaders: 4
12-07 11:11:48.626 18750 18779 I RTPS_MSG_IN: (ID:547421217872) Trying to add change 1 TO reader: 0.1.0.c7
12-07 11:11:48.626 18750 18779 I RTPS_MSG_IN: (ID:547421217872) MessageReceiver not add change 1
12-07 11:11:48.626 18750 18779 I RTPS_LIVELINESS: RTPSParticipant 1.f.c0.1e.f.1b.0.0.1.0.0.0|0.0.1.c1 is Alive
12-07 11:11:48.626 18750 18779 I RTPS_LIVELINESS:  Stopped for RTPSParticipant with ID: 1.f.c0.1e.f.1b.0.0.1.0.0.0
12-07 11:11:48.627 18750 18779 I RTPS_MSG_IN: (ID:547421217872) Sub Message DATA processed
12-07 11:11:48.627 18750 18779 I RTPS_RECV: local locator: 239.255.0.1:7400,remote locator: 192.168.1.69:37897
12-07 11:11:48.627 18750 18779 I RTPS_MSG_IN: (ID:547421217872) InfoTS Submsg received, processing...
12-07 11:11:48.627 18750 18779 I RTPS_MSG_IN: (ID:547421217872) Data Submsg received, processing. locator: 192.168.1.69:37897
12-07 11:11:48.627 18750 18779 I RTPS_MSG_IN: (ID:547421217872) from Writer 1.f.c0.1e.f.1b.0.0.1.0.0.0|0.1.0.c2; possible RTPSReaders: 4
12-07 11:11:48.627 18750 18779 I RTPS_MSG_IN: (ID:547421217872) Trying to add change 1 TO reader: 0.1.0.c7
12-07 11:11:48.627 18750 18779 I RTPS_MSG_IN: (ID:547421217872) MessageReceiver not add change 1
12-07 11:11:48.628 18750 18779 I RTPS_LIVELINESS: RTPSParticipant 1.f.c0.1e.f.1b.0.0.1.0.0.0|0.0.1.c1 is Alive
12-07 11:11:48.628 18750 18779 I RTPS_LIVELINESS:  Stopped for RTPSParticipant with ID: 1.f.c0.1e.f.1b.0.0.1.0.0.0
12-07 11:11:48.628 18750 18779 I RTPS_MSG_IN: (ID:547421217872) Sub Message DATA processed
12-07 11:11:48.628 18750 18779 I RTPS_RECV: local locator: 239.255.0.1:7400,remote locator: 192.168.1.69:37897
12-07 11:11:48.629 18750 18779 I RTPS_MSG_IN: (ID:547421217872) InfoTS Submsg received, processing...
12-07 11:11:48.629 18750 18779 I RTPS_MSG_IN: (ID:547421217872) Data Submsg received, processing. locator: 192.168.1.69:37897
12-07 11:11:48.629 18750 18779 I RTPS_MSG_IN: (ID:547421217872) from Writer 1.f.c0.1e.f.1b.0.0.1.0.0.0|0.0.3.c2; possible RTPSReaders: 4
12-07 11:11:48.629 18750 18779 I RTPS_MSG_IN: (ID:547421217872) Trying to add change 1 TO reader: 0.0.3.c7
12-07 11:11:48.629 18750 18779 I RTPS_HISTORY: Change 1 added with 276 bytes
12-07 11:11:48.630 18750 18779 I RTPS_READER: 0.0.3.c2: seqNum: 1
12-07 11:11:48.630 18750 18779 I RTPS_EDP:
12-07 11:11:48.630 18750 18779 I RTPS_PDP: Adding writer proxy data 1.f.c0.1e.f.1b.0.0.1.0.0.0|0.0.1.3
12-07 11:11:48.630 18750 18779 I RTPS_EDP: 1.f.c0.1e.f.1b.0.0.1.0.0.0|0.0.1.3 in topic: "Test"
12-07 11:11:48.631 18750 18779 I RTPS_READER: Writer 1.f.c0.1e.f.1b.0.0.1.0.0.0|0.0.1.3 added to 0.0.1.4
12-07 11:11:48.631 18750 18779 I RTPS_EDP: Valid Matching to local reader: 0.0.1.4
12-07 11:11:48.631 18750 18779 I RTPS_PROXY_DATA: ReaderProxyData destructor: 1.f.6a.d1.3e.49.0.0.1.0.0.0|0.0.1.4
12-07 11:11:48.632 18750 18779 I RTPS_PARTICIPANT: 1.f.6a.d1.3e.49.0.0.1.0.0.0|0.0.1.c1
12-07 11:11:48.632 18750 18779 I RTPS_PARTICIPANT: 1.f.c0.1e.f.1b.0.0.1.0.0.0|0.0.1.c1
12-07 11:11:48.632 18750 18779 I RTPS_PROXY_DATA: 1.f.c0.1e.f.1b.0.0.1.0.0.0|0.0.1.3
12-07 11:11:48.632 18750 18779 I RTPS_HISTORY: Removing change 1
12-07 11:11:48.632 18750 18778 I RTPS_WRITER: Responding to Acknack messages
12-07 11:11:48.632 18750 18779 I RTPS_READER: 0.0.3.c7 FINDS writerProxy 1.f.c0.1e.f.1b.0.0.1.0.0.0|0.0.3.c2 from 3
12-07 11:11:48.633 18750 18779 I RTPS_MSG_IN: (ID:547421217872) Sub Message DATA processed
12-07 11:11:48.633 18750 18782 I RTPS_WRITER: Sending relevant changes as DATA/DATA_FRAG messages
12-07 11:11:48.633 18750 18782 I RTPS_WRITER: Sending INFO_TS message
12-07 11:11:48.633 18750 18782 I RTPS_WRITER: endpoint: 0.0.4.c2, destinations: 192.168.1.69:7412,
12-07 11:11:48.634 18750 18782 I RTPS_MSG_OUT: UDPTransport: 340 bytes TO endpoint: 192.168.1.69:7412 FROM 0.0.0.0:60805
12-07 11:11:48.634 18750 18782 I RTPS_WRITER: Finish sending unsent changes
12-07 11:11:48.643 18750 18781 I RTPS_RECV: local locator: 192.168.1.2:7413,remote locator: 192.168.1.69:37897
12-07 11:11:48.643 18750 18781 I RTPS_MSG_IN: (ID:547419145296) InfoDST message received, processing...
12-07 11:11:48.643 18750 18781 I RTPS_MSG_IN: (ID:547419145296) DST RTPSParticipant is now: 1.f.6a.d1.3e.49.0.0.1.0.0.0
12-07 11:11:48.643 18750 18781 I RTPS_MSG_IN: (ID:547419145296) Heartbeat Submsg received, processing...
12-07 11:11:48.645 18750 18778 I RTPS_WRITER: Changing underway to unacked for Reader: 1.f.c0.1e.f.1b.0.0.1.0.0.0|0.0.4.c7
12-07 11:11:48.647 18750 18781 I RTPS_RECV: local locator: 192.168.1.2:7413,remote locator: 192.168.1.69:37897
12-07 11:11:48.647 18750 18781 I RTPS_MSG_IN: (ID:547419145296) InfoDST message received, processing...
12-07 11:11:48.647 18750 18781 I RTPS_MSG_IN: (ID:547419145296) DST RTPSParticipant is now: 1.f.6a.d1.3e.49.0.0.1.0.0.0
12-07 11:11:48.647 18750 18781 I RTPS_MSG_IN: (ID:547419145296) InfoTS Submsg received, processing...
12-07 11:11:48.647 18750 18781 I RTPS_MSG_IN: (ID:547419145296) Data Submsg received, processing. locator: 192.168.1.69:37897
12-07 11:11:48.648 18750 18781 I RTPS_MSG_IN: (ID:547419145296) from Writer 1.f.c0.1e.f.1b.0.0.1.0.0.0|0.0.1.3; possible RTPSReaders: 1
12-07 11:11:48.648 18750 18781 I RTPS_MSG_IN: (ID:547419145296) Trying to add change 1 TO reader: 0.0.1.4
12-07 11:11:48.648 18750 18781 I RTPS_HISTORY: Change 1 added with 12 bytes
12-07 11:11:48.650 18750 18781 I RTPS_HISTORY: Removing change 1
12-07 11:11:48.650 18750 18781 I RTPS_MSG_IN: (ID:547419145296) Sub Message DATA processed
