12-12 19:42:19.704 16010 16010 I RTPS_PARTICIPANT:
12-12 19:42:19.709 16010 16013 I RTPS_PARTICIPANT: Thread: 548410500176 created and waiting for tasks.
12-12 19:42:19.711 16010 16010 I RTPS_MSG_IN: Created with CDRMessage of size: 65500
12-12 19:42:19.713 16010 16010 I RTPS_MSG_IN: Created with CDRMessage of size: 65500
12-12 19:42:19.713 16010 16010 I RTPS_PARTICIPANT: Participant_sub Created with NO default Unicast Locator List, adding Locators:192.168.1.69:485834378,


12-12 19:42:19.713 16010 16010 I RTPS_PDP: Beginning
12-12 19:42:19.713 16010 16010 I RTPS_PDP: Beginning
12-12 19:42:19.713 16010 16010 I RTPS_UTILS: Creating CacheChangePool of size: 26 with payload of size: 5000
12-12 19:42:19.713 16010 16010 I RTPS_UTILS: Static Mode is active, preallocating memory for pool_size elements
12-12 19:42:19.714 16010 16010 I RTPS_UTILS: Allocating group of cache changes of size: 26
12-12 19:42:19.714 16010 16010 I RTPS_PARTICIPANT:  of type BEST_EFFORT
12-12 19:42:19.714 16010 16010 I RTPS_READER: RTPSReader created correctly
12-12 19:42:19.715 16010 16010 I RTPS_MSG_IN: Created with CDRMessage of size: 65500
12-12 19:42:19.716 16010 16010 I RTPS_READER: Writer |GUID UNKNOWN| added to 0.1.0.c7
12-12 19:42:19.717 16010 16010 I RTPS_UTILS: Creating CacheChangePool of size: 21 with payload of size: 5000
12-12 19:42:19.717 16010 16010 I RTPS_UTILS: Static Mode is active, preallocating memory for pool_size elements
12-12 19:42:19.717 16010 16010 I RTPS_UTILS: Allocating group of cache changes of size: 21
12-12 19:42:19.717 16010 16010 I RTPS_PARTICIPANT:  of type BEST_EFFORT
12-12 19:42:19.717 16010 16010 I RTPS_WRITER: RTPSWriter created
12-12 19:42:19.718 16010 16010 I RTPS_WRITER: Reader |GUID UNKNOWN| added to 0.1.0.c2
12-12 19:42:19.718 16010 16010 I RTPS_PDP: SPDP Endpoints creation finished
12-12 19:42:19.718 16010 16010 I RTPS_EDP: Beginning Simple Endpoint Discovery Protocol
12-12 19:42:19.718 16010 16010 I RTPS_UTILS: Creating CacheChangePool of size: 21 with payload of size: 5000
12-12 19:42:19.718 16010 16010 I RTPS_UTILS: Static Mode is active, preallocating memory for pool_size elements
12-12 19:42:19.718 16010 16010 I RTPS_UTILS: Allocating group of cache changes of size: 21
12-12 19:42:19.719 16010 16010 I RTPS_PARTICIPANT:  of type RELIABLE
12-12 19:42:19.719 16010 16010 I RTPS_WRITER: RTPSWriter created
12-12 19:42:19.719 16010 16010 I RTPS_EDP: SEDP Publication Writer created
12-12 19:42:19.719 16010 16010 I RTPS_UTILS: Creating CacheChangePool of size: 21 with payload of size: 5000
12-12 19:42:19.719 16010 16010 I RTPS_UTILS: Static Mode is active, preallocating memory for pool_size elements
12-12 19:42:19.719 16010 16010 I RTPS_UTILS: Allocating group of cache changes of size: 21
12-12 19:42:19.720 16010 16010 I RTPS_PARTICIPANT:  of type RELIABLE
12-12 19:42:19.720 16010 16014 I RTPS_WRITER: Finish sending unsent changes
12-12 19:42:19.720 16010 16010 I RTPS_READER: RTPSReader created correctly
12-12 19:42:19.720 16010 16010 I RTPS_EDP: SEDP Subscription Reader created
12-12 19:42:19.720 16010 16010 I RTPS_UTILS: Creating CacheChangePool of size: 21 with payload of size: 5000
12-12 19:42:19.720 16010 16010 I RTPS_UTILS: Static Mode is active, preallocating memory for pool_size elements
12-12 19:42:19.720 16010 16010 I RTPS_UTILS: Allocating group of cache changes of size: 21
12-12 19:42:19.721 16010 16010 I RTPS_PARTICIPANT:  of type RELIABLE
12-12 19:42:19.721 16010 16010 I RTPS_READER: RTPSReader created correctly
12-12 19:42:19.721 16010 16010 I RTPS_EDP: SEDP Publication Reader created
12-12 19:42:19.721 16010 16010 I RTPS_UTILS: Creating CacheChangePool of size: 21 with payload of size: 5000
12-12 19:42:19.721 16010 16010 I RTPS_UTILS: Static Mode is active, preallocating memory for pool_size elements
12-12 19:42:19.721 16010 16010 I RTPS_UTILS: Allocating group of cache changes of size: 21
12-12 19:42:19.722 16010 16010 I RTPS_PARTICIPANT:  of type RELIABLE
12-12 19:42:19.722 16010 16010 I RTPS_WRITER: RTPSWriter created
12-12 19:42:19.722 16010 16010 I RTPS_EDP: SEDP Subscription Writer created
12-12 19:42:19.722 16010 16010 I RTPS_EDP: Creation finished
12-12 19:42:19.722 16010 16010 I RTPS_LIVELINESS: Initializing Liveliness Protocol
12-12 19:42:19.722 16010 16010 I RTPS_UTILS: Creating CacheChangePool of size: 21 with payload of size: 100
12-12 19:42:19.723 16010 16010 I RTPS_UTILS: Static Mode is active, preallocating memory for pool_size elements
12-12 19:42:19.723 16010 16010 I RTPS_UTILS: Allocating group of cache changes of size: 21

12-12 19:42:19.723 16010 16010 I RTPS_PARTICIPANT:  of type RELIABLE
12-12 19:42:19.723 16010 16010 I RTPS_WRITER: RTPSWriter created
12-12 19:42:19.723 16010 16010 I RTPS_LIVELINESS: Builtin Liveliness Writer created
12-12 19:42:19.723 16010 16010 I RTPS_UTILS: Creating CacheChangePool of size: 101 with payload of size: 100
12-12 19:42:19.723 16010 16010 I RTPS_UTILS: Static Mode is active, preallocating memory for pool_size elements
12-12 19:42:19.723 16010 16010 I RTPS_UTILS: Allocating group of cache changes of size: 101


12-12 19:42:19.724 16010 16010 I RTPS_PARTICIPANT:  of type RELIABLE
12-12 19:42:19.724 16010 16010 I RTPS_READER: RTPSReader created correctly
12-12 19:42:19.724 16010 16010 I RTPS_LIVELINESS: Builtin Liveliness Reader created
12-12 19:42:19.724 16010 16010 I RTPS_PDP: Announcing RTPSParticipant State (new change: 1)
12-12 19:42:19.724 16010 16010 I RTPS_WRITER: Creating new change
12-12 19:42:19.724 16010 16010 I RTPS_HISTORY: Change 1 added with 144 bytes
12-12 19:42:19.725 16010 16010 I RTPS_WRITER: Sending relevant changes as DATA/DATA_FRAG messages
12-12 19:42:19.725 16010 16010 I RTPS_WRITER: Sending INFO_TS message
12-12 19:42:19.725 16010 16010 I RTPS_WRITER: endpoint: 0.1.0.c2, destinations: 192.168.1.2:485640076,192.168.1.2:485771148,192.168.1.2:485902220,192.168.1.2:486033292,


12-12 19:42:19.725 16010 16010 I RTPS_PARTICIPANT: 1.f.c0.1e.8a.3e.0.0.1.0.0.0|0.0.1.c1
12-12 19:42:19.725 16010 16010 I RTPS_PARTICIPANT: RTPSParticipant "Participant_sub" with guidPrefix: 1.f.c0.1e.8a.3e.0.0.1.0.0.0


12-12 19:42:19.725 16010 16010 I RTPS_UTILS: Creating CacheChangePool of size: 501 with payload of size: 500
12-12 19:42:19.725 16010 16010 I RTPS_UTILS: Static Mode is active, preallocating memory for pool_size elements
12-12 19:42:19.726 16010 16010 I RTPS_UTILS: Allocating group of cache changes of size: 501
12-12 19:42:19.727 16010 16010 I RTPS_PARTICIPANT:  of type BEST_EFFORT
12-12 19:42:19.728 16010 16010 I RTPS_READER: RTPSReader created correctly
12-12 19:42:19.728 16010 16010 I RTPS_EDP: Adding 0.0.1.4 in topic Test
12-12 19:42:19.728 16010 16010 I RTPS_PDP: Adding reader proxy data 1.f.c0.1e.8a.3e.0.0.1.0.0.0|0.0.1.4
12-12 19:42:19.728 16010 16010 I RTPS_EDP: 1.f.c0.1e.8a.3e.0.0.1.0.0.0|0.0.1.4 in topic: "Test"
12-12 19:42:19.728 16010 16010 I RTPS_EDP: 1.f.c0.1e.8a.3e.0.0.1.0.0.0|0.0.1.4 in topic: "Test"
12-12 19:42:19.728 16010 16010 I RTPS_EDP: 0.0.1.4
12-12 19:42:19.728 16010 16010 I RTPS_WRITER: Creating new change
12-12 19:42:19.728 16010 16010 I RTPS_HISTORY: Change 1 added with 264 bytes
12-12 19:42:19.728 16010 16010 I RTPS_WRITER: No reader proxy to add change.
12-12 19:42:19.729 16010 16010 I RTPS_PARTICIPANT: 1.f.c0.1e.8a.3e.0.0.1.0.0.0|0.0.1.c1
12-12 19:42:19.729 16010 16010 I RTPS_PROXY_DATA: ReaderProxyData destructor: 1.f.c0.1e.8a.3e.0.0.1.0.0.0|0.0.1.4
12-12 19:42:24.730 16010 16013 I RTPS_PDP: ResendDiscoveryData Period
12-12 19:42:24.730 16010 16013 I RTPS_PDP: Announcing RTPSParticipant State (new change: 0)
12-12 19:42:24.731 16010 16014 I RTPS_WRITER: Sending relevant changes as DATA/DATA_FRAG messages
12-12 19:42:24.731 16010 16014 I RTPS_WRITER: Sending INFO_TS message
12-12 19:42:24.731 16010 16014 I RTPS_WRITER: endpoint: 0.1.0.c2, destinations: 192.168.1.2:485640076,192.168.1.2:485771148,192.168.1.2:485902220,192.168.1.2:486033292,


12-12 19:42:24.732 16010 16014 I RTPS_WRITER: Finish sending unsent changes
12-12 19:42:29.731 16010 16013 I RTPS_PDP: ResendDiscoveryData Period
12-12 19:42:29.732 16010 16013 I RTPS_PDP: Announcing RTPSParticipant State (new change: 0)
12-12 19:42:29.733 16010 16014 I RTPS_WRITER: Sending relevant changes as DATA/DATA_FRAG messages
12-12 19:42:29.733 16010 16014 I RTPS_WRITER: Sending INFO_TS message
12-12 19:42:29.734 16010 16014 I RTPS_WRITER: endpoint: 0.1.0.c2, destinations: 192.168.1.2:485640076,192.168.1.2:485771148,192.168.1.2:485902220,192.168.1.2:486033292,
12-12 19:42:29.736 16010 16014 I RTPS_WRITER: Finish sending unsent changes


12-12 19:42:30.776 16010 16021 I RTPS_RECV: local locator: 192.168.1.2:18316,remote locator: 192.168.1.2:485771148
12-12 19:42:30.776 16010 16021 I RTPS_MSG_IN: (ID:548406305872) InfoDST message received, processing...
12-12 19:42:30.777 16010 16021 I RTPS_MSG_IN: (ID:548406305872) DST RTPSParticipant is now: 1.f.c0.1e.8a.3e.0.0.1.0.0.0
12-12 19:42:30.777 16010 16021 I RTPS_MSG_IN: (ID:548406305872) Acknack Submsg received, processing...
12-12 19:42:30.778 16010 16021 I RTPS_RECV: local locator: 192.168.1.2:18316,remote locator: 192.168.1.2:485771148
12-12 19:42:30.778 16010 16021 I RTPS_MSG_IN: (ID:548406305872) InfoDST message received, processing...
12-12 19:42:30.778 16010 16021 I RTPS_MSG_IN: (ID:548406305872) DST RTPSParticipant is now: 1.f.c0.1e.8a.3e.0.0.1.0.0.0
12-12 19:42:30.778 16010 16021 I RTPS_MSG_IN: (ID:548406305872) Acknack Submsg received, processing...
12-12 19:42:30.783 16010 16021 I RTPS_RECV: local locator: 192.168.1.2:18316,remote locator: 192.168.1.2:485771148
12-12 19:42:30.784 16010 16021 I RTPS_MSG_IN: (ID:548406305872) InfoDST message received, processing...
12-12 19:42:30.784 16010 16021 I RTPS_MSG_IN: (ID:548406305872) DST RTPSParticipant is now: 1.f.c0.1e.8a.3e.0.0.1.0.0.0
12-12 19:42:30.784 16010 16021 I RTPS_MSG_IN: (ID:548406305872) Acknack Submsg received, processing...
12-12 19:42:31.771 16010 16021 I RTPS_RECV: local locator: 192.168.1.2:18316,remote locator: 192.168.1.2:485771148
12-12 19:42:31.771 16010 16021 I RTPS_MSG_IN: (ID:548406305872) InfoDST message received, processing...
12-12 19:42:31.771 16010 16021 I RTPS_MSG_IN: (ID:548406305872) DST RTPSParticipant is now: 1.f.c0.1e.8a.3e.0.0.1.0.0.0
12-12 19:42:31.771 16010 16021 I RTPS_MSG_IN: (ID:548406305872) Heartbeat Submsg received, processing...
12-12 19:42:32.795 16010 16021 I RTPS_RECV: local locator: 192.168.1.2:18316,remote locator: 192.168.1.2:485771148
12-12 19:42:32.795 16010 16021 I RTPS_MSG_IN: (ID:548406305872) InfoDST message received, processing...
12-12 19:42:32.796 16010 16021 I RTPS_MSG_IN: (ID:548406305872) DST RTPSParticipant is now: 1.f.c0.1e.8a.3e.0.0.1.0.0.0
12-12 19:42:32.796 16010 16021 I RTPS_MSG_IN: (ID:548406305872) Heartbeat Submsg received, processing...
12-12 19:42:33.918 16010 16021 I RTPS_RECV: local locator: 192.168.1.2:18316,remote locator: 192.168.1.2:485771148
12-12 19:42:33.918 16010 16021 I RTPS_MSG_IN: (ID:548406305872) InfoDST message received, processing...
12-12 19:42:33.919 16010 16021 I RTPS_MSG_IN: (ID:548406305872) DST RTPSParticipant is now: 1.f.c0.1e.8a.3e.0.0.1.0.0.0
12-12 19:42:33.919 16010 16021 I RTPS_MSG_IN: (ID:548406305872) Heartbeat Submsg received, processing...
12-12 19:42:34.737 16010 16013 I RTPS_PDP: ResendDiscoveryData Period
12-12 19:42:34.737 16010 16013 I RTPS_PDP: Announcing RTPSParticipant State (new change: 0)
12-12 19:42:34.738 16010 16014 I RTPS_WRITER: Sending relevant changes as DATA/DATA_FRAG messages
12-12 19:42:34.739 16010 16014 I RTPS_WRITER: Sending INFO_TS message
12-12 19:42:34.739 16010 16014 I RTPS_WRITER: endpoint: 0.1.0.c2, destinations: 192.168.1.2:485640076,192.168.1.2:485771148,192.168.1.2:485902220,192.168.1.2:486033292,
12-12 19:42:34.742 16010 16014 I RTPS_WRITER: Finish sending unsent changes


12-12 19:42:34.958 16010 16021 I RTPS_RECV: local locator: 192.168.1.2:18316,remote locator: 192.168.1.2:485771148

12-12 19:42:34.958 16010 16021 I RTPS_MSG_IN: (ID:548406305872) InfoDST message received, processing...
12-12 19:42:34.958 16010 16021 I RTPS_MSG_IN: (ID:548406305872) DST RTPSParticipant is now: 1.f.c0.1e.8a.3e.0.0.1.0.0.0
12-12 19:42:34.959 16010 16021 I RTPS_MSG_IN: (ID:548406305872) Heartbeat Submsg received, processing...
12-12 19:42:34.959 16010 16021 I RTPS_RECV: local locator: 192.168.1.2:18316,remote locator: 192.168.1.2:485771148
12-12 19:42:34.960 16010 16021 I RTPS_MSG_IN: (ID:548406305872) InfoTS Submsg received, processing...
12-12 19:42:34.960 16010 16021 I RTPS_MSG_IN: (ID:548406305872) Data Submsg received, processing. locator: 192.168.1.2:485771148
12-12 19:42:34.960 16010 16021 I RTPS_MSG_IN: (ID:548406305872) from Writer 1.f.6a.d1.5e.12.0.0.1.0.0.0|0.1.0.c2; possible RTPSReaders: 5
12-12 19:42:34.960 16010 16021 I RTPS_MSG_IN: (ID:548406305872) Trying to add change 1 TO reader: 0.1.0.c7
12-12 19:42:34.961 16010 16021 I RTPS_HISTORY: Change 1 added with 144 bytes
12-12 19:42:34.961 16010 16021 I RTPS_PDP: SPDP Message received
12-12 19:42:34.964 16010 16021 I RTPS_PDP: Announcing RTPSParticipant State (new change: 0)
12-12 19:42:34.966 16010 16014 I RTPS_WRITER: Sending relevant changes as DATA/DATA_FRAG messages
12-12 19:42:34.966 16010 16021 I RTPS_PDP: For RTPSParticipant: 1.f.6a.d1.5e.12.0.0.1.0.0.0
12-12 19:42:34.966 16010 16014 I RTPS_WRITER: Sending INFO_TS message
12-12 19:42:34.967 16010 16021 I RTPS_READER: Writer 1.f.6a.d1.5e.12.0.0.1.0.0.0|0.1.0.c2 added to 0.1.0.c7
12-12 19:42:34.967 16010 16014 I RTPS_WRITER: endpoint: 0.1.0.c2, destinations: 192.168.1.2:485640076,192.168.1.2:485771148,192.168.1.2:485902220,192.168.1.2:486033292,
12-12 19:42:34.968 16010 16014 I RTPS_WRITER: Finish sending unsent changes
12-12 19:42:34.969 16010 16021 I RTPS_WRITER: Reader 1.f.6a.d1.5e.12.0.0.1.0.0.0|0.1.0.c7 added to 0.1.0.c2
12-12 19:42:34.969 16010 16021 I RTPS_EDP: New DPD received, adding remote endpoints to our SimpleEDP endpoints
12-12 19:42:34.969 16010 16021 I RTPS_EDP: Adding SEDP Pub Writer to my Pub Reader
12-12 19:42:34.970 16010 16014 I RTPS_WRITER: Sending relevant changes as DATA/DATA_FRAG messages
12-12 19:42:34.970 16010 16014 I RTPS_WRITER: Sending INFO_TS message
12-12 19:42:34.970 16010 16014 I RTPS_WRITER: endpoint: 0.1.0.c2, destinations: 192.168.1.2:485640076,192.168.1.2:485771148,192.168.1.2:485902220,192.168.1.2:486033292,
12-12 19:42:34.970 16010 16021 I RTPS_READER: Writer Proxy created in reader: 0.0.3.c7
12-12 19:42:34.970 16010 16014 I RTPS_WRITER: Finish sending unsent changes
12-12 19:42:34.971 16010 16021 I RTPS_READER: Writer Proxy 1.f.6a.d1.5e.12.0.0.1.0.0.0|0.0.3.c2 added to 0.0.3.c7
12-12 19:42:34.971 16010 16021 I RTPS_EDP: Adding SEDP Pub Reader to my Pub Writer
12-12 19:42:34.972 16010 16021 I RTPS_WRITER: Reader Proxy started
12-12 19:42:34.973 16010 16021 I RTPS_WRITER: 0.0.3.c2 Sending Heartbeat (1 - 0)
12-12 19:42:34.973 16010 16021 I RTPS_WRITER: endpoint: 0.0.3.c2, destinations: 192.168.1.2:485771148,
12-12 19:42:34.973 16010 16021 I RTPS_WRITER: Reader Proxy 1.f.6a.d1.5e.12.0.0.1.0.0.0|0.0.3.c7 added to 0.0.3.c2 with 1(u)-0(m) locators
12-12 19:42:34.973 16010 16021 I RTPS_EDP: Adding SEDP Sub Writer to my Sub Reader
12-12 19:42:34.974 16010 16021 I RTPS_READER: Writer Proxy created in reader: 0.0.4.c7
12-12 19:42:34.975 16010 16021 I RTPS_READER: Writer Proxy 1.f.6a.d1.5e.12.0.0.1.0.0.0|0.0.4.c2 added to 0.0.4.c7
12-12 19:42:34.975 16010 16021 I RTPS_EDP: Adding SEDP Sub Reader to my Sub Writer
12-12 19:42:34.976 16010 16021 I RTPS_WRITER: Reader Proxy started
12-12 19:42:34.977 16010 16021 I RTPS_WRITER: 0.0.4.c2 Sending Heartbeat (1 - 1)
12-12 19:42:34.977 16010 16021 I RTPS_WRITER: endpoint: 0.0.4.c2, destinations: 192.168.1.2:485771148,
12-12 19:42:34.978 16010 16021 I RTPS_WRITER: Reader Proxy 1.f.6a.d1.5e.12.0.0.1.0.0.0|0.0.4.c7 added to 0.0.4.c2 with 1(u)-0(m) locators
12-12 19:42:34.978 16010 16021 I RTPS_LIVELINESS: Adding remote writer to my local Builtin Reader
12-12 19:42:34.979 16010 16021 I RTPS_READER: Writer Proxy created in reader: 0.2.0.c7
12-12 19:42:34.979 16010 16021 I RTPS_READER: Writer Proxy 1.f.6a.d1.5e.12.0.0.1.0.0.0|0.2.0.c2 added to 0.2.0.c7
12-12 19:42:34.980 16010 16021 I RTPS_LIVELINESS: Adding remote reader to my local Builtin Writer
12-12 19:42:34.980 16010 16021 I RTPS_WRITER: Reader Proxy started
12-12 19:42:34.981 16010 16021 I RTPS_WRITER: 0.2.0.c2 Sending Heartbeat (1 - 0)
12-12 19:42:34.981 16010 16021 I RTPS_WRITER: endpoint: 0.2.0.c2, destinations: 192.168.1.2:485771148,
12-12 19:42:34.982 16010 16021 I RTPS_WRITER: Reader Proxy 1.f.6a.d1.5e.12.0.0.1.0.0.0|0.2.0.c7 added to 0.2.0.c2 with 1(u)-0(m) locators
12-12 19:42:34.982 16010 16021 I RTPS_PARTICIPANT: 1.f.6a.d1.5e.12.0.0.1.0.0.0|0.0.1.c1
12-12 19:42:34.982 16010 16021 I RTPS_HISTORY: Removing change 1
12-12 19:42:34.983 16010 16021 I RTPS_MSG_IN: (ID:548406305872) Sub Message DATA processed
12-12 19:42:35.042 16010 16013 I RTPS_READER: Sending ACKNACK: 0:
12-12 19:42:35.043 16010 16013 I RTPS_WRITER: endpoint: 0.0.3.c7, destinations: 192.168.1.2:485771148,
12-12 19:42:35.046 16010 16013 I RTPS_READER: Sending ACKNACK: 0:
12-12 19:42:35.046 16010 16013 I RTPS_WRITER: endpoint: 0.0.4.c7, destinations: 192.168.1.2:485771148,
12-12 19:42:35.051 16010 16013 I RTPS_READER: Sending ACKNACK: 0:
12-12 19:42:35.051 16010 16013 I RTPS_WRITER: endpoint: 0.2.0.c7, destinations: 192.168.1.2:485771148,
12-12 19:42:35.413 16010 16021 I RTPS_RECV: local locator: 192.168.1.2:18316,remote locator: 192.168.1.2:485771148
12-12 19:42:35.413 16010 16021 I RTPS_MSG_IN: (ID:548406305872) InfoDST message received, processing...
12-12 19:42:35.413 16010 16021 I RTPS_MSG_IN: (ID:548406305872) DST RTPSParticipant is now: 1.f.c0.1e.8a.3e.0.0.1.0.0.0
12-12 19:42:35.413 16010 16021 I RTPS_MSG_IN: (ID:548406305872) Acknack Submsg received, processing...
12-12 19:42:35.415 16010 16021 I RTPS_RECV: local locator: 192.168.1.2:18316,remote locator: 192.168.1.2:485771148
12-12 19:42:35.415 16010 16021 I RTPS_MSG_IN: (ID:548406305872) InfoDST message received, processing...
12-12 19:42:35.415 16010 16021 I RTPS_MSG_IN: (ID:548406305872) DST RTPSParticipant is now: 1.f.c0.1e.8a.3e.0.0.1.0.0.0
12-12 19:42:35.415 16010 16021 I RTPS_MSG_IN: (ID:548406305872) Acknack Submsg received, processing...
12-12 19:42:35.417 16010 16021 I RTPS_RECV: local locator: 192.168.1.2:18316,remote locator: 192.168.1.2:485771148
12-12 19:42:35.417 16010 16021 I RTPS_MSG_IN: (ID:548406305872) InfoDST message received, processing...
12-12 19:42:35.417 16010 16021 I RTPS_MSG_IN: (ID:548406305872) DST RTPSParticipant is now: 1.f.c0.1e.8a.3e.0.0.1.0.0.0
12-12 19:42:35.417 16010 16021 I RTPS_MSG_IN: (ID:548406305872) Acknack Submsg received, processing...
12-12 19:42:35.418 16010 16021 I RTPS_WRITER: Requested Changes: 1:1-
12-12 19:42:35.446 16010 16021 I RTPS_RECV: local locator: 192.168.1.2:18316,remote locator: 192.168.1.2:485771148
12-12 19:42:35.446 16010 16021 I RTPS_MSG_IN: (ID:548406305872) InfoDST message received, processing...
12-12 19:42:35.446 16010 16021 I RTPS_MSG_IN: (ID:548406305872) DST RTPSParticipant is now: 1.f.c0.1e.8a.3e.0.0.1.0.0.0
12-12 19:42:35.447 16010 16021 I RTPS_MSG_IN: (ID:548406305872) Heartbeat Submsg received, processing...
12-12 19:42:35.447 16010 16021 I RTPS_READER: 0.0.3.c2: up to seqNum: 1
12-12 19:42:35.447 16010 16021 I RTPS_READER: 0.0.3.c2: changes up to seqNum: 1 missing.
12-12 19:42:35.448 16010 16021 I RTPS_RECV: local locator: 192.168.1.2:18316,remote locator: 192.168.1.2:485771148
12-12 19:42:35.449 16010 16021 I RTPS_MSG_IN: (ID:548406305872) InfoDST message received, processing...
12-12 19:42:35.449 16010 16021 I RTPS_MSG_IN: (ID:548406305872) DST RTPSParticipant is now: 1.f.c0.1e.8a.3e.0.0.1.0.0.0
12-12 19:42:35.449 16010 16021 I RTPS_MSG_IN: (ID:548406305872) Heartbeat Submsg received, processing...
12-12 19:42:35.449 16010 16021 I RTPS_READER: 0.0.4.c2: up to seqNum: 1
12-12 19:42:35.450 16010 16021 I RTPS_READER: 0.0.4.c2: changes up to seqNum: 0 missing.
12-12 19:42:35.451 16010 16021 I RTPS_RECV: local locator: 192.168.1.2:18316,remote locator: 192.168.1.2:485771148
12-12 19:42:35.451 16010 16021 I RTPS_MSG_IN: (ID:548406305872) InfoDST message received, processing...
12-12 19:42:35.451 16010 16021 I RTPS_MSG_IN: (ID:548406305872) DST RTPSParticipant is now: 1.f.c0.1e.8a.3e.0.0.1.0.0.0
12-12 19:42:35.451 16010 16021 I RTPS_MSG_IN: (ID:548406305872) Heartbeat Submsg received, processing...
12-12 19:42:35.452 16010 16021 I RTPS_READER: 0.2.0.c2: up to seqNum: 1
12-12 19:42:35.452 16010 16021 I RTPS_READER: 0.2.0.c2: changes up to seqNum: 0 missing.
12-12 19:42:35.458 16010 16013 I RTPS_READER:
12-12 19:42:35.458 16010 16013 I RTPS_READER: Sending ACKNACK: 1:
12-12 19:42:35.459 16010 16013 I RTPS_WRITER: endpoint: 0.2.0.c7, destinations: 192.168.1.2:485771148,
12-12 19:42:35.459 16010 16013 I RTPS_READER:
12-12 19:42:35.460 16010 16013 I RTPS_READER: Sending ACKNACK: 1:1-
12-12 19:42:35.460 16010 16013 I RTPS_WRITER: endpoint: 0.0.3.c7, destinations: 192.168.1.2:485771148,
12-12 19:42:35.462 16010 16013 I RTPS_READER:
12-12 19:42:35.462 16010 16013 I RTPS_READER: Sending ACKNACK: 1:
12-12 19:42:35.462 16010 16013 I RTPS_WRITER: endpoint: 0.0.4.c7, destinations: 192.168.1.2:485771148,
12-12 19:42:35.511 16010 16013 I RTPS_WRITER: Responding to Acknack messages
12-12 19:42:35.512 16010 16014 I RTPS_WRITER: Sending relevant changes as DATA/DATA_FRAG messages
12-12 19:42:35.512 16010 16014 I RTPS_WRITER: Sending INFO_TS message
12-12 19:42:35.513 16010 16014 I RTPS_WRITER: endpoint: 0.0.4.c2, destinations: 192.168.1.2:485771148,
12-12 19:42:35.513 16010 16014 I RTPS_WRITER: Finish sending unsent changes
12-12 19:42:35.525 16010 16013 I RTPS_WRITER: Changing underway to unacked for Reader: 1.f.6a.d1.5e.12.0.0.1.0.0.0|0.0.4.c7


12-12 19:42:35.978 16010 16013 I RTPS_WRITER: 0.0.4.c2 Sending Heartbeat (1 - 1)
12-12 19:42:35.978 16010 16013 I RTPS_WRITER: endpoint: 0.0.4.c2, destinations: 192.168.1.2:485771148,
12-12 19:42:36.180 16010 16021 I RTPS_RECV: local locator: 192.168.1.2:18316,remote locator: 192.168.1.2:485771148
12-12 19:42:36.180 16010 16021 I RTPS_MSG_IN: (ID:548406305872) InfoDST message received, processing...
12-12 19:42:36.180 16010 16021 I RTPS_MSG_IN: (ID:548406305872) DST RTPSParticipant is now: 1.f.c0.1e.8a.3e.0.0.1.0.0.0
12-12 19:42:36.180 16010 16021 I RTPS_MSG_IN: (ID:548406305872) Heartbeat Submsg received, processing...
12-12 19:42:36.180 16010 16021 I RTPS_READER: 0.0.3.c2: up to seqNum: 1
12-12 19:42:36.180 16010 16021 I RTPS_READER: 0.0.3.c2: changes up to seqNum: 1 missing.
12-12 19:42:36.192 16010 16013 I RTPS_READER:
12-12 19:42:36.192 16010 16013 I RTPS_READER: Sending ACKNACK: 1:1-
12-12 19:42:36.192 16010 16013 I RTPS_WRITER: endpoint: 0.0.3.c7, destinations: 192.168.1.2:485771148,
12-12 19:42:36.295 16010 16021 I RTPS_RECV: local locator: 192.168.1.2:18316,remote locator: 192.168.1.2:485771148
12-12 19:42:36.295 16010 16021 I RTPS_MSG_IN: (ID:548406305872) InfoDST message received, processing...
12-12 19:42:36.296 16010 16021 I RTPS_MSG_IN: (ID:548406305872) DST RTPSParticipant is now: 1.f.c0.1e.8a.3e.0.0.1.0.0.0
12-12 19:42:36.296 16010 16021 I RTPS_MSG_IN: (ID:548406305872) Acknack Submsg received, processing...
12-12 19:42:36.324 16010 16021 I RTPS_RECV: local locator: 192.168.1.2:18316,remote locator: 192.168.1.2:485771148
12-12 19:42:36.325 16010 16021 I RTPS_MSG_IN: (ID:548406305872) InfoDST message received, processing...
12-12 19:42:36.325 16010 16021 I RTPS_MSG_IN: (ID:548406305872) DST RTPSParticipant is now: 1.f.c0.1e.8a.3e.0.0.1.0.0.0
12-12 19:42:36.325 16010 16021 I RTPS_MSG_IN: (ID:548406305872) InfoTS Submsg received, processing...
12-12 19:42:36.325 16010 16021 I RTPS_MSG_IN: (ID:548406305872) Data Submsg received, processing. locator: 192.168.1.2:485771148
12-12 19:42:36.326 16010 16021 I RTPS_MSG_IN: (ID:548406305872) from Writer 1.f.6a.d1.5e.12.0.0.1.0.0.0|0.0.3.c2; possible RTPSReaders: 5
12-12 19:42:36.326 16010 16021 I RTPS_MSG_IN: (ID:548406305872) Trying to add change 1 TO reader: 0.0.3.c7
12-12 19:42:36.326 16010 16021 I RTPS_HISTORY: Change 1 added with 272 bytes
12-12 19:42:36.326 16010 16021 I RTPS_READER: 0.0.3.c2: seqNum: 1
12-12 19:42:36.327 16010 16021 I RTPS_EDP:
12-12 19:42:36.327 16010 16021 I RTPS_PDP: Adding writer proxy data 1.f.6a.d1.5e.12.0.0.1.0.0.0|0.0.1.3
12-12 19:42:36.328 16010 16021 I RTPS_EDP: 1.f.6a.d1.5e.12.0.0.1.0.0.0|0.0.1.3 in topic: "Test"
12-12 19:42:36.329 16010 16021 I RTPS_READER: Writer 1.f.6a.d1.5e.12.0.0.1.0.0.0|0.0.1.3 added to 0.0.1.4
12-12 19:42:36.330 16010 16021 I RTPS_EDP: Valid Matching to local reader: 0.0.1.4
12-12 19:42:36.331 16010 16021 I RTPS_PROXY_DATA: ReaderProxyData destructor: 1.f.c0.1e.8a.3e.0.0.1.0.0.0|0.0.1.4
12-12 19:42:36.331 16010 16021 I RTPS_PARTICIPANT: 1.f.c0.1e.8a.3e.0.0.1.0.0.0|0.0.1.c1
12-12 19:42:36.332 16010 16021 I RTPS_PARTICIPANT: 1.f.6a.d1.5e.12.0.0.1.0.0.0|0.0.1.c1
12-12 19:42:36.332 16010 16021 I RTPS_PROXY_DATA: 1.f.6a.d1.5e.12.0.0.1.0.0.0|0.0.1.3
12-12 19:42:36.332 16010 16021 I RTPS_HISTORY: Removing change 1
12-12 19:42:36.333 16010 16021 I RTPS_READER: 0.0.3.c7 FINDS writerProxy 1.f.6a.d1.5e.12.0.0.1.0.0.0|0.0.3.c2 from 1
12-12 19:42:36.333 16010 16021 I RTPS_MSG_IN: (ID:548406305872) Sub Message DATA processed
12-12 19:42:36.343 16010 16021 I RTPS_RECV: local locator: 192.168.1.2:18316,remote locator: 192.168.1.2:485836684
12-12 19:42:36.343 16010 16021 I RTPS_MSG_IN: (ID:548406305872) InfoDST message received, processing...
12-12 19:42:36.344 16010 16021 I RTPS_MSG_IN: (ID:548406305872) DST RTPSParticipant is now: 1.f.c0.1e.8a.3e.0.0.1.0.0.0
12-12 19:42:36.344 16010 16021 I RTPS_MSG_IN: (ID:548406305872) InfoTS Submsg received, processing...
12-12 19:42:36.344 16010 16021 I RTPS_MSG_IN: (ID:548406305872) Data Submsg received, processing. locator: 192.168.1.2:485836684
12-12 19:42:36.344 16010 16021 I RTPS_MSG_IN: (ID:548406305872) from Writer 1.f.6a.d1.5e.12.0.0.1.0.0.0|0.0.1.3; possible RTPSReaders: 5
12-12 19:42:36.344 16010 16021 I RTPS_MSG_IN: (ID:548406305872) Trying to add change 1 TO reader: 0.0.1.4
12-12 19:42:36.345 16010 16021 I RTPS_HISTORY: Change 1 added with 12 bytes
12-12 19:42:36.345 16010 16021 I RTPS_HISTORY: Removing change 1
12-12 19:42:36.345 16010 16021 I RTPS_MSG_IN: (ID:548406305872) Sub Message DATA processed
12-12 19:42:36.350 16010 16021 I RTPS_RECV: local locator: 192.168.1.2:18316,remote locator: 192.168.1.2:485771148
12-12 19:42:36.351 16010 16021 I RTPS_MSG_IN: (ID:548406305872) InfoDST message received, processing...
12-12 19:42:36.351 16010 16021 I RTPS_MSG_IN: (ID:548406305872) DST RTPSParticipant is now: 1.f.c0.1e.8a.3e.0.0.1.0.0.0
12-12 19:42:36.351 16010 16021 I RTPS_MSG_IN: (ID:548406305872) InfoTS Submsg received, processing...
12-12 19:42:36.351 16010 16021 I RTPS_MSG_IN: (ID:548406305872) Data Submsg received, processing. locator: 192.168.1.2:485771148
12-12 19:42:36.351 16010 16021 I RTPS_MSG_IN: (ID:548406305872) from Writer 1.f.6a.d1.5e.12.0.0.1.0.0.0|0.0.3.c2; possible RTPSReaders: 5
12-12 19:42:36.352 16010 16021 I RTPS_MSG_IN: (ID:548406305872) Trying to add change 2 TO reader: 0.0.3.c7
12-12 19:42:36.352 16010 16021 I RTPS_HISTORY: Change 2 added with 0 bytes
12-12 19:42:36.352 16010 16021 I RTPS_READER: 0.0.3.c2: seqNum: 2
12-12 19:42:36.352 16010 16021 I RTPS_EDP:
12-12 19:42:36.352 16010 16021 I RTPS_EDP: Disposed Remote Writer, removing...
12-12 19:42:36.352 16010 16021 I RTPS_PDP: Removing writer proxy data 1.f.6a.d1.5e.12.0.0.1.0.0.0|0.0.1.3
12-12 19:42:36.366 16010 16021 I RTPS_EDP: 1.f.6a.d1.5e.12.0.0.1.0.0.0|0.0.1.3
12-12 19:42:36.366 16010 16021 I RTPS_READER: Writer 1.f.6a.d1.5e.12.0.0.1.0.0.0|0.0.1.3 removed from 0.0.1.4
12-12 19:42:36.366 16010 16021 I RTPS_PROXY_DATA: 1.f.6a.d1.5e.12.0.0.1.0.0.0|0.0.1.3
12-12 19:42:36.366 16010 16021 I RTPS_HISTORY: Removing change 2
12-12 19:42:36.366 16010 16021 I RTPS_READER: 0.0.3.c7 FINDS writerProxy 1.f.6a.d1.5e.12.0.0.1.0.0.0|0.0.3.c2 from 1
12-12 19:42:36.367 16010 16021 I RTPS_MSG_IN: (ID:548406305872) Sub Message DATA processed
12-12 19:42:36.367 16010 16021 I RTPS_RECV: local locator: 192.168.1.2:18316,remote locator: 192.168.1.2:485771148
12-12 19:42:36.367 16010 16021 I RTPS_MSG_IN: (ID:548406305872) InfoTS Submsg received, processing...
12-12 19:42:36.367 16010 16021 I RTPS_MSG_IN: (ID:548406305872) Data Submsg received, processing. locator: 192.168.1.2:485771148
12-12 19:42:36.367 16010 16021 I RTPS_MSG_IN: (ID:548406305872) from Writer 1.f.6a.d1.5e.12.0.0.1.0.0.0|0.1.0.c2; possible RTPSReaders: 5
12-12 19:42:36.368 16010 16021 I RTPS_MSG_IN: (ID:548406305872) Trying to add change 2 TO reader: 0.1.0.c7
12-12 19:42:36.368 16010 16021 I RTPS_HISTORY: Change 2 added with 0 bytes
12-12 19:42:36.368 16010 16021 I RTPS_PDP: SPDP Message received
12-12 19:42:36.368 16010 16021 I RTPS_PDP: 1.f.6a.d1.5e.12.0.0.1.0.0.0|0.0.1.c1
12-12 19:42:36.368 16010 16021 I RTPS_PDP: 1.f.6a.d1.5e.12.0.0.1.0.0.0|0.0.1.c1
12-12 19:42:36.368 16010 16021 I RTPS_LIVELINESS: for RTPSParticipant: 1.f.6a.d1.5e.12.0.0.1.0.0.0|0.0.1.c1
12-12 19:42:36.368 16010 16021 I RTPS_LIVELINESS: Removing remote writer from my local Builtin Reader
12-12 19:42:36.369 16010 16021 I RTPS_READER: Writer Proxy removed: 1.f.6a.d1.5e.12.0.0.1.0.0.0|0.2.0.c2
12-12 19:42:36.369 16010 16021 I RTPS_WRITER: Destroying InitialAckNack
12-12 19:42:36.369 16010 16021 I RTPS_LIVELINESS: Removing remote reader from my local Builtin Writer
12-12 19:42:36.369 16010 16021 I RTPS_WRITER: Reader Proxy removed: 1.f.6a.d1.5e.12.0.0.1.0.0.0|0.2.0.c7
12-12 19:42:36.369 16010 16021 I RTPS_EDP: For RTPSParticipant: 1.f.6a.d1.5e.12.0.0.1.0.0.0|0.0.1.c1
12-12 19:42:36.369 16010 16021 I RTPS_READER: Writer Proxy removed: 1.f.6a.d1.5e.12.0.0.1.0.0.0|0.0.3.c2
12-12 19:42:36.370 16010 16021 I RTPS_WRITER: Destroying InitialAckNack
12-12 19:42:36.370 16010 16021 I RTPS_WRITER: Reader Proxy removed: 1.f.6a.d1.5e.12.0.0.1.0.0.0|0.0.3.c7
12-12 19:42:36.370 16010 16021 I RTPS_EDP: Adding SEDP Sub Writer to my Sub Reader
12-12 19:42:36.370 16010 16021 I RTPS_READER: Writer Proxy removed: 1.f.6a.d1.5e.12.0.0.1.0.0.0|0.0.4.c2
12-12 19:42:36.370 16010 16021 I RTPS_WRITER: Destroying InitialAckNack
12-12 19:42:36.370 16010 16021 I RTPS_EDP: Adding SEDP Sub Reader to my Sub Writer
12-12 19:42:36.371 16010 16021 I RTPS_WRITER: Reader Proxy removed: 1.f.6a.d1.5e.12.0.0.1.0.0.0|0.0.4.c7
12-12 19:42:36.371 16010 16021 I RTPS_WRITER: Aborted
12-12 19:42:36.371 16010 16021 I RTPS_PDP: For RTPSParticipant: 1.f.6a.d1.5e.12.0.0.1.0.0.0|0.0.1.c1
12-12 19:42:36.371 16010 16021 I RTPS_READER: Writer 1.f.6a.d1.5e.12.0.0.1.0.0.0|0.1.0.c2 removed from 0.1.0.c7
12-12 19:42:36.372 16010 16021 I RTPS_HISTORY: Removing change 2
12-12 19:42:36.372 16010 16021 I RTPS_PARTICIPANT: 1.f.6a.d1.5e.12.0.0.1.0.0.0|0.0.1.c1
12-12 19:42:36.372 16010 16021 I RTPS_PARTICIPANT: 1.f.6a.d1.5e.12.0.0.1.0.0.0|0.0.1.c1


12-12 19:42:36.372 16010 16021 I RTPS_MSG_IN: (ID:548406305872) Sub Message DATA processed
12-12 19:42:39.741 16010 16013 I RTPS_PDP: ResendDiscoveryData Period
12-12 19:42:39.741 16010 16013 I RTPS_PDP: Announcing RTPSParticipant State (new change: 0)
12-12 19:42:39.743 16010 16014 I RTPS_WRITER: Sending relevant changes as DATA/DATA_FRAG messages
12-12 19:42:39.743 16010 16014 I RTPS_WRITER: Sending INFO_TS message
12-12 19:42:39.743 16010 16014 I RTPS_WRITER: endpoint: 0.1.0.c2, destinations: 192.168.1.2:485640076,192.168.1.2:485771148,192.168.1.2:485902220,192.168.1.2:486033292,
12-12 19:42:39.744 16010 16014 I RTPS_WRITER: Finish sending unsent changes
12-12 19:42:44.745 16010 16013 I RTPS_PDP: ResendDiscoveryData Period
12-12 19:42:44.745 16010 16013 I RTPS_PDP: Announcing RTPSParticipant State (new change: 0)
12-12 19:42:44.746 16010 16014 I RTPS_WRITER: Sending relevant changes as DATA/DATA_FRAG messages
12-12 19:42:44.746 16010 16014 I RTPS_WRITER: Sending INFO_TS message
12-12 19:42:44.747 16010 16014 I RTPS_WRITER: endpoint: 0.1.0.c2, destinations: 192.168.1.2:485640076,192.168.1.2:485771148,192.168.1.2:485902220,192.168.1.2:486033292,
12-12 19:42:44.747 16010 16014 I RTPS_WRITER: Finish sending unsent changes
