12-05 17:38:22.631   894   894 I MSM-irqbalance: Decided to move IRQ5 from CPU3 [P:0] to CPU7 [P:1] (banned)
12-05 17:38:22.632   894   894 I MSM-irqbalance: Decided to move IRQ3 from CPU3 [P:0] to CPU4 [P:1] (banned)
12-05 17:38:25.811  1667  5696 E LocSvc_libulp: I/int ulp_msg_process_system_update(const UlpSystemEvent): systemEvent:5 
12-05 17:38:25.812  1667  5696 E LocSvc_libulp: I/===> int ulp_brain_turn_onoff_dr_provider() line 848 
12-05 17:38:25.812  1667  5696 E LocSvc_libulp: I/===> int ulp_dr_stop_engine() line 235 
12-05 17:38:25.812  1667  2091 E LocSvc_api_v02: I/---> locClientSendReq line 2069 QMI_LOC_GET_BEST_AVAILABLE_POSITION_REQ_V02
12-05 17:38:25.812  1667  5696 E LocSvc_libulp: I/int ulp_msg_process_start_req(), at ulp state = 1
12-05 17:38:25.816  1667  2105 E LocSvc_ApiV02: I/<--- void globalRespCb(locClientHandleType, uint32_t, const locClientRespIndUnionType, uint32_t, void *) line 140 QMI_LOC_GET_BEST_AVAILABLE_POSITION_REQ_V02
12-05 17:38:25.817  1667  5696 E LocSvc_libulp: I/int ulp_brain_process_zpp_position_report(const enum loc_sess_status, LocPosTechMask, UlpLocation *), report ZPP position to providers,report_position = 1
12-05 17:38:25.817  1667  5696 E LocSvc_libulp: I/===> int ulp_brain_turn_onoff_dr_provider() line 848 
12-05 17:38:25.817  1667  5696 E LocSvc_libulp: I/===> int ulp_dr_stop_engine() line 235 
12-05 17:38:25.817  1929  1929 D KeyguardUpdateMonitor: received broadcast android.intent.action.BATTERY_CHANGED
12-05 17:38:25.817  2119  2250 W QCNEJ   : |CORE| CNE received unexpected action: android.intent.action.BATTERY_CHANGED
12-05 17:38:25.819  2870  2870 I BatteryInfoReceiver: ACTION_BATTERY_CHANGED
12-05 17:38:25.821  3741  3992 D PowerCheckerService: onBatteryChanged, mBatteryLevel = 100, status = 2, level = 100, plug = 2
12-05 17:38:25.824  3741  3998 D ThermalTempInfoHelper: thermal sensor1 temp is 29
12-05 17:38:25.827  3741  3998 D ThermalTempInfoHelper: thermal sensor1 temp is 29
12-05 17:38:27.695   894   894 I MSM-irqbalance: Decided to move IRQ3 from CPU0 [P:0] to CPU6 [P:1] (banned)
12-05 17:38:27.697   894   894 I MSM-irqbalance: Decided to move IRQ5 from CPU0 [P:0] to CPU5 [P:1] (banned)
12-05 17:38:27.697   894   894 I MSM-irqbalance: Decided to move IRQ5 from CPU1 [P:0] to CPU7 [P:1] (banned)
12-05 17:38:27.698   894   894 I MSM-irqbalance: Decided to move IRQ3 from CPU1 [P:0] to CPU4 [P:1] (banned)
12-05 17:38:27.699   894   894 I MSM-irqbalance: Decided to move IRQ5 from CPU2 [P:0] to CPU6 [P:1] (banned)
12-05 17:38:27.700   894   894 I MSM-irqbalance: Decided to move IRQ3 from CPU2 [P:0] to CPU5 [P:1] (banned)
12-05 17:38:27.700   894   894 I MSM-irqbalance: Decided to move IRQ3 from CPU3 [P:0] to CPU7 [P:1] (banned)
12-05 17:38:27.701   894   894 I MSM-irqbalance: Decided to move IRQ5 from CPU3 [P:0] to CPU4 [P:1] (banned)
12-05 17:38:32.705   894   894 I MSM-irqbalance: Decided to move IRQ5 from CPU0 [P:0] to CPU6 [P:1] (banned)
12-05 17:38:32.707   894   894 I MSM-irqbalance: Decided to move IRQ3 from CPU0 [P:0] to CPU5 [P:1] (banned)
12-05 17:38:32.707   894   894 I MSM-irqbalance: Decided to move IRQ5 from CPU1 [P:0] to CPU7 [P:1] (banned)
12-05 17:38:32.708   894   894 I MSM-irqbalance: Decided to move IRQ3 from CPU1 [P:0] to CPU4 [P:1] (banned)
12-05 17:38:32.709   894   894 I MSM-irqbalance: Decided to move IRQ5 from CPU3 [P:0] to CPU6 [P:1] (banned)
12-05 17:38:32.710   894   894 I MSM-irqbalance: Decided to move IRQ3 from CPU3 [P:0] to CPU5 [P:1] (banned)
12-05 17:38:32.711   894   894 I MSM-irqbalance: Decided to move IRQ5 from CPU2 [P:0] to CPU7 [P:1] (banned)
12-05 17:38:32.712   894   894 I MSM-irqbalance: Decided to move IRQ3 from CPU2 [P:0] to CPU4 [P:1] (banned)
12-05 17:38:35.055  1929  2391 D NetworkController.MobileSignalController(1): 4G level = 5
12-05 17:38:37.725   894   894 I MSM-irqbalance: Decided to move IRQ5 from CPU0 [P:0] to CPU6 [P:1] (banned)
12-05 17:38:37.728   894   894 I MSM-irqbalance: Decided to move IRQ3 from CPU0 [P:0] to CPU5 [P:1] (banned)
12-05 17:38:37.729   894   894 I MSM-irqbalance: Decided to move IRQ5 from CPU1 [P:0] to CPU7 [P:1] (banned)
12-05 17:38:37.730   894   894 I MSM-irqbalance: Decided to move IRQ3 from CPU1 [P:0] to CPU4 [P:1] (banned)
12-05 17:38:37.731   894   894 I MSM-irqbalance: Decided to move IRQ5 from CPU3 [P:0] to CPU6 [P:1] (banned)
12-05 17:38:37.732   894   894 I MSM-irqbalance: Decided to move IRQ3 from CPU3 [P:0] to CPU5 [P:1] (banned)
12-05 17:38:37.733   894   894 I MSM-irqbalance: Decided to move IRQ3 from CPU2 [P:0] to CPU7 [P:1] (banned)
12-05 17:38:37.734   894   894 I MSM-irqbalance: Decided to move IRQ5 from CPU2 [P:0] to CPU4 [P:1] (banned)
12-05 17:38:41.678 17810 17833 I RTPS_PDP: ResendDiscoveryData Period
12-05 17:38:41.678 17810 17833 I RTPS_PDP: Announcing RTPSParticipant State (new change: 0)
12-05 17:38:41.679 17810 17837 I RTPS_WRITER: Sending relevant changes as DATA/DATA_FRAG messages
12-05 17:38:41.679 17810 17837 I RTPS_WRITER: Sending INFO_TS message
12-05 17:38:41.680 17810 17837 I RTPS_MSG_OUT: UDPTransport: 228 bytes TO endpoint: 127.0.0.1:7410 FROM 0.0.0.0:38556
12-05 17:38:41.680 17810 17837 I RTPS_MSG_OUT: UDPTransport: 228 bytes TO endpoint: 127.0.0.1:7412 FROM 0.0.0.0:38556
12-05 17:38:41.681 17810 17837 I RTPS_MSG_OUT: UDPTransport: 228 bytes TO endpoint: 127.0.0.1:7414 FROM 0.0.0.0:38556
12-05 17:38:41.681 17810 17835 I RTPS_MSG_IN: (ID:547425260624) InfoTS Submsg received, processing...
12-05 17:38:41.681 17810 17835 I RTPS_MSG_IN: (ID:547425260624) Data Submsg received, processing.
12-05 17:38:41.681 17810 17835 I RTPS_MSG_IN: (ID:547425260624) from Writer 1.f.7f.1.92.45.0.0.1.0.0.0|0.1.0.c2; possible RTPSReaders: 4
12-05 17:38:41.681 17810 17837 I RTPS_MSG_OUT: UDPTransport: 228 bytes TO endpoint: 127.0.0.1:7416 FROM 0.0.0.0:38556
12-05 17:38:41.681 17810 17835 I RTPS_MSG_IN: (ID:547425260624) Trying to add change 1 TO reader: 0.1.0.c7
12-05 17:38:41.681 17810 17837 I RTPS_WRITER: Finish sending unsent changes
12-05 17:38:41.682 17810 17835 I RTPS_MSG_IN: (ID:547425260624) MessageReceiver not add change 1
12-05 17:38:41.682 17810 17835 I RTPS_LIVELINESS: RTPSParticipant 1.f.7f.1.92.45.0.0.1.0.0.0|0.0.1.c1 is Alive
12-05 17:38:41.683 17810 17835 I RTPS_MSG_IN: (ID:547425260624) Sub Message DATA processed
12-05 17:38:42.745   894   894 I MSM-irqbalance: Decided to move IRQ5 from CPU1 [P:0] to CPU6 [P:1] (banned)
12-05 17:38:42.747   894   894 I MSM-irqbalance: Decided to move IRQ3 from CPU1 [P:0] to CPU5 [P:1] (banned)
12-05 17:38:42.748   894   894 I MSM-irqbalance: Decided to move IRQ5 from CPU0 [P:0] to CPU7 [P:1] (banned)
12-05 17:38:42.749   894   894 I MSM-irqbalance: Decided to move IRQ3 from CPU0 [P:0] to CPU4 [P:1] (banned)
12-05 17:38:42.750   894   894 I MSM-irqbalance: Decided to move IRQ5 from CPU3 [P:0] to CPU6 [P:1] (banned)
12-05 17:38:42.751   894   894 I MSM-irqbalance: Decided to move IRQ3 from CPU3 [P:0] to CPU5 [P:1] (banned)
12-05 17:38:42.751   894   894 I MSM-irqbalance: Decided to move IRQ5 from CPU2 [P:0] to CPU7 [P:1] (banned)
12-05 17:38:42.752   894   894 I MSM-irqbalance: Decided to move IRQ3 from CPU2 [P:0] to CPU4 [P:1] (banned)
12-05 17:38:47.765   894   894 I MSM-irqbalance: Decided to move IRQ5 from CPU1 [P:0] to CPU6 [P:1] (banned)
12-05 17:38:47.767   894   894 I MSM-irqbalance: Decided to move IRQ3 from CPU1 [P:0] to CPU5 [P:1] (banned)
12-05 17:38:47.768   894   894 I MSM-irqbalance: Decided to move IRQ5 from CPU0 [P:0] to CPU7 [P:1] (banned)
12-05 17:38:47.769   894   894 I MSM-irqbalance: Decided to move IRQ3 from CPU0 [P:0] to CPU4 [P:1] (banned)
12-05 17:38:47.770   894   894 I MSM-irqbalance: Decided to move IRQ5 from CPU3 [P:0] to CPU6 [P:1] (banned)
12-05 17:38:47.771   894   894 I MSM-irqbalance: Decided to move IRQ3 from CPU3 [P:0] to CPU5 [P:1] (banned)
12-05 17:38:47.772   894   894 I MSM-irqbalance: Decided to move IRQ3 from CPU2 [P:0] to CPU7 [P:1] (banned)
12-05 17:38:47.773   894   894 I MSM-irqbalance: Decided to move IRQ5 from CPU2 [P:0] to CPU4 [P:1] (banned)
12-05 17:38:52.787   894   894 I MSM-irqbalance: Decided to move IRQ5 from CPU1 [P:0] to CPU6 [P:1] (banned)
12-05 17:38:52.788   894   894 I MSM-irqbalance: Decided to move IRQ3 from CPU1 [P:0] to CPU5 [P:1] (banned)
12-05 17:38:52.789   894   894 I MSM-irqbalance: Decided to move IRQ5 from CPU0 [P:0] to CPU7 [P:1] (banned)
12-05 17:38:52.789   894   894 I MSM-irqbalance: Decided to move IRQ3 from CPU0 [P:0] to CPU4 [P:1] (banned)
12-05 17:38:52.790   894   894 I MSM-irqbalance: Decided to move IRQ5 from CPU2 [P:0] to CPU6 [P:1] (banned)
12-05 17:38:52.791   894   894 I MSM-irqbalance: Decided to move IRQ3 from CPU2 [P:0] to CPU5 [P:1] (banned)
12-05 17:38:52.791   894   894 I MSM-irqbalance: Decided to move IRQ5 from CPU3 [P:0] to CPU7 [P:1] (banned)
12-05 17:38:52.792   894   894 I MSM-irqbalance: Decided to move IRQ3 from CPU3 [P:0] to CPU4 [P:1] (banned)
12-05 17:38:55.542  1929  2391 D NetworkController.MobileSignalController(1): 4G level = 5
12-05 17:38:57.795   894   894 I MSM-irqbalance: Decided to move IRQ5 from CPU0 [P:0] to CPU6 [P:1] (banned)
12-05 17:38:57.797   894   894 I MSM-irqbalance: Decided to move IRQ3 from CPU0 [P:0] to CPU5 [P:1] (banned)
12-05 17:38:57.798   894   894 I MSM-irqbalance: Decided to move IRQ5 from CPU1 [P:0] to CPU7 [P:1] (banned)
12-05 17:38:57.799   894   894 I MSM-irqbalance: Decided to move IRQ3 from CPU1 [P:0] to CPU4 [P:1] (banned)
12-05 17:38:57.799   894   894 I MSM-irqbalance: Decided to move IRQ3 from CPU2 [P:0] to CPU6 [P:1] (banned)
12-05 17:38:57.800   894   894 I MSM-irqbalance: Decided to move IRQ5 from CPU2 [P:0] to CPU5 [P:1] (banned)
12-05 17:38:57.801   894   894 I MSM-irqbalance: Decided to move IRQ3 from CPU3 [P:0] to CPU7 [P:1] (banned)
12-05 17:38:57.802   894   894 I MSM-irqbalance: Decided to move IRQ5 from CPU3 [P:0] to CPU4 [P:1] (banned)
12-05 17:39:00.007  1929  1929 D KeyguardUpdateMonitor: handleTimeUpdate
12-05 17:39:02.817   894   894 I MSM-irqbalance: Decided to move IRQ5 from CPU0 [P:0] to CPU6 [P:1] (banned)
12-05 17:39:02.818   894   894 I MSM-irqbalance: Decided to move IRQ3 from CPU0 [P:0] to CPU5 [P:1] (banned)
12-05 17:39:02.819   894   894 I MSM-irqbalance: Decided to move IRQ5 from CPU1 [P:0] to CPU7 [P:1] (banned)
12-05 17:39:02.820   894   894 I MSM-irqbalance: Decided to move IRQ3 from CPU1 [P:0] to CPU4 [P:1] (banned)
12-05 17:39:02.821   894   894 I MSM-irqbalance: Decided to move IRQ5 from CPU2 [P:0] to CPU6 [P:1] (banned)
12-05 17:39:02.822   894   894 I MSM-irqbalance: Decided to move IRQ3 from CPU2 [P:0] to CPU5 [P:1] (banned)
12-05 17:39:02.823   894   894 I MSM-irqbalance: Decided to move IRQ5 from CPU3 [P:0] to CPU7 [P:1] (banned)
12-05 17:39:02.824   894   894 I MSM-irqbalance: Decided to move IRQ3 from CPU3 [P:0] to CPU4 [P:1] (banned)
12-05 17:39:05.783  1929  2391 D NetworkController.MobileSignalController(1): 4G level = 5
12-05 17:39:07.825   894   894 I MSM-irqbalance: Decided to move IRQ5 from CPU0 [P:0] to CPU6 [P:1] (banned)
12-05 17:39:07.827   894   894 I MSM-irqbalance: Decided to move IRQ3 from CPU0 [P:0] to CPU5 [P:1] (banned)
12-05 17:39:07.828   894   894 I MSM-irqbalance: Decided to move IRQ5 from CPU1 [P:0] to CPU7 [P:1] (banned)
12-05 17:39:07.829   894   894 I MSM-irqbalance: Decided to move IRQ3 from CPU1 [P:0] to CPU4 [P:1] (banned)
12-05 17:39:07.830   894   894 I MSM-irqbalance: Decided to move IRQ3 from CPU2 [P:0] to CPU6 [P:1] (banned)
12-05 17:39:07.830   894   894 I MSM-irqbalance: Decided to move IRQ5 from CPU2 [P:0] to CPU5 [P:1] (banned)
12-05 17:39:07.831   894   894 I MSM-irqbalance: Decided to move IRQ5 from CPU3 [P:0] to CPU7 [P:1] (banned)
12-05 17:39:07.832   894   894 I MSM-irqbalance: Decided to move IRQ3 from CPU3 [P:0] to CPU4 [P:1] (banned)
12-05 17:39:08.339  1929  2391 D NetworkController.MobileSignalController(1): 4G level = 5
12-05 17:39:12.856   894   894 I MSM-irqbalance: Decided to move IRQ5 from CPU0 [P:0] to CPU6 [P:1] (banned)
12-05 17:39:12.858   894   894 I MSM-irqbalance: Decided to move IRQ3 from CPU0 [P:0] to CPU5 [P:1] (banned)
12-05 17:39:12.858   894   894 I MSM-irqbalance: Decided to move IRQ5 from CPU1 [P:0] to CPU7 [P:1] (banned)
12-05 17:39:12.859   894   894 I MSM-irqbalance: Decided to move IRQ3 from CPU1 [P:0] to CPU4 [P:1] (banned)
12-05 17:39:12.860   894   894 I MSM-irqbalance: Decided to move IRQ5 from CPU2 [P:0] to CPU6 [P:1] (banned)
12-05 17:39:12.861   894   894 I MSM-irqbalance: Decided to move IRQ3 from CPU2 [P:0] to CPU5 [P:1] (banned)
12-05 17:39:12.862   894   894 I MSM-irqbalance: Decided to move IRQ5 from CPU3 [P:0] to CPU7 [P:1] (banned)
12-05 17:39:12.863   894   894 I MSM-irqbalance: Decided to move IRQ3 from CPU3 [P:0] to CPU4 [P:1] (banned)
12-05 17:39:17.875   894   894 I MSM-irqbalance: Decided to move IRQ3 from CPU0 [P:0] to CPU6 [P:1] (banned)
12-05 17:39:17.877   894   894 I MSM-irqbalance: Decided to move IRQ5 from CPU0 [P:0] to CPU5 [P:1] (banned)
12-05 17:39:17.878   894   894 I MSM-irqbalance: Decided to move IRQ5 from CPU1 [P:0] to CPU7 [P:1] (banned)
12-05 17:39:17.879   894   894 I MSM-irqbalance: Decided to move IRQ3 from CPU1 [P:0] to CPU4 [P:1] (banned)
12-05 17:39:17.880   894   894 I MSM-irqbalance: Decided to move IRQ5 from CPU2 [P:0] to CPU6 [P:1] (banned)
12-05 17:39:17.880   894   894 I MSM-irqbalance: Decided to move IRQ3 from CPU2 [P:0] to CPU5 [P:1] (banned)
12-05 17:39:17.881   894   894 I MSM-irqbalance: Decided to move IRQ5 from CPU3 [P:0] to CPU7 [P:1] (banned)
12-05 17:39:17.883   894   894 I MSM-irqbalance: Decided to move IRQ3 from CPU3 [P:0] to CPU4 [P:1] (banned)
12-05 17:39:21.718 17810 17833 I RTPS_PDP: ResendDiscoveryData Period
12-05 17:39:21.718 17810 17833 I RTPS_PDP: Announcing RTPSParticipant State (new change: 0)
12-05 17:39:21.719 17810 17837 I RTPS_WRITER: Sending relevant changes as DATA/DATA_FRAG messages
12-05 17:39:21.719 17810 17837 I RTPS_WRITER: Sending INFO_TS message
12-05 17:39:21.720 17810 17837 I RTPS_MSG_OUT: UDPTransport: 228 bytes TO endpoint: 127.0.0.1:7410 FROM 0.0.0.0:38556
12-05 17:39:21.721 17810 17837 I RTPS_MSG_OUT: UDPTransport: 228 bytes TO endpoint: 127.0.0.1:7412 FROM 0.0.0.0:38556
12-05 17:39:21.722 17810 17837 I RTPS_MSG_OUT: UDPTransport: 228 bytes TO endpoint: 127.0.0.1:7414 FROM 0.0.0.0:38556
12-05 17:39:21.722 17810 17835 I RTPS_MSG_IN: (ID:547425260624) InfoTS Submsg received, processing...
12-05 17:39:21.722 17810 17835 I RTPS_MSG_IN: (ID:547425260624) Data Submsg received, processing.
12-05 17:39:21.722 17810 17835 I RTPS_MSG_IN: (ID:547425260624) from Writer 1.f.7f.1.92.45.0.0.1.0.0.0|0.1.0.c2; possible RTPSReaders: 4
12-05 17:39:21.723 17810 17835 I RTPS_MSG_IN: (ID:547425260624) Trying to add change 1 TO reader: 0.1.0.c7
12-05 17:39:21.723 17810 17837 I RTPS_MSG_OUT: UDPTransport: 228 bytes TO endpoint: 127.0.0.1:7416 FROM 0.0.0.0:38556
12-05 17:39:21.723 17810 17835 I RTPS_MSG_IN: (ID:547425260624) MessageReceiver not add change 1
12-05 17:39:21.723 17810 17837 I RTPS_WRITER: Finish sending unsent changes
12-05 17:39:21.723 17810 17835 I RTPS_LIVELINESS: RTPSParticipant 1.f.7f.1.92.45.0.0.1.0.0.0|0.0.1.c1 is Alive
12-05 17:39:21.723 17810 17835 I RTPS_MSG_IN: (ID:547425260624) Sub Message DATA processed
12-05 17:39:22.896   894   894 I MSM-irqbalance: Decided to move IRQ5 from CPU0 [P:0] to CPU6 [P:1] (banned)
12-05 17:39:22.898   894   894 I MSM-irqbalance: Decided to move IRQ3 from CPU0 [P:0] to CPU5 [P:1] (banned)
12-05 17:39:22.898   894   894 I MSM-irqbalance: Decided to move IRQ5 from CPU1 [P:0] to CPU7 [P:1] (banned)
12-05 17:39:22.899   894   894 I MSM-irqbalance: Decided to move IRQ3 from CPU1 [P:0] to CPU4 [P:1] (banned)
12-05 17:39:22.900   894   894 I MSM-irqbalance: Decided to move IRQ5 from CPU2 [P:0] to CPU6 [P:1] (banned)
12-05 17:39:22.901   894   894 I MSM-irqbalance: Decided to move IRQ3 from CPU2 [P:0] to CPU5 [P:1] (banned)
12-05 17:39:22.901   894   894 I MSM-irqbalance: Decided to move IRQ5 from CPU3 [P:0] to CPU7 [P:1] (banned)
12-05 17:39:22.902   894   894 I MSM-irqbalance: Decided to move IRQ3 from CPU3 [P:0] to CPU4 [P:1] (banned)
12-05 17:39:25.812  2119  2250 W QCNEJ   : |CORE| CNE received unexpected action: android.intent.action.BATTERY_CHANGED
12-05 17:39:25.812  1929  1929 D KeyguardUpdateMonitor: received broadcast android.intent.action.BATTERY_CHANGED
12-05 17:39:25.813  1667  5696 E LocSvc_libulp: I/int ulp_msg_process_system_update(const UlpSystemEvent): systemEvent:5 
12-05 17:39:25.813  1667  5696 E LocSvc_libulp: I/===> int ulp_brain_turn_onoff_dr_provider() line 848 
12-05 17:39:25.813  1667  5696 E LocSvc_libulp: I/===> int ulp_dr_stop_engine() line 235 
12-05 17:39:25.813  1667  2091 E LocSvc_api_v02: I/---> locClientSendReq line 2069 QMI_LOC_GET_BEST_AVAILABLE_POSITION_REQ_V02
12-05 17:39:25.814  1667  5696 E LocSvc_libulp: I/int ulp_msg_process_start_req(), at ulp state = 1
12-05 17:39:25.815  2870  2870 I BatteryInfoReceiver: ACTION_BATTERY_CHANGED
12-05 17:39:25.815  3741  3992 D PowerCheckerService: onBatteryChanged, mBatteryLevel = 100, status = 2, level = 100, plug = 2
12-05 17:39:25.818  1667  2105 E LocSvc_ApiV02: I/<--- void globalRespCb(locClientHandleType, uint32_t, const locClientRespIndUnionType, uint32_t, void *) line 140 QMI_LOC_GET_BEST_AVAILABLE_POSITION_REQ_V02
12-05 17:39:25.818  1667  5696 E LocSvc_libulp: I/int ulp_brain_process_zpp_position_report(const enum loc_sess_status, LocPosTechMask, UlpLocation *), report ZPP position to providers,report_position = 1
12-05 17:39:25.818  1667  5696 E LocSvc_libulp: I/===> int ulp_brain_turn_onoff_dr_provider() line 848 
12-05 17:39:25.818  1667  5696 E LocSvc_libulp: I/===> int ulp_dr_stop_engine() line 235 
12-05 17:39:25.819  3741  3998 D ThermalTempInfoHelper: thermal sensor1 temp is 29
12-05 17:39:25.822  3741  3998 D ThermalTempInfoHelper: thermal sensor1 temp is 29
12-05 17:39:27.915   894   894 I MSM-irqbalance: Decided to move IRQ5 from CPU0 [P:0] to CPU6 [P:1] (banned)
12-05 17:39:27.917   894   894 I MSM-irqbalance: Decided to move IRQ3 from CPU0 [P:0] to CPU5 [P:1] (banned)
12-05 17:39:27.918   894   894 I MSM-irqbalance: Decided to move IRQ5 from CPU1 [P:0] to CPU7 [P:1] (banned)
12-05 17:39:27.919   894   894 I MSM-irqbalance: Decided to move IRQ3 from CPU1 [P:0] to CPU4 [P:1] (banned)
12-05 17:39:27.920   894   894 I MSM-irqbalance: Decided to move IRQ5 from CPU2 [P:0] to CPU6 [P:1] (banned)
12-05 17:39:27.921   894   894 I MSM-irqbalance: Decided to move IRQ3 from CPU2 [P:0] to CPU5 [P:1] (banned)
12-05 17:39:27.921   894   894 I MSM-irqbalance: Decided to move IRQ3 from CPU3 [P:0] to CPU7 [P:1] (banned)
12-05 17:39:27.922   894   894 I MSM-irqbalance: Decided to move IRQ5 from CPU3 [P:0] to CPU4 [P:1] (banned)
12-05 17:39:32.936   894   894 I MSM-irqbalance: Decided to move IRQ5 from CPU0 [P:0] to CPU6 [P:1] (banned)
12-05 17:39:32.937   894   894 I MSM-irqbalance: Decided to move IRQ3 from CPU0 [P:0] to CPU5 [P:1] (banned)
12-05 17:39:32.938   894   894 I MSM-irqbalance: Decided to move IRQ5 from CPU1 [P:0] to CPU7 [P:1] (banned)
12-05 17:39:32.939   894   894 I MSM-irqbalance: Decided to move IRQ3 from CPU1 [P:0] to CPU4 [P:1] (banned)
12-05 17:39:32.940   894   894 I MSM-irqbalance: Decided to move IRQ5 from CPU2 [P:0] to CPU6 [P:1] (banned)
12-05 17:39:32.941   894   894 I MSM-irqbalance: Decided to move IRQ3 from CPU2 [P:0] to CPU5 [P:1] (banned)
12-05 17:39:32.942   894   894 I MSM-irqbalance: Decided to move IRQ5 from CPU3 [P:0] to CPU7 [P:1] (banned)
12-05 17:39:32.943   894   894 I MSM-irqbalance: Decided to move IRQ3 from CPU3 [P:0] to CPU4 [P:1] (banned)
12-05 17:39:37.957   894   894 I MSM-irqbalance: Decided to move IRQ5 from CPU0 [P:0] to CPU6 [P:1] (banned)
12-05 17:39:37.958   894   894 I MSM-irqbalance: Decided to move IRQ3 from CPU0 [P:0] to CPU5 [P:1] (banned)
12-05 17:39:37.959   894   894 I MSM-irqbalance: Decided to move IRQ3 from CPU1 [P:0] to CPU7 [P:1] (banned)
12-05 17:39:37.960   894   894 I MSM-irqbalance: Decided to move IRQ5 from CPU1 [P:0] to CPU4 [P:1] (banned)
12-05 17:39:37.961   894   894 I MSM-irqbalance: Decided to move IRQ5 from CPU2 [P:0] to CPU6 [P:1] (banned)
12-05 17:39:37.962   894   894 I MSM-irqbalance: Decided to move IRQ3 from CPU2 [P:0] to CPU5 [P:1] (banned)
12-05 17:39:37.962   894   894 I MSM-irqbalance: Decided to move IRQ5 from CPU3 [P:0] to CPU7 [P:1] (banned)
12-05 17:39:37.963   894   894 I MSM-irqbalance: Decided to move IRQ3 from CPU3 [P:0] to CPU4 [P:1] (banned)
12-05 17:39:42.955   894   894 I MSM-irqbalance: Decided to move IRQ3 from CPU0 [P:0] to CPU6 [P:1] (banned)
12-05 17:39:42.957   894   894 I MSM-irqbalance: Decided to move IRQ5 from CPU0 [P:0] to CPU5 [P:1] (banned)
12-05 17:39:42.958   894   894 I MSM-irqbalance: Decided to move IRQ5 from CPU1 [P:0] to CPU7 [P:1] (banned)
12-05 17:39:42.958   894   894 I MSM-irqbalance: Decided to move IRQ3 from CPU1 [P:0] to CPU4 [P:1] (banned)
12-05 17:39:42.959   894   894 I MSM-irqbalance: Decided to move IRQ5 from CPU2 [P:0] to CPU6 [P:1] (banned)
12-05 17:39:42.960   894   894 I MSM-irqbalance: Decided to move IRQ3 from CPU2 [P:0] to CPU5 [P:1] (banned)
12-05 17:39:42.961   894   894 I MSM-irqbalance: Decided to move IRQ5 from CPU3 [P:0] to CPU7 [P:1] (banned)
12-05 17:39:42.962   894   894 I MSM-irqbalance: Decided to move IRQ3 from CPU3 [P:0] to CPU4 [P:1] (banned)
12-05 17:39:47.955   894   894 I MSM-irqbalance: Decided to move IRQ5 from CPU3 [P:0] to CPU6 [P:1] (banned)
12-05 17:39:47.956   894   894 I MSM-irqbalance: Decided to move IRQ3 from CPU3 [P:0] to CPU5 [P:1] (banned)
12-05 17:39:47.957   894   894 I MSM-irqbalance: Decided to move IRQ5 from CPU1 [P:0] to CPU7 [P:1] (banned)
12-05 17:39:47.959   894   894 I MSM-irqbalance: Decided to move IRQ3 from CPU1 [P:0] to CPU4 [P:1] (banned)
12-05 17:39:47.960   894   894 I MSM-irqbalance: Decided to move IRQ5 from CPU2 [P:0] to CPU6 [P:1] (banned)
12-05 17:39:47.961   894   894 I MSM-irqbalance: Decided to move IRQ3 from CPU2 [P:0] to CPU5 [P:1] (banned)
12-05 17:39:47.962   894   894 I MSM-irqbalance: Decided to move IRQ5 from CPU0 [P:0] to CPU7 [P:1] (banned)
12-05 17:39:47.962   894   894 I MSM-irqbalance: Decided to move IRQ3 from CPU0 [P:0] to CPU4 [P:1] (banned)
