12-05 14:54:51.354 15153 15153 I ps      : type=1400 audit(0.0:10961): avc: denied { read } for name="cmdline" dev="proc" ino=27798 scontext=u:r:platform_app:s0:c512,c768 tcontext=u:r:healthd:s0 tclass=file permissive=1
12-05 14:54:51.354 15153 15153 I ps      : type=1400 audit(0.0:10962): avc: denied { open } for path="/proc/536/cmdline" dev="proc" ino=27798 scontext=u:r:platform_app:s0:c512,c768 tcontext=u:r:healthd:s0 tclass=file permissive=1
12-05 14:54:51.354 15153 15153 I ps      : type=1400 audit(0.0:10963): avc: denied { getattr } for path="/proc/539" dev="proc" ino=17564 scontext=u:r:platform_app:s0:c512,c768 tcontext=u:r:rmt_storage:s0 tclass=dir permissive=1
12-05 14:54:51.354 15153 15153 I ps      : type=1400 audit(0.0:10964): avc: denied { search } for name="539" dev="proc" ino=17564 scontext=u:r:platform_app:s0:c512,c768 tcontext=u:r:rmt_storage:s0 tclass=dir permissive=1
12-05 14:54:51.354 15153 15153 I ps      : type=1400 audit(0.0:10965): avc: denied { read } for name="cmdline" dev="proc" ino=1852 scontext=u:r:platform_app:s0:c512,c768 tcontext=u:r:rmt_storage:s0 tclass=file permissive=1
12-05 14:54:51.354 15153 15153 I ps      : type=1400 audit(0.0:10966): avc: denied { open } for path="/proc/539/cmdline" dev="proc" ino=1852 scontext=u:r:platform_app:s0:c512,c768 tcontext=u:r:rmt_storage:s0 tclass=file permissive=1
12-05 14:54:51.354 15153 15153 I ps      : type=1400 audit(0.0:10967): avc: denied { getattr } for path="/proc/540" dev="proc" ino=17568 scontext=u:r:platform_app:s0:c512,c768 tcontext=u:r:rfs_access:s0 tclass=dir permissive=1
12-05 14:54:51.551 15125 15158 I RTPS_MSG_IN: (ID:547426296912) InfoTS Submsg received, processing...
12-05 14:54:51.551 15125 15158 I RTPS_MSG_IN: (ID:547426296912) Data Submsg received, processing.
12-05 14:54:51.552 15125 15159 I RTPS_MSG_IN: (ID:547425260624) InfoDST message received, processing...
12-05 14:54:51.552 15125 15158 I RTPS_MSG_IN: (ID:547426296912) from Writer 1.f.13.9f.8b.5c.0.0.1.0.0.0|0.1.0.c2; possible RTPSReaders: 4
12-05 14:54:51.552 15125 15158 I RTPS_MSG_IN: (ID:547426296912) Trying to add change 1 TO reader: 0.1.0.c7
12-05 14:54:51.552 15125 15159 I RTPS_MSG_IN: (ID:547425260624) DST RTPSParticipant is now: 1.f.40.bb.15.3b.0.0.1.0.0.0
12-05 14:54:51.552 15125 15158 I RTPS_HISTORY: Change 1 added with 172 bytes
12-05 14:54:51.552 15125 15159 I RTPS_MSG_IN: (ID:547425260624) Heartbeat Submsg received, processing...
12-05 14:54:51.552 15125 15158 I RTPS_PDP: SPDP Message received
12-05 14:54:51.552 15125 15159 I RTPS_MSG_IN: (ID:547425260624) InfoDST message received, processing...
12-05 14:54:51.552 15125 15159 I RTPS_MSG_IN: (ID:547425260624) DST RTPSParticipant is now: 1.f.40.bb.15.3b.0.0.1.0.0.0
12-05 14:54:51.553 15125 15158 I RTPS_PDP: Announcing RTPSParticipant State (new change: 0)
12-05 14:54:51.553 15125 15159 I RTPS_MSG_IN: (ID:547425260624) Heartbeat Submsg received, processing...
12-05 14:54:51.553 15125 15159 I RTPS_MSG_IN: (ID:547425260624) InfoDST message received, processing...
12-05 14:54:51.553 15125 15159 I RTPS_MSG_IN: (ID:547425260624) DST RTPSParticipant is now: 1.f.40.bb.15.3b.0.0.1.0.0.0
12-05 14:54:51.553 15125 15161 I RTPS_WRITER: Sending relevant changes as DATA/DATA_FRAG messages
12-05 14:54:51.553 15125 15159 I RTPS_MSG_IN: (ID:547425260624) Heartbeat Submsg received, processing...
12-05 14:54:51.553 15125 15161 I RTPS_WRITER: Sending INFO_TS message
12-05 14:54:51.554 15125 15161 I RTPS_MSG_OUT: UDPTransport: 228 bytes TO endpoint: 239.255.0.1:7400 FROM 0.0.0.0:57947
12-05 14:54:51.554 15125 15161 I RTPS_WRITER: Finish sending unsent changes
12-05 14:54:51.554 15125 15158 I RTPS_PDP: For RTPSParticipant: 1.f.13.9f.8b.5c.0.0.1.0.0.0
12-05 14:54:51.554 15125 15158 I RTPS_READER: Writer 1.f.13.9f.8b.5c.0.0.1.0.0.0|0.1.0.c2 added to 0.1.0.c7
12-05 14:54:51.555 15125 15158 I RTPS_READER: Reader 1.f.13.9f.8b.5c.0.0.1.0.0.0|0.1.0.c7 added to 0.1.0.c2
12-05 14:54:51.555 15125 15161 I RTPS_WRITER: Sending relevant changes as DATA/DATA_FRAG messages
12-05 14:54:51.555 15125 15161 I RTPS_WRITER: Sending INFO_TS message
12-05 14:54:51.557 15125 15161 I RTPS_MSG_OUT: UDPTransport: 228 bytes TO endpoint: 239.255.0.1:7400 FROM 0.0.0.0:57947
12-05 14:54:51.557 15125 15161 I RTPS_WRITER: Finish sending unsent changes
12-05 14:54:51.557 15125 15158 I RTPS_EDP: New DPD received, adding remote endpoints to our SimpleEDP endpoints
12-05 14:54:51.557 15125 15158 I RTPS_EDP: Adding SEDP Pub Writer to my Pub Reader
12-05 14:54:51.558 15125 15158 I RTPS_READER: Writer Proxy created in reader: 0.0.3.c7
12-05 14:54:51.558 15125 15158 I RTPS_READER: Writer Proxy 1.f.13.9f.8b.5c.0.0.1.0.0.0|0.0.3.c2 added to 0.0.3.c7
12-05 14:54:51.558 15125 15158 I RTPS_EDP: Adding SEDP Pub Reader to my Pub Writer
12-05 14:54:51.559 15125 15158 I RTPS_WRITER: Reader Proxy started
12-05 14:54:51.559 15125 15158 I RTPS_WRITER: 0.0.3.c2 Sending Heartbeat (1 - 1)
12-05 14:54:51.559 15125 15158 I RTPS_MSG_OUT: UDPTransport: 68 bytes TO endpoint: 192.168.43.158:7412 FROM 0.0.0.0:57947
12-05 14:54:51.560 15125 15158 I RTPS_WRITER: Reader Proxy 1.f.13.9f.8b.5c.0.0.1.0.0.0|0.0.3.c7 added to 0.0.3.c2 with 1(u)-1(m) locators
12-05 14:54:51.560 15125 15158 I RTPS_EDP: Adding SEDP Sub Writer to my Sub Reader
12-05 14:54:51.560 15125 15158 I RTPS_READER: Writer Proxy created in reader: 0.0.4.c7
12-05 14:54:51.562 15125 15158 I RTPS_READER: Writer Proxy 1.f.13.9f.8b.5c.0.0.1.0.0.0|0.0.4.c2 added to 0.0.4.c7
12-05 14:54:51.562 15125 15158 I RTPS_EDP: Adding SEDP Sub Reader to my Sub Writer
12-05 14:54:51.563 15125 15158 I RTPS_WRITER: Reader Proxy started
12-05 14:54:51.563 15125 15158 I RTPS_WRITER: 0.0.4.c2 Sending Heartbeat (1 - 0)
12-05 14:54:51.563 15125 15158 I RTPS_MSG_OUT: UDPTransport: 68 bytes TO endpoint: 192.168.43.158:7412 FROM 0.0.0.0:57947
12-05 14:54:51.564 15125 15158 I RTPS_WRITER: Reader Proxy 1.f.13.9f.8b.5c.0.0.1.0.0.0|0.0.4.c7 added to 0.0.4.c2 with 1(u)-1(m) locators
12-05 14:54:51.564 15125 15158 I RTPS_LIVELINESS: Adding remote writer to my local Builtin Reader
12-05 14:54:51.564 15125 15158 I RTPS_READER: Writer Proxy created in reader: 0.2.0.c7
12-05 14:54:51.565 15125 15158 I RTPS_READER: Writer Proxy 1.f.13.9f.8b.5c.0.0.1.0.0.0|0.2.0.c2 added to 0.2.0.c7
12-05 14:54:51.565 15125 15158 I RTPS_LIVELINESS: Adding remote reader to my local Builtin Writer
12-05 14:54:51.565 15125 15158 I RTPS_WRITER: Reader Proxy started
12-05 14:54:51.565 15125 15158 I RTPS_WRITER: 0.2.0.c2 Sending Heartbeat (1 - 0)
12-05 14:54:51.566 15125 15158 I RTPS_MSG_OUT: UDPTransport: 68 bytes TO endpoint: 192.168.43.158:7412 FROM 0.0.0.0:57947
12-05 14:54:51.566 15125 15158 I RTPS_WRITER: Reader Proxy 1.f.13.9f.8b.5c.0.0.1.0.0.0|0.2.0.c7 added to 0.2.0.c2 with 1(u)-1(m) locators
12-05 14:54:51.566 15125 15158 I RTPS_PARTICIPANT: 1.f.13.9f.8b.5c.0.0.1.0.0.0|0.0.1.c1
12-05 14:54:51.566 15125 15158 I RTPS_HISTORY: Removing change 1
12-05 14:54:51.567 15125 15158 I RTPS_MSG_IN: (ID:547426296912) Sub Message DATA processed
12-05 14:54:51.567 15125 15158 I RTPS_MSG_IN: (ID:547426296912) InfoTS Submsg received, processing...
12-05 14:54:51.567 15125 15158 I RTPS_MSG_IN: (ID:547426296912) Data Submsg received, processing.
12-05 14:54:51.567 15125 15158 I RTPS_MSG_IN: (ID:547426296912) from Writer 1.f.13.9f.8b.5c.0.0.1.0.0.0|0.1.0.c2; possible RTPSReaders: 4
12-05 14:54:51.567 15125 15158 I RTPS_MSG_IN: (ID:547426296912) Trying to add change 1 TO reader: 0.1.0.c7
12-05 14:54:51.567 15125 15158 I RTPS_MSG_IN: (ID:547426296912) MessageReceiver not add change 1
12-05 14:54:51.568 15125 15158 I RTPS_LIVELINESS: RTPSParticipant 1.f.13.9f.8b.5c.0.0.1.0.0.0|0.0.1.c1 is Alive
12-05 14:54:51.568 15125 15158 I RTPS_LIVELINESS:  Stopped for RTPSParticipant with ID: 1.f.13.9f.8b.5c.0.0.1.0.0.0
12-05 14:54:51.568 15125 15158 I RTPS_MSG_IN: (ID:547426296912) Sub Message DATA processed
12-05 14:54:51.568 15125 15158 I RTPS_MSG_IN: (ID:547426296912) InfoTS Submsg received, processing...
12-05 14:54:51.568 15125 15158 I RTPS_MSG_IN: (ID:547426296912) Data Submsg received, processing.
12-05 14:54:51.569 15125 15158 I RTPS_MSG_IN: (ID:547426296912) from Writer 1.f.40.bb.15.3b.0.0.1.0.0.0|0.1.0.c2; possible RTPSReaders: 4
12-05 14:54:51.569 15125 15158 I RTPS_MSG_IN: (ID:547426296912) Trying to add change 1 TO reader: 0.1.0.c7
12-05 14:54:51.569 15125 15158 I RTPS_MSG_IN: (ID:547426296912) MessageReceiver not add change 1
12-05 14:54:51.569 15125 15158 I RTPS_LIVELINESS: RTPSParticipant 1.f.40.bb.15.3b.0.0.1.0.0.0|0.0.1.c1 is Alive
12-05 14:54:51.569 15125 15158 I RTPS_MSG_IN: (ID:547426296912) Sub Message DATA processed
12-05 14:54:51.570 15125 15158 I RTPS_MSG_IN: (ID:547426296912) InfoTS Submsg received, processing...
12-05 14:54:51.570 15125 15158 I RTPS_MSG_IN: (ID:547426296912) Data Submsg received, processing.
12-05 14:54:51.570 15125 15158 I RTPS_MSG_IN: (ID:547426296912) from Writer 1.f.40.bb.15.3b.0.0.1.0.0.0|0.1.0.c2; possible RTPSReaders: 4
12-05 14:54:51.570 15125 15158 I RTPS_MSG_IN: (ID:547426296912) Trying to add change 1 TO reader: 0.1.0.c7
12-05 14:54:51.570 15125 15158 I RTPS_MSG_IN: (ID:547426296912) MessageReceiver not add change 1
12-05 14:54:51.572 15125 15158 I RTPS_LIVELINESS: RTPSParticipant 1.f.40.bb.15.3b.0.0.1.0.0.0|0.0.1.c1 is Alive
12-05 14:54:51.572 15125 15158 I RTPS_MSG_IN: (ID:547426296912) Sub Message DATA processed
12-05 14:54:51.577 15125 15159 I RTPS_MSG_IN: (ID:547425260624) InfoDST message received, processing...
12-05 14:54:51.577 15125 15159 I RTPS_MSG_IN: (ID:547425260624) DST RTPSParticipant is now: 1.f.40.bb.15.3b.0.0.1.0.0.0
12-05 14:54:51.577 15125 15159 I RTPS_MSG_IN: (ID:547425260624) Acknack Submsg received, processing...
12-05 14:54:51.578 15125 15159 I RTPS_MSG_IN: (ID:547425260624) InfoDST message received, processing...
12-05 14:54:51.578 15125 15159 I RTPS_MSG_IN: (ID:547425260624) DST RTPSParticipant is now: 1.f.40.bb.15.3b.0.0.1.0.0.0
12-05 14:54:51.578 15125 15159 I RTPS_MSG_IN: (ID:547425260624) Acknack Submsg received, processing...
12-05 14:54:51.578 15125 15159 I RTPS_WRITER: Requested Changes: 1:1-
12-05 14:54:51.587 15125 15159 I RTPS_MSG_IN: (ID:547425260624) InfoDST message received, processing...
12-05 14:54:51.587 15125 15159 I RTPS_MSG_IN: (ID:547425260624) DST RTPSParticipant is now: 1.f.40.bb.15.3b.0.0.1.0.0.0
12-05 14:54:51.587 15125 15159 I RTPS_MSG_IN: (ID:547425260624) Acknack Submsg received, processing...
12-05 14:54:51.613 15125 15159 I RTPS_MSG_IN: (ID:547425260624) InfoDST message received, processing...
12-05 14:54:51.613 15125 15159 I RTPS_MSG_IN: (ID:547425260624) DST RTPSParticipant is now: 1.f.40.bb.15.3b.0.0.1.0.0.0
12-05 14:54:51.613 15125 15159 I RTPS_MSG_IN: (ID:547425260624) Acknack Submsg received, processing...
12-05 14:54:51.613 15125 15159 I RTPS_WRITER: 0.0.3.c2 Sending Heartbeat (1 - 1)
12-05 14:54:51.614 15125 15159 I RTPS_MSG_OUT: UDPTransport: 68 bytes TO endpoint: 192.168.43.158:7412 FROM 0.0.0.0:57947
12-05 14:54:51.614 15125 15159 I RTPS_MSG_IN: (ID:547425260624) InfoDST message received, processing...
12-05 14:54:51.614 15125 15159 I RTPS_MSG_IN: (ID:547425260624) DST RTPSParticipant is now: 1.f.40.bb.15.3b.0.0.1.0.0.0
12-05 14:54:51.614 15125 15159 I RTPS_MSG_IN: (ID:547425260624) Acknack Submsg received, processing...
12-05 14:54:51.615 15125 15159 I RTPS_WRITER: 0.0.4.c2 Sending Heartbeat (1 - 0)
12-05 14:54:51.615 15125 15159 I RTPS_MSG_OUT: UDPTransport: 68 bytes TO endpoint: 192.168.43.158:7412 FROM 0.0.0.0:57947
12-05 14:54:51.616 15125 15159 I RTPS_MSG_IN: (ID:547425260624) InfoDST message received, processing...
12-05 14:54:51.616 15125 15159 I RTPS_MSG_IN: (ID:547425260624) DST RTPSParticipant is now: 1.f.40.bb.15.3b.0.0.1.0.0.0
12-05 14:54:51.616 15125 15159 I RTPS_MSG_IN: (ID:547425260624) Acknack Submsg received, processing...
12-05 14:54:51.616 15125 15159 I RTPS_WRITER: 0.2.0.c2 Sending Heartbeat (1 - 0)
12-05 14:54:51.616 15125 15159 I RTPS_MSG_OUT: UDPTransport: 68 bytes TO endpoint: 192.168.43.158:7412 FROM 0.0.0.0:57947
12-05 14:54:51.629 15125 15157 I RTPS_READER: Sending ACKNACK: 0:
12-05 14:54:51.629 15125 15157 I RTPS_MSG_OUT: UDPTransport: 64 bytes TO endpoint: 192.168.43.158:7412 FROM 0.0.0.0:57947
12-05 14:54:51.631 15125 15157 I RTPS_READER: Sending ACKNACK: 0:
12-05 14:54:51.631 15125 15157 I RTPS_MSG_OUT: UDPTransport: 64 bytes TO endpoint: 192.168.43.158:7412 FROM 0.0.0.0:57947
12-05 14:54:51.634 15125 15157 I RTPS_READER: Sending ACKNACK: 0:
12-05 14:54:51.635 15125 15157 I RTPS_MSG_OUT: UDPTransport: 64 bytes TO endpoint: 192.168.43.158:7412 FROM 0.0.0.0:57947
12-05 14:54:51.639 15125 15159 I RTPS_MSG_IN: (ID:547425260624) InfoDST message received, processing...
12-05 14:54:51.639 15125 15159 I RTPS_MSG_IN: (ID:547425260624) DST RTPSParticipant is now: 1.f.40.bb.15.3b.0.0.1.0.0.0
12-05 14:54:51.639 15125 15159 I RTPS_MSG_IN: (ID:547425260624) Heartbeat Submsg received, processing...
12-05 14:54:51.640 15125 15159 I RTPS_READER: 0.0.3.c2: up to seqNum: 1
12-05 14:54:51.640 15125 15159 I RTPS_READER: 0.0.3.c2: changes up to seqNum: 0 missing.
12-05 14:54:51.640 15125 15159 I RTPS_MSG_IN: (ID:547425260624) InfoDST message received, processing...
12-05 14:54:51.640 15125 15159 I RTPS_MSG_IN: (ID:547425260624) DST RTPSParticipant is now: 1.f.40.bb.15.3b.0.0.1.0.0.0
12-05 14:54:51.640 15125 15159 I RTPS_MSG_IN: (ID:547425260624) Heartbeat Submsg received, processing...
12-05 14:54:51.641 15125 15159 I RTPS_READER: 0.0.4.c2: up to seqNum: 1
12-05 14:54:51.641 15125 15159 I RTPS_READER: 0.0.4.c2: changes up to seqNum: 1 missing.
12-05 14:54:51.641 15125 15159 I RTPS_MSG_IN: (ID:547425260624) InfoDST message received, processing...
12-05 14:54:51.641 15125 15159 I RTPS_MSG_IN: (ID:547425260624) DST RTPSParticipant is now: 1.f.40.bb.15.3b.0.0.1.0.0.0
12-05 14:54:51.641 15125 15159 I RTPS_MSG_IN: (ID:547425260624) Heartbeat Submsg received, processing...
12-05 14:54:51.641 15125 15159 I RTPS_READER: 0.2.0.c2: up to seqNum: 1
12-05 14:54:51.642 15125 15159 I RTPS_READER: 0.2.0.c2: changes up to seqNum: 0 missing.
12-05 14:54:51.647 15125 15157 I RTPS_READER:
12-05 14:54:51.648 15125 15157 I RTPS_READER: Sending ACKNACK: 1:
12-05 14:54:51.648 15125 15157 I RTPS_MSG_OUT: UDPTransport: 64 bytes TO endpoint: 192.168.43.158:7412 FROM 0.0.0.0:57947
12-05 14:54:51.652 15125 15157 I RTPS_READER:
12-05 14:54:51.652 15125 15157 I RTPS_READER: Sending ACKNACK: 1:
12-05 14:54:51.653 15125 15157 I RTPS_MSG_OUT: UDPTransport: 64 bytes TO endpoint: 192.168.43.158:7412 FROM 0.0.0.0:57947
12-05 14:54:51.653 15125 15157 I RTPS_READER:
12-05 14:54:51.653 15125 15157 I RTPS_READER: Sending ACKNACK: 1:1-
12-05 14:54:51.654 15125 15157 I RTPS_MSG_OUT: UDPTransport: 68 bytes TO endpoint: 192.168.43.158:7412 FROM 0.0.0.0:57947
12-05 14:54:51.655 15125 15159 I RTPS_MSG_IN: (ID:547425260624) InfoDST message received, processing...
12-05 14:54:51.655 15125 15159 I RTPS_MSG_IN: (ID:547425260624) DST RTPSParticipant is now: 1.f.40.bb.15.3b.0.0.1.0.0.0
12-05 14:54:51.655 15125 15159 I RTPS_MSG_IN: (ID:547425260624) Acknack Submsg received, processing...
12-05 14:54:51.655 15125 15159 I RTPS_MSG_IN: (ID:547425260624) InfoDST message received, processing...
12-05 14:54:51.655 15125 15159 I RTPS_MSG_IN: (ID:547425260624) DST RTPSParticipant is now: 1.f.40.bb.15.3b.0.0.1.0.0.0
12-05 14:54:51.655 15125 15159 I RTPS_MSG_IN: (ID:547425260624) Acknack Submsg received, processing...
12-05 14:54:51.656 15125 15159 I RTPS_MSG_IN: (ID:547425260624) InfoDST message received, processing...
12-05 14:54:51.657 15125 15159 I RTPS_MSG_IN: (ID:547425260624) DST RTPSParticipant is now: 1.f.40.bb.15.3b.0.0.1.0.0.0
12-05 14:54:51.657 15125 15159 I RTPS_MSG_IN: (ID:547425260624) Acknack Submsg received, processing...
12-05 14:54:51.671 15125 15157 I RTPS_WRITER: Responding to Acknack messages
12-05 14:54:51.672 15125 15161 I RTPS_WRITER: Sending relevant changes as DATA/DATA_FRAG messages
12-05 14:54:51.672 15125 15161 I RTPS_WRITER: Sending INFO_TS message
12-05 14:54:51.672 15125 15161 I RTPS_MSG_OUT: UDPTransport: 348 bytes TO endpoint: 192.168.43.158:7412 FROM 0.0.0.0:57947
12-05 14:54:51.673 15125 15161 I RTPS_WRITER: Finish sending unsent changes
12-05 14:54:51.684 15125 15157 I RTPS_WRITER: Changing underway to unacked for Reader: 1.f.13.9f.8b.5c.0.0.1.0.0.0|0.0.3.c7
12-05 14:54:51.755 15125 15159 I RTPS_MSG_IN: (ID:547425260624) InfoDST message received, processing...
12-05 14:54:51.755 15125 15159 I RTPS_MSG_IN: (ID:547425260624) DST RTPSParticipant is now: 1.f.40.bb.15.3b.0.0.1.0.0.0
12-05 14:54:51.755 15125 15159 I RTPS_MSG_IN: (ID:547425260624) InfoTS Submsg received, processing...
12-05 14:54:51.755 15125 15159 I RTPS_MSG_IN: (ID:547425260624) Data Submsg received, processing.
12-05 14:54:51.755 15125 15159 I RTPS_MSG_IN: (ID:547425260624) from Writer 1.f.13.9f.8b.5c.0.0.1.0.0.0|0.0.4.c2; possible RTPSReaders: 4
12-05 14:54:51.756 15125 15159 I RTPS_MSG_IN: (ID:547425260624) Trying to add change 1 TO reader: 0.0.4.c7
12-05 14:54:51.756 15125 15159 I RTPS_HISTORY: Change 1 added with 268 bytes
12-05 14:54:51.756 15125 15159 I RTPS_READER: 0.0.4.c2: seqNum: 1
12-05 14:54:51.756 15125 15159 I RTPS_EDP:
12-05 14:54:51.757 15125 15159 I RTPS_PDP: Adding reader proxy data 1.f.13.9f.8b.5c.0.0.1.0.0.0|0.0.1.4
12-05 14:54:51.757 15125 15159 I RTPS_EDP: 1.f.13.9f.8b.5c.0.0.1.0.0.0|0.0.1.4 in topic: "Test"
12-05 14:54:51.758 15125 15159 I RTPS_WRITER: Reader Proxy started
12-05 14:54:51.758 15125 15159 I RTPS_WRITER: 0.0.1.3 Sending Heartbeat (1 - 1)
12-05 14:54:51.759 15125 15159 I RTPS_MSG_OUT: UDPTransport: 100 bytes TO endpoint: 192.168.43.158:7413 FROM 0.0.0.0:57947
12-05 14:54:51.760 15125 15159 I RTPS_WRITER: Reader Proxy 1.f.13.9f.8b.5c.0.0.1.0.0.0|0.0.1.4 added to 0.0.1.3 with 1(u)-0(m) locators
12-05 14:54:51.760 15125 15159 I RTPS_EDP: Valid Matching to local writer: 0.0.1.3
12-05 14:54:51.760 15125 15159 I dps_manager_impl: Writer(0x7f89f89e00): matching with a reader
12-05 14:54:51.760 15125 15159 I RTPS_PROXY_DATA: 1.f.40.bb.15.3b.0.0.1.0.0.0|0.0.1.3
12-05 14:54:51.760 15125 15159 I RTPS_PARTICIPANT: 1.f.40.bb.15.3b.0.0.1.0.0.0|0.0.1.c1
12-05 14:54:51.761 15125 15159 I RTPS_PARTICIPANT: 1.f.13.9f.8b.5c.0.0.1.0.0.0|0.0.1.c1
12-05 14:54:51.761 15125 15159 I RTPS_PROXY_DATA: ReaderProxyData destructor: 1.f.13.9f.8b.5c.0.0.1.0.0.0|0.0.1.4
12-05 14:54:51.761 15125 15159 I RTPS_HISTORY: Removing change 1
12-05 14:54:51.761 15125 15159 I RTPS_READER: 0.0.4.c7 FINDS writerProxy 1.f.13.9f.8b.5c.0.0.1.0.0.0|0.0.4.c2 from 1
12-05 14:54:51.761 15125 15159 I RTPS_MSG_IN: (ID:547425260624) Sub Message DATA processed
12-05 14:54:52.558 15125 15159 I RTPS_MSG_IN: (ID:547425260624) InfoDST message received, processing...
12-05 14:54:52.558 15125 15159 I RTPS_MSG_IN: (ID:547425260624) DST RTPSParticipant is now: 1.f.40.bb.15.3b.0.0.1.0.0.0
12-05 14:54:52.558 15125 15159 I RTPS_MSG_IN: (ID:547425260624) Heartbeat Submsg received, processing...
12-05 14:54:52.558 15125 15159 I RTPS_READER: 0.0.4.c2: up to seqNum: 1
12-05 14:54:52.558 15125 15159 I RTPS_READER: 0.0.4.c2: changes up to seqNum: 1 missing.
12-05 14:54:52.560 15125 15157 I RTPS_WRITER: 0.0.3.c2 Sending Heartbeat (1 - 1)
12-05 14:54:52.561 15125 15157 I RTPS_MSG_OUT: UDPTransport: 68 bytes TO endpoint: 192.168.43.158:7412 FROM 0.0.0.0:57947
12-05 14:54:52.570 15125 15157 I RTPS_READER:
12-05 14:54:52.570 15125 15157 I RTPS_READER: Sending ACKNACK: 2:
12-05 14:54:52.570 15125 15157 I RTPS_MSG_OUT: UDPTransport: 64 bytes TO endpoint: 192.168.43.158:7412 FROM 0.0.0.0:57947
12-05 14:54:52.586 15125 15159 I RTPS_MSG_IN: (ID:547425260624) InfoDST message received, processing...
12-05 14:54:52.586 15125 15159 I RTPS_MSG_IN: (ID:547425260624) DST RTPSParticipant is now: 1.f.40.bb.15.3b.0.0.1.0.0.0
12-05 14:54:52.586 15125 15159 I RTPS_MSG_IN: (ID:547425260624) Acknack Submsg received, processing...
12-05 14:54:52.858   776   776 I cnss-daemon: RTM_NEWNEIGH message received: 28
12-05 14:54:52.858   776   776 E cnss-daemon: Stale or unreachable neighbors, ndm state: 4
12-05 14:54:53.775   894   894 I MSM-irqbalance: Decided to move IRQ5 from CPU1 [P:0] to CPU5 [P:1] (banned)
12-05 14:54:53.777   894   894 I MSM-irqbalance: Decided to move IRQ3 from CPU1 [P:0] to CPU4 [P:1] (banned)
12-05 14:54:53.778   894   894 I MSM-irqbalance: Decided to move IRQ5 from CPU3 [P:0] to CPU7 [P:1] (banned)
12-05 14:54:53.780   894   894 I MSM-irqbalance: Decided to move IRQ3 from CPU3 [P:0] to CPU6 [P:1] (banned)
12-05 14:54:53.781   894   894 I MSM-irqbalance: Decided to move IRQ3 from CPU0 [P:0] to CPU5 [P:1] (banned)
12-05 14:54:53.781   894   894 I MSM-irqbalance: Decided to move IRQ5 from CPU0 [P:0] to CPU4 [P:1] (banned)
12-05 14:54:53.782   894   894 I MSM-irqbalance: Decided to move IRQ5 from CPU2 [P:0] to CPU7 [P:1] (banned)
12-05 14:54:53.783   894   894 I MSM-irqbalance: Decided to move IRQ3 from CPU2 [P:0] to CPU6 [P:1] (banned)
12-05 14:54:58.775   894   894 I MSM-irqbalance: Decided to move IRQ5 from CPU1 [P:0] to CPU5 [P:1] (banned)
12-05 14:54:58.777   894   894 I MSM-irqbalance: Decided to move IRQ3 from CPU1 [P:0] to CPU7 [P:1] (banned)
12-05 14:54:58.777   894   894 I MSM-irqbalance: Decided to move IRQ5 from CPU3 [P:0] to CPU4 [P:1] (banned)
12-05 14:54:58.778   894   894 I MSM-irqbalance: Decided to move IRQ3 from CPU3 [P:0] to CPU6 [P:1] (banned)
12-05 14:54:58.779   894   894 I MSM-irqbalance: Decided to move IRQ5 from CPU0 [P:0] to CPU5 [P:1] (banned)
12-05 14:54:58.779   894   894 I MSM-irqbalance: Decided to move IRQ3 from CPU0 [P:0] to CPU7 [P:1] (banned)
12-05 14:54:58.780   894   894 I MSM-irqbalance: Decided to move IRQ5 from CPU2 [P:0] to CPU4 [P:1] (banned)
12-05 14:54:58.780   894   894 I MSM-irqbalance: Decided to move IRQ3 from CPU2 [P:0] to CPU6 [P:1] (banned)
12-05 14:54:59.808   776   776 I cnss-daemon: RTM_NEWNEIGH message received: 28
12-05 14:54:59.808   776   776 E cnss-daemon: Stale or unreachable neighbors, ndm state: 16
12-05 14:54:59.847   776   776 I cnss-daemon: RTM_NEWNEIGH message received: 28
12-05 14:54:59.848   776   776 I cnss-daemon: NDA_DST received: 192.168.43.158 ul: 562995556755648
12-05 14:54:59.848   776   776 I cnss-daemon: NDA_LLADDR received
12-05 14:55:03.775   894   894 I MSM-irqbalance: Decided to move IRQ5 from CPU2 [P:0] to CPU5 [P:1] (banned)
12-05 14:55:03.778   894   894 I MSM-irqbalance: Decided to move IRQ3 from CPU2 [P:0] to CPU7 [P:1] (banned)
12-05 14:55:03.779   894   894 I MSM-irqbalance: Decided to move IRQ5 from CPU3 [P:0] to CPU4 [P:1] (banned)
12-05 14:55:03.780   894   894 I MSM-irqbalance: Decided to move IRQ3 from CPU3 [P:0] to CPU6 [P:1] (banned)
12-05 14:55:03.781   894   894 I MSM-irqbalance: Decided to move IRQ5 from CPU0 [P:0] to CPU5 [P:1] (banned)
12-05 14:55:03.782   894   894 I MSM-irqbalance: Decided to move IRQ3 from CPU0 [P:0] to CPU7 [P:1] (banned)
12-05 14:55:03.783   894   894 I MSM-irqbalance: Decided to move IRQ3 from CPU1 [P:0] to CPU4 [P:1] (banned)
12-05 14:55:03.783   894   894 I MSM-irqbalance: Decided to move IRQ5 from CPU1 [P:0] to CPU6 [P:1] (banned)
12-05 14:55:04.070  1929  1929 D KeyguardUpdateMonitor: received broadcast android.intent.action.BATTERY_CHANGED
12-05 14:55:04.071  2870  2870 I BatteryInfoReceiver: ACTION_BATTERY_CHANGED
12-05 14:55:04.072  2119  2250 W QCNEJ   : |CORE| CNE received unexpected action: android.intent.action.BATTERY_CHANGED
12-05 14:55:04.075  3741  3992 D PowerCheckerService: onBatteryChanged, mBatteryLevel = 100, status = 5, level = 100, plug = 2
12-05 14:55:04.077  3741  3998 D ThermalTempInfoHelper: thermal sensor1 temp is 33
12-05 14:55:04.080  3741  3998 D ThermalTempInfoHelper: thermal sensor1 temp is 33
12-05 14:55:08.775   894   894 I MSM-irqbalance: Decided to move IRQ5 from CPU2 [P:0] to CPU5 [P:1] (banned)
12-05 14:55:08.777   894   894 I MSM-irqbalance: Decided to move IRQ3 from CPU2 [P:0] to CPU7 [P:1] (banned)
12-05 14:55:08.778   894   894 I MSM-irqbalance: Decided to move IRQ5 from CPU3 [P:0] to CPU4 [P:1] (banned)
12-05 14:55:08.779   894   894 I MSM-irqbalance: Decided to move IRQ3 from CPU3 [P:0] to CPU6 [P:1] (banned)
12-05 14:55:08.779   894   894 I MSM-irqbalance: Decided to move IRQ5 from CPU0 [P:0] to CPU5 [P:1] (banned)
12-05 14:55:08.780   894   894 I MSM-irqbalance: Decided to move IRQ3 from CPU0 [P:0] to CPU7 [P:1] (banned)
12-05 14:55:08.781   894   894 I MSM-irqbalance: Decided to move IRQ5 from CPU1 [P:0] to CPU4 [P:1] (banned)
12-05 14:55:08.782   894   894 I MSM-irqbalance: Decided to move IRQ3 from CPU1 [P:0] to CPU6 [P:1] (banned)
12-05 14:55:10.774 15167 15167 D AndroidRuntime: >>>>>> START com.android.internal.os.RuntimeInit uid 2000 <<<<<<
12-05 14:55:10.778 15167 15167 D AndroidRuntime: CheckJNI is OFF
12-05 14:55:10.852 15167 15167 D ICU     : No timezone override file found: /data/misc/zoneinfo/current/icu/icu_tzdata.dat
12-05 14:55:10.880 15167 15167 I Radio-JNI: register_android_hardware_Radio DONE
12-05 14:55:10.901 15167 15167 D AndroidRuntime: Calling main entry com.android.commands.am.Am
12-05 14:55:10.961  1667  2414 I ActivityManager: Force stopping com.xiaomi.mi_connect_service appid=10138 user=0: from process:15167
12-05 14:55:10.961  1667  2414 I AutoStartManagerService: MIUILOG- Reject RestartService packageName :com.xiaomi.mi_connect_service uid : 10138
12-05 14:55:10.962  1667  2414 D AutoStartManagerService: prepare force stop p:15125 s: 19
12-05 14:55:10.962  1667  2414 I Process : Sending signal. PID: 15125 SIG: 19
12-05 14:55:10.963  1667  2414 I ActivityManager: Killing 15125:com.xiaomi.mi_connect_service/u0a138 (adj 0): stop com.xiaomi.mi_connect_service: from process:15167
12-05 14:55:10.954  2414  2414 I Binder:1667_9: type=1400 audit(0.0:11243): avc: denied { sigstop } for scontext=u:r:system_server:s0 tcontext=u:r:platform_app:s0:c512,c768 tclass=process permissive=1
12-05 14:55:10.963  1667  2414 D ActivityManager: cleanUpApplicationRecord -- 15125
12-05 14:55:10.964  1667  2414 W ActivityManager: Crash of app com.xiaomi.mi_connect_service running instrumentation ComponentInfo{com.xiaomi.mi_connect_service.test/androidx.test.runner.AndroidJUnitRunner}
12-05 14:55:10.964  1667  2414 I ActivityManager: Force stopping com.xiaomi.mi_connect_service appid=10138 user=0: finished inst
12-05 14:55:10.965  1667  2414 I AutoStartManagerService: MIUILOG- Reject RestartService packageName :com.xiaomi.mi_connect_service uid : 10138
12-05 14:55:10.966 15116 15116 D AndroidRuntime: Shutting down VM
12-05 14:55:10.967  1667  2414 I ActivityManager: Killing 12504:com.miui.systemAdSolution:ui/u0a65 (adj 906): empty for 1804s
12-05 14:55:10.971 15167 15167 D AndroidRuntime: Shutting down VM
12-05 14:55:10.975  1667  1685 V UidProcStateHelper: process died:[15125,10138]
12-05 14:55:10.977  3741  3923 W MessageQueue: Handler (com.miui.powerkeeper.feedbackcontrol.FeedbackControlService$FeedbackControlHandler) {c59b2d7} sending message to a Handler on a dead thread
12-05 14:55:10.977  3741  3923 W MessageQueue: java.lang.IllegalStateException: Handler (com.miui.powerkeeper.feedbackcontrol.FeedbackControlService$FeedbackControlHandler) {c59b2d7} sending message to a Handler on a dead thread
12-05 14:55:10.977  3741  3923 W MessageQueue: 	at android.os.MessageQueue.enqueueMessage(MessageQueue.java:543)
12-05 14:55:10.977  3741  3923 W MessageQueue: 	at android.os.Handler.enqueueMessage(Handler.java:646)
12-05 14:55:10.977  3741  3923 W MessageQueue: 	at android.os.Handler.sendMessageAtTime(Handler.java:612)
12-05 14:55:10.977  3741  3923 W MessageQueue: 	at android.os.Handler.sendMessageDelayed(Handler.java:582)
12-05 14:55:10.977  3741  3923 W MessageQueue: 	at android.os.Handler.post(Handler.java:338)
12-05 14:55:10.977  3741  3923 W MessageQueue: 	at com.miui.powerkeeper.utils.ProcessObserver.notifyProcessDiedListeners(ProcessObserver.java:432)
12-05 14:55:10.977  3741  3923 W MessageQueue: 	at com.miui.powerkeeper.utils.ProcessObserver.-wrap4(ProcessObserver.java)
12-05 14:55:10.977  3741  3923 W MessageQueue: 	at com.miui.powerkeeper.utils.ProcessObserver$1$2.run(ProcessObserver.java:140)
12-05 14:55:10.977  3741  3923 W MessageQueue: 	at android.os.Handler.handleCallback(Handler.java:754)
12-05 14:55:10.977  3741  3923 W MessageQueue: 	at android.os.Handler.dispatchMessage(Handler.java:95)
12-05 14:55:10.977  3741  3923 W MessageQueue: 	at android.os.Looper.loop(Looper.java:163)
12-05 14:55:10.977  3741  3923 W MessageQueue: 	at android.os.HandlerThread.run(HandlerThread.java:61)
12-05 14:55:10.978  3741  3992 D PowerChecker.Notify: removeNotification, type = 0, uid = 10138, pkg = null
12-05 14:55:10.979  3741  3875 D ActiveStateController: updateStateForUidActiveChangedLocked, uid: 10138 active: false
12-05 14:55:10.980  2154  2154 D CarrierSvcBindHelper: No carrier app for: 0
12-05 14:55:10.981  2154  2154 D CarrierSvcBindHelper: No carrier app for: 1
12-05 14:55:10.991  5491  5503 W AD-PLUGIN-RemoteMethodInvoker: Service[interface com.miui.zeus.msa.app.floating.uiprocess.IFloatingUIInterface, com.miui.zeus.msa.app.floating.uiprocess.IFloatingUIInterface$Stub$a@51ad5df] died, remove from reusing-map!
12-05 14:55:10.991  5491  6744 W AD-PLUGIN-RemoteMethodInvoker: Service[interface com.miui.zeus.msa.app.splashad.aidl.ISplashUIInterface, com.miui.zeus.msa.app.splashad.aidl.ISplashUIInterface$Stub$a@863a1d7] died, remove from reusing-map!
12-05 14:55:10.991  5491  5503 W art     : Before Android 4.1, method double java.util.concurrent.ThreadLocalRandom.internalNextDouble(double, double) would have incorrectly overridden the package-private method in java.util.Random
12-05 14:55:10.991  1667  2414 D ActivityManager: cleanUpApplicationRecord -- 12504
12-05 14:55:10.991  5491  5503 W art     : Before Android 4.1, method int java.util.concurrent.ThreadLocalRandom.internalNextInt(int, int) would have incorrectly overridden the package-private method in java.util.Random
12-05 14:55:10.991  5491  5503 W art     : Before Android 4.1, method long java.util.concurrent.ThreadLocalRandom.internalNextLong(long, long) would have incorrectly overridden the package-private method in java.util.Random
12-05 14:55:10.992  1667  1685 V UidProcStateHelper: process died:[12504,10065]
12-05 14:55:10.993  3741  3923 W MessageQueue: Handler (com.miui.powerkeeper.feedbackcontrol.FeedbackControlService$FeedbackControlHandler) {c59b2d7} sending message to a Handler on a dead thread
12-05 14:55:10.993  3741  3923 W MessageQueue: java.lang.IllegalStateException: Handler (com.miui.powerkeeper.feedbackcontrol.FeedbackControlService$FeedbackControlHandler) {c59b2d7} sending message to a Handler on a dead thread
12-05 14:55:10.993  3741  3923 W MessageQueue: 	at android.os.MessageQueue.enqueueMessage(MessageQueue.java:543)
12-05 14:55:10.993  3741  3923 W MessageQueue: 	at android.os.Handler.enqueueMessage(Handler.java:646)
12-05 14:55:10.993  3741  3923 W MessageQueue: 	at android.os.Handler.sendMessageAtTime(Handler.java:612)
12-05 14:55:10.993  3741  3923 W MessageQueue: 	at android.os.Handler.sendMessageDelayed(Handler.java:582)
12-05 14:55:10.993  3741  3923 W MessageQueue: 	at android.os.Handler.post(Handler.java:338)
12-05 14:55:10.993  3741  3923 W MessageQueue: 	at com.miui.powerkeeper.utils.ProcessObserver.notifyProcessDiedListeners(ProcessObserver.java:432)
12-05 14:55:10.993  3741  3923 W MessageQueue: 	at com.miui.powerkeeper.utils.ProcessObserver.-wrap4(ProcessObserver.java)
12-05 14:55:10.993  3741  3923 W MessageQueue: 	at com.miui.powerkeeper.utils.ProcessObserver$1$2.run(ProcessObserver.java:140)
12-05 14:55:10.993  3741  3923 W MessageQueue: 	at android.os.Handler.handleCallback(Handler.java:754)
12-05 14:55:10.993  3741  3923 W MessageQueue: 	at android.os.Handler.dispatchMessage(Handler.java:95)
12-05 14:55:10.993  3741  3923 W MessageQueue: 	at android.os.Looper.loop(Looper.java:163)
12-05 14:55:10.993  3741  3923 W MessageQueue: 	at android.os.HandlerThread.run(HandlerThread.java:61)
12-05 14:55:10.993  3741  3992 D PowerChecker.Notify: removeNotification, type = 0, uid = 10065, pkg = null
12-05 14:55:10.995  3741  3875 D AppActiveChecker: onProcessDiedListener ignore for other process alive uid=10065
12-05 14:55:11.008  1667 15177 I ActivityManager: Failure reporting to instrumentation watcher: comp=ComponentInfo{com.xiaomi.mi_connect_service.test/androidx.test.runner.AndroidJUnitRunner} results=Bundle[{shortMsg=Process crashed.}]
12-05 14:55:11.541  1929  2391 D NetworkController.MobileSignalController(1): 4G level = 5
12-05 14:55:13.017   776   776 I cnss-daemon: RTM_NEWNEIGH message received: 28
12-05 14:55:13.017   776   776 E cnss-daemon: Stale or unreachable neighbors, ndm state: 4
12-05 14:55:13.776   894   894 I MSM-irqbalance: Decided to move IRQ3 from CPU2 [P:0] to CPU5 [P:1] (banned)
12-05 14:55:13.777   894   894 I MSM-irqbalance: Decided to move IRQ5 from CPU2 [P:0] to CPU7 [P:1] (banned)
12-05 14:55:13.778   894   894 I MSM-irqbalance: Decided to move IRQ5 from CPU3 [P:0] to CPU4 [P:1] (banned)
12-05 14:55:13.779   894   894 I MSM-irqbalance: Decided to move IRQ3 from CPU3 [P:0] to CPU6 [P:1] (banned)
12-05 14:55:13.780   894   894 I MSM-irqbalance: Decided to move IRQ5 from CPU0 [P:0] to CPU5 [P:1] (banned)
12-05 14:55:13.780   894   894 I MSM-irqbalance: Decided to move IRQ3 from CPU0 [P:0] to CPU7 [P:1] (banned)
12-05 14:55:13.781   894   894 I MSM-irqbalance: Decided to move IRQ3 from CPU1 [P:0] to CPU4 [P:1] (banned)
12-05 14:55:13.782   894   894 I MSM-irqbalance: Decided to move IRQ5 from CPU1 [P:0] to CPU6 [P:1] (banned)
12-05 14:55:14.104  1929  2391 D NetworkController.MobileSignalController(1): 4G level = 5
12-05 14:55:18.776   894   894 I MSM-irqbalance: Decided to move IRQ5 from CPU2 [P:0] to CPU5 [P:1] (banned)
12-05 14:55:18.777   894   894 I MSM-irqbalance: Decided to move IRQ3 from CPU2 [P:0] to CPU7 [P:1] (banned)
12-05 14:55:18.778   894   894 I MSM-irqbalance: Decided to move IRQ5 from CPU3 [P:0] to CPU4 [P:1] (banned)
12-05 14:55:18.779   894   894 I MSM-irqbalance: Decided to move IRQ3 from CPU3 [P:0] to CPU6 [P:1] (banned)
12-05 14:55:18.779   894   894 I MSM-irqbalance: Decided to move IRQ5 from CPU0 [P:0] to CPU5 [P:1] (banned)
12-05 14:55:18.780   894   894 I MSM-irqbalance: Decided to move IRQ3 from CPU0 [P:0] to CPU7 [P:1] (banned)
12-05 14:55:18.781   894   894 I MSM-irqbalance: Decided to move IRQ5 from CPU1 [P:0] to CPU4 [P:1] (banned)
12-05 14:55:18.781   894   894 I MSM-irqbalance: Decided to move IRQ3 from CPU1 [P:0] to CPU6 [P:1] (banned)
12-05 14:55:20.035  4066 15181 D AsyTskExecutor: [null] -- BgTimeTick start at 1575528920035
12-05 14:55:20.044  4066 15181 D AsyTskExecutor: [null] -- BgTimeTick end cost 9
12-05 14:55:20.045  4066 15181 D AsyTskExecutor: reset PipelineRunnable = com.alipay.mobile.quinox.asynctask.PipelineRunnable@7830cbe, task = com.alipay.mobile.framework.pipeline.analysis.AnalysedRunnable, threadName = BgTimeTick
