12-05 14:54:51.325 15125 15148 I RTPS_PARTICIPANT:
12-05 14:54:51.328 15125 15157 I RTPS_PARTICIPANT: Thread: 547437880400 created and waiting for tasks.
12-05 14:54:51.330 15125 15148 I RTPS_MSG_IN: Created with CDRMessage of size: 65500
12-05 14:54:51.331 15125 15148 I RTPS_MSG_IN: Created with CDRMessage of size: 65500
12-05 14:54:51.331 15125 15148 I RTPS_MSG_IN: Created with CDRMessage of size: 65500
12-05 14:54:51.332 15125 15148 I RTPS_MSG_IN: Created with CDRMessage of size: 65500
12-05 14:54:51.333 15125 15148 I RTPS_MSG_IN: Created with CDRMessage of size: 65500
12-05 14:54:51.333 15125 15148 I RTPS_MSG_IN: Created with CDRMessage of size: 65500
12-05 14:54:51.333 15125 15148 I RTPS_PARTICIPANT: RTPSParticipant Created with NO default Unicast Locator List, adding Locators:192.168.43.1:7413,


12-05 14:54:51.334 15125 15148 I RTPS_PDP: Beginning
12-05 14:54:51.334 15125 15148 I RTPS_PDP: Beginning
12-05 14:54:51.334 15125 15148 I RTPS_UTILS: Creating CacheChangePool of size: 26 with payload of size: 5000
12-05 14:54:51.334 15125 15148 I RTPS_UTILS: Static Mode is active, preallocating memory for pool_size elements
12-05 14:54:51.334 15125 15148 I RTPS_UTILS: Allocating group of cache changes of size: 26


12-05 14:54:51.334 15125 15148 I RTPS_PARTICIPANT:  of type BEST_EFFORT
12-05 14:54:51.334 15125 15148 I RTPS_READER: RTPSReader created correctly
12-05 14:54:51.336 15125 15148 I RTPS_READER: Writer |GUID UNKNOWN| added to 0.1.0.c7

12-05 14:54:51.336 15125 15148 I RTPS_UTILS: Creating CacheChangePool of size: 21 with payload of size: 5000
12-05 14:54:51.336 15125 15148 I RTPS_UTILS: Static Mode is active, preallocating memory for pool_size elements
12-05 14:54:51.336 15125 15148 I RTPS_UTILS: Allocating group of cache changes of size: 21


12-05 14:54:51.337 15125 15148 I RTPS_PARTICIPANT:  of type BEST_EFFORT
12-05 14:54:51.337 15125 15148 I RTPS_WRITER: RTPSWriter created
12-05 14:54:51.337 15125 15148 I RTPS_READER: Reader |GUID UNKNOWN| added to 0.1.0.c2
12-05 14:54:51.337 15125 15148 I RTPS_PDP: SPDP Endpoints creation finished

12-05 14:54:51.337 15125 15161 I RTPS_WRITER: Finish sending unsent changes
12-05 14:54:51.337 15125 15148 I RTPS_EDP: Beginning Simple Endpoint Discovery Protocol
12-05 14:54:51.337 15125 15148 I RTPS_UTILS: Creating CacheChangePool of size: 21 with payload of size: 5000
12-05 14:54:51.337 15125 15148 I RTPS_UTILS: Static Mode is active, preallocating memory for pool_size elements
12-05 14:54:51.338 15125 15148 I RTPS_UTILS: Allocating group of cache changes of size: 21
12-05 14:54:51.338 15125 15148 I RTPS_PARTICIPANT:  of type RELIABLE
12-05 14:54:51.338 15125 15148 I RTPS_WRITER: RTPSWriter created
12-05 14:54:51.338 15125 15148 I RTPS_EDP: SEDP Publication Writer created
12-05 14:54:51.338 15125 15148 I RTPS_UTILS: Creating CacheChangePool of size: 21 with payload of size: 5000
12-05 14:54:51.338 15125 15148 I RTPS_UTILS: Static Mode is active, preallocating memory for pool_size elements
12-05 14:54:51.338 15125 15148 I RTPS_UTILS: Allocating group of cache changes of size: 21
12-05 14:54:51.338 15125 15148 I RTPS_PARTICIPANT:  of type RELIABLE
12-05 14:54:51.339 15125 15148 I RTPS_READER: RTPSReader created correctly
12-05 14:54:51.339 15125 15148 I RTPS_EDP: SEDP Subscription Reader created
12-05 14:54:51.339 15125 15148 I RTPS_UTILS: Creating CacheChangePool of size: 21 with payload of size: 5000
12-05 14:54:51.339 15125 15148 I RTPS_UTILS: Static Mode is active, preallocating memory for pool_size elements
12-05 14:54:51.339 15125 15148 I RTPS_UTILS: Allocating group of cache changes of size: 21
12-05 14:54:51.339 15125 15148 I RTPS_PARTICIPANT:  of type RELIABLE
12-05 14:54:51.339 15125 15148 I RTPS_READER: RTPSReader created correctly
12-05 14:54:51.339 15125 15148 I RTPS_EDP: SEDP Publication Reader created
12-05 14:54:51.339 15125 15148 I RTPS_UTILS: Creating CacheChangePool of size: 21 with payload of size: 5000
12-05 14:54:51.339 15125 15148 I RTPS_UTILS: Static Mode is active, preallocating memory for pool_size elements
12-05 14:54:51.339 15125 15148 I RTPS_UTILS: Allocating group of cache changes of size: 21
12-05 14:54:51.340 15125 15148 I RTPS_PARTICIPANT:  of type RELIABLE
12-05 14:54:51.340 15125 15148 I RTPS_WRITER: RTPSWriter created
12-05 14:54:51.340 15125 15148 I RTPS_EDP: SEDP Subscription Writer created
12-05 14:54:51.340 15125 15148 I RTPS_EDP: Creation finished
12-05 14:54:51.340 15125 15148 I RTPS_LIVELINESS: Initializing Liveliness Protocol
12-05 14:54:51.340 15125 15148 I RTPS_UTILS: Creating CacheChangePool of size: 21 with payload of size: 100
12-05 14:54:51.340 15125 15148 I RTPS_UTILS: Static Mode is active, preallocating memory for pool_size elements
12-05 14:54:51.340 15125 15148 I RTPS_UTILS: Allocating group of cache changes of size: 21
12-05 14:54:51.340 15125 15148 I RTPS_PARTICIPANT:  of type RELIABLE
12-05 14:54:51.340 15125 15148 I RTPS_WRITER: RTPSWriter created
12-05 14:54:51.340 15125 15148 I RTPS_LIVELINESS: Builtin Liveliness Writer created
12-05 14:54:51.340 15125 15148 I RTPS_UTILS: Creating CacheChangePool of size: 101 with payload of size: 100
12-05 14:54:51.340 15125 15148 I RTPS_UTILS: Static Mode is active, preallocating memory for pool_size elements
12-05 14:54:51.340 15125 15148 I RTPS_UTILS: Allocating group of cache changes of size: 101
12-05 14:54:51.341 15125 15148 I RTPS_PARTICIPANT:  of type RELIABLE
12-05 14:54:51.341 15125 15148 I RTPS_READER: RTPSReader created correctly
12-05 14:54:51.341 15125 15148 I RTPS_LIVELINESS: Builtin Liveliness Reader created
12-05 14:54:51.341 15125 15148 I RTPS_PDP: Announcing RTPSParticipant State (new change: 1)
12-05 14:54:51.341 15125 15148 I RTPS_WRITER: Creating new change
12-05 14:54:51.341 15125 15148 I RTPS_HISTORY: Change 1 added with 172 bytes
12-05 14:54:51.341 15125 15148 I RTPS_WRITER: Sending relevant changes as DATA/DATA_FRAG messages
12-05 14:54:51.341 15125 15148 I RTPS_WRITER: Sending INFO_TS message
12-05 14:54:51.341 15125 15148 I RTPS_MSG_OUT: UDPTransport: 228 bytes TO endpoint: 239.255.0.1:7400 FROM 0.0.0.0:57947


12-05 14:54:51.342 15125 15148 I RTPS_PARTICIPANT: 1.f.40.bb.15.3b.0.0.1.0.0.0|0.0.1.c1
12-05 14:54:51.342 15125 15148 I RTPS_PARTICIPANT: RTPSParticipant "RTPSParticipant" with guidPrefix: 1.f.40.bb.15.3b.0.0.1.0.0.0


12-05 14:54:51.342 15125 15158 I RTPS_MSG_IN: (ID:547426296912) InfoTS Submsg received, processing...
12-05 14:54:51.342 15125 15158 I RTPS_MSG_IN: (ID:547426296912) Data Submsg received, processing.
12-05 14:54:51.342 15125 15158 I RTPS_MSG_IN: (ID:547426296912) from Writer 1.f.40.bb.15.3b.0.0.1.0.0.0|0.1.0.c2; possible RTPSReaders: 4
12-05 14:54:51.342 15125 15158 I RTPS_MSG_IN: (ID:547426296912) Trying to add change 1 TO reader: 0.1.0.c7
12-05 14:54:51.342 15125 15158 I RTPS_HISTORY: Change 1 added with 172 bytes
12-05 14:54:51.342 15125 15158 I RTPS_PDP: SPDP Message received
12-05 14:54:51.342 15125 15158 I RTPS_PDP: Message from own RTPSParticipant, removing
12-05 14:54:51.342 15125 15158 I RTPS_HISTORY: Removing change 1
12-05 14:54:51.342 15125 15158 I RTPS_PARTICIPANT: 1.f.40.bb.15.3b.0.0.1.0.0.0|0.0.1.c1
12-05 14:54:51.342 15125 15148 I RTPS_UTILS: Creating CacheChangePool of size: 501 with payload of size: 500
12-05 14:54:51.342 15125 15148 I RTPS_UTILS: Static Mode is active, preallocating memory for pool_size elements
12-05 14:54:51.342 15125 15158 I RTPS_MSG_IN: (ID:547426296912) Sub Message DATA processed
12-05 14:54:51.342 15125 15148 I RTPS_UTILS: Allocating group of cache changes of size: 501


12-05 14:54:51.343 15125 15148 I RTPS_PARTICIPANT:  of type RELIABLE
12-05 14:54:51.343 15125 15148 I RTPS_WRITER: RTPSWriter created
12-05 14:54:51.343 15125 15148 I RTPS_EDP: Adding 0.0.1.3 in topic Test
12-05 14:54:51.344 15125 15148 I RTPS_PDP: Adding writer proxy data 1.f.40.bb.15.3b.0.0.1.0.0.0|0.0.1.3
12-05 14:54:51.344 15125 15148 I RTPS_EDP: 1.f.40.bb.15.3b.0.0.1.0.0.0|0.0.1.3 in topic: "Test"
12-05 14:54:51.344 15125 15148 I RTPS_EDP: 1.f.40.bb.15.3b.0.0.1.0.0.0|0.0.1.3 in topic: "Test"
12-05 14:54:51.344 15125 15148 I RTPS_EDP: 0.0.1.3


12-05 14:54:51.344 15125 15148 I RTPS_WRITER: Creating new change
12-05 14:54:51.344 15125 15148 I RTPS_HISTORY: Change 1 added with 276 bytes
12-05 14:54:51.344 15125 15148 I RTPS_WRITER: No reader proxy to add change.
12-05 14:54:51.344 15125 15148 I RTPS_PARTICIPANT: 1.f.40.bb.15.3b.0.0.1.0.0.0|0.0.1.c1
12-05 14:54:51.344 15125 15148 I RTPS_PROXY_DATA: 1.f.40.bb.15.3b.0.0.1.0.0.0|0.0.1.3
12-05 14:54:51.344 15125 15148 I RTPS_LIVELINESS: 0.0.1.3 to Liveliness Protocol


12-05 14:54:51.345 15125 15148 I RTPS_WRITER: Creating new change
12-05 14:54:51.345 15125 15148 I RTPS_HISTORY: Change 1 added with 11 bytes
12-05 14:54:51.345 15125 15148 I RTPS_WRITER: No reader proxy to add change.


12-05 14:54:51.551 15125 15158 I RTPS_MSG_IN: (ID:547426296912) InfoTS Submsg received, processing...
12-05 14:54:51.551 15125 15158 I RTPS_MSG_IN: (ID:547426296912) Data Submsg received, processing.
12-05 14:54:51.552 15125 15159 I RTPS_MSG_IN: (ID:547425260624) InfoDST message received, processing...


12-05 14:54:51.552 15125 15158 I RTPS_MSG_IN: (ID:547426296912) from Writer 1.f.13.9f.8b.5c.0.0.1.0.0.0|0.1.0.c2; possible RTPSReaders: 4
12-05 14:54:51.552 15125 15158 I RTPS_MSG_IN: (ID:547426296912) Trying to add change 1 TO reader: 0.1.0.c7

12-05 14:54:51.552 15125 15159 I RTPS_MSG_IN: (ID:547425260624) DST RTPSParticipant is now: 1.f.40.bb.15.3b.0.0.1.0.0.0
12-05 14:54:51.552 15125 15158 I RTPS_HISTORY: Change 1 added with 172 bytes
12-05 14:54:51.552 15125 15159 I RTPS_MSG_IN: (ID:547425260624) Heartbeat Submsg received, processing...
12-05 14:54:51.552 15125 15158 I RTPS_PDP: SPDP Message received


12-05 14:54:51.552 15125 15159 I RTPS_MSG_IN: (ID:547425260624) InfoDST message received, processing...
12-05 14:54:51.552 15125 15159 I RTPS_MSG_IN: (ID:547425260624) DST RTPSParticipant is now: 1.f.40.bb.15.3b.0.0.1.0.0.0
12-05 14:54:51.553 15125 15158 I RTPS_PDP: Announcing RTPSParticipant State (new change: 0)
12-05 14:54:51.553 15125 15159 I RTPS_MSG_IN: (ID:547425260624) Heartbeat Submsg received, processing...
12-05 14:54:51.553 15125 15159 I RTPS_MSG_IN: (ID:547425260624) InfoDST message received, processing...
12-05 14:54:51.553 15125 15159 I RTPS_MSG_IN: (ID:547425260624) DST RTPSParticipant is now: 1.f.40.bb.15.3b.0.0.1.0.0.0
12-05 14:54:51.553 15125 15161 I RTPS_WRITER: Sending relevant changes as DATA/DATA_FRAG messages
12-05 14:54:51.553 15125 15159 I RTPS_MSG_IN: (ID:547425260624) Heartbeat Submsg received, processing...
12-05 14:54:51.553 15125 15161 I RTPS_WRITER: Sending INFO_TS message
12-05 14:54:51.554 15125 15161 I RTPS_MSG_OUT: UDPTransport: 228 bytes TO endpoint: 239.255.0.1:7400 FROM 0.0.0.0:57947
12-05 14:54:51.554 15125 15161 I RTPS_WRITER: Finish sending unsent changes
12-05 14:54:51.554 15125 15158 I RTPS_PDP: For RTPSParticipant: 1.f.13.9f.8b.5c.0.0.1.0.0.0
12-05 14:54:51.554 15125 15158 I RTPS_READER: Writer 1.f.13.9f.8b.5c.0.0.1.0.0.0|0.1.0.c2 added to 0.1.0.c7
12-05 14:54:51.555 15125 15158 I RTPS_READER: Reader 1.f.13.9f.8b.5c.0.0.1.0.0.0|0.1.0.c7 added to 0.1.0.c2
12-05 14:54:51.555 15125 15161 I RTPS_WRITER: Sending relevant changes as DATA/DATA_FRAG messages
12-05 14:54:51.555 15125 15161 I RTPS_WRITER: Sending INFO_TS message
12-05 14:54:51.557 15125 15161 I RTPS_MSG_OUT: UDPTransport: 228 bytes TO endpoint: 239.255.0.1:7400 FROM 0.0.0.0:57947
12-05 14:54:51.557 15125 15161 I RTPS_WRITER: Finish sending unsent changes
12-05 14:54:51.557 15125 15158 I RTPS_EDP: New DPD received, adding remote endpoints to our SimpleEDP endpoints
12-05 14:54:51.557 15125 15158 I RTPS_EDP: Adding SEDP Pub Writer to my Pub Reader
12-05 14:54:51.558 15125 15158 I RTPS_READER: Writer Proxy created in reader: 0.0.3.c7
12-05 14:54:51.558 15125 15158 I RTPS_READER: Writer Proxy 1.f.13.9f.8b.5c.0.0.1.0.0.0|0.0.3.c2 added to 0.0.3.c7
12-05 14:54:51.558 15125 15158 I RTPS_EDP: Adding SEDP Pub Reader to my Pub Writer
12-05 14:54:51.559 15125 15158 I RTPS_WRITER: Reader Proxy started
12-05 14:54:51.559 15125 15158 I RTPS_WRITER: 0.0.3.c2 Sending Heartbeat (1 - 1)


12-05 14:54:51.559 15125 15158 I RTPS_MSG_OUT: UDPTransport: 68 bytes TO endpoint: 192.168.43.158:7412 FROM 0.0.0.0:57947

12-05 14:54:51.560 15125 15158 I RTPS_WRITER: Reader Proxy 1.f.13.9f.8b.5c.0.0.1.0.0.0|0.0.3.c7 added to 0.0.3.c2 with 1(u)-1(m) locators
12-05 14:54:51.560 15125 15158 I RTPS_EDP: Adding SEDP Sub Writer to my Sub Reader
12-05 14:54:51.560 15125 15158 I RTPS_READER: Writer Proxy created in reader: 0.0.4.c7
12-05 14:54:51.562 15125 15158 I RTPS_READER: Writer Proxy 1.f.13.9f.8b.5c.0.0.1.0.0.0|0.0.4.c2 added to 0.0.4.c7
12-05 14:54:51.562 15125 15158 I RTPS_EDP: Adding SEDP Sub Reader to my Sub Writer
12-05 14:54:51.563 15125 15158 I RTPS_WRITER: Reader Proxy started
12-05 14:54:51.563 15125 15158 I RTPS_WRITER: 0.0.4.c2 Sending Heartbeat (1 - 0)
12-05 14:54:51.563 15125 15158 I RTPS_MSG_OUT: UDPTransport: 68 bytes TO endpoint: 192.168.43.158:7412 FROM 0.0.0.0:57947
12-05 14:54:51.564 15125 15158 I RTPS_WRITER: Reader Proxy 1.f.13.9f.8b.5c.0.0.1.0.0.0|0.0.4.c7 added to 0.0.4.c2 with 1(u)-1(m) locators
12-05 14:54:51.564 15125 15158 I RTPS_LIVELINESS: Adding remote writer to my local Builtin Reader
12-05 14:54:51.564 15125 15158 I RTPS_READER: Writer Proxy created in reader: 0.2.0.c7
12-05 14:54:51.565 15125 15158 I RTPS_READER: Writer Proxy 1.f.13.9f.8b.5c.0.0.1.0.0.0|0.2.0.c2 added to 0.2.0.c7
12-05 14:54:51.565 15125 15158 I RTPS_LIVELINESS: Adding remote reader to my local Builtin Writer
12-05 14:54:51.565 15125 15158 I RTPS_WRITER: Reader Proxy started
12-05 14:54:51.565 15125 15158 I RTPS_WRITER: 0.2.0.c2 Sending Heartbeat (1 - 0)
12-05 14:54:51.566 15125 15158 I RTPS_MSG_OUT: UDPTransport: 68 bytes TO endpoint: 192.168.43.158:7412 FROM 0.0.0.0:57947
12-05 14:54:51.566 15125 15158 I RTPS_WRITER: Reader Proxy 1.f.13.9f.8b.5c.0.0.1.0.0.0|0.2.0.c7 added to 0.2.0.c2 with 1(u)-1(m) locators
12-05 14:54:51.566 15125 15158 I RTPS_PARTICIPANT: 1.f.13.9f.8b.5c.0.0.1.0.0.0|0.0.1.c1
12-05 14:54:51.566 15125 15158 I RTPS_HISTORY: Removing change 1
12-05 14:54:51.567 15125 15158 I RTPS_MSG_IN: (ID:547426296912) Sub Message DATA processed
12-05 14:54:51.567 15125 15158 I RTPS_MSG_IN: (ID:547426296912) InfoTS Submsg received, processing...
12-05 14:54:51.567 15125 15158 I RTPS_MSG_IN: (ID:547426296912) Data Submsg received, processing.
12-05 14:54:51.567 15125 15158 I RTPS_MSG_IN: (ID:547426296912) from Writer 1.f.13.9f.8b.5c.0.0.1.0.0.0|0.1.0.c2; possible RTPSReaders: 4
12-05 14:54:51.567 15125 15158 I RTPS_MSG_IN: (ID:547426296912) Trying to add change 1 TO reader: 0.1.0.c7
12-05 14:54:51.567 15125 15158 I RTPS_MSG_IN: (ID:547426296912) MessageReceiver not add change 1
12-05 14:54:51.568 15125 15158 I RTPS_LIVELINESS: RTPSParticipant 1.f.13.9f.8b.5c.0.0.1.0.0.0|0.0.1.c1 is Alive
12-05 14:54:51.568 15125 15158 I RTPS_LIVELINESS:  Stopped for RTPSParticipant with ID: 1.f.13.9f.8b.5c.0.0.1.0.0.0
12-05 14:54:51.568 15125 15158 I RTPS_MSG_IN: (ID:547426296912) Sub Message DATA processed
12-05 14:54:51.568 15125 15158 I RTPS_MSG_IN: (ID:547426296912) InfoTS Submsg received, processing...
12-05 14:54:51.568 15125 15158 I RTPS_MSG_IN: (ID:547426296912) Data Submsg received, processing.
12-05 14:54:51.569 15125 15158 I RTPS_MSG_IN: (ID:547426296912) from Writer 1.f.40.bb.15.3b.0.0.1.0.0.0|0.1.0.c2; possible RTPSReaders: 4
12-05 14:54:51.569 15125 15158 I RTPS_MSG_IN: (ID:547426296912) Trying to add change 1 TO reader: 0.1.0.c7
12-05 14:54:51.569 15125 15158 I RTPS_MSG_IN: (ID:547426296912) MessageReceiver not add change 1
12-05 14:54:51.569 15125 15158 I RTPS_LIVELINESS: RTPSParticipant 1.f.40.bb.15.3b.0.0.1.0.0.0|0.0.1.c1 is Alive
12-05 14:54:51.569 15125 15158 I RTPS_MSG_IN: (ID:547426296912) Sub Message DATA processed
12-05 14:54:51.570 15125 15158 I RTPS_MSG_IN: (ID:547426296912) InfoTS Submsg received, processing...
12-05 14:54:51.570 15125 15158 I RTPS_MSG_IN: (ID:547426296912) Data Submsg received, processing.
12-05 14:54:51.570 15125 15158 I RTPS_MSG_IN: (ID:547426296912) from Writer 1.f.40.bb.15.3b.0.0.1.0.0.0|0.1.0.c2; possible RTPSReaders: 4
12-05 14:54:51.570 15125 15158 I RTPS_MSG_IN: (ID:547426296912) Trying to add change 1 TO reader: 0.1.0.c7
12-05 14:54:51.570 15125 15158 I RTPS_MSG_IN: (ID:547426296912) MessageReceiver not add change 1
12-05 14:54:51.572 15125 15158 I RTPS_LIVELINESS: RTPSParticipant 1.f.40.bb.15.3b.0.0.1.0.0.0|0.0.1.c1 is Alive
12-05 14:54:51.572 15125 15158 I RTPS_MSG_IN: (ID:547426296912) Sub Message DATA processed
12-05 14:54:51.577 15125 15159 I RTPS_MSG_IN: (ID:547425260624) InfoDST message received, processing...
12-05 14:54:51.577 15125 15159 I RTPS_MSG_IN: (ID:547425260624) DST RTPSParticipant is now: 1.f.40.bb.15.3b.0.0.1.0.0.0
12-05 14:54:51.577 15125 15159 I RTPS_MSG_IN: (ID:547425260624) Acknack Submsg received, processing...
12-05 14:54:51.578 15125 15159 I RTPS_MSG_IN: (ID:547425260624) InfoDST message received, processing...
12-05 14:54:51.578 15125 15159 I RTPS_MSG_IN: (ID:547425260624) DST RTPSParticipant is now: 1.f.40.bb.15.3b.0.0.1.0.0.0
12-05 14:54:51.578 15125 15159 I RTPS_MSG_IN: (ID:547425260624) Acknack Submsg received, processing...
12-05 14:54:51.578 15125 15159 I RTPS_WRITER: Requested Changes: 1:1-
12-05 14:54:51.587 15125 15159 I RTPS_MSG_IN: (ID:547425260624) InfoDST message received, processing...
12-05 14:54:51.587 15125 15159 I RTPS_MSG_IN: (ID:547425260624) DST RTPSParticipant is now: 1.f.40.bb.15.3b.0.0.1.0.0.0
12-05 14:54:51.587 15125 15159 I RTPS_MSG_IN: (ID:547425260624) Acknack Submsg received, processing...
12-05 14:54:51.613 15125 15159 I RTPS_MSG_IN: (ID:547425260624) InfoDST message received, processing...
12-05 14:54:51.613 15125 15159 I RTPS_MSG_IN: (ID:547425260624) DST RTPSParticipant is now: 1.f.40.bb.15.3b.0.0.1.0.0.0
12-05 14:54:51.613 15125 15159 I RTPS_MSG_IN: (ID:547425260624) Acknack Submsg received, processing...
12-05 14:54:51.613 15125 15159 I RTPS_WRITER: 0.0.3.c2 Sending Heartbeat (1 - 1)
12-05 14:54:51.614 15125 15159 I RTPS_MSG_OUT: UDPTransport: 68 bytes TO endpoint: 192.168.43.158:7412 FROM 0.0.0.0:57947
12-05 14:54:51.614 15125 15159 I RTPS_MSG_IN: (ID:547425260624) InfoDST message received, processing...
12-05 14:54:51.614 15125 15159 I RTPS_MSG_IN: (ID:547425260624) DST RTPSParticipant is now: 1.f.40.bb.15.3b.0.0.1.0.0.0
12-05 14:54:51.614 15125 15159 I RTPS_MSG_IN: (ID:547425260624) Acknack Submsg received, processing...
12-05 14:54:51.615 15125 15159 I RTPS_WRITER: 0.0.4.c2 Sending Heartbeat (1 - 0)
12-05 14:54:51.615 15125 15159 I RTPS_MSG_OUT: UDPTransport: 68 bytes TO endpoint: 192.168.43.158:7412 FROM 0.0.0.0:57947
12-05 14:54:51.616 15125 15159 I RTPS_MSG_IN: (ID:547425260624) InfoDST message received, processing...
12-05 14:54:51.616 15125 15159 I RTPS_MSG_IN: (ID:547425260624) DST RTPSParticipant is now: 1.f.40.bb.15.3b.0.0.1.0.0.0
12-05 14:54:51.616 15125 15159 I RTPS_MSG_IN: (ID:547425260624) Acknack Submsg received, processing...
12-05 14:54:51.616 15125 15159 I RTPS_WRITER: 0.2.0.c2 Sending Heartbeat (1 - 0)
12-05 14:54:51.616 15125 15159 I RTPS_MSG_OUT: UDPTransport: 68 bytes TO endpoint: 192.168.43.158:7412 FROM 0.0.0.0:57947
12-05 14:54:51.629 15125 15157 I RTPS_READER: Sending ACKNACK: 0:
12-05 14:54:51.629 15125 15157 I RTPS_MSG_OUT: UDPTransport: 64 bytes TO endpoint: 192.168.43.158:7412 FROM 0.0.0.0:57947
12-05 14:54:51.631 15125 15157 I RTPS_READER: Sending ACKNACK: 0:
12-05 14:54:51.631 15125 15157 I RTPS_MSG_OUT: UDPTransport: 64 bytes TO endpoint: 192.168.43.158:7412 FROM 0.0.0.0:57947
12-05 14:54:51.634 15125 15157 I RTPS_READER: Sending ACKNACK: 0:
12-05 14:54:51.635 15125 15157 I RTPS_MSG_OUT: UDPTransport: 64 bytes TO endpoint: 192.168.43.158:7412 FROM 0.0.0.0:57947
12-05 14:54:51.639 15125 15159 I RTPS_MSG_IN: (ID:547425260624) InfoDST message received, processing...
12-05 14:54:51.639 15125 15159 I RTPS_MSG_IN: (ID:547425260624) DST RTPSParticipant is now: 1.f.40.bb.15.3b.0.0.1.0.0.0
12-05 14:54:51.639 15125 15159 I RTPS_MSG_IN: (ID:547425260624) Heartbeat Submsg received, processing...
12-05 14:54:51.640 15125 15159 I RTPS_READER: 0.0.3.c2: up to seqNum: 1
12-05 14:54:51.640 15125 15159 I RTPS_READER: 0.0.3.c2: changes up to seqNum: 0 missing.
12-05 14:54:51.640 15125 15159 I RTPS_MSG_IN: (ID:547425260624) InfoDST message received, processing...
12-05 14:54:51.640 15125 15159 I RTPS_MSG_IN: (ID:547425260624) DST RTPSParticipant is now: 1.f.40.bb.15.3b.0.0.1.0.0.0
12-05 14:54:51.640 15125 15159 I RTPS_MSG_IN: (ID:547425260624) Heartbeat Submsg received, processing...
12-05 14:54:51.641 15125 15159 I RTPS_READER: 0.0.4.c2: up to seqNum: 1
12-05 14:54:51.641 15125 15159 I RTPS_READER: 0.0.4.c2: changes up to seqNum: 1 missing.
12-05 14:54:51.641 15125 15159 I RTPS_MSG_IN: (ID:547425260624) InfoDST message received, processing...
12-05 14:54:51.641 15125 15159 I RTPS_MSG_IN: (ID:547425260624) DST RTPSParticipant is now: 1.f.40.bb.15.3b.0.0.1.0.0.0
12-05 14:54:51.641 15125 15159 I RTPS_MSG_IN: (ID:547425260624) Heartbeat Submsg received, processing...
12-05 14:54:51.641 15125 15159 I RTPS_READER: 0.2.0.c2: up to seqNum: 1
12-05 14:54:51.642 15125 15159 I RTPS_READER: 0.2.0.c2: changes up to seqNum: 0 missing.
12-05 14:54:51.647 15125 15157 I RTPS_READER:
12-05 14:54:51.648 15125 15157 I RTPS_READER: Sending ACKNACK: 1:
12-05 14:54:51.648 15125 15157 I RTPS_MSG_OUT: UDPTransport: 64 bytes TO endpoint: 192.168.43.158:7412 FROM 0.0.0.0:57947
12-05 14:54:51.652 15125 15157 I RTPS_READER:
12-05 14:54:51.652 15125 15157 I RTPS_READER: Sending ACKNACK: 1:
12-05 14:54:51.653 15125 15157 I RTPS_MSG_OUT: UDPTransport: 64 bytes TO endpoint: 192.168.43.158:7412 FROM 0.0.0.0:57947
12-05 14:54:51.653 15125 15157 I RTPS_READER:
12-05 14:54:51.653 15125 15157 I RTPS_READER: Sending ACKNACK: 1:1-
12-05 14:54:51.654 15125 15157 I RTPS_MSG_OUT: UDPTransport: 68 bytes TO endpoint: 192.168.43.158:7412 FROM 0.0.0.0:57947
12-05 14:54:51.655 15125 15159 I RTPS_MSG_IN: (ID:547425260624) InfoDST message received, processing...
12-05 14:54:51.655 15125 15159 I RTPS_MSG_IN: (ID:547425260624) DST RTPSParticipant is now: 1.f.40.bb.15.3b.0.0.1.0.0.0
12-05 14:54:51.655 15125 15159 I RTPS_MSG_IN: (ID:547425260624) Acknack Submsg received, processing...
12-05 14:54:51.655 15125 15159 I RTPS_MSG_IN: (ID:547425260624) InfoDST message received, processing...
12-05 14:54:51.655 15125 15159 I RTPS_MSG_IN: (ID:547425260624) DST RTPSParticipant is now: 1.f.40.bb.15.3b.0.0.1.0.0.0
12-05 14:54:51.655 15125 15159 I RTPS_MSG_IN: (ID:547425260624) Acknack Submsg received, processing...
12-05 14:54:51.656 15125 15159 I RTPS_MSG_IN: (ID:547425260624) InfoDST message received, processing...
12-05 14:54:51.657 15125 15159 I RTPS_MSG_IN: (ID:547425260624) DST RTPSParticipant is now: 1.f.40.bb.15.3b.0.0.1.0.0.0
12-05 14:54:51.657 15125 15159 I RTPS_MSG_IN: (ID:547425260624) Acknack Submsg received, processing...
12-05 14:54:51.671 15125 15157 I RTPS_WRITER: Responding to Acknack messages
12-05 14:54:51.672 15125 15161 I RTPS_WRITER: Sending relevant changes as DATA/DATA_FRAG messages
12-05 14:54:51.672 15125 15161 I RTPS_WRITER: Sending INFO_TS message
12-05 14:54:51.672 15125 15161 I RTPS_MSG_OUT: UDPTransport: 348 bytes TO endpoint: 192.168.43.158:7412 FROM 0.0.0.0:57947
12-05 14:54:51.673 15125 15161 I RTPS_WRITER: Finish sending unsent changes
12-05 14:54:51.684 15125 15157 I RTPS_WRITER: Changing underway to unacked for Reader: 1.f.13.9f.8b.5c.0.0.1.0.0.0|0.0.3.c7
12-05 14:54:51.755 15125 15159 I RTPS_MSG_IN: (ID:547425260624) InfoDST message received, processing...
12-05 14:54:51.755 15125 15159 I RTPS_MSG_IN: (ID:547425260624) DST RTPSParticipant is now: 1.f.40.bb.15.3b.0.0.1.0.0.0
12-05 14:54:51.755 15125 15159 I RTPS_MSG_IN: (ID:547425260624) InfoTS Submsg received, processing...
12-05 14:54:51.755 15125 15159 I RTPS_MSG_IN: (ID:547425260624) Data Submsg received, processing.
12-05 14:54:51.755 15125 15159 I RTPS_MSG_IN: (ID:547425260624) from Writer 1.f.13.9f.8b.5c.0.0.1.0.0.0|0.0.4.c2; possible RTPSReaders: 4
12-05 14:54:51.756 15125 15159 I RTPS_MSG_IN: (ID:547425260624) Trying to add change 1 TO reader: 0.0.4.c7
12-05 14:54:51.756 15125 15159 I RTPS_HISTORY: Change 1 added with 268 bytes
12-05 14:54:51.756 15125 15159 I RTPS_READER: 0.0.4.c2: seqNum: 1
12-05 14:54:51.756 15125 15159 I RTPS_EDP:


12-05 14:54:51.757 15125 15159 I RTPS_PDP: Adding reader proxy data 1.f.13.9f.8b.5c.0.0.1.0.0.0|0.0.1.4
12-05 14:54:51.757 15125 15159 I RTPS_EDP: 1.f.13.9f.8b.5c.0.0.1.0.0.0|0.0.1.4 in topic: "Test"

12-05 14:54:51.758 15125 15159 I RTPS_WRITER: Reader Proxy started
12-05 14:54:51.758 15125 15159 I RTPS_WRITER: 0.0.1.3 Sending Heartbeat (1 - 1)
12-05 14:54:51.759 15125 15159 I RTPS_MSG_OUT: UDPTransport: 100 bytes TO endpoint: 192.168.43.158:7413 FROM 0.0.0.0:57947
12-05 14:54:51.760 15125 15159 I RTPS_WRITER: Reader Proxy 1.f.13.9f.8b.5c.0.0.1.0.0.0|0.0.1.4 added to 0.0.1.3 with 1(u)-0(m) locators
12-05 14:54:51.760 15125 15159 I RTPS_EDP: Valid Matching to local writer: 0.0.1.3
12-05 14:54:51.760 15125 15159 I RTPS_PROXY_DATA: 1.f.40.bb.15.3b.0.0.1.0.0.0|0.0.1.3
12-05 14:54:51.760 15125 15159 I RTPS_PARTICIPANT: 1.f.40.bb.15.3b.0.0.1.0.0.0|0.0.1.c1
12-05 14:54:51.761 15125 15159 I RTPS_PARTICIPANT: 1.f.13.9f.8b.5c.0.0.1.0.0.0|0.0.1.c1
12-05 14:54:51.761 15125 15159 I RTPS_PROXY_DATA: ReaderProxyData destructor: 1.f.13.9f.8b.5c.0.0.1.0.0.0|0.0.1.4
12-05 14:54:51.761 15125 15159 I RTPS_HISTORY: Removing change 1
12-05 14:54:51.761 15125 15159 I RTPS_READER: 0.0.4.c7 FINDS writerProxy 1.f.13.9f.8b.5c.0.0.1.0.0.0|0.0.4.c2 from 1
12-05 14:54:51.761 15125 15159 I RTPS_MSG_IN: (ID:547425260624) Sub Message DATA processed
12-05 14:54:52.558 15125 15159 I RTPS_MSG_IN: (ID:547425260624) InfoDST message received, processing...
12-05 14:54:52.558 15125 15159 I RTPS_MSG_IN: (ID:547425260624) DST RTPSParticipant is now: 1.f.40.bb.15.3b.0.0.1.0.0.0
12-05 14:54:52.558 15125 15159 I RTPS_MSG_IN: (ID:547425260624) Heartbeat Submsg received, processing...
12-05 14:54:52.558 15125 15159 I RTPS_READER: 0.0.4.c2: up to seqNum: 1
12-05 14:54:52.558 15125 15159 I RTPS_READER: 0.0.4.c2: changes up to seqNum: 1 missing.
12-05 14:54:52.560 15125 15157 I RTPS_WRITER: 0.0.3.c2 Sending Heartbeat (1 - 1)
12-05 14:54:52.561 15125 15157 I RTPS_MSG_OUT: UDPTransport: 68 bytes TO endpoint: 192.168.43.158:7412 FROM 0.0.0.0:57947
12-05 14:54:52.570 15125 15157 I RTPS_READER:
12-05 14:54:52.570 15125 15157 I RTPS_READER: Sending ACKNACK: 2:
12-05 14:54:52.570 15125 15157 I RTPS_MSG_OUT: UDPTransport: 64 bytes TO endpoint: 192.168.43.158:7412 FROM 0.0.0.0:57947
12-05 14:54:52.586 15125 15159 I RTPS_MSG_IN: (ID:547425260624) InfoDST message received, processing...
12-05 14:54:52.586 15125 15159 I RTPS_MSG_IN: (ID:547425260624) DST RTPSParticipant is now: 1.f.40.bb.15.3b.0.0.1.0.0.0
12-05 14:54:52.586 15125 15159 I RTPS_MSG_IN: (ID:547425260624) Acknack Submsg received, processing...
