12-10 17:39:00.550  3849  3849 D OIC_CA_IP_SERVER: Adding a new IPv4 interface(29) to multicast group
12-10 17:39:00.550  3849  3885 D OIC_CA_CONN_MGR: CAAddNetworkType(CA_GATT_ADAPTER) function returns result : 0
12-10 17:39:00.550  3849  3885 D OIC_RI_STACK: call CASelectNetwork [32]
12-10 17:39:00.550  3849  3885 D OIC_CA_INF_CTR: Start the adapter of CAConnectivityType[32]
12-10 17:39:00.550  3849  3885 E OIC_CA_INF_CTR: unknown connectivity type!
12-10 17:39:00.550  3849  3885 D OIC_CA_CONN_MGR: CAAddNetworkType(CA_ADAPTER_NFC) function returns result : 255
12-10 17:39:00.550  3849  3885 D OIC_CA_COMMON_UTILS: CARegisterNetworkMonitorHandler
12-10 17:39:00.550  3849  3885 D OIC_CA_INF_CTR: Set network monitoring callback
12-10 17:39:00.550  3849  3885 D OIC_CA_INF_CTR: Add NetworkStateChanged Callback
12-10 17:39:00.550  3849  3885 D OIC_CA_CONN_MGR: CARegisterHandler
12-10 17:39:00.550  3849  3885 D OIC_CA_CONN_MGR: CAStartDiscoveryServer
12-10 17:39:00.550  3849  3885 D OIC_CA_IP_SERVER: Adapter is started already
12-10 17:39:00.550  3849  3885 D OIC_CA_EDR_SERVER: accept flag is set false
12-10 17:39:00.551  1678  2453 D BluetoothManagerService: checkIfCallerIsForegroundUser: valid=true callingUser=0 parentUser=-10000 foregroundUser=0
12-10 17:39:00.551  3849  3885 D OIC_CA_EDR_SERVER: My BT Address is 02:00:00:00:00:00
12-10 17:39:00.551  3849  3885 D OIC_CA_EDR_UTILS: CAEDRNativeCreateDeviceStateList
12-10 17:39:00.551  3849  3885 D OIC_CA_EDR_UTILS: CAEDRNativeCreateDeviceSocketList
12-10 17:39:00.551  3849  3885 D OIC_CA_UTHREADPOOL: IN
12-10 17:39:00.551  3849  3885 D OIC_CA_UTHREADPOOL: OUT
12-10 17:39:00.551  3849  3894 D OIC_CA_EDR_SERVER: AcceptThread start
12-10 17:39:00.551  3849  3885 D OIC_CA_EDR_SERVER: CAEDRStartReceiveThread
12-10 17:39:00.551  3849  3894 D OIC_CA_EDR_SERVER: Could not get JNIEnv pointer
12-10 17:39:00.551  3849  3885 D OIC_CA_UTHREADPOOL: IN
12-10 17:39:00.552  3849  3885 D OIC_CA_UTHREADPOOL: OUT
12-10 17:39:00.552  3849  3885 D OIC_CA_EDR_SERVER: OUT
12-10 17:39:00.552  3849  3895 D OIC_CA_EDR_SERVER: IN - CAReceiveHandler
12-10 17:39:00.552  3849  3885 D OIC_CA_LE_ADAP: IN - CAStartLEDiscoveryServer
12-10 17:39:00.552  3849  3895 D OIC_CA_EDR_SERVER: CAReceiveHandler - Could not get JNIEnv pointer
12-10 17:39:00.552  3849  3885 D OIC_CA_LE_ADAP: CAInitLEClientSenderQueue
12-10 17:39:00.552  3849  3885 D OIC_CA_QING: thread initialize..
12-10 17:39:00.552  3849  3885 D OIC_CA_LE_ADAP: CAInitLEClientReceiverQueue
12-10 17:39:00.552  3849  3885 D OIC_CA_QING: thread initialize..
12-10 17:39:00.552  3849  3885 D OIC_CA_UTHREADPOOL: IN
12-10 17:39:00.552  3849  3894 D OIC_CA_EDR_SERVER: CAEDRNativeListen - IN
12-10 17:39:00.552  3849  3885 D OIC_CA_UTHREADPOOL: OUT
12-10 17:39:00.553  3849  3896 D OIC_CA_QING: message handler main thread start..
12-10 17:39:00.553  3849  3896 D OIC_CA_QING: wait..
12-10 17:39:00.554  3849  3885 D OIC_CA_LE_UTILS: adapter state is 1
12-10 17:39:00.554  3849  3885 D OIC_CA_LE_ADAP: CALEAdapterGattClientStart
12-10 17:39:00.554  3849  3885 D OIC_CA_UTHREADPOOL: IN
12-10 17:39:00.554  3849  3885 D OIC_CA_UTHREADPOOL: OUT
12-10 17:39:00.554  3849  3885 D OIC_CA_UTHREADPOOL: IN
12-10 17:39:00.554  3849  3885 D OIC_CA_UTHREADPOOL: OUT
12-10 17:39:00.554  3849  3885 D OIC_CA_LE_ADAP: OUT
12-10 17:39:00.554  3849  3885 D OIC_CA_INF_CTR: unknown connectivity type!
12-10 17:39:00.554  3849  3885 I OIC_RI_STACK: Client mode: CAStartDiscoveryServer
12-10 17:39:00.554  3849  3898 D OIC_CA_QING: message handler main thread start..
12-10 17:39:00.554  3849  3885 I OIC_CLIENT_WRAPPER: start
12-10 17:39:00.554  3849  3898 D OIC_CA_QING: wait..
12-10 17:39:00.554  3849  3897 D OIC_CA_LE_CLIENT: scan waiting time out
12-10 17:39:00.554  3849  3897 D OIC_CA_LE_CLIENT: scan thread is started
12-10 17:39:00.554  3849  3897 D OIC_CA_LE_CLIENT: CALEClientSetScanInterval : 10 -> 0, next scan state will be 1
12-10 17:39:00.554  3849  3897 D OIC_CA_LE_CLIENT: wait for Scan Interval Time during 0 sec
12-10 17:39:00.555  1678  2203 D BluetoothManagerService: checkIfCallerIsForegroundUser: valid=true callingUser=0 parentUser=-10000 foregroundUser=0
12-10 17:39:00.556  3849  3894 W BluetoothAdapter: getBluetoothService() called with no BluetoothManagerCallback
12-10 17:39:00.558  3849  3894 D OIC_CA_EDR_SERVER: CAEDRNativeListen - OUT
12-10 17:39:00.558  3849  3894 D OIC_CA_EDR_SERVER: CAEDRNativeAccept - IN
12-10 17:39:00.558  3849  3894 D OIC_CA_EDR_SERVER: waiting for the new connection request...
12-10 17:39:00.647  1678  1760 W qti_sensors_hal: timestampCalc: Adjusting timestamp for rollover: 357366729465119, -1
12-10 17:39:00.846  1678  1760 W qti_sensors_hal: timestampCalc: Adjusting timestamp for rollover: 357366929019562, -1
12-10 17:39:01.046  1678  1760 W qti_sensors_hal: timestampCalc: Adjusting timestamp for rollover: 357367128574005, -1
12-10 17:39:01.246  1678  1760 W qti_sensors_hal: timestampCalc: Adjusting timestamp for rollover: 357367328158966, -1
12-10 17:39:01.445  1678  1760 W qti_sensors_hal: timestampCalc: Adjusting timestamp for rollover: 357367527682892, -1
12-10 17:39:01.555  3849  3885 I DeviceDiscoveryClient: Querying for platform information...
12-10 17:39:01.558  3849  3885 D OIC-JNI : OcPlatform_getPlatformInfo0
12-10 17:39:01.558  3849  3885 I OIC-JNI : OnPlatformInfoListener: new listener
12-10 17:39:01.558  3849  3885 I OIC_TRACER: entering oic_trace_init
12-10 17:39:01.560  3849  3885 I OIC_TRACER: exit oic_trace_init with: 84
12-10 17:39:01.560  3849  3885 I OIC_TRACER: error writing, len: 36, ret: -1, errno: 9 at oic_trace_begin
12-10 17:39:01.560  3849  3885 I OIC_RI_STACK: Entering OCDoResource
12-10 17:39:01.560  3849  3885 D OIC_RI_STACK: OCDoRequest: adapter = 0, flags = 0
12-10 17:39:01.560  3849  3885 D OIC_RI_STACK: devAddr is set as destination
12-10 17:39:01.560  3849  3885 D OIC_RI_STACK: remoteId of devAddr : 
12-10 17:39:01.563  3849  3885 D OIC_CA_CONN_MGR: CAGenerateToken
12-10 17:39:01.565  3849  3885 D OIC_CA_PRTCL_MSG: token len:8, token:
12-10 17:39:01.565  3849  3885 D OIC_CA_PRTCL_MSG: 1E 4A 11 3D D7 9E 96 DC 
12-10 17:39:01.565  3849  3885 I OIC_TRACER: error writing, len: 39, ret: -1, errno: 9 at oic_trace_begin
12-10 17:39:01.565  3849  3885 I OIC_RI_CLIENTCB: Adding client callback with token
12-10 17:39:01.565  3849  3885 I OIC_RI_CLIENTCB: 1E 4A 11 3D D7 9E 96 DC 
12-10 17:39:01.566  3849  3885 I OIC_TRACER: error writing, len: 63, ret: -1, errno: 9 at oic_trace_begin
12-10 17:39:01.566  3849  3885 I OIC_TRACER: error writing, len: 1, ret: -1, errno: 9 at oic_trace_end
12-10 17:39:01.566  3849  3885 I OIC_RI_CLIENTCB: No payload present
12-10 17:39:01.566  3849  3885 I OIC_RI_CLIENTCB: Added Callback for uri : /oic/p
12-10 17:39:01.566  3849  3885 I OIC_TRACER: error writing, len: 50, ret: -1, errno: 9 at oic_trace_begin
12-10 17:39:01.566  3849  3885 I OIC_TRACER: error writing, len: 1, ret: -1, errno: 9 at oic_trace_end
12-10 17:39:01.566  3849  3885 I OIC_TRACER: error writing, len: 1, ret: -1, errno: 9 at oic_trace_end
12-10 17:39:01.567  3849  3885 I OIC_TRACER: error writing, len: 38, ret: -1, errno: 9 at oic_trace_begin
12-10 17:39:01.567  3849  3885 D OIC_RM_UTIL: Request- optionID: 17
12-10 17:39:01.567  3849  3885 D OIC_RM_UTIL: Request- optionID: 2049
12-10 17:39:01.567  3849  3885 I OIC_RM_UTIL: Route option is not present
12-10 17:39:01.567  3849  3885 D OIC_RM_RAP: createoption dlen 0 slen [0]
12-10 17:39:01.567  3849  3885 D OIC_RM_RAP: Source and destination is not present
12-10 17:39:01.567  3849  3885 D OIC_RM_RAP: OptValue NOR Message Type
12-10 17:39:01.567  3849  3885 I OIC_RM_RAP: Option Length is 1
12-10 17:39:01.568  3849  3885 D OIC_CA_CONN_MGR: CASendRequest
12-10 17:39:01.568  3849  3885 D OIC_CA_CONN_MGR: CASendMessageMultipleAdapter
12-10 17:39:01.568  3849  3885 D OIC_CA_MSG_HANDLE: CAPrepareSendData IN
12-10 17:39:01.568  3849  3885 D OIC_CA_MSG_HANDLE: device ID of endpoint of this message is 
12-10 17:39:01.568  3849  3885 D OIC_CA_BWT: IN-CACreateNewBlockMulticastData
12-10 17:39:01.568  3849  3885 D OIC_CA_BWT: OUT-CACreateNewBlockMulticastData
12-10 17:39:01.568  3849  3885 D OIC_CA_BWT: multicast message can't be sent to the block
12-10 17:39:01.568  3849  3885 D OIC_CA_MSG_HANDLE: normal msg will be sent
12-10 17:39:01.568  3849  3885 D OIC_UQUEUE: Queue Count : 1
12-10 17:39:01.569  3849  3885 D OIC_CA_MSG_HANDLE: CAPrepareSendData IN
12-10 17:39:01.569  3849  3885 D OIC_CA_MSG_HANDLE: device ID of endpoint of this message is 
12-10 17:39:01.569  3849  3887 D OIC_CA_QING: wake up..
12-10 17:39:01.569  3849  3885 I OIC_CA_PRTCL_MSG: adapter value of BWT is 2
12-10 17:39:01.569  3849  3885 D OIC_UQUEUE: Queue Count : 1
12-10 17:39:01.569  3849  3887 I OIC_TRACER: error writing, len: 47, ret: -1, errno: 9 at oic_trace_begin
12-10 17:39:01.569  3849  3885 D OIC_CA_MSG_HANDLE: CAPrepareSendData IN
12-10 17:39:01.569  3849  3887 D OIC_CA_MSG_HANDLE: Multicast message
12-10 17:39:01.569  3849  3887 D OIC_CA_MSG_HANDLE: requestInfo is available..
12-10 17:39:01.569  3849  3885 D OIC_CA_MSG_HANDLE: device ID of endpoint of this message is 
12-10 17:39:01.569  3849  3887 D OIC_CA_PRTCL_MSG: CAGeneratePDU: IN
12-10 17:39:01.569  3849  3885 I OIC_CA_PRTCL_MSG: adapter value of BWT is 4
12-10 17:39:01.570  3849  3887 D OIC_CA_PRTCL_MSG: generate pdu for [1]adapter, [98]flags
12-10 17:39:01.570  3849  3885 D OIC_UQUEUE: Queue Count : 2
12-10 17:39:01.570  3849  3887 D OIC_CA_PRTCL_MSG: uri : /oic/p
12-10 17:39:01.570  3849  3885 D OIC_CA_MSG_HANDLE: CAPrepareSendData IN
12-10 17:39:01.570  3849  3885 D OIC_CA_MSG_HANDLE: device ID of endpoint of this message is 
12-10 17:39:01.570  3849  3887 D OIC_CA_PRTCL_MSG: CAParseHeadOption: IN
12-10 17:39:01.570  3849  3885 D OIC_CA_BWT: multicast message can't be sent to the block
12-10 17:39:01.570  3849  3887 D OIC_CA_PRTCL_MSG: parse Head Opt: 3
12-10 17:39:01.570  3849  3885 D OIC_CA_MSG_HANDLE: normal msg will be sent
12-10 17:39:01.570  3849  3887 D OIC_CA_PRTCL_MSG: Head opt ID[65524], length[1]
12-10 17:39:01.570  3849  3885 D OIC_UQUEUE: Queue Count : 3
12-10 17:39:01.570  3849  3887 D OIC_CA_PRTCL_MSG: CAParseHeadOption: info->acceptVersion = 2048
12-10 17:39:01.570  3849  3885 I OIC_TRACER: error writing, len: 1, ret: -1, errno: 9 at oic_trace_end
12-10 17:39:01.570  3849  3887 D OIC_CA_PRTCL_MSG: CAParseHeadOption: set contentFormatAcceptVersion = 2048
12-10 17:39:01.570  3849  3885 I OIC_TRACER: error writing, len: 1, ret: -1, errno: 9 at oic_trace_end
12-10 17:39:01.571  3849  3887 D OIC_CA_PRTCL_MSG: CAParsePayloadFormatHeadOption: IN
12-10 17:39:01.571  3849  3887 D OIC_CA_PRTCL_MSG: CAParsePayloadFormatHeadOption: OUT
12-10 17:39:01.571  3849  3887 D OIC_CA_PRTCL_MSG: CAParseHeadOption: OUT
12-10 17:39:01.571  3849  3887 I OIC_CA_PRTCL_MSG: adapter value of CoAP/TCP is 1
12-10 17:39:01.571  3849  3887 D OIC_CA_PRTCL_MSG: transport type: 0, payload size: 0
12-10 17:39:01.571  3849  3887 I OIC_CA_PRTCL_MSG: adapter value of CoAP/TCP is 1
12-10 17:39:01.571  3849  3887 D OIC_CA_PRTCL_MSG: msgID is 0
12-10 17:39:01.571  3849  3887 D OIC_CA_PRTCL_MSG: gen msg id=19346
12-10 17:39:01.571  3849  3887 D OIC_CA_PRTCL_MSG: messageId in pdu is 19346, 19346
12-10 17:39:01.571  3849  3887 D OIC_CA_PRTCL_MSG: token info token length: 8, token :
12-10 17:39:01.571  3849  3887 D OIC_CA_PRTCL_MSG: 1E 4A 11 3D D7 9E 96 DC 
12-10 17:39:01.572  3849  3887 I OIC_CA_PRTCL_MSG: adapter value of CoAP/TCP is 1
12-10 17:39:01.572  3849  3887 D OIC_CA_PRTCL_MSG: CAGeneratePDU: OUT
12-10 17:39:01.572  3849  3887 D OIC_CA_BWT: IN-AddBlockOption
12-10 17:39:01.572  3849  3887 D OIC_CA_BWT: BlockID is 
12-10 17:39:01.572  3849  3887 D OIC_CA_BWT: 1E 4A 11 3D D7 9E 96 DC 00 00 
12-10 17:39:01.572  3849  3887 D OIC_CA_BWT: IN-GetBlockOptionType
12-10 17:39:01.572  3849  3887 D OIC_CA_BWT: OUT-GetBlockOptionType
12-10 17:39:01.572  3849  3887 D OIC_CA_BWT: no BLOCK option
12-10 17:39:01.572  3849  3887 D OIC_CA_BWT: [oic] opt will be added.
12-10 17:39:01.572  3849  3887 D OIC_CA_BWT: [12] pdu length
12-10 17:39:01.572  3849  3887 D OIC_CA_BWT: [p] opt will be added.
12-10 17:39:01.572  3849  3887 D OIC_CA_BWT: [16] pdu length
12-10 17:39:01.572  3849  3887 D OIC_CA_BWT: ['] opt will be added.
12-10 17:39:01.572  3849  3887 D OIC_CA_BWT: [18] pdu length
12-10 17:39:01.572  3849  3887 D OIC_CA_BWT: [] opt will be added.
12-10 17:39:01.572  3849  3887 D OIC_CA_BWT: [21] pdu length
12-10 17:39:01.572  3849  3887 D OIC_CA_BWT: [¿] opt will be added.
12-10 17:39:01.572  3849  3887 D OIC_CA_BWT: [26] pdu length
12-10 17:39:01.573  3849  3887 D OIC_CA_BWT: [30] pdu length after option
12-10 17:39:01.573  3849  3887 I OIC_CA_BWT: not Blockwise Transfer
12-10 17:39:01.573  3849  3887 D OIC_CA_BWT: OUT-AddBlockOption
12-10 17:39:01.573  3849  3887 D OIC_CA_MSG_HANDLE: CALogPDUInfo
12-10 17:39:01.573  3849  3887 I OIC_TRACER: error writing, len: 42, ret: -1, errno: 9 at oic_trace_begin
12-10 17:39:01.573  3849  3887 D OIC_ANALYZER: =================================================
12-10 17:39:01.573  3849  3887 D OIC_ANALYZER: Is Multicast = true
12-10 17:39:01.573  3849  3887 D OIC_ANALYZER: Transport Type = [OC_ADAPTER_IP]
12-10 17:39:01.573  3849  3887 D OIC_ANALYZER: Address = []:[0]
12-10 17:39:01.573  3849  3887 D OIC_ANALYZER: Data Type = [CA_REQUEST_DATA]
12-10 17:39:01.573  3849  3887 D OIC_ANALYZER: -------------------------------------------------
12-10 17:39:01.573  3849  3887 D OIC_ANALYZER: Method = [GET]
12-10 17:39:01.573  3849  3887 D OIC_ANALYZER: Msg ID = [37451]
12-10 17:39:01.573  3849  3887 D OIC_ANALYZER: Coap Token
12-10 17:39:01.573  3849  3887 D OIC_ANALYZER: 1E 4A 11 3D D7 9E 96 DC 
12-10 17:39:01.573  3849  3887 I OIC_TRACER: error writing, len: 66, ret: -1, errno: 9 at oic_trace_begin
12-10 17:39:01.573  3849  3887 I OIC_TRACER: error writing, len: 1, ret: -1, errno: 9 at oic_trace_end
12-10 17:39:01.574  3849  3887 D OIC_ANALYZER: Res URI = [/oic/p]
12-10 17:39:01.574  3849  3887 I OIC_TRACER: error writing, len: 53, ret: -1, errno: 9 at oic_trace_begin
12-10 17:39:01.574  3849  3887 I OIC_TRACER: error writing, len: 1, ret: -1, errno: 9 at oic_trace_end
12-10 17:39:01.574  3849  3887 D OIC_ANALYZER: Payload Format = [0]
12-10 17:39:01.574  3849  3887 D OIC_ANALYZER: CoAP Message Full Size = [30]
12-10 17:39:01.574  3849  3887 D OIC_ANALYZER: CoAP Header (+ 0xFF)
12-10 17:39:01.574  3849  3887 D OIC_ANALYZER: 58 01 92 4B 1E 4A 11 3D D7 9E 96 DC B3 6F 69 63 
12-10 17:39:01.574  3849  3887 D OIC_ANALYZER: 01 70 62 27 10 E2 06 E3 08 00 E1 F6 E6 C0 
12-10 17:39:01.574  3849  3887 D OIC_ANALYZER: CoAP Header size = [30]
12-10 17:39:01.574  3849  3887 D OIC_ANALYZER: CoAP Payload
12-10 17:39:01.574  3849  3887 D OIC_ANALYZER: CoAP Payload Size = [0]
12-10 17:39:01.574  3849  3887 D OIC_ANALYZER: =================================================
12-10 17:39:01.574  3849  3887 I OIC_TRACER: error writing, len: 1, ret: -1, errno: 9 at oic_trace_end
12-10 17:39:01.574  3849  3887 D OIC_UQUEUE: Queue Count : 1
12-10 17:39:01.574  3849  3887 I OIC_TRACER: error writing, len: 1, ret: -1, errno: 9 at oic_trace_end
12-10 17:39:01.574  3849  3890 D OIC_CA_QING: wake up..
12-10 17:39:01.575  3849  3887 D OIC_CA_MSG_HANDLE: CADestroyData IN
12-10 17:39:01.575  3849  3890 D OIC_CA_IP_ADAP: Send Multicast Data is called
12-10 17:39:01.575  3849  3887 D OIC_CA_MSG_HANDLE: CADestroyData OUT
12-10 17:39:01.575  3849  3887 I OIC_TRACER: error writing, len: 47, ret: -1, errno: 9 at oic_trace_begin
12-10 17:39:01.575  3849  3887 D OIC_CA_MSG_HANDLE: Multicast message
12-10 17:39:01.575  3849  3887 D OIC_CA_MSG_HANDLE: requestInfo is available..
12-10 17:39:01.575  3849  3887 D OIC_CA_PRTCL_MSG: CAGeneratePDU: IN
12-10 17:39:01.575  3849  3887 D OIC_CA_PRTCL_MSG: generate pdu for [2]adapter, [98]flags
12-10 17:39:01.575  3849  3887 D OIC_CA_PRTCL_MSG: uri : /oic/p
12-10 17:39:01.575  3849  3887 D OIC_CA_PRTCL_MSG: CAParseHeadOption: IN
12-10 17:39:01.575  3849  3887 D OIC_CA_PRTCL_MSG: parse Head Opt: 3
12-10 17:39:01.575  3849  3887 D OIC_CA_PRTCL_MSG: Head opt ID[65524], length[1]
12-10 17:39:01.575  3849  3887 D OIC_CA_PRTCL_MSG: CAParseHeadOption: info->acceptVersion = 2048
12-10 17:39:01.575  3849  3887 D OIC_CA_PRTCL_MSG: CAParseHeadOption: set contentFormatAcceptVersion = 2048
12-10 17:39:01.575  3849  3890 D OIC_CA_IFADDRS: NLMSG_DONE
12-10 17:39:01.575  3849  3887 D OIC_CA_PRTCL_MSG: CAParsePayloadFormatHeadOption: IN
12-10 17:39:01.575  3849  3887 D OIC_CA_PRTCL_MSG: CAParsePayloadFormatHeadOption: OUT
12-10 17:39:01.575  3849  3887 D OIC_CA_PRTCL_MSG: CAParseHeadOption: OUT
12-10 17:39:01.575  3849  3887 D OIC_CA_PRTCL_MSG: curOptNumber[11], prevOptNumber[11], optValueLen[3], optLength[4], msgLength[4]
12-10 17:39:01.576  3849  3887 D OIC_CA_PRTCL_MSG: curOptNumber[11], prevOptNumber[11], optValueLen[1], optLength[2], msgLength[6]
12-10 17:39:01.576  3849  3890 D OIC_CA_IP_MONITOR: LOOPBACK continue!!!
12-10 17:39:01.576  3849  3887 D OIC_CA_PRTCL_MSG: curOptNumber[17], prevOptNumber[17], optValueLen[2], optLength[3], msgLength[9]
12-10 17:39:01.576  3849  3887 D OIC_CA_PRTCL_MSG: curOptNumber[2049], prevOptNumber[2049], optValueLen[2], optLength[5], msgLength[14]
12-10 17:39:01.576  3849  3887 D OIC_CA_PRTCL_MSG: curOptNumber[65524], prevOptNumber[65524], optValueLen[1], optLength[4], msgLength[18]
12-10 17:39:01.576  3849  3890 D OIC_CA_IP_MONITOR: LOOPBACK continue!!!
12-10 17:39:01.576  3849  3887 D OIC_CA_PRTCL_MSG: transport type: 2, payload size: 0
12-10 17:39:01.576  3849  3890 D OIC_CA_IP_SERVER: IN sendData
12-10 17:39:01.576  3849  3887 D OIC_CA_PRTCL_MSG: token info token length: 8, token :
12-10 17:39:01.576  3849  3887 D OIC_CA_PRTCL_MSG: 1E 4A 11 3D D7 9E 96 DC 
12-10 17:39:01.576  3849  3887 D OIC_CA_PRTCL_MSG: [oic] opt will be added.
12-10 17:39:01.576  3849  3887 D OIC_CA_PRTCL_MSG: [11] pdu length
12-10 17:39:01.576  3849  3887 D OIC_CA_PRTCL_MSG: [p] opt will be added.
12-10 17:39:01.576  3849  3887 D OIC_CA_PRTCL_MSG: [15] pdu length
12-10 17:39:01.576  3849  3887 D OIC_CA_PRTCL_MSG: ['] opt will be added.
12-10 17:39:01.576  3849  3887 D OIC_CA_PRTCL_MSG: [17] pdu length
12-10 17:39:01.576  3849  3890 I OIC_CA_IP_SERVER: multicast ipv6 sendTo is successful: 30 bytes
12-10 17:39:01.576  3849  3887 D OIC_CA_PRTCL_MSG: [] opt will be added.
12-10 17:39:01.576  3849  3890 D OIC_CA_ADAP_UTILS: CALogSendStateInfo
12-10 17:39:01.576   783   783 I cnss-daemon: RTM_NEWROUTE Indication
12-10 17:39:01.576  3849  3887 D OIC_CA_PRTCL_MSG: [20] pdu length
12-10 17:39:01.576  3849  3890 D OIC_ANALYZER: =================================================
12-10 17:39:01.576  3849  3887 D OIC_CA_PRTCL_MSG: [¿] opt will be added.
12-10 17:39:01.576  3849  3890 D OIC_ANALYZER: Send Success, sent length = [30]
12-10 17:39:01.577  3849  3887 D OIC_CA_PRTCL_MSG: [25] pdu length
12-10 17:39:01.577  3849  3890 D OIC_ANALYZER: Transport Type = [OC_ADAPTER_IP]
12-10 17:39:01.577  3849  3887 D OIC_CA_PRTCL_MSG: [29] pdu length after option
12-10 17:39:01.577  3849  3890 D OIC_ANALYZER: Address = [ff02::158]:[5683]
12-10 17:39:01.577  3849  3887 D OIC_CA_PRTCL_MSG: CAGeneratePDU: OUT
12-10 17:39:01.577  3849  3890 D OIC_ANALYZER: =================================================
12-10 17:39:01.577  3849  3887 I OIC_CA_PRTCL_MSG: adapter value of BWT is 2
12-10 17:39:01.577  3849  3891 D OIC_CA_IP_ADAP: Address: fe80::f6f5:dbff:fe26:2384%wlan0, port:53254
12-10 17:39:01.577  3849  3890 D OIC_CA_IP_SERVER: IN sendData
12-10 17:39:01.577  3849  3887 D OIC_CA_MSG_HANDLE: CALogPDUInfo
12-10 17:39:01.577  3849  3891 I OIC_TRACER: error writing, len: 54, ret: -1, errno: 9 at oic_trace_begin
12-10 17:39:01.577  3849  3887 I OIC_TRACER: error writing, len: 42, ret: -1, errno: 9 at oic_trace_begin
12-10 17:39:01.577  3849  3887 D OIC_ANALYZER: =================================================
12-10 17:39:01.577  3849  3891 I OIC_CA_PRTCL_MSG: adapter value of CoAP/TCP is 1
12-10 17:39:01.577   783   783 I cnss-daemon: RTM_NEWROUTE Indication
12-10 17:39:01.577  3849  3887 D OIC_ANALYZER: Is Multicast = true
12-10 17:39:01.577  3849  3887 D OIC_ANALYZER: Transport Type = [OC_ADAPTER_GATT_BTLE]
12-10 17:39:01.577  3849  3887 D OIC_ANALYZER: Address = []:[0]
12-10 17:39:01.577  3849  3890 I OIC_CA_IP_SERVER: multicast ipv6 sendTo is successful: 30 bytes
12-10 17:39:01.577  3849  3887 D OIC_ANALYZER: Data Type = [CA_REQUEST_DATA]
12-10 17:39:01.577  3849  3891 D OIC_CA_PRTCL_MSG: pdu parse-transport type : 0
12-10 17:39:01.577  3849  3890 D OIC_CA_ADAP_UTILS: CALogSendStateInfo
12-10 17:39:01.577  3849  3887 D OIC_ANALYZER: -------------------------------------------------
12-10 17:39:01.577  3849  3890 D OIC_ANALYZER: =================================================
12-10 17:39:01.577  3849  3891 D OIC_CA_PRTCL_MSG: pdu parse ret: 1
12-10 17:39:01.577  3849  3887 D OIC_ANALYZER: Method = [GET]
12-10 17:39:01.577  3849  3890 D OIC_ANALYZER: Send Success, sent length = [30]
12-10 17:39:01.577  3849  3887 D OIC_ANALYZER: Msg ID = [286]
12-10 17:39:01.577  3849  3891 I OIC_CA_PRTCL_MSG: adapter value of CoAP/TCP is 1
12-10 17:39:01.577  3849  3890 D OIC_ANALYZER: Transport Type = [OC_ADAPTER_IP]
12-10 17:39:01.577  3849  3887 D OIC_ANALYZER: Coap Token
12-10 17:39:01.577  3849  3891 D OIC_CA_MSG_HANDLE: code = 1
12-10 17:39:01.577  3849  3890 D OIC_ANALYZER: Address = [ff02::158]:[5683]
12-10 17:39:01.577  3849  3887 D OIC_ANALYZER: 1E 4A 11 3D D7 9E 96 DC 
12-10 17:39:01.577  3849  3891 D OIC_CA_MSG_HANDLE: CAGenerateHandlerData IN
12-10 17:39:01.577  3849  3890 D OIC_ANALYZER: =================================================
12-10 17:39:01.577  3849  3887 I OIC_TRACER: error writing, len: 66, ret: -1, errno: 9 at oic_trace_begin
12-10 17:39:01.578  3849  3891 D OIC_CA_MSG_HANDLE: address : fe80::f6f5:dbff:fe26:2384%wlan0
12-10 17:39:01.578  3849  3890 D OIC_CA_IP_SERVER: IN sendData
12-10 17:39:01.578  3849  3887 I OIC_TRACER: error writing, len: 1, ret: -1, errno: 9 at oic_trace_end
12-10 17:39:01.578  3849  3891 I OIC_CA_PRTCL_MSG: IN - CAGetInfoFromPDU
12-10 17:39:01.578  3849  3887 D OIC_ANALYZER: Res URI = [/oic/p]
12-10 17:39:01.578  3849  3891 I OIC_CA_PRTCL_MSG: adapter value of CoAP/TCP is 1
12-10 17:39:01.578  3849  3887 I OIC_TRACER: error writing, len: 53, ret: -1, errno: 9 at oic_trace_begin
12-10 17:39:01.578  3849  3891 I OIC_CA_PRTCL_MSG: adapter value of CoAP/TCP is 1
12-10 17:39:01.578  3849  3887 I OIC_TRACER: error writing, len: 1, ret: -1, errno: 9 at oic_trace_end
12-10 17:39:01.578  3849  3890 I OIC_CA_IP_SERVER: multicast ipv6 sendTo is successful: 30 bytes
12-10 17:39:01.578  3849  3887 D OIC_ANALYZER: Payload Format = [0]
12-10 17:39:01.578  3849  3891 D OIC_CA_PRTCL_MSG: COAP URI element : oic
12-10 17:39:01.578  3849  3890 D OIC_CA_ADAP_UTILS: CALogSendStateInfo
12-10 17:39:01.578  3849  3887 D OIC_ANALYZER: CoAP Message Full Size = [29]
12-10 17:39:01.578  3849  3891 D OIC_CA_PRTCL_MSG: COAP URI element : p
12-10 17:39:01.578  3849  3890 D OIC_ANALYZER: =================================================
12-10 17:39:01.578  3849  3887 D OIC_ANALYZER: CoAP Header (+ 0xFF)
12-10 17:39:01.578  3849  3891 D OIC_CA_PRTCL_MSG: COAP URI element : '
12-10 17:39:01.578  3849  3890 D OIC_ANALYZER: Send Success, sent length = [30]
12-10 17:39:01.578  3849  3887 D OIC_ANALYZER: D8 05 01 1E 4A 11 3D D7 9E 96 DC B3 6F 69 63 01 
12-10 17:39:01.578  3849  3890 D OIC_ANALYZER: Transport Type = [OC_ADAPTER_IP]
12-10 17:39:01.578  3849  3891 D OIC_CA_PRTCL_MSG: COAP URI element : 
12-10 17:39:01.578  3849  3887 D OIC_ANALYZER: 70 62 27 10 E2 06 E3 08 00 E1 F6 E6 C0 
12-10 17:39:01.578   783   783 I cnss-daemon: RTM_NEWROUTE Indication
12-10 17:39:01.578  3849  3890 D OIC_ANALYZER: Address = [ff02::158]:[5683]
12-10 17:39:01.578  3849  3891 D OIC_CA_PRTCL_MSG: COAP URI element : ¿
12-10 17:39:01.578  3849  3887 D OIC_ANALYZER: CoAP Header size = [29]
12-10 17:39:01.578  3849  3890 D OIC_ANALYZER: =================================================
12-10 17:39:01.578  3849  3891 D OIC_CA_PRTCL_MSG: inside token length : 8
12-10 17:39:01.578  3849  3887 D OIC_ANALYZER: CoAP Payload
12-10 17:39:01.578  3849  3890 D OIC_CA_IP_SERVER: IN sendData
12-10 17:39:01.578  3849  3887 D OIC_ANALYZER: CoAP Payload Size = [0]
12-10 17:39:01.578  3849  3891 D OIC_CA_PRTCL_MSG: URL length:6
12-10 17:39:01.579  3849  3887 D OIC_ANALYZER: =================================================
12-10 17:39:01.579  3849  3891 I OIC_CA_PRTCL_MSG: OUT - CAGetInfoFromPDU
12-10 17:39:01.579  3849  3891 D OIC_CA_MSG_HANDLE: Request Info :
12-10 17:39:01.579  3849  3887 I OIC_TRACER: error writing, len: 1, ret: -1, errno: 9 at oic_trace_end
12-10 17:39:01.579  3849  3887 D OIC_CA_LE_ADAP: IN - CASendLEMulticastData
12-10 17:39:01.579  3849  3890 I OIC_CA_IP_SERVER: multicast ipv4 sendTo is successful: 30 bytes
12-10 17:39:01.579  3849  3887 D OIC_CA_LE_ADAP: g_adapterType: 3
12-10 17:39:01.579  3849  3891 D OIC_CA_MSG_HANDLE: optionID: 17
12-10 17:39:01.579  3849  3890 D OIC_CA_ADAP_UTILS: CALogSendStateInfo
12-10 17:39:01.579  3849  3887 D OIC_CA_LE_ADAP: Data Sending to LE layer [29]
12-10 17:39:01.579  3849  3891 D OIC_CA_MSG_HANDLE: list: '
12-10 17:39:01.579  3849  3890 D OIC_ANALYZER: =================================================
12-10 17:39:01.579  3849  3887 E OIC_CA_REMOTE_HANDLER: parameter is null
12-10 17:39:01.579  3849  3891 D OIC_CA_MSG_HANDLE: optionID: 2049
12-10 17:39:01.579  3849  3890 D OIC_ANALYZER: Send Success, sent length = [30]
12-10 17:39:01.579  3849  3887 D OIC_UQUEUE: Queue Count : 1
12-10 17:39:01.579  3849  3891 D OIC_CA_MSG_HANDLE: list: 
12-10 17:39:01.579  3849  3890 D OIC_ANALYZER: Transport Type = [OC_ADAPTER_IP]
12-10 17:39:01.579  3849  3887 D OIC_CA_LE_ADAP: OUT - CASendLEMulticastData
12-10 17:39:01.579  3849  3898 D OIC_CA_QING: wake up..
12-10 17:39:01.579  3849  3891 D OIC_CA_MSG_HANDLE: optionID: 65524
12-10 17:39:01.579  3849  3890 D OIC_ANALYZER: Address = [224.0.1.187]:[5683]
12-10 17:39:01.579  3849  3887 I OIC_TRACER: error writing, len: 1, ret: -1, errno: 9 at oic_trace_end
12-10 17:39:01.579  3849  3891 D OIC_CA_MSG_HANDLE: list: ¿
12-10 17:39:01.579  3849  3890 D OIC_ANALYZER: =================================================
12-10 17:39:01.579  3849  3898 D OIC_CA_LE_ADAP: IN - CALEClientSendDataThread
12-10 17:39:01.579  3849  3887 D OIC_CA_MSG_HANDLE: CADestroyData IN
12-10 17:39:01.579  3849  3891 D OIC_CA_MSG_HANDLE: token:
12-10 17:39:01.579  3849  3898 E OIC_CA_LE_ADAP: Invalid endpoint of bledata!
12-10 17:39:01.579  3849  3890 D OIC_CA_QING: wait..
12-10 17:39:01.579  3849  3887 D OIC_CA_MSG_HANDLE: CADestroyData OUT
12-10 17:39:01.579  3849  3891 D OIC_CA_MSG_HANDLE: 1E 4A 11 3D D7 9E 96 DC 
12-10 17:39:01.579  3849  3898 D OIC_CA_QING: wait..
12-10 17:39:01.579  3849  3887 I OIC_TRACER: error writing, len: 47, ret: -1, errno: 9 at oic_trace_begin
12-10 17:39:01.579  3849  3891 D OIC_CA_MSG_HANDLE: msgID: 19346
12-10 17:39:01.579  3849  3887 D OIC_CA_MSG_HANDLE: Multicast message
12-10 17:39:01.579  3849  3891 D OIC_CA_MSG_HANDLE: CAGenerateHandlerData OUT
12-10 17:39:01.580  3849  3887 D OIC_CA_MSG_HANDLE: requestInfo is available..
12-10 17:39:01.580  3849  3891 D OIC_CA_MSG_HANDLE: CALogPDUInfo
12-10 17:39:01.580  3849  3887 D OIC_CA_PRTCL_MSG: CAGeneratePDU: IN
12-10 17:39:01.580  3849  3891 I OIC_TRACER: error writing, len: 42, ret: -1, errno: 9 at oic_trace_begin
12-10 17:39:01.580  3849  3887 D OIC_CA_PRTCL_MSG: generate pdu for [4]adapter, [98]flags
12-10 17:39:01.580  3849  3891 D OIC_ANALYZER: =================================================
12-10 17:39:01.580  3849  3887 D OIC_CA_PRTCL_MSG: uri : /oic/p
12-10 17:39:01.580  3849  3891 D OIC_ANALYZER: Is Multicast = false
12-10 17:39:01.580  3849  3887 D OIC_CA_PRTCL_MSG: CAParseHeadOption: IN
12-10 17:39:01.580  3849  3891 D OIC_ANALYZER: Transport Type = [OC_ADAPTER_IP]
12-10 17:39:01.580  3849  3887 D OIC_CA_PRTCL_MSG: parse Head Opt: 3
12-10 17:39:01.580  3849  3891 D OIC_ANALYZER: Address = [fe80::f6f5:dbff:fe26:2384%wlan0]:[53254]
12-10 17:39:01.580  3849  3887 D OIC_CA_PRTCL_MSG: Head opt ID[65524], length[1]
12-10 17:39:01.580  3849  3891 D OIC_ANALYZER: Data Type = [CA_REQUEST_DATA]
12-10 17:39:01.580  3849  3891 D OIC_ANALYZER: -------------------------------------------------
12-10 17:39:01.580  3849  3887 D OIC_CA_PRTCL_MSG: CAParseHeadOption: info->acceptVersion = 2048
12-10 17:39:01.580  3849  3891 D OIC_ANALYZER: Method = [GET]
12-10 17:39:01.580  3849  3887 D OIC_CA_PRTCL_MSG: CAParseHeadOption: set contentFormatAcceptVersion = 2048
12-10 17:39:01.580  3849  3891 D OIC_ANALYZER: Msg ID = [37451]
12-10 17:39:01.580  3849  3887 D OIC_CA_PRTCL_MSG: CAParsePayloadFormatHeadOption: IN
12-10 17:39:01.580  3849  3891 D OIC_ANALYZER: Coap Token
12-10 17:39:01.580  3849  3887 D OIC_CA_PRTCL_MSG: CAParsePayloadFormatHeadOption: OUT
12-10 17:39:01.580  3849  3891 D OIC_ANALYZER: 1E 4A 11 3D D7 9E 96 DC 
12-10 17:39:01.580  3849  3887 D OIC_CA_PRTCL_MSG: CAParseHeadOption: OUT
12-10 17:39:01.580  3849  3887 D OIC_CA_PRTCL_MSG: curOptNumber[11], prevOptNumber[11], optValueLen[3], optLength[4], msgLength[4]
12-10 17:39:01.580  3849  3891 I OIC_TRACER: error writing, len: 66, ret: -1, errno: 9 at oic_trace_begin
12-10 17:39:01.581  3849  3887 D OIC_CA_PRTCL_MSG: curOptNumber[11], prevOptNumber[11], optValueLen[1], optLength[2], msgLength[6]
12-10 17:39:01.581  3849  3891 I OIC_TRACER: error writing, len: 1, ret: -1, errno: 9 at oic_trace_end
12-10 17:39:01.581  3849  3887 D OIC_CA_PRTCL_MSG: curOptNumber[17], prevOptNumber[17], optValueLen[2], optLength[3], msgLength[9]
12-10 17:39:01.581  3849  3891 D OIC_ANALYZER: Res URI = [/oic/p]
12-10 17:39:01.581  3849  3887 D OIC_CA_PRTCL_MSG: curOptNumber[2049], prevOptNumber[2049], optValueLen[2], optLength[5], msgLength[14]
12-10 17:39:01.581  3849  3891 I OIC_TRACER: error writing, len: 53, ret: -1, errno: 9 at oic_trace_begin
12-10 17:39:01.581  3849  3887 D OIC_CA_PRTCL_MSG: curOptNumber[65524], prevOptNumber[65524], optValueLen[1], optLength[4], msgLength[18]
12-10 17:39:01.581  3849  3891 I OIC_TRACER: error writing, len: 1, ret: -1, errno: 9 at oic_trace_end
12-10 17:39:01.581  3849  3887 D OIC_CA_PRTCL_MSG: transport type: 2, payload size: 0
12-10 17:39:01.581  3849  3891 D OIC_ANALYZER: Payload Format = [0]
12-10 17:39:01.581  3849  3887 D OIC_CA_PRTCL_MSG: token info token length: 8, token :
12-10 17:39:01.581  3849  3891 D OIC_ANALYZER: CoAP Message Full Size = [30]
12-10 17:39:01.581  3849  3887 D OIC_CA_PRTCL_MSG: 1E 4A 11 3D D7 9E 96 DC 
12-10 17:39:01.581  3849  3891 D OIC_ANALYZER: CoAP Header (+ 0xFF)
12-10 17:39:01.581  3849  3887 D OIC_CA_PRTCL_MSG: [oic] opt will be added.
12-10 17:39:01.581  3849  3891 D OIC_ANALYZER: 58 01 92 4B 1E 4A 11 3D D7 9E 96 DC B3 6F 69 63 
12-10 17:39:01.581  3849  3887 D OIC_CA_PRTCL_MSG: [11] pdu length
12-10 17:39:01.581  3849  3891 D OIC_ANALYZER: 01 70 62 27 10 E2 06 E3 08 00 E1 F6 E6 C0 
12-10 17:39:01.581  3849  3887 D OIC_CA_PRTCL_MSG: [p] opt will be added.
12-10 17:39:01.581  3849  3891 D OIC_ANALYZER: CoAP Header size = [30]
12-10 17:39:01.581  3849  3887 D OIC_CA_PRTCL_MSG: [15] pdu length
12-10 17:39:01.581  3849  3891 D OIC_ANALYZER: CoAP Payload
12-10 17:39:01.582  3849  3891 D OIC_ANALYZER: CoAP Payload Size = [0]
12-10 17:39:01.582  3849  3887 D OIC_CA_PRTCL_MSG: ['] opt will be added.
12-10 17:39:01.582  3849  3891 D OIC_ANALYZER: =================================================
12-10 17:39:01.582  3849  3887 D OIC_CA_PRTCL_MSG: [17] pdu length
12-10 17:39:01.582  3849  3891 I OIC_TRACER: error writing, len: 1, ret: -1, errno: 9 at oic_trace_end
12-10 17:39:01.582  3849  3887 D OIC_CA_PRTCL_MSG: [] opt will be added.
12-10 17:39:01.582  3849  3891 D OIC_CA_BWT: CAReceiveBlockWiseData
12-10 17:39:01.582  3849  3887 D OIC_CA_PRTCL_MSG: [20] pdu length
12-10 17:39:01.582  3849  3891 D OIC_CA_BWT: it's normal pdu
12-10 17:39:01.582  3849  3887 D OIC_CA_PRTCL_MSG: [¿] opt will be added.
12-10 17:39:01.582  3849  3887 D OIC_CA_PRTCL_MSG: [25] pdu length
12-10 17:39:01.582  3849  3891 D OIC_CA_MSG_HANDLE: this message does not have block option
12-10 17:39:01.582  3849  3887 D OIC_CA_PRTCL_MSG: [29] pdu length after option
12-10 17:39:01.582  3849  3891 D OIC_UQUEUE: Queue Count : 1
12-10 17:39:01.582  3849  3887 D OIC_CA_PRTCL_MSG: CAGeneratePDU: OUT
12-10 17:39:01.582  3849  3891 D OIC_CA_MSG_HANDLE: received pdu data :
12-10 17:39:01.582  3849  3887 I OIC_CA_PRTCL_MSG: adapter value of BWT is 4
12-10 17:39:01.582  3849  3891 D OIC_CA_MSG_HANDLE: 58 01 92 4B 1E 4A 11 3D D7 9E 96 DC B3 6F 69 63 
12-10 17:39:01.582  3849  3887 D OIC_CA_MSG_HANDLE: CALogPDUInfo
12-10 17:39:01.582  3849  3891 D OIC_CA_MSG_HANDLE: 01 70 62 27 10 E2 06 E3 08 00 E1 F6 E6 C0 
12-10 17:39:01.582  3849  3887 I OIC_TRACER: error writing, len: 42, ret: -1, errno: 9 at oic_trace_begin
12-10 17:39:01.582  3849  3891 I OIC_TRACER: error writing, len: 1, ret: -1, errno: 9 at oic_trace_end
12-10 17:39:01.582  3849  3887 D OIC_ANALYZER: =================================================
12-10 17:39:01.582  3849  3887 D OIC_ANALYZER: Is Multicast = true
12-10 17:39:01.582  3849  3887 D OIC_ANALYZER: Transport Type = [OC_ADAPTER_RFCOMM_BTEDR]
12-10 17:39:01.582  3849  3891 D OIC_CA_IP_ADAP: Address: fe80::6270:1d68:d152:a69a%rmnet_data7, port:53254
12-10 17:39:01.583  3849  3887 D OIC_ANALYZER: Address = []:[0]
12-10 17:39:01.583  3849  3887 D OIC_ANALYZER: Data Type = [CA_REQUEST_DATA]
12-10 17:39:01.583  3849  3891 I OIC_TRACER: error writing, len: 54, ret: -1, errno: 9 at oic_trace_begin
12-10 17:39:01.583  3849  3887 D OIC_ANALYZER: -------------------------------------------------
12-10 17:39:01.583  3849  3891 I OIC_CA_PRTCL_MSG: adapter value of CoAP/TCP is 1
12-10 17:39:01.583  3849  3887 D OIC_ANALYZER: Method = [GET]
12-10 17:39:01.583  3849  3891 D OIC_CA_PRTCL_MSG: pdu parse-transport type : 0
12-10 17:39:01.583  3849  3887 D OIC_ANALYZER: Msg ID = [286]
12-10 17:39:01.583  3849  3891 D OIC_CA_PRTCL_MSG: pdu parse ret: 1
12-10 17:39:01.583  3849  3887 D OIC_ANALYZER: Coap Token
12-10 17:39:01.583  3849  3891 I OIC_CA_PRTCL_MSG: adapter value of CoAP/TCP is 1
12-10 17:39:01.583  3849  3887 D OIC_ANALYZER: 1E 4A 11 3D D7 9E 96 DC 
12-10 17:39:01.583  3849  3891 D OIC_CA_MSG_HANDLE: code = 1
12-10 17:39:01.583  3849  3887 I OIC_TRACER: error writing, len: 66, ret: -1, errno: 9 at oic_trace_begin
12-10 17:39:01.583  3849  3891 D OIC_CA_MSG_HANDLE: CAGenerateHandlerData IN
12-10 17:39:01.583  3849  3887 I OIC_TRACER: error writing, len: 1, ret: -1, errno: 9 at oic_trace_end
12-10 17:39:01.583  3849  3891 D OIC_CA_MSG_HANDLE: address : fe80::6270:1d68:d152:a69a%rmnet_data7
12-10 17:39:01.583  3849  3887 D OIC_ANALYZER: Res URI = [/oic/p]
12-10 17:39:01.583  3849  3891 I OIC_CA_PRTCL_MSG: IN - CAGetInfoFromPDU
12-10 17:39:01.583  3849  3891 I OIC_CA_PRTCL_MSG: adapter value of CoAP/TCP is 1
12-10 17:39:01.583  3849  3887 I OIC_TRACER: error writing, len: 53, ret: -1, errno: 9 at oic_trace_begin
12-10 17:39:01.583  3849  3891 I OIC_CA_PRTCL_MSG: adapter value of CoAP/TCP is 1
12-10 17:39:01.583  3849  3887 I OIC_TRACER: error writing, len: 1, ret: -1, errno: 9 at oic_trace_end
12-10 17:39:01.583  3849  3891 D OIC_CA_PRTCL_MSG: COAP URI element : oic
12-10 17:39:01.583  3849  3887 D OIC_ANALYZER: Payload Format = [0]
12-10 17:39:01.583  3849  3891 D OIC_CA_PRTCL_MSG: COAP URI element : p
12-10 17:39:01.583  3849  3887 D OIC_ANALYZER: CoAP Message Full Size = [29]
12-10 17:39:01.584  3849  3891 D OIC_CA_PRTCL_MSG: COAP URI element : '
12-10 17:39:01.584  3849  3887 D OIC_ANALYZER: CoAP Header (+ 0xFF)
12-10 17:39:01.584  3849  3891 D OIC_CA_PRTCL_MSG: COAP URI element : 
12-10 17:39:01.584  3849  3887 D OIC_ANALYZER: D8 05 01 1E 4A 11 3D D7 9E 96 DC B3 6F 69 63 01 
12-10 17:39:01.584  3849  3891 D OIC_CA_PRTCL_MSG: COAP URI element : ¿
12-10 17:39:01.584  3849  3887 D OIC_ANALYZER: 70 62 27 10 E2 06 E3 08 00 E1 F6 E6 C0 
12-10 17:39:01.584  3849  3891 D OIC_CA_PRTCL_MSG: inside token length : 8
12-10 17:39:01.584  3849  3887 D OIC_ANALYZER: CoAP Header size = [29]
12-10 17:39:01.584  3849  3891 D OIC_CA_PRTCL_MSG: URL length:6
12-10 17:39:01.584  3849  3887 D OIC_ANALYZER: CoAP Payload
12-10 17:39:01.584  3849  3891 I OIC_CA_PRTCL_MSG: OUT - CAGetInfoFromPDU
12-10 17:39:01.584  3849  3887 D OIC_ANALYZER: CoAP Payload Size = [0]
12-10 17:39:01.584  3849  3891 D OIC_CA_MSG_HANDLE: Request Info :
12-10 17:39:01.584  3849  3887 D OIC_ANALYZER: =================================================
12-10 17:39:01.584  3849  3891 D OIC_CA_MSG_HANDLE: optionID: 17
12-10 17:39:01.584  3849  3887 I OIC_TRACER: error writing, len: 1, ret: -1, errno: 9 at oic_trace_end
12-10 17:39:01.584  3849  3891 D OIC_CA_MSG_HANDLE: list: '
12-10 17:39:01.584  3849  3887 D OIC_CA_EDR_ADAP: IN - CASendEDRMulticastData
12-10 17:39:01.584  3849  3891 D OIC_CA_MSG_HANDLE: optionID: 2049
12-10 17:39:01.584  3849  3887 D OIC_CA_EDR_ADAP: IN - CAAdapterSendData
12-10 17:39:01.584  3849  3891 D OIC_CA_MSG_HANDLE: list: 
12-10 17:39:01.584  3849  3887 D OIC_UQUEUE: Queue Count : 1
12-10 17:39:01.584  3849  3891 D OIC_CA_MSG_HANDLE: optionID: 65524
12-10 17:39:01.584  3849  3891 D OIC_CA_MSG_HANDLE: list: ¿
12-10 17:39:01.584  3849  3887 D OIC_CA_EDR_ADAP: OUT - CAAdapterSendData
12-10 17:39:01.584  3849  3891 D OIC_CA_MSG_HANDLE: token:
12-10 17:39:01.584  3849  3887 D OIC_CA_EDR_ADAP: OUT - CASendEDRMulticastData
12-10 17:39:01.584  3849  3891 D OIC_CA_MSG_HANDLE: 1E 4A 11 3D D7 9E 96 DC 
12-10 17:39:01.584  3849  3892 D OIC_CA_QING: wake up..
12-10 17:39:01.584  3849  3887 I OIC_TRACER: error writing, len: 1, ret: -1, errno: 9 at oic_trace_end
12-10 17:39:01.584  3849  3891 D OIC_CA_MSG_HANDLE: msgID: 19346
12-10 17:39:01.584  3849  3892 D OIC_CA_EDR_ADAP: IN - CAAdapterDataSendHandler
12-10 17:39:01.584  3849  3887 D OIC_CA_MSG_HANDLE: CADestroyData IN
12-10 17:39:01.585  3849  3891 D OIC_CA_MSG_HANDLE: CAGenerateHandlerData OUT
12-10 17:39:01.585  3849  3887 D OIC_CA_MSG_HANDLE: CADestroyData OUT
12-10 17:39:01.585  3849  3891 D OIC_CA_MSG_HANDLE: CALogPDUInfo
12-10 17:39:01.585  3849  3892 D OIC_CA_EDR_ADAP: sending multicast data : ÿJ=◊ûñ‹≥oicpb'‚„
12-10 17:39:01.585  3849  3887 I OIC_TRACER: error writing, len: 47, ret: -1, errno: 9 at oic_trace_begin
12-10 17:39:01.585  3849  3891 I OIC_TRACER: error writing, len: 42, ret: -1, errno: 9 at oic_trace_begin
12-10 17:39:01.585  3849  3892 D OIC_CA_EDR_CLIENT: CAEDRSendMulticastMessage - Could not get JNIEnv pointer
12-10 17:39:01.585  3849  3887 D OIC_CA_MSG_HANDLE: Multicast message
12-10 17:39:01.585  3849  3891 D OIC_ANALYZER: =================================================
12-10 17:39:01.585  3849  3887 D OIC_CA_MSG_HANDLE: requestInfo is available..
12-10 17:39:01.585  3849  3891 D OIC_ANALYZER: Is Multicast = false
12-10 17:39:01.585  3849  3887 D OIC_CA_PRTCL_MSG: CAGeneratePDU: IN
12-10 17:39:01.585  3849  3891 D OIC_ANALYZER: Transport Type = [OC_ADAPTER_IP]
12-10 17:39:01.585  3849  3887 D OIC_CA_PRTCL_MSG: generate pdu for [32]adapter, [98]flags
12-10 17:39:01.585  3849  3891 D OIC_ANALYZER: Address = [fe80::6270:1d68:d152:a69a%rmnet_data7]:[53254]
12-10 17:39:01.585  3849  3887 D OIC_CA_PRTCL_MSG: uri : /oic/p
12-10 17:39:01.585  3849  3891 D OIC_ANALYZER: Data Type = [CA_REQUEST_DATA]
12-10 17:39:01.585  3849  3891 D OIC_ANALYZER: -------------------------------------------------
12-10 17:39:01.585  3849  3887 D OIC_CA_PRTCL_MSG: CAParseHeadOption: IN
12-10 17:39:01.585  3849  3891 D OIC_ANALYZER: Method = [GET]
12-10 17:39:01.585  3849  3887 D OIC_CA_PRTCL_MSG: parse Head Opt: 3
12-10 17:39:01.585  3849  3891 D OIC_ANALYZER: Msg ID = [37451]
12-10 17:39:01.585  3849  3887 D OIC_CA_PRTCL_MSG: Head opt ID[65524], length[1]
12-10 17:39:01.585  3849  3891 D OIC_ANALYZER: Coap Token
12-10 17:39:01.585  3849  3887 D OIC_CA_PRTCL_MSG: CAParseHeadOption: info->acceptVersion = 2048
12-10 17:39:01.585  3849  3891 D OIC_ANALYZER: 1E 4A 11 3D D7 9E 96 DC 
12-10 17:39:01.585  3849  3887 D OIC_CA_PRTCL_MSG: CAParseHeadOption: set contentFormatAcceptVersion = 2048
12-10 17:39:01.585  3849  3891 I OIC_TRACER: error writing, len: 66, ret: -1, errno: 9 at oic_trace_begin
12-10 17:39:01.585  3849  3887 D OIC_CA_PRTCL_MSG: CAParsePayloadFormatHeadOption: IN
12-10 17:39:01.585  3849  3891 I OIC_TRACER: error writing, len: 1, ret: -1, errno: 9 at oic_trace_end
12-10 17:39:01.585  3849  3887 D OIC_CA_PRTCL_MSG: CAParsePayloadFormatHeadOption: OUT
12-10 17:39:01.585  3849  3891 D OIC_ANALYZER: Res URI = [/oic/p]
12-10 17:39:01.585  3849  3887 D OIC_CA_PRTCL_MSG: CAParseHeadOption: OUT
12-10 17:39:01.586  3849  3887 I OIC_CA_PRTCL_MSG: adapter value of CoAP/TCP is 32
12-10 17:39:01.586  3849  3891 I OIC_TRACER: error writing, len: 53, ret: -1, errno: 9 at oic_trace_begin
12-10 17:39:01.586  3849  3887 D OIC_CA_PRTCL_MSG: transport type: 0, payload size: 0
12-10 17:39:01.586  3849  3891 I OIC_TRACER: error writing, len: 1, ret: -1, errno: 9 at oic_trace_end
12-10 17:39:01.586  3849  3887 I OIC_CA_PRTCL_MSG: adapter value of CoAP/TCP is 32
12-10 17:39:01.586  3849  3891 D OIC_ANALYZER: Payload Format = [0]
12-10 17:39:01.586  3849  3887 D OIC_CA_PRTCL_MSG: msgID is 0
12-10 17:39:01.586  3849  3891 D OIC_ANALYZER: CoAP Message Full Size = [30]
12-10 17:39:01.586  3849  3887 D OIC_CA_PRTCL_MSG: gen msg id=24323
12-10 17:39:01.586  3849  3891 D OIC_ANALYZER: CoAP Header (+ 0xFF)
12-10 17:39:01.586  3849  3887 D OIC_CA_PRTCL_MSG: messageId in pdu is 24323, 24323
12-10 17:39:01.586  3849  3891 D OIC_ANALYZER: 58 01 92 4B 1E 4A 11 3D D7 9E 96 DC B3 6F 69 63 
12-10 17:39:01.586  3849  3887 D OIC_CA_PRTCL_MSG: token info token length: 8, token :
12-10 17:39:01.586  3849  3891 D OIC_ANALYZER: 01 70 62 27 10 E2 06 E3 08 00 E1 F6 E6 C0 
12-10 17:39:01.586  3849  3887 D OIC_CA_PRTCL_MSG: 1E 4A 11 3D D7 9E 96 DC 
12-10 17:39:01.586  3849  3891 D OIC_ANALYZER: CoAP Header size = [30]
12-10 17:39:01.586  3849  3891 D OIC_ANALYZER: CoAP Payload
12-10 17:39:01.586  3849  3887 I OIC_CA_PRTCL_MSG: adapter value of CoAP/TCP is 32
12-10 17:39:01.586  3849  3891 D OIC_ANALYZER: CoAP Payload Size = [0]
12-10 17:39:01.586  3849  3887 D OIC_CA_PRTCL_MSG: CAGeneratePDU: OUT
12-10 17:39:01.586  3849  3891 D OIC_ANALYZER: =================================================
12-10 17:39:01.586  3849  3887 D OIC_CA_BWT: IN-AddBlockOption
12-10 17:39:01.586  3849  3891 I OIC_TRACER: error writing, len: 1, ret: -1, errno: 9 at oic_trace_end
12-10 17:39:01.586  3849  3887 D OIC_CA_BWT: BlockID is 
12-10 17:39:01.586  3849  3891 D OIC_CA_BWT: CAReceiveBlockWiseData
12-10 17:39:01.586  3849  3887 D OIC_CA_BWT: 1E 4A 11 3D D7 9E 96 DC 00 00 
12-10 17:39:01.586  3849  3891 D OIC_CA_BWT: it's normal pdu
12-10 17:39:01.586  3849  3887 D OIC_CA_BWT: IN-GetBlockOptionType
12-10 17:39:01.587  3849  3891 D OIC_CA_MSG_HANDLE: this message does not have block option
12-10 17:39:01.587  3849  3887 D OIC_CA_BWT: OUT-GetBlockOptionType
12-10 17:39:01.587  3849  3891 D OIC_UQUEUE: Queue Count : 2
12-10 17:39:01.587  3849  3887 D OIC_CA_BWT: no BLOCK option
12-10 17:39:01.587  3849  3891 D OIC_CA_MSG_HANDLE: received pdu data :
12-10 17:39:01.587  3849  3887 D OIC_CA_BWT: [oic] opt will be added.
12-10 17:39:01.587  3849  3887 D OIC_CA_BWT: [12] pdu length
12-10 17:39:01.587  3849  3891 D OIC_CA_MSG_HANDLE: 58 01 92 4B 1E 4A 11 3D D7 9E 96 DC B3 6F 69 63 
12-10 17:39:01.587  3849  3887 D OIC_CA_BWT: [p] opt will be added.
12-10 17:39:01.587  3849  3891 D OIC_CA_MSG_HANDLE: 01 70 62 27 10 E2 06 E3 08 00 E1 F6 E6 C0 
12-10 17:39:01.587  3849  3887 D OIC_CA_BWT: [16] pdu length
12-10 17:39:01.587  3849  3891 I OIC_TRACER: error writing, len: 1, ret: -1, errno: 9 at oic_trace_end
12-10 17:39:01.587  3849  3887 D OIC_CA_BWT: ['] opt will be added.
12-10 17:39:01.587  3849  3891 D OIC_CA_IP_ADAP: Address: 192.168.1.69, port:42708
12-10 17:39:01.587  3849  3887 D OIC_CA_BWT: [18] pdu length
12-10 17:39:01.587  3849  3891 I OIC_TRACER: error writing, len: 54, ret: -1, errno: 9 at oic_trace_begin
12-10 17:39:01.587  3849  3887 D OIC_CA_BWT: [] opt will be added.
12-10 17:39:01.587  3849  3891 I OIC_CA_PRTCL_MSG: adapter value of CoAP/TCP is 1
12-10 17:39:01.587  3849  3887 D OIC_CA_BWT: [21] pdu length
12-10 17:39:01.587  3849  3891 D OIC_CA_PRTCL_MSG: pdu parse-transport type : 0
12-10 17:39:01.587  3849  3887 D OIC_CA_BWT: [¿] opt will be added.
12-10 17:39:01.587  3849  3891 D OIC_CA_PRTCL_MSG: pdu parse ret: 1
12-10 17:39:01.587  3849  3887 D OIC_CA_BWT: [26] pdu length
12-10 17:39:01.587  3849  3891 I OIC_CA_PRTCL_MSG: adapter value of CoAP/TCP is 1
12-10 17:39:01.587  3849  3887 D OIC_CA_BWT: [30] pdu length after option
12-10 17:39:01.587  3849  3891 D OIC_CA_MSG_HANDLE: code = 1
12-10 17:39:01.587  3849  3887 I OIC_CA_BWT: not Blockwise Transfer
12-10 17:39:01.587  3849  3891 D OIC_CA_MSG_HANDLE: CAGenerateHandlerData IN
12-10 17:39:01.587  3849  3887 D OIC_CA_BWT: OUT-AddBlockOption
12-10 17:39:01.588  3849  3891 D OIC_CA_MSG_HANDLE: address : 192.168.1.69
12-10 17:39:01.588  3849  3887 D OIC_CA_MSG_HANDLE: CALogPDUInfo
12-10 17:39:01.588  3849  3891 I OIC_CA_PRTCL_MSG: IN - CAGetInfoFromPDU
12-10 17:39:01.588  3849  3887 I OIC_TRACER: error writing, len: 42, ret: -1, errno: 9 at oic_trace_begin
12-10 17:39:01.588  3849  3891 I OIC_CA_PRTCL_MSG: adapter value of CoAP/TCP is 1
12-10 17:39:01.588  3849  3887 D OIC_ANALYZER: =================================================
12-10 17:39:01.588  3849  3891 I OIC_CA_PRTCL_MSG: adapter value of CoAP/TCP is 1
12-10 17:39:01.588  3849  3887 D OIC_ANALYZER: Is Multicast = true
12-10 17:39:01.588  3849  3887 D OIC_ANALYZER: Transport Type = [32]
12-10 17:39:01.588  3849  3891 D OIC_CA_PRTCL_MSG: COAP URI element : oic
12-10 17:39:01.588  3849  3887 D OIC_ANALYZER: Address = []:[0]
12-10 17:39:01.588  3849  3891 D OIC_CA_PRTCL_MSG: COAP URI element : p
12-10 17:39:01.588  3849  3887 D OIC_ANALYZER: Data Type = [CA_REQUEST_DATA]
12-10 17:39:01.588  3849  3891 D OIC_CA_PRTCL_MSG: COAP URI element : '
12-10 17:39:01.588  3849  3887 D OIC_ANALYZER: -------------------------------------------------
12-10 17:39:01.588  3849  3891 D OIC_CA_PRTCL_MSG: COAP URI element : 
12-10 17:39:01.588  3849  3887 D OIC_ANALYZER: Method = [GET]
12-10 17:39:01.588  3849  3891 D OIC_CA_PRTCL_MSG: COAP URI element : ¿
12-10 17:39:01.588  3849  3887 D OIC_ANALYZER: Msg ID = [863]
12-10 17:39:01.588  3849  3887 D OIC_ANALYZER: Coap Token
12-10 17:39:01.588  3849  3891 D OIC_CA_PRTCL_MSG: inside token length : 8
12-10 17:39:01.588  3849  3887 D OIC_ANALYZER: 1E 4A 11 3D D7 9E 96 DC 
12-10 17:39:01.588  3849  3891 D OIC_CA_PRTCL_MSG: URL length:6
12-10 17:39:01.588  3849  3891 I OIC_CA_PRTCL_MSG: OUT - CAGetInfoFromPDU
12-10 17:39:01.588  3849  3887 I OIC_TRACER: error writing, len: 66, ret: -1, errno: 9 at oic_trace_begin
12-10 17:39:01.588  3849  3891 I OIC_CA_MSG_HANDLE: IPv4 duplicate message ignored
12-10 17:39:01.588  3849  3887 I OIC_TRACER: error writing, len: 1, ret: -1, errno: 9 at oic_trace_end
12-10 17:39:01.588  3849  3891 I OIC_CA_MSG_HANDLE: Second Request with same Token, Drop it
12-10 17:39:01.588  3849  3887 D OIC_ANALYZER: Res URI = [/oic/p]
12-10 17:39:01.588  3849  3891 E OIC_CA_MSG_HANDLE: CAReceivedPacketCallback, CAGenerateHandlerData failed!
12-10 17:39:01.588  3849  3887 I OIC_TRACER: error writing, len: 53, ret: -1, errno: 9 at oic_trace_begin
12-10 17:39:01.589  3849  3891 D OIC_CA_MSG_HANDLE: received pdu data :
12-10 17:39:01.589  3849  3887 I OIC_TRACER: error writing, len: 1, ret: -1, errno: 9 at oic_trace_end
12-10 17:39:01.589  3849  3891 D OIC_CA_MSG_HANDLE: 58 01 92 4B 1E 4A 11 3D D7 9E 96 DC B3 6F 69 63 
12-10 17:39:01.589  3849  3887 D OIC_ANALYZER: Payload Format = [0]
12-10 17:39:01.589  3849  3891 D OIC_CA_MSG_HANDLE: 01 70 62 27 10 E2 06 E3 08 00 E1 F6 E6 C0 
12-10 17:39:01.589  3849  3887 D OIC_ANALYZER: CoAP Message Full Size = [30]
12-10 17:39:01.589  3849  3887 D OIC_ANALYZER: CoAP Header (+ 0xFF)
12-10 17:39:01.589  3849  3891 I OIC_TRACER: error writing, len: 1, ret: -1, errno: 9 at oic_trace_end
12-10 17:39:01.589  3849  3887 D OIC_ANALYZER: 58 01 03 5F 1E 4A 11 3D D7 9E 96 DC B3 6F 69 63 
12-10 17:39:01.589  3849  3887 D OIC_ANALYZER: 01 70 62 27 10 E2 06 E3 08 00 E1 F6 E6 C0 
12-10 17:39:01.589  3849  3891 D OIC_CA_IP_ADAP: Address: fe80::4c91:90ff:fead:dca2%dummy0, port:53254
12-10 17:39:01.589  3849  3887 D OIC_ANALYZER: CoAP Header size = [30]
12-10 17:39:01.589  3849  3891 I OIC_TRACER: error writing, len: 54, ret: -1, errno: 9 at oic_trace_begin
12-10 17:39:01.589  3849  3887 D OIC_ANALYZER: CoAP Payload
12-10 17:39:01.589  3849  3891 I OIC_CA_PRTCL_MSG: adapter value of CoAP/TCP is 1
12-10 17:39:01.589  3849  3887 D OIC_ANALYZER: CoAP Payload Size = [0]
12-10 17:39:01.589  3849  3887 D OIC_ANALYZER: =================================================
12-10 17:39:01.589  3849  3891 D OIC_CA_PRTCL_MSG: pdu parse-transport type : 0
12-10 17:39:01.589  3849  3887 I OIC_TRACER: error writing, len: 1, ret: -1, errno: 9 at oic_trace_end
12-10 17:39:01.589  3849  3891 D OIC_CA_PRTCL_MSG: pdu parse ret: 1
12-10 17:39:01.589  3849  3887 E OIC_CA_INF_CTR: unknown connectivity type!
12-10 17:39:01.589  3849  3891 I OIC_CA_PRTCL_MSG: adapter value of CoAP/TCP is 1
12-10 17:39:01.589  3849  3891 D OIC_CA_MSG_HANDLE: code = 1
12-10 17:39:01.589  3849  3887 I OIC_TRACER: error writing, len: 1, ret: -1, errno: 9 at oic_trace_end
12-10 17:39:01.589  3849  3891 D OIC_CA_MSG_HANDLE: CAGenerateHandlerData IN
12-10 17:39:01.589  3849  3887 D OIC_CA_MSG_HANDLE: CADestroyData IN
12-10 17:39:01.589  3849  3891 D OIC_CA_MSG_HANDLE: address : fe80::4c91:90ff:fead:dca2%dummy0
12-10 17:39:01.590  3849  3887 D OIC_CA_MSG_HANDLE: CADestroyData OUT
12-10 17:39:01.590  3849  3891 I OIC_CA_PRTCL_MSG: IN - CAGetInfoFromPDU
12-10 17:39:01.590  3849  3887 D OIC_CA_QING: wait..
