12-10 17:38:53.264  1678  1760 W qti_sensors_hal: timestampCalc: Adjusting timestamp for rollover: 357359346075831, -1
12-10 17:38:53.464  1678  1760 W qti_sensors_hal: timestampCalc: Adjusting timestamp for rollover: 357359545630274, -1
12-10 17:38:53.663  1678  1760 W qti_sensors_hal: timestampCalc: Adjusting timestamp for rollover: 357359745184717, -1
12-10 17:38:53.863  1678  1760 W qti_sensors_hal: timestampCalc: Adjusting timestamp for rollover: 357359944708643, -1
12-10 17:38:54.063  1678  1760 W qti_sensors_hal: timestampCalc: Adjusting timestamp for rollover: 357360144232569, -1
12-10 17:38:54.262  1678  1760 W qti_sensors_hal: timestampCalc: Adjusting timestamp for rollover: 357360343787012, -1
12-10 17:38:54.462  1678  1760 W qti_sensors_hal: timestampCalc: Adjusting timestamp for rollover: 357360543371973, -1
12-10 17:38:54.661  1678  1760 W qti_sensors_hal: timestampCalc: Adjusting timestamp for rollover: 357360742895899, -1
12-10 17:38:54.860  1678  1760 W qti_sensors_hal: timestampCalc: Adjusting timestamp for rollover: 357360942450342, -1
12-10 17:38:54.880   912   912 I MSM-irqbalance: Decided to move IRQ5 from CPU1 [P:0] to CPU4 [P:1] (banned)
12-10 17:38:54.882   912   912 I MSM-irqbalance: Decided to move IRQ3 from CPU1 [P:0] to CPU5 [P:1] (banned)
12-10 17:38:54.882   912   912 I MSM-irqbalance: Decided to move IRQ5 from CPU0 [P:0] to CPU6 [P:1] (banned)
12-10 17:38:54.883   912   912 I MSM-irqbalance: Decided to move IRQ3 from CPU0 [P:0] to CPU7 [P:1] (banned)
12-10 17:38:54.884   912   912 I MSM-irqbalance: Decided to move IRQ3 from CPU2 [P:0] to CPU4 [P:1] (banned)
12-10 17:38:54.885   912   912 I MSM-irqbalance: Decided to move IRQ5 from CPU2 [P:0] to CPU5 [P:1] (banned)
12-10 17:38:54.886   912   912 I MSM-irqbalance: Decided to move IRQ5 from CPU3 [P:0] to CPU6 [P:1] (banned)
12-10 17:38:54.886   912   912 I MSM-irqbalance: Decided to move IRQ3 from CPU3 [P:0] to CPU7 [P:1] (banned)
12-10 17:38:55.060  1678  1760 W qti_sensors_hal: timestampCalc: Adjusting timestamp for rollover: 357361141971222, -1
12-10 17:38:55.260  1678  1760 W qti_sensors_hal: timestampCalc: Adjusting timestamp for rollover: 357361341556183, -1
12-10 17:38:55.462  1678  1760 W qti_sensors_hal: timestampCalc: Adjusting timestamp for rollover: 357361541110626, -1
12-10 17:38:55.642  4254  4254 D wpa_supplicant: wlan0: Control interface command 'SIGNAL_POLL'
12-10 17:38:55.658  1678  1760 W qti_sensors_hal: timestampCalc: Adjusting timestamp for rollover: 357361740634552, -1
12-10 17:38:55.858  1678  1760 W qti_sensors_hal: timestampCalc: Adjusting timestamp for rollover: 357361940188996, -1
12-10 17:38:56.058  1678  1760 W qti_sensors_hal: timestampCalc: Adjusting timestamp for rollover: 357362139682404, -1
12-10 17:38:56.257  1678  1760 W qti_sensors_hal: timestampCalc: Adjusting timestamp for rollover: 357362339267365, -1
12-10 17:38:56.457  1678  1760 W qti_sensors_hal: timestampCalc: Adjusting timestamp for rollover: 357362538821808, -1
12-10 17:38:56.657  1678  1760 W qti_sensors_hal: timestampCalc: Adjusting timestamp for rollover: 357362738376251, -1
12-10 17:38:56.855  1678  1760 W qti_sensors_hal: timestampCalc: Adjusting timestamp for rollover: 357362937930695, -1
12-10 17:38:57.056  1678  1760 W qti_sensors_hal: timestampCalc: Adjusting timestamp for rollover: 357363137454621, -1
12-10 17:38:57.255  1678  1760 W qti_sensors_hal: timestampCalc: Adjusting timestamp for rollover: 357363337009064, -1
12-10 17:38:57.455  1678  1760 W qti_sensors_hal: timestampCalc: Adjusting timestamp for rollover: 357363536563507, -1
12-10 17:38:57.654  1678  1760 W qti_sensors_hal: timestampCalc: Adjusting timestamp for rollover: 357363736087433, -1
12-10 17:38:57.854  1678  1760 W qti_sensors_hal: timestampCalc: Adjusting timestamp for rollover: 357363935641876, -1
12-10 17:38:58.053  1678  1760 W qti_sensors_hal: timestampCalc: Adjusting timestamp for rollover: 357364135165802, -1
12-10 17:38:58.253  1678  1760 W qti_sensors_hal: timestampCalc: Adjusting timestamp for rollover: 357364334750763, -1
12-10 17:38:58.452  1678  1760 W qti_sensors_hal: timestampCalc: Adjusting timestamp for rollover: 357364534305207, -1
12-10 17:38:58.652  1678  1760 W qti_sensors_hal: timestampCalc: Adjusting timestamp for rollover: 357364733829132, -1
12-10 17:38:58.657  4254  4254 D wpa_supplicant: wlan0: Control interface command 'SIGNAL_POLL'
12-10 17:38:58.851  1678  1760 W qti_sensors_hal: timestampCalc: Adjusting timestamp for rollover: 357364933383576, -1
12-10 17:38:59.034  2198  2198 D Launcher: Launcher_dispatchTouchEvent:0| (689.3617,1331.3065)
12-10 17:38:59.035  2198  2198 D FeedSwipeController: touchState : 0 scrolling : false normalEditing : false WidgetThumbnailViewShowing : false UninstallDialogShowing : false
12-10 17:38:59.035  2198  2198 D FeedSwipeController: can not use
12-10 17:38:59.038  2198  2198 D Launcher.Workspace: Workspace touch down
12-10 17:38:59.038  2198  2712 D ScreenElementRoot: pause
12-10 17:38:59.039  2198  2198 D Launcher.CellLayout: touch item:ShortcutInfo, id=111, itemType=0, user=UserHandle{0}, mIconType=0, mTitle=Device Discovery Client, mLabel=Device Discovery Client, pkgName=org.iotivity.base.examples.devicediscoveryclient, className=org.iotivity.base.examples.DeviceDiscoveryClient, screenId=2, container=-100, cellX=2, cellY=5, spanX=1, spanY=1, isLandscapePos=false
12-10 17:38:59.040  2198  2712 I NotifierManager: onUnregister: miui.maml.NotifierManager$MultiBroadcastNotifier@ba09220
12-10 17:38:59.041  2198  2712 I RenderThread: RenderThread paused, waiting for signal
12-10 17:38:59.051  1678  1760 W qti_sensors_hal: timestampCalc: Adjusting timestamp for rollover: 357365132968537, -1
12-10 17:38:59.118  2198  2198 D Launcher: Launcher_dispatchTouchEvent:1| (689.3617,1331.3065)
12-10 17:38:59.119  2198  2198 D Launcher.Workspace: Workspace touch up or cancel
12-10 17:38:59.119  2198  2712 I RenderThread: RenderThread resumed
12-10 17:38:59.120  2198  2712 D ScreenElementRoot: resume
12-10 17:38:59.122  2198  2198 D Launcher.AnalyticalDataCollector: inDesktop, screeniIndex=1, row5, column=2
12-10 17:38:59.122  2198  2712 I NotifierManager: onRegister: miui.maml.NotifierManager$MultiBroadcastNotifier@ba09220
12-10 17:38:59.123  2198  2198 I Timeline: Timeline: Activity_launch_request time:215409732 intent:Intent { act=android.intent.action.MAIN cat=[android.intent.category.LAUNCHER] flg=0x10200000 cmp=org.iotivity.base.examples.devicediscoveryclient/org.iotivity.base.examples.DeviceDiscoveryClient bnds=[584,1244][752,1412] (has extras) }
12-10 17:38:59.127  1678  2453 I ActivityManager: START u0 {act=android.intent.action.MAIN cat=[android.intent.category.LAUNCHER] flg=0x10200000 cmp=org.iotivity.base.examples.devicediscoveryclient/org.iotivity.base.examples.DeviceDiscoveryClient bnds=[584,1244][752,1412] (has extras)} from uid 10020 on display 0
12-10 17:38:59.129   466  2823 E ANDR-PERF-MPCTL: Invalid profile no. 0, total profiles 0 only
12-10 17:38:59.136  1678  2453 V BoostFramework: BoostFramework() : mPerf = com.qualcomm.qti.Performance@922be79
12-10 17:38:59.136  1678  2453 D ActivityTrigger: ActivityTrigger activityPauseTrigger 
12-10 17:38:59.138  1678  1701 V BoostFramework: BoostFramework() : mPerf = com.qualcomm.qti.Performance@307c935
12-10 17:38:59.138  1678  1701 V BoostFramework: BoostFramework() : mPerf = com.qualcomm.qti.Performance@d9d01ca
12-10 17:38:59.143  2198  2712 D ScreenElementRoot: pause
12-10 17:38:59.143  1678  2203 V BoostFramework: BoostFramework() : mPerf = com.qualcomm.qti.Performance@8b29ab3
12-10 17:38:59.144  1678  2203 V BoostFramework: BoostFramework() : mPerf = com.qualcomm.qti.Performance@8a09870
12-10 17:38:59.151  1678  1701 V BoostFramework: BoostFramework() : mPerf = com.qualcomm.qti.Performance@74b0588
12-10 17:38:59.156  1678  2203 D Boost   : hostingType=activity, hostingName=org.iotivity.base.examples.devicediscoveryclient/org.iotivity.base.examples.DeviceDiscoveryClient, callerPackage=com.miui.home, isSystem=true, isBoostNeeded=false.
12-10 17:38:59.156  1678  2203 I ActivityManager: Start proc 3849:org.iotivity.base.examples.devicediscoveryclient/u0a159 for activity org.iotivity.base.examples.devicediscoveryclient/org.iotivity.base.examples.DeviceDiscoveryClient caller=com.miui.home
12-10 17:38:59.156  1678  2203 V BoostFramework: BoostFramework() : mPerf = com.qualcomm.qti.Performance@a86f107
12-10 17:38:59.158  2198  2712 I NotifierManager: onUnregister: miui.maml.NotifierManager$MultiBroadcastNotifier@ba09220
12-10 17:38:59.158  2198  2712 I RenderThread: RenderThread paused, waiting for signal
12-10 17:38:59.159  3849  3849 I art     : Late-enabling -Xcheck:jni
12-10 17:38:59.162  2198  2597 D Launcher: disableStatusBarClock:false
12-10 17:38:59.176  3849  3849 W ReflectionUtils: 
12-10 17:38:59.176  3849  3849 W ReflectionUtils: java.lang.NoSuchMethodException: android.os.MessageQueue#enableMonitor()#bestmatch
12-10 17:38:59.176  3849  3849 W ReflectionUtils: 	at miui.util.ReflectionUtils.findMethodBestMatch(ReflectionUtils.java:338)
12-10 17:38:59.176  3849  3849 W ReflectionUtils: 	at miui.util.ReflectionUtils.findMethodBestMatch(ReflectionUtils.java:375)
12-10 17:38:59.176  3849  3849 W ReflectionUtils: 	at miui.util.ReflectionUtils.callMethod(ReflectionUtils.java:800)
12-10 17:38:59.176  3849  3849 W ReflectionUtils: 	at miui.util.ReflectionUtils.tryCallMethod(ReflectionUtils.java:818)
12-10 17:38:59.176  3849  3849 W ReflectionUtils: 	at android.os.BaseLooper.enableMonitor(BaseLooper.java:47)
12-10 17:38:59.176  3849  3849 W ReflectionUtils: 	at android.os.Looper.prepareMainLooper(Looper.java:112)
12-10 17:38:59.176  3849  3849 W ReflectionUtils: 	at android.app.ActivityThread.main(ActivityThread.java:6371)
12-10 17:38:59.176  3849  3849 W ReflectionUtils: 	at java.lang.reflect.Method.invoke(Native Method)
12-10 17:38:59.176  3849  3849 W ReflectionUtils: 	at com.android.internal.os.ZygoteInit$MethodAndArgsCaller.run(ZygoteInit.java:930)
12-10 17:38:59.176  3849  3849 W ReflectionUtils: 	at com.android.internal.os.ZygoteInit.main(ZygoteInit.java:820)
12-10 17:38:59.177  3849  3849 V BoostFramework: BoostFramework() : mPerf = com.qualcomm.qti.Performance@247665
12-10 17:38:59.191   775  1670 D DnsProxyBlocker: remove uid(10159) for Firewall
12-10 17:38:59.192  3823  4050 D PowerKeeper.Event: notifyForegroundCompomentChanged ComponentInfo{org.iotivity.base.examples.devicediscoveryclient/org.iotivity.base.examples.DeviceDiscoveryClient}
12-10 17:38:59.193  3823  4088 D PowerKeeper: PowerStateMachine:Enter power state id=0 name=normal
12-10 17:38:59.193  3823  5532 D PowerKeeper: PerfEngineController:ForegroundInfo{mForegroundPackageName='org.iotivity.base.examples.devicediscoveryclient', mForegroundUid=10159, mForegroundPid=3849, mLastForegroundPackageName='com.miui.home', mLastForegroundUid=10020, mLastForegroundPid=2198, mMultiWindowForegroundPackageName='null', mMultiWindowForegroundUid=-1, mFlags=1}
12-10 17:38:59.193  3823  4027 D ProcessObserver: onScreenAppChanged, FgUid: 10159, FgPackageName: org.iotivity.base.examples.devicediscoveryclient
12-10 17:38:59.193  4886  4898 D SmartPhoneTag_a: notifyPkgStatus mForegroundPackageName : org.iotivity.base.examples.devicediscoveryclient
12-10 17:38:59.194  3823  4027 D ProcessObserver: onScreenAppChanged, PreTaskUid: 10020, PreTaskPackageName: com.miui.home
12-10 17:38:59.194  4886  4898 D SmartPhoneTag_GameMonitorController: stopCollectGameInfo
12-10 17:38:59.194  3823  4027 D ProcessObserver: Uid: 10159 Foreground
12-10 17:38:59.194  4886  4898 D SmartPhoneTag_d: unregisterIntentActions
12-10 17:38:59.194  2842  4838 D GameBoosterService: onGameStatusChange foreground:ForegroundInfo{mForegroundPackageName='org.iotivity.base.examples.devicediscoveryclient', mForegroundUid=10159, mForegroundPid=3849, mLastForegroundPackageName='com.miui.home', mLastForegroundUid=10020, mLastForegroundPid=2198, mMultiWindowForegroundPackageName='null', mMultiWindowForegroundUid=-1, mFlags=1}
12-10 17:38:59.195  3823  4027 W MessageQueue: Handler (com.miui.powerkeeper.feedbackcontrol.FeedbackControlService$FeedbackControlHandler) {136fd03} sending message to a Handler on a dead thread
12-10 17:38:59.195  3823  4027 W MessageQueue: java.lang.IllegalStateException: Handler (com.miui.powerkeeper.feedbackcontrol.FeedbackControlService$FeedbackControlHandler) {136fd03} sending message to a Handler on a dead thread
12-10 17:38:59.195  3823  4027 W MessageQueue: 	at android.os.MessageQueue.enqueueMessage(MessageQueue.java:543)
12-10 17:38:59.195  3823  4027 W MessageQueue: 	at android.os.Handler.enqueueMessage(Handler.java:646)
12-10 17:38:59.195  3823  4027 W MessageQueue: 	at android.os.Handler.sendMessageAtTime(Handler.java:612)
12-10 17:38:59.195  3823  4027 W MessageQueue: 	at android.os.Handler.sendMessageDelayed(Handler.java:582)
12-10 17:38:59.195  3823  4027 W MessageQueue: 	at android.os.Handler.post(Handler.java:338)
12-10 17:38:59.195  3823  4027 W MessageQueue: 	at com.miui.powerkeeper.utils.ProcessObserver.notifyForegroundActivitiesChangedListeners(ProcessObserver.java:315)
12-10 17:38:59.195  3823  4027 W MessageQueue: 	at com.miui.powerkeeper.utils.ProcessObserver.computeUidForegroundLocked(ProcessObserver.java:271)
12-10 17:38:59.195  3823  4027 W MessageQueue: 	at com.miui.powerkeeper.utils.ProcessObserver.-wrap0(ProcessObserver.java)
12-10 17:38:59.195  3823  4027 W MessageQueue: 	at com.miui.powerkeeper.utils.ProcessObserver$2$1.run(ProcessObserver.java:206)
12-10 17:38:59.195  3823  4027 W MessageQueue: 	at android.os.Handler.handleCallback(Handler.java:754)
12-10 17:38:59.195  3823  4027 W MessageQueue: 	at android.os.Handler.dispatchMessage(Handler.java:95)
12-10 17:38:59.195  3823  4027 W MessageQueue: 	at android.os.Looper.loop(Looper.java:163)
12-10 17:38:59.195  3823  4027 W MessageQueue: 	at android.os.HandlerThread.run(HandlerThread.java:61)
12-10 17:38:59.195  2773  2819 I octvm_power: power mode [normal] start 1575970739
12-10 17:38:59.195  3823  4067 D PowerCheckerService: updateForFgUidChangedLocked, mScreenOn = true uid = 10159 foreground = true
12-10 17:38:59.195  3823  4027 D ProcessObserver: Uid: 1000 BackPreTask
12-10 17:38:59.195  2773  2819 I octvm_drv: common drv: get_current_battery_uAh will return 0
12-10 17:38:59.195  2773  2819 I octvm_power: Action: set_bcbc_cust_state(disable) for [foreground_change]
12-10 17:38:59.195  1678  2203 I Timeline: Timeline: App_transition_ready time:215409804
12-10 17:38:59.195  2773  2819 I octvm_drv: common drv: platform_set_bcbc_cust_state -> platform not support
12-10 17:38:59.195  2773  2819 I octvm_power: Action: set_dfps_cust_state(disable) for [foreground_change]
12-10 17:38:59.195  2773  2819 I octvm_drv: common drv: platform_set_dfps_cust_state -> platform not support
12-10 17:38:59.195  2773  2819 I octvm_power: Action: set_lcd_mode(default) for [foreground_change]
12-10 17:38:59.196  3823  4013 D AppActiveChecker: updateDownloadStateForFgUidChangedLocked, mScreenOn = true uid = 10159 foreground = true
12-10 17:38:59.196  3823  4013 D AppActiveChecker: removeMessages: hasMessage, uid = 10159
12-10 17:38:59.196  3823  4013 D AppActiveChecker: updateAppActiveStateForUidLocked, uid = 10159 appActiveState = 0
12-10 17:38:59.196  3823  4013 D DeviceIdleAppRuleChecker: updateStateForInteractiveUidChangedLocked: uid = 10159 foreground = true
12-10 17:38:59.196  3823  4013 D KillProcessAppRuleChecker: updateStateForInteractiveUidChangedLocked: uid = 10159 foreground = true
12-10 17:38:59.196  3823  4013 D HideModeStateMachine: updateForForegroundUidChangedLocked: uid = 10159 foreground = true
12-10 17:38:59.196  3823  4013 I HideModeStateMachine: Uid: 10159 State: inactive_level_1st |-> setForegroundActive
12-10 17:38:59.196  2773  2819 I octvm_drv_xm: platform_set_lcd_mode: mode default(1)
12-10 17:38:59.196  3823  4013 I HideModeStateMachine: Uid: 10159 State: inactive_level_1st Feature: appIdle |-> setSubStateForegroundActive
12-10 17:38:59.196  2773  2819 I DisplayFeatureControl: BpDisplayFeatureControl::setFeatureEnable, displayid: 0, caseId:7, modeId: 1, cookie:0)
12-10 17:38:59.196  3823  4013 I HideModeStateMachine: Uid: 10159 State: inactive_level_1st Feature: appIdle |-> updateRule, Rule = allow
12-10 17:38:59.196  3823  4013 I HideModeStateMachine: Uid: 10159 State: inactive_level_1st Feature: sensor |-> setSubStateForegroundActive
12-10 17:38:59.196  3823  4013 I HideModeStateMachine: Uid: 10159 State: inactive_level_1st Feature: sensor |-> updateRule, Rule = allow
12-10 17:38:59.196  3823  4013 I HideModeStateMachine: Uid: 10159 State: inactive_level_1st Feature: location |-> setSubStateForegroundActive
12-10 17:38:59.196  3823  4013 I HideModeStateMachine: Uid: 10159 State: active |-> setForegroundActive
12-10 17:38:59.196   567  6091 I DisplayFeatureControl: BnDisplayFeatureControl::onTransact SET_COMMON_MODE (displayid:0, caseId:7, modeId:1, cookie:0)
12-10 17:38:59.196  3823  4013 D ActiveStateController: updateStateForFgUidChangedLocked: uid = 10159 foreground = true
12-10 17:38:59.196   567  6091 I DisplayFeatureService: virtual int android::DisplayFeatureService::setFeatureEnable(int, int, int, int) displayId=0 caseId=7 modeId=1 cookie=0
12-10 17:38:59.196   567  6091 D DisplayFeatureService: virtual int android::DisplayFeatureService::setFeatureEnable(int, int, int, int) param caseId: 7 modeId:1 cookie: 0
12-10 17:38:59.196  3823  4013 D HideModeStateMachine: updateForForegroundPreTaskUidChangedLocked: uid = 1000 foreground = false
12-10 17:38:59.196   567  6091 D DisplayFeatureService: int android::DisplayFeatureService::HandleCabcModeCustom(int, int) enter
12-10 17:38:59.197   567  6091 I DisplayFeatureService: int android::DisplayFeaturePolicy::featureEnablePolicy(int, int, int) input[2, 256, 0]
12-10 17:38:59.197  3823  4013 I HideModeStateMachine: Uid: 10159 Feature: appIdle Rule: allow |-> notifyAppRuleChangedListeners
12-10 17:38:59.197  3823  4013 I HideModeStateMachine: Uid: 10159 Feature: sensor Rule: allow |-> notifyAppRuleChangedListeners
12-10 17:38:59.197   567  6091 I DisplayFeatureService: successfully write 0x100 into /sys/devices/virtual/graphics/fb0/msm_fb_dispparam
12-10 17:38:59.197  3823  4013 D PowerKeeper.AppStandby: setUidState, uid = 10159 allow = true
12-10 17:38:59.198  3823  4067 D PowerChecker.BaStats: uid = 10159, uidForeground = true, lastBytes = 26770, curBytes = 26770, deltaBytes = 0
12-10 17:38:59.198  3823  4013 D PowerKeeper.Sensor: setUidState, uid = 10159 allow = true
12-10 17:38:59.199  1678  1696 V UidProcStateHelper: process state changed:[3849,10159,2]
12-10 17:38:59.199  3823  4027 D ProcessObserver: onForegroundActivitiesChanged, pid: 3849 uid: 10159 foregroundActivities: true
12-10 17:38:59.199  3823  4027 D ProcessObserver: Uid: 10159 ForePreTask
12-10 17:38:59.200  1957  1957 D StatusBar: disable<e i a s b h r c s > disable2<q i n g r >
12-10 17:38:59.200  1957  1957 D StatusBarClock:  isNormalMode= true clock visible=true
12-10 17:38:59.202  3823  4013 D HideModeStateMachine: updateForForegroundPreTaskUidChangedLocked: uid = 10159 foreground = true
12-10 17:38:59.224   567  6091 D DisplayFeatureService: int android::DisplayFeatureService::HandleCabcModeCustom(int, int) exit 256
12-10 17:38:59.225   567  6091 I DisplayFeatureService: virtual int android::DisplayFeatureService::setFeatureEnable(int, int, int, int) exit
12-10 17:38:59.225   567  6091 I DisplayFeatureControl: BnDisplayFeatureControl::onTransact SET_COMMON_MODE result: 0
12-10 17:38:59.225  2773  2819 I octvm_power: Action: set_thermal_config(restore) for [foreground_change]
12-10 17:38:59.225  2773  2819 I octvm_drv: common drv: platform_set_thermal_mode -> platform not support
12-10 17:38:59.225  2773  2819 I octvm_drv: common drv: get_current_battery_uAh will return 0
12-10 17:38:59.225  2773  2819 I octvm_power: onPowerModeChanged[normal] called
12-10 17:38:59.249  1678  1760 W qti_sensors_hal: timestampCalc: Adjusting timestamp for rollover: 357365332522980, -1
12-10 17:38:59.252  3849  3849 W ResourceType: No package identifier when getting name for resource number 0x00000000
12-10 17:38:59.274  3849  3849 D AccessibilityManager: current package=org.iotivity.base.examples.devicediscoveryclient, accessibility manager mIsFinalEnabled=true, mOptimizeEnabled=false, mIsUiAutomationEnabled=false, mIsInterestedPackage=false
12-10 17:38:59.284  3849  3877 W System  : ClassLoader referenced unknown path: /system/app/MiuiContentCatcher/lib/arm64
12-10 17:38:59.272  3877  3877 I Binder:intercep: type=1400 audit(0.0:5343): avc: denied { getattr } for path="/data/data/com.miui.contentcatcher" dev="dm-0" ino=131362 scontext=u:r:untrusted_app:s0:c512,c768 tcontext=u:object_r:system_app_data_file:s0 tclass=dir permissive=1
12-10 17:38:59.288  3849  3877 D ApplicationLoaders: ignored Vulkan layer search path /system/app/MiuiContentCatcher/lib/arm64:/system/lib64:/vendor/lib64 for namespace 0x7f78c42160
12-10 17:38:59.288  3849  3877 W ResourceType: No package identifier when getting name for resource number 0x00000000
12-10 17:38:59.290  3849  3849 V BoostFramework: BoostFramework() : mPerf = com.qualcomm.qti.Performance@dc69b92
12-10 17:38:59.290  3849  3849 V BoostFramework: BoostFramework() : mPerf = com.qualcomm.qti.Performance@5e2e963
12-10 17:38:59.294  3849  3877 D ViewContentFactory: initViewContentFetcherClass
12-10 17:38:59.294  3849  3877 D ViewContentFactory: getInterceptorPackageInfo
12-10 17:38:59.295  3849  3877 D ViewContentFactory: getInitialApplication took 0ms
12-10 17:38:59.295  3849  3877 D ViewContentFactory: packageInfo.packageName: com.miui.catcherpatch
12-10 17:38:59.298  3849  3877 W System  : ClassLoader referenced unknown path: /system/app/CatcherPatch/lib/arm64
12-10 17:38:59.299  3849  3877 D ApplicationLoaders: ignored Vulkan layer search path /system/app/CatcherPatch/lib/arm64:/system/lib64:/vendor/lib64 for namespace 0x7f78c421d0
12-10 17:38:59.300  3849  3877 W ResourceType: No package identifier when getting name for resource number 0x00000000
12-10 17:38:59.303  3849  3877 D ViewContentFactory: initViewContentFetcherClass took 9ms
12-10 17:38:59.303  3849  3877 I ContentCatcher: ViewContentFetcher : ViewContentFetcher
12-10 17:38:59.304  3849  3877 D ViewContentFactory: createInterceptor took 9ms
12-10 17:38:59.313  3849  3849 W TypefaceUtils: getFamilyNameField failed
12-10 17:38:59.313  3849  3849 W TypefaceUtils: java.lang.NoSuchFieldException: familyName
12-10 17:38:59.313  3849  3849 W TypefaceUtils: 	at java.lang.Class.getField(Class.java:1549)
12-10 17:38:59.313  3849  3849 W TypefaceUtils: 	at miui.util.TypefaceUtils.getFamilyNameField(TypefaceUtils.java:268)
12-10 17:38:59.313  3849  3849 W TypefaceUtils: 	at miui.util.TypefaceUtils.<clinit>(TypefaceUtils.java:264)
12-10 17:38:59.313  3849  3849 W TypefaceUtils: 	at android.widget.TextView.setTypeface(TextView.java:3061)
12-10 17:38:59.313  3849  3849 W TypefaceUtils: 	at android.widget.TextView.setTypefaceFromAttrs(TextView.java:1533)
12-10 17:38:59.313  3849  3849 W TypefaceUtils: 	at android.widget.TextView.<init>(TextView.java:1430)
12-10 17:38:59.313  3849  3849 W TypefaceUtils: 	at android.widget.Button.<init>(Button.java:109)
12-10 17:38:59.313  3849  3849 W TypefaceUtils: 	at android.widget.Button.<init>(Button.java:105)
12-10 17:38:59.313  3849  3849 W TypefaceUtils: 	at android.widget.Button.<init>(Button.java:101)
12-10 17:38:59.313  3849  3849 W TypefaceUtils: 	at java.lang.reflect.Constructor.newInstance0(Native Method)
12-10 17:38:59.313  3849  3849 W TypefaceUtils: 	at java.lang.reflect.Constructor.newInstance(Constructor.java:430)
12-10 17:38:59.313  3849  3849 W TypefaceUtils: 	at android.view.LayoutInflater.createView(LayoutInflater.java:652)
12-10 17:38:59.313  3849  3849 W TypefaceUtils: 	at com.android.internal.policy.PhoneLayoutInflater.onCreateView(PhoneLayoutInflater.java:58)
12-10 17:38:59.313  3849  3849 W TypefaceUtils: 	at android.view.LayoutInflater.onCreateView(LayoutInflater.java:742)
12-10 17:38:59.313  3849  3849 W TypefaceUtils: 	at android.view.LayoutInflater.createViewFromTag(LayoutInflater.java:810)
12-10 17:38:59.313  3849  3849 W TypefaceUtils: 	at android.view.LayoutInflater.createViewFromTag(LayoutInflater.java:752)
12-10 17:38:59.313  3849  3849 W TypefaceUtils: 	at android.view.LayoutInflater.rInflate(LayoutInflater.java:883)
12-10 17:38:59.313  3849  3849 W TypefaceUtils: 	at android.view.LayoutInflater.rInflateChildren(LayoutInflater.java:846)
12-10 17:38:59.313  3849  3849 W TypefaceUtils: 	at android.view.LayoutInflater.inflate(LayoutInflater.java:522)
12-10 17:38:59.313  3849  3849 W TypefaceUtils: 	at android.view.LayoutInflater.inflate(LayoutInflater.java:430)
12-10 17:38:59.313  3849  3849 W TypefaceUtils: 	at android.view.LayoutInflater.inflate(LayoutInflater.java:377)
12-10 17:38:59.313  3849  3849 W TypefaceUtils: 	at com.android.internal.policy.PhoneWindow.setContentView(PhoneWindow.java:412)
12-10 17:38:59.313  3849  3849 W TypefaceUtils: 	at android.app.Activity.setContentView(Activity.java:2492)
12-10 17:38:59.313  3849  3849 W TypefaceUtils: 	at org.iotivity.base.examples.DeviceDiscoveryClient.onCreate(DeviceDiscoveryClient.java:164)
12-10 17:38:59.313  3849  3849 W TypefaceUtils: 	at android.app.Activity.performCreate(Activity.java:6854)
12-10 17:38:59.313  3849  3849 W TypefaceUtils: 	at android.app.Instrumentation.callActivityOnCreate(Instrumentation.java:1119)
12-10 17:38:59.313  3849  3849 W TypefaceUtils: 	at android.app.ActivityThread.performLaunchActivity(ActivityThread.java:2709)
12-10 17:38:59.313  3849  3849 W TypefaceUtils: 	at android.app.ActivityThread.handleLaunchActivity(ActivityThread.java:2817)
12-10 17:38:59.313  3849  3849 W TypefaceUtils: 	at android.app.ActivityThread.-wrap12(ActivityThread.java)
12-10 17:38:59.313  3849  3849 W TypefaceUtils: 	at android.app.ActivityThread$H.handleMessage(ActivityThread.java:1556)
12-10 17:38:59.313  3849  3849 W TypefaceUtils: 	at android.os.Handler.dispatchMessage(Handler.java:102)
12-10 17:38:59.313  3849  3849 W TypefaceUtils: 	at android.os.Looper.loop(Looper.java:163)
12-10 17:38:59.313  3849  3849 W TypefaceUtils: 	at android.app.ActivityThread.main(ActivityThread.java:6388)
12-10 17:38:59.313  3849  3849 W TypefaceUtils: 	at java.lang.reflect.Method.invoke(Native Method)
12-10 17:38:59.313  3849  3849 W TypefaceUtils: 	at com.android.internal.os.ZygoteInit$MethodAndArgsCaller.run(ZygoteInit.java:930)
12-10 17:38:59.313  3849  3849 W TypefaceUtils: 	at com.android.internal.os.ZygoteInit.main(ZygoteInit.java:820)
12-10 17:38:59.315  3849  3849 V BoostFramework: BoostFramework() : mPerf = com.qualcomm.qti.Performance@14054a2
12-10 17:38:59.315  3849  3849 V BoostFramework: BoostFramework() : mPerf = com.qualcomm.qti.Performance@9799533
12-10 17:38:59.336  3849  3849 V BoostFramework: BoostFramework() : mPerf = com.qualcomm.qti.Performance@be99025
12-10 17:38:59.377  3849  3878 I Adreno  : QUALCOMM build                   : a9083cf, Iaf618d42e3
12-10 17:38:59.377  3849  3878 I Adreno  : Build Date                       : 03/14/17
12-10 17:38:59.377  3849  3878 I Adreno  : OpenGL ES Shader Compiler Version: XE031.09.00.04
12-10 17:38:59.377  3849  3878 I Adreno  : Local Branch                     : 
12-10 17:38:59.377  3849  3878 I Adreno  : Remote Branch                    : 
12-10 17:38:59.377  3849  3878 I Adreno  : Remote Branch                    : 
12-10 17:38:59.377  3849  3878 I Adreno  : Reconstruct Branch               : 
12-10 17:38:59.385  3849  3878 I OpenGLRenderer: Initialized EGL, version 1.4
12-10 17:38:59.386  3849  3878 D OpenGLRenderer: Swap behavior 1
12-10 17:38:59.423  1678  1701 I ActivityManager: Displayed org.iotivity.base.examples.devicediscoveryclient/org.iotivity.base.examples.DeviceDiscoveryClient: +279ms
12-10 17:38:59.449  1678  1760 W qti_sensors_hal: timestampCalc: Adjusting timestamp for rollover: 357365532077423, -1
12-10 17:38:59.494  1678  1701 I Timeline: Timeline: App_transition_stopped time:215410103
12-10 17:38:59.497  1678  1701 I Timeline: Timeline: Activity_windows_visible id: ActivityRecord{4d6277d u0 org.iotivity.base.examples.devicediscoveryclient/org.iotivity.base.examples.DeviceDiscoveryClient t534} time:215410105
12-10 17:38:59.497  1678  1695 D ActivityTrigger: ActivityTrigger activityStopTrigger 
12-10 17:38:59.497  1957  1957 D EventBus: [1957, u0] send(AppTransitionFinishedEvent)
12-10 17:38:59.497  1957  1957 D EventBus: [1957, u0]  -> ForcedResizableInfoActivityController [0x848311, P1] onBusEvent(AppTransitionFinishedEvent)
12-10 17:38:59.497  1957  1957 D EventBus: [1957, u0] onBusEvent(AppTransitionFinishedEvent) duration: 22 microseconds, avg: 586
12-10 17:38:59.502  1678  1696 V UidProcStateHelper: process state changed:[2198,10020,12]
12-10 17:38:59.502  1957  1957 D EventBus: [1957, u0] send(AppTransitionFinishedEvent)
12-10 17:38:59.502  1957  1957 D EventBus: [1957, u0]  -> ForcedResizableInfoActivityController [0x848311, P1] onBusEvent(AppTransitionFinishedEvent)
12-10 17:38:59.502  1957  1957 D EventBus: [1957, u0] onBusEvent(AppTransitionFinishedEvent) duration: 24 microseconds, avg: 586
12-10 17:38:59.517  3823  4027 D ProcessObserver: onForegroundActivitiesChanged, pid: 2198 uid: 10020 foregroundActivities: false
12-10 17:38:59.517  3823  4027 D ProcessObserver: Uid: 10020 Background
12-10 17:38:59.518  3823  4027 W MessageQueue: Handler (com.miui.powerkeeper.feedbackcontrol.FeedbackControlService$FeedbackControlHandler) {136fd03} sending message to a Handler on a dead thread
12-10 17:38:59.518  3823  4027 W MessageQueue: java.lang.IllegalStateException: Handler (com.miui.powerkeeper.feedbackcontrol.FeedbackControlService$FeedbackControlHandler) {136fd03} sending message to a Handler on a dead thread
12-10 17:38:59.518  3823  4027 W MessageQueue: 	at android.os.MessageQueue.enqueueMessage(MessageQueue.java:543)
12-10 17:38:59.518  3823  4027 W MessageQueue: 	at android.os.Handler.enqueueMessage(Handler.java:646)
12-10 17:38:59.518  3823  4027 W MessageQueue: 	at android.os.Handler.sendMessageAtTime(Handler.java:612)
12-10 17:38:59.518  3823  4027 W MessageQueue: 	at android.os.Handler.sendMessageDelayed(Handler.java:582)
12-10 17:38:59.518  3823  4027 W MessageQueue: 	at android.os.Handler.post(Handler.java:338)
12-10 17:38:59.518  3823  4027 W MessageQueue: 	at com.miui.powerkeeper.utils.ProcessObserver.notifyForegroundActivitiesChangedListeners(ProcessObserver.java:315)
12-10 17:38:59.518  3823  4027 W MessageQueue: 	at com.miui.powerkeeper.utils.ProcessObserver.computeUidForegroundLocked(ProcessObserver.java:271)
12-10 17:38:59.518  3823  4027 W MessageQueue: 	at com.miui.powerkeeper.utils.ProcessObserver.computeUidStateLocked(ProcessObserver.java:256)
12-10 17:38:59.518  3823  4027 W MessageQueue: 	at com.miui.powerkeeper.utils.ProcessObserver.-wrap2(ProcessObserver.java)
12-10 17:38:59.518  3823  4027 W MessageQueue: 	at com.miui.powerkeeper.utils.ProcessObserver$1$1.run(ProcessObserver.java:119)
12-10 17:38:59.518  3823  4027 W MessageQueue: 	at android.os.Handler.handleCallback(Handler.java:754)
12-10 17:38:59.518  3823  4027 W MessageQueue: 	at android.os.Handler.dispatchMessage(Handler.java:95)
12-10 17:38:59.518  3823  4027 W MessageQueue: 	at android.os.Looper.loop(Looper.java:163)
12-10 17:38:59.518  3823  4027 W MessageQueue: 	at android.os.HandlerThread.run(HandlerThread.java:61)
12-10 17:38:59.518  3823  4067 D PowerCheckerService: updateForFgUidChangedLocked, mScreenOn = true uid = 10020 foreground = false
12-10 17:38:59.518  3823  4013 D AppActiveChecker: updateDownloadStateForFgUidChangedLocked, mScreenOn = true uid = 10020 foreground = false
12-10 17:38:59.518  3823  4013 D AppActiveChecker: updateAppActiveStateForUidLocked, uid = 10020 appActiveState = 1
12-10 17:38:59.518  3823  4013 D DeviceIdleAppRuleChecker: updateStateForInteractiveUidChangedLocked: uid = 10020 foreground = false
12-10 17:38:59.518  3823  4013 D KillProcessAppRuleChecker: updateStateForInteractiveUidChangedLocked: uid = 10020 foreground = false
12-10 17:38:59.518  3823  4013 D HideModeStateMachine: updateForForegroundUidChangedLocked: uid = 10020 foreground = false
12-10 17:38:59.518  3823  4013 I HideModeStateMachine: Uid: 10020 State: inactive_level_1st |-> startRun
12-10 17:38:59.518  3823  4013 I HideModeStateMachine: Uid: 10020 State: inactive_level_1st Feature: appIdle |-> startRun
12-10 17:38:59.518  3823  4013 I HideModeStateMachine: Uid: 10020 State: inactive_level_1st Feature: appIdle |-> setActive
12-10 17:38:59.518  3823  4013 I HideModeStateMachine: Uid: 10020 State: inactive_level_1st Feature: sensor |-> startRun
12-10 17:38:59.518  3823  4013 I HideModeStateMachine: Uid: 10020 State: inactive_level_1st Feature: sensor |-> setActive
12-10 17:38:59.519  3823  4013 I HideModeStateMachine: Uid: 10020 State: inactive_level_1st Feature: location |-> startRun
12-10 17:38:59.519  3823  4013 I HideModeStateMachine: Uid: 10020 State: inactive_level_1st Feature: location |-> setActive
12-10 17:38:59.519  3823  4013 D ActiveStateController: updateStateForFgUidChangedLocked: uid = 10020 foreground = false
12-10 17:38:59.522  3823  4067 D PowerChecker.BaStats: uid = 10020, uidForeground = false, lastBytes = 15539, curBytes = 15539, deltaBytes = 0
12-10 17:38:59.544  2927 11578 D com.xiaomi.common.Network: Http POST Response Code: 200
12-10 17:38:59.546  2927 11578 W PushService: 2019-12-10 17:38:59,546 - [WARN::PushService] - [Thread:141] HTTP len=2129 url=http://data.mistat.xiaomi.com/mistats/v3
12-10 17:38:59.649  1678  1760 W qti_sensors_hal: timestampCalc: Adjusting timestamp for rollover: 357365731662384, -1
12-10 17:38:59.848  1678  1760 W qti_sensors_hal: timestampCalc: Adjusting timestamp for rollover: 357365931216828, -1
12-10 17:38:59.884   912   912 I MSM-irqbalance: Decided to move IRQ5 from CPU1 [P:0] to CPU4 [P:1] (banned)
12-10 17:38:59.885   912   912 I MSM-irqbalance: Decided to move IRQ3 from CPU1 [P:0] to CPU5 [P:1] (banned)
12-10 17:38:59.885   912   912 I MSM-irqbalance: Decided to move IRQ5 from CPU0 [P:0] to CPU6 [P:1] (banned)
12-10 17:38:59.885   912   912 I MSM-irqbalance: Decided to move IRQ3 from CPU0 [P:0] to CPU7 [P:1] (banned)
12-10 17:38:59.885   912   912 I MSM-irqbalance: Decided to move IRQ5 from CPU2 [P:0] to CPU4 [P:1] (banned)
12-10 17:38:59.885   912   912 I MSM-irqbalance: Decided to move IRQ3 from CPU2 [P:0] to CPU5 [P:1] (banned)
12-10 17:38:59.886   912   912 I MSM-irqbalance: Decided to move IRQ3 from CPU3 [P:0] to CPU6 [P:1] (banned)
12-10 17:38:59.886   912   912 I MSM-irqbalance: Decided to move IRQ5 from CPU3 [P:0] to CPU7 [P:1] (banned)
12-10 17:39:00.002  1957  1957 D KeyguardUpdateMonitor: handleTimeUpdate
12-10 17:39:00.048  1678  1760 W qti_sensors_hal: timestampCalc: Adjusting timestamp for rollover: 357366130801789, -1
12-10 17:39:00.247  1678  1760 W qti_sensors_hal: timestampCalc: Adjusting timestamp for rollover: 357366330386749, -1
12-10 17:39:00.422  3849  3849 V BoostFramework: BoostFramework() : mPerf = com.qualcomm.qti.Performance@654cfbd
12-10 17:39:00.447  1678  1760 W qti_sensors_hal: timestampCalc: Adjusting timestamp for rollover: 357366529910675, -1
12-10 17:39:00.504  3849  3885 I DeviceDiscoveryClient: Configuring platform.
12-10 17:39:00.507  3849  3885 W linker  : /data/app/org.iotivity.base.examples.devicediscoveryclient-1/lib/arm64/libconnectivity_abstraction.so: unused DT entry: type 0xf arg 0x55e2
12-10 17:39:00.508  3849  3885 W linker  : /data/app/org.iotivity.base.examples.devicediscoveryclient-1/lib/arm64/liboc_logger.so: unused DT entry: type 0xf arg 0x828
12-10 17:39:00.509  3849  3885 W linker  : /data/app/org.iotivity.base.examples.devicediscoveryclient-1/lib/arm64/liboctbstack.so: unused DT entry: type 0xf arg 0x4098
12-10 17:39:00.510  3849  3885 W linker  : /data/app/org.iotivity.base.examples.devicediscoveryclient-1/lib/arm64/liboc.so: unused DT entry: type 0xf arg 0x239c55
12-10 17:39:00.515  3849  3885 W linker  : /data/app/org.iotivity.base.examples.devicediscoveryclient-1/lib/arm64/libocstack-jni.so: unused DT entry: type 0xf arg 0x15e159
12-10 17:39:00.515  3849  3885 W linker  : /data/app/org.iotivity.base.examples.devicediscoveryclient-1/lib/arm64/libresource_directory.so: unused DT entry: type 0xf arg 0x70c1
12-10 17:39:00.522  3849  3885 I OIC-JNI : JNI_OnLoad
12-10 17:39:00.523  3849  3885 I art     : Thread[19,tid=3885,Native,Thread*=0x7f67ac6c00,peer=0x12c50e50,"Thread-3"] recursive attempt to load library "/data/app/org.iotivity.base.examples.devicediscoveryclient-1/lib/arm64/libocstack-jni.so"
12-10 17:39:00.524  3849  3885 I art     : Thread[19,tid=3885,Native,Thread*=0x7f67ac6c00,peer=0x12c50e50,"Thread-3"] recursive attempt to load library "/data/app/org.iotivity.base.examples.devicediscoveryclient-1/lib/arm64/libocstack-jni.so"
12-10 17:39:00.525  3849  3885 W linker  : /data/app/org.iotivity.base.examples.devicediscoveryclient-1/lib/arm64/libca-interface.so: unused DT entry: type 0xf arg 0x6e1
12-10 17:39:00.526  3849  3885 F JNI_CA_INTERFACE: CaInterface_initialize
12-10 17:39:00.526  3849  3885 D OIC_CA_ADAP_UTILS: CANativeJNISetJavaVM
12-10 17:39:00.526  3849  3885 F JNI_CA_INTERFACE: CaInterface_initialize
12-10 17:39:00.526  3849  3885 D OIC_CA_ADAP_UTILS: CANativeSetActivity
12-10 17:39:00.526  3849  3885 E OIC_CA_ADAP_UTILS: activity is null
12-10 17:39:00.526  3849  3885 D OIC_CA_ADAP_UTILS: CANativeJNISetContext
12-10 17:39:00.526  3849  3885 I OIC-JNI : OcPlatform_configure
12-10 17:39:00.526  3849  3885 I OIC_RI_STACK: RegisterPersistentStorageHandler !!
12-10 17:39:00.527  3849  3885 I OIC-JNI : OcPlatform.start
12-10 17:39:00.527  3849  3885 I OIC_PLATFORM: start
12-10 17:39:00.527  3849  3885 I OIC_PLATFORM: init
12-10 17:39:00.527  3849  3885 I OIC_CLIENT_WRAPPER: start
12-10 17:39:00.527  3849  3885 I OIC_RI_STACK: Entering OCInit2
12-10 17:39:00.527  3849  3886 E OIC_RI_STACK: OCProcess has failed. ocstack is not initialized
12-10 17:39:00.527  3849  3885 I OIC_RI_STACK: IoTivity version is v2.0.1
12-10 17:39:00.527  3849  3885 D OIC_CA_CONN_MGR: CAInitialize type : 0
12-10 17:39:00.527  3849  3885 D OIC_CA_INF_CTR: Set Receiver handle callback
12-10 17:39:00.527  3849  3885 D OIC_CA_INF_CTR: Set error handle callback
12-10 17:39:00.527  3849  3885 D OIC_CA_UTHREADPOOL: IN
12-10 17:39:00.527  3849  3885 D OIC_CA_UTHREADPOOL: OUT
12-10 17:39:00.528  3849  3885 D OIC_CA_QING: thread initialize..
12-10 17:39:00.528  3849  3885 D OIC_CA_UTHREADPOOL: IN
12-10 17:39:00.528  3849  3887 D OIC_CA_QING: message handler main thread start..
12-10 17:39:00.528  3849  3885 D OIC_CA_UTHREADPOOL: OUT
12-10 17:39:00.528  3849  3887 D OIC_CA_QING: wait..
12-10 17:39:00.528  3849  3885 D OIC_CA_QING: thread initialize..
12-10 17:39:00.528  3849  3885 D OIC_CA_RETRANS: thread initialize
12-10 17:39:00.528  3849  3885 D OIC_CA_BWT: CAInitializeBlockWiseTransfer
12-10 17:39:00.528  3849  3885 D OIC_CA_UTHREADPOOL: IN
12-10 17:39:00.528  3849  3885 D OIC_CA_UTHREADPOOL: OUT
12-10 17:39:00.528  3849  3888 D OIC_CA_RETRANS: retransmission main thread start
12-10 17:39:00.528  3849  3885 D OIC_CA_INF_CTR: initialize adapters 0
12-10 17:39:00.529  3849  3888 D OIC_CA_RETRANS: wait..there is no retransmission data.
12-10 17:39:00.529  3849  3885 D OIC_CA_IP_ADAP: IN
12-10 17:39:00.529  3849  3885 D OIC_CA_INF_CTR: 1 type adapter, register complete!
12-10 17:39:00.529  3849  3885 I OIC_CA_IP_ADAP: OUT IntializeIP is Success
12-10 17:39:00.529  3849  3885 D OIC_CA_EDR_MONITOR: CAEDRNetworkMonitorJniInit
12-10 17:39:00.529  3849  3885 D OIC_CA_EDR_MONITOR: CAEDRSetNetworkChangeCallback
12-10 17:39:00.529  3849  3885 D OIC_CA_EDR_CLIENT: CAEDRInitialize
12-10 17:39:00.529  3849  3885 D OIC_CA_EDR_CLIENT: CAEdrClientJniInit
12-10 17:39:00.529  3849  3885 D OIC_CA_EDR_CLIENT: CAEDRJniInitContext
12-10 17:39:00.531  1678  1700 D BluetoothManagerService: Message: 20
12-10 17:39:00.532  1678  1700 D BluetoothManagerService: Added callback: android.bluetooth.IBluetoothManagerCallback$Stub$Proxy@a963782:true
12-10 17:39:00.532  1678  2203 D BluetoothManagerService: checkIfCallerIsForegroundUser: valid=true callingUser=0 parentUser=-10000 foregroundUser=0
12-10 17:39:00.532  3849  3885 D OIC_CA_EDR_CLIENT: My BT Address is 02:00:00:00:00:00
12-10 17:39:00.533  3849  3885 D OIC_CA_EDR_UTILS: CAEDRNativeCreateDeviceStateList
12-10 17:39:00.533  3849  3885 D OIC_CA_EDR_UTILS: Create device list
12-10 17:39:00.533  3849  3885 D OIC_CA_EDR_UTILS: CAEDRNativeCreateDeviceSocketList
12-10 17:39:00.533  3849  3885 D OIC_CA_EDR_UTILS: Create Device object list
12-10 17:39:00.533  3849  3885 D OIC_CA_EDR_CLIENT: CAEDRCreateJNIInterfaceObject
12-10 17:39:00.535  3849  3885 D OIC_CA_EDR_CLIENT: NewObject Success
12-10 17:39:00.535  3849  3885 D OIC_CA_EDR_CLIENT: OUT
12-10 17:39:00.535  3849  3885 D OIC_CA_EDR_SERVER: CAEDRServerInitialize
12-10 17:39:00.535  3849  3885 D OIC_CA_EDR_SERVER: CAEDRServerJniInit
12-10 17:39:00.535  3849  3885 D OIC_CA_INF_CTR: 4 type adapter, register complete!
12-10 17:39:00.535  3849  3885 D OIC_CA_EDR_ADAP: OUT
12-10 17:39:00.535  3849  3885 D OIC_CA_LE_ADAP: CAInitializeLE
12-10 17:39:00.535  3849  3885 D OIC_CA_LE_ADAP: CAInitLEAdapterMutex
12-10 17:39:00.535  3849  3885 D OIC_CA_LE_MONITOR: CALENetworkMonitorJNISetContext - it is not supported
12-10 17:39:00.535  3849  3885 D OIC_CA_LE_MONITOR: CALENetworkMonitorJniInit
12-10 17:39:00.536  3849  3885 D OIC_CA_LE_CLIENT: Initialize GATT Client
12-10 17:39:00.536  3849  3885 D OIC_CA_LE_CLIENT: CALEClientInitialize
12-10 17:39:00.536  3849  3885 D OIC_CA_LE_CLIENT: CALEClientJniInit
12-10 17:39:00.536  3849  3885 D OIC_CA_LE_UTILS: sdk version is 25
12-10 17:39:00.536  3849  3885 D OIC_CA_LE_CLIENT: CALEClientCreateDeviceList
12-10 17:39:00.536  3849  3885 D OIC_CA_LE_CLIENT: Create g_gattObjectList
12-10 17:39:00.536  3849  3885 D OIC_CA_LE_CLIENT: Create g_deviceStateList
12-10 17:39:00.536  3849  3885 D OIC_CA_LE_CLIENT: Create g_deviceList
12-10 17:39:00.536  3849  3885 D OIC_CA_LE_CLIENT: CALEClientJNISetContext
12-10 17:39:00.537  3849  3885 D OIC_CA_LE_CLIENT: CALECreateJniInterfaceObject
12-10 17:39:00.537  3849  3886 E OIC_RI_STACK: OCProcess has failed. ocstack is not initialized
12-10 17:39:00.538  3849  3885 D OIC_CA_LE_CLIENT: caLeRegisterLeScanCallbackForV21
12-10 17:39:00.538  3849  3885 D OIC_CA_LE_CLIENT: CaLeRegisterGattCallback
12-10 17:39:00.539  3849  3885 D OIC_CA_LE_CLIENT: Create instance for CaLeClientInterface
12-10 17:39:00.539  3849  3885 I OIC_CA_LE_SERVER: CASetLEServerThreadPoolHandle is not support
12-10 17:39:00.539  3849  3885 D OIC_CA_LE_SERVER: Initialize Gatt Server
12-10 17:39:00.539  3849  3885 D OIC_CA_LE_SERVER: IN - CALEServerInitialize
12-10 17:39:00.539  3849  3885 D OIC_CA_LE_SERVER: CALeServerJniInit
12-10 17:39:00.539  3849  3885 D OIC_CA_LE_UTILS: sdk version is 25
12-10 17:39:00.540  3849  3885 D OIC_CA_LE_SERVER: CALEServerJNISetContext
12-10 17:39:00.540  3849  3885 D OIC_CA_LE_SERVER: Create device list
12-10 17:39:00.540  3849  3885 D OIC_CA_LE_SERVER: Create device list
12-10 17:39:00.540  3849  3885 D OIC_CA_LE_SERVER: CALEServerCreateJniInterfaceObject
12-10 17:39:00.541  3849  3885 D OIC_CA_LE_SERVER: Register Le Gatt Server Callback
12-10 17:39:00.541  3849  3885 D OIC_CA_LE_SERVER: Register Le Advertise Callback
12-10 17:39:00.541  3849  3885 D OIC_CA_LE_SERVER: Create instance for CaLeServerInterface
12-10 17:39:00.541  3849  3885 D OIC_CA_LE_SERVER: OUT - CALEServerInitialize
12-10 17:39:00.541  3849  3885 D OIC_CA_LE_ADAP: IN
12-10 17:39:00.541  3849  3885 D OIC_CA_LE_MONITOR: Setting CALEDeviceStateChangedCallback
12-10 17:39:00.541  3849  3885 D OIC_CA_LE_MONITOR: CALESetAdapterStateCallback
12-10 17:39:00.541  3849  3885 D OIC_CA_LE_MONITOR: CASetLENWConnectionStateChangedCb
12-10 17:39:00.541  3849  3885 D OIC_CA_LE_ADAP: OUT
12-10 17:39:00.541  3849  3885 D OIC_CA_INF_CTR: 2 type adapter, register complete!
12-10 17:39:00.541  3849  3885 D NFC_ADAP: IN
12-10 17:39:00.542  3849  3885 D NFC_SERVER: CANfcJniInit
12-10 17:39:00.542  3849  3885 D NFC_SERVER: CANfcJNISetContext
12-10 17:39:00.542  3849  3885 D NFC_SERVER: CANfcCreateJniInterfaceObject IN
12-10 17:39:00.542  3849  3885 E NFC_SERVER: Invalid input: g_activity
12-10 17:39:00.542  3849  3885 E NFC_SERVER: CANfcJniInit failed
12-10 17:39:00.542  3849  3885 E NFC_ADAP: CAInitializeNfcServer failed
12-10 17:39:00.542  3849  3885 D OIC_CA_QING: thread initialize..
12-10 17:39:00.542  3849  3885 D OIC_CA_UTHREADPOOL: IN
12-10 17:39:00.542  3849  3885 D OIC_CA_UTHREADPOOL: OUT
12-10 17:39:00.542  3849  3889 D OIC_CA_QING: message handler main thread start..
12-10 17:39:00.542  3849  3889 D OIC_CA_QING: wait..
12-10 17:39:00.543  3849  3885 D OIC_RI_STACK: OCSelectNetwork [0]
12-10 17:39:00.543  3849  3885 D OIC_RI_STACK: call CASelectNetwork [1]
12-10 17:39:00.543  3849  3885 D OIC_CA_NW_CONFIG: Create network list
12-10 17:39:00.543  3849  3885 D OIC_CA_INF_CTR: Start the adapter of CAConnectivityType[1]
12-10 17:39:00.543  3849  3885 D OIC_CA_IP_MONITOR: CAIPJniInit_IN
12-10 17:39:00.545  3849  3885 D OIC_CA_IP_MONITOR: Create CaIpInterface instance, success
12-10 17:39:00.545  3849  3885 D OIC_CA_IP_MONITOR: CAIPJniInit_OUT
12-10 17:39:00.545  3849  3885 D OIC_CA_QING: thread initialize..
12-10 17:39:00.545  3849  3885 D OIC_CA_UTHREADPOOL: IN
12-10 17:39:00.545  3849  3885 D OIC_CA_UTHREADPOOL: OUT
12-10 17:39:00.545  3849  3890 D OIC_CA_QING: message handler main thread start..
12-10 17:39:00.545  3849  3890 D OIC_CA_QING: wait..
12-10 17:39:00.546  3849  3885 I OIC_CA_IP_SERVER: IPv6 unicast port: 53254
12-10 17:39:00.546  3849  3885 I OIC_CA_IP_SERVER: IPv4 unicast port: 42708
12-10 17:39:00.546  3849  3885 D OIC_CA_IP_SERVER: socket summary: u6=69, u6s=74, u4=77, u4s=78, m6=75, m6s=76, m4=79, m4s=80
12-10 17:39:00.546  3849  3885 D OIC_CA_IP_SERVER: port summary: u6 port=53254, u6s port=34668, u4 port=42708, u4s port=38823, m6 port=5683,m6s port=5684, m4 port=5683, m4s port=5684
12-10 17:39:00.546  3849  3885 D OIC_CA_IP_SERVER: IN CAInitializeFastShutdownMechanism
12-10 17:39:00.546  3849  3885 D OIC_CA_IP_SERVER: OUT CAInitializeFastShutdownMechanism
12-10 17:39:00.546  3849  3885 D OIC_CA_IP_SERVER: IN CARegisterForAddressChanges
12-10 17:39:00.546  3849  3885 D OIC_CA_IP_SERVER: OUT CARegisterForAddressChanges
12-10 17:39:00.546  3849  3885 D OIC_CA_IP_SERVER: IN CAIPStartListenServer
12-10 17:39:00.547  3849  3885 D OIC_CA_IFADDRS: NLMSG_DONE
12-10 17:39:00.547  3849  3849 D OIC_IP_CB_INTERFACE: CONNECTIVITY_ACTION - activeNetwork: WIFI
12-10 17:39:00.547  3849  3885 D OIC_CA_IP_MONITOR: LOOPBACK continue!!!
12-10 17:39:00.547  3849  3885 D OIC_CA_IP_MONITOR: LOOPBACK continue!!!
12-10 17:39:00.547  3849  3849 D OIC_CA_IP_MONITOR: Wifi is in Activated State
12-10 17:39:00.547  3849  3885 D OIC_CA_IP_SERVER: IP network interfaces found: 4
12-10 17:39:00.547  3849  3885 D OIC_CA_IP_SERVER: Adding IPv6 interface(29) to multicast group
12-10 17:39:00.547  3849  3849 D OIC_CA_IP_ADAP: IP adapter status is on. Store the own IP address info
12-10 17:39:00.547  3849  3885 D OIC_CA_IP_SERVER: Adding IPv6 interface(12) to multicast group
12-10 17:39:00.547  3849  3886 E OIC_RI_STACK: OCProcess has failed. ocstack is not initialized
12-10 17:39:00.547  3849  3885 D OIC_CA_IP_SERVER: Adding IPv6 interface(2) to multicast group
12-10 17:39:00.548  3849  3885 D OIC_CA_IP_SERVER: Adding IPv4 interface(29) to multicast group
12-10 17:39:00.548  3849  3885 D OIC_CA_IP_SERVER: OUT CAIPStartListenServer
12-10 17:39:00.548  3849  3849 D OIC_CA_IFADDRS: NLMSG_DONE
12-10 17:39:00.548  3849  3885 D OIC_CA_UTHREADPOOL: IN
12-10 17:39:00.548  3849  3885 D OIC_CA_UTHREADPOOL: OUT
12-10 17:39:00.548  3849  3885 D OIC_CA_IP_SERVER: CAReceiveHandler thread started successfully.
12-10 17:39:00.548  3849  3885 D OIC_CA_CONN_MGR: CAAddNetworkType(CA_IP_ADAPTER) function returns result: 0
12-10 17:39:00.548  3849  3849 D OIC_CA_IP_MONITOR: LOOPBACK continue!!!
12-10 17:39:00.548  3849  3885 D OIC_RI_STACK: call CASelectNetwork [4]
12-10 17:39:00.548  3849  3885 D OIC_CA_INF_CTR: Start the adapter of CAConnectivityType[4]
12-10 17:39:00.548  3849  3849 D OIC_CA_IP_MONITOR: LOOPBACK continue!!!
12-10 17:39:00.548  3849  3849 D OIC_CA_INF_CTR: [1] adapter state is changed to [1]
12-10 17:39:00.549  3849  3849 D OIC_CA_IFADDRS: NLMSG_DONE
12-10 17:39:00.549  3849  3885 D OIC_CA_QING: thread initialize..
12-10 17:39:00.549  3849  3885 D OIC_CA_QING: thread initialize..
12-10 17:39:00.549  3849  3885 D OIC_CA_EDR_ADAP: Queue is initialized!
12-10 17:39:00.549  3849  3885 D OIC_CA_UTHREADPOOL: IN
12-10 17:39:00.549  3849  3849 D OIC_CA_IP_MONITOR: LOOPBACK continue!!!
12-10 17:39:00.549  3849  3885 D OIC_CA_UTHREADPOOL: OUT
12-10 17:39:00.549  3849  3849 D OIC_CA_IP_MONITOR: LOOPBACK continue!!!
12-10 17:39:00.549  3849  3885 D OIC_CA_UTHREADPOOL: IN
12-10 17:39:00.549  3849  3892 D OIC_CA_QING: message handler main thread start..
12-10 17:39:00.549  3849  3849 D OIC_CA_IP_SERVER: Adding a new IPv6 interface(29) to multicast group
12-10 17:39:00.549  3849  3892 D OIC_CA_QING: wait..
12-10 17:39:00.549  3849  3885 D OIC_CA_UTHREADPOOL: OUT
12-10 17:39:00.549  3849  3849 D OIC_CA_IP_SERVER: Adding a new IPv6 interface(12) to multicast group
12-10 17:39:00.549  3849  3885 D OIC_CA_CONN_MGR: CAAddNetworkType(CA_RFCOMM_ADAPTER) function returns result : 0
12-10 17:39:00.549  3849  3893 D OIC_CA_QING: message handler main thread start..
12-10 17:39:00.549  3849  3885 D OIC_RI_STACK: call CASelectNetwork [2]
12-10 17:39:00.549  3849  3893 D OIC_CA_QING: wait..
12-10 17:39:00.549  3849  3849 D OIC_CA_IP_SERVER: Adding a new IPv6 interface(2) to multicast group
12-10 17:39:00.550  3849  3885 D OIC_CA_INF_CTR: Start the adapter of CAConnectivityType[2]
