12-10 17:39:01.590  3849  3891 I OIC_CA_PRTCL_MSG: adapter value of CoAP/TCP is 1
12-10 17:39:01.590  3849  3891 I OIC_CA_PRTCL_MSG: adapter value of CoAP/TCP is 1
12-10 17:39:01.590  3849  3891 D OIC_CA_PRTCL_MSG: COAP URI element : oic
12-10 17:39:01.590  3849  3891 D OIC_CA_PRTCL_MSG: COAP URI element : p
12-10 17:39:01.590  3849  3891 D OIC_CA_PRTCL_MSG: COAP URI element : '
12-10 17:39:01.590  3849  3891 D OIC_CA_PRTCL_MSG: COAP URI element : 
12-10 17:39:01.590  3849  3891 D OIC_CA_PRTCL_MSG: COAP URI element : ¿
12-10 17:39:01.590  3849  3891 D OIC_CA_PRTCL_MSG: inside token length : 8
12-10 17:39:01.590  3849  3891 D OIC_CA_PRTCL_MSG: URL length:6
12-10 17:39:01.590  3849  3891 I OIC_CA_PRTCL_MSG: OUT - CAGetInfoFromPDU
12-10 17:39:01.590  3849  3891 D OIC_CA_MSG_HANDLE: Request Info :
12-10 17:39:01.590  3849  3891 D OIC_CA_MSG_HANDLE: optionID: 17
12-10 17:39:01.590  3849  3891 D OIC_CA_MSG_HANDLE: list: '
12-10 17:39:01.590  3849  3891 D OIC_CA_MSG_HANDLE: optionID: 2049
12-10 17:39:01.590  3849  3891 D OIC_CA_MSG_HANDLE: list: 
12-10 17:39:01.590  3849  3891 D OIC_CA_MSG_HANDLE: optionID: 65524
12-10 17:39:01.590  3849  3891 D OIC_CA_MSG_HANDLE: list: ¿
12-10 17:39:01.591  3849  3891 D OIC_CA_MSG_HANDLE: token:
12-10 17:39:01.591  3849  3891 D OIC_CA_MSG_HANDLE: 1E 4A 11 3D D7 9E 96 DC 
12-10 17:39:01.591  3849  3891 D OIC_CA_MSG_HANDLE: msgID: 19346
12-10 17:39:01.591  3849  3891 D OIC_CA_MSG_HANDLE: CAGenerateHandlerData OUT
12-10 17:39:01.591  3849  3891 D OIC_CA_MSG_HANDLE: CALogPDUInfo
12-10 17:39:01.591  3849  3891 I OIC_TRACER: error writing, len: 42, ret: -1, errno: 9 at oic_trace_begin
12-10 17:39:01.591  3849  3891 D OIC_ANALYZER: =================================================
12-10 17:39:01.591  3849  3891 D OIC_ANALYZER: Is Multicast = false
12-10 17:39:01.591  3849  3891 D OIC_ANALYZER: Transport Type = [OC_ADAPTER_IP]
12-10 17:39:01.591  3849  3891 D OIC_ANALYZER: Address = [fe80::4c91:90ff:fead:dca2%dummy0]:[53254]
12-10 17:39:01.591  3849  3891 D OIC_ANALYZER: Data Type = [CA_REQUEST_DATA]
12-10 17:39:01.591  3849  3891 D OIC_ANALYZER: -------------------------------------------------
12-10 17:39:01.591  3849  3891 D OIC_ANALYZER: Method = [GET]
12-10 17:39:01.591  3849  3891 D OIC_ANALYZER: Msg ID = [37451]
12-10 17:39:01.591  3849  3886 D OIC_CA_MSG_HANDLE: request callback : 3
12-10 17:39:01.591  3849  3891 D OIC_ANALYZER: Coap Token
12-10 17:39:01.591  3849  3886 I OIC_RI_STACK: Enter HandleCARequests
12-10 17:39:01.591  3849  3891 D OIC_ANALYZER: 1E 4A 11 3D D7 9E 96 DC 
12-10 17:39:01.591  3849  3891 I OIC_TRACER: error writing, len: 66, ret: -1, errno: 9 at oic_trace_begin
12-10 17:39:01.591  3849  3886 I OIC_TRACER: error writing, len: 41, ret: -1, errno: 9 at oic_trace_begin
12-10 17:39:01.591  3849  3886 D OIC_RM_UTIL: Request- optionID: 17
12-10 17:39:01.591  3849  3891 I OIC_TRACER: error writing, len: 1, ret: -1, errno: 9 at oic_trace_end
12-10 17:39:01.592  3849  3886 D OIC_RM_UTIL: Request- optionID: 2049
12-10 17:39:01.592  3849  3891 D OIC_ANALYZER: Res URI = [/oic/p]
12-10 17:39:01.592  3849  3886 D OIC_RM_UTIL: Request- optionID: 65524
12-10 17:39:01.592  3849  3891 I OIC_TRACER: error writing, len: 53, ret: -1, errno: 9 at oic_trace_begin
12-10 17:39:01.592  3849  3886 I OIC_RM_UTIL: Found Option at 2
12-10 17:39:01.592  3849  3891 I OIC_TRACER: error writing, len: 1, ret: -1, errno: 9 at oic_trace_end
12-10 17:39:01.592  3849  3891 D OIC_ANALYZER: Payload Format = [0]
12-10 17:39:01.592  3849  3886 I OIC_TRACER: error writing, len: 48, ret: -1, errno: 9 at oic_trace_begin
12-10 17:39:01.592  3849  3891 D OIC_ANALYZER: CoAP Message Full Size = [30]
12-10 17:39:01.592  3849  3886 I OIC_TRACER: error writing, len: 1, ret: -1, errno: 9 at oic_trace_end
12-10 17:39:01.592  3849  3891 D OIC_ANALYZER: CoAP Header (+ 0xFF)
12-10 17:39:01.592  3849  3886 D OIC_RI_STACK: Enter OCHandleRequests
12-10 17:39:01.592  3849  3891 D OIC_ANALYZER: 58 01 92 4B 1E 4A 11 3D D7 9E 96 DC B3 6F 69 63 
12-10 17:39:01.592  3849  3886 I OIC_RI_STACK: Endpoint URI : /oic/p
12-10 17:39:01.592  3849  3891 D OIC_ANALYZER: 01 70 62 27 10 E2 06 E3 08 00 E1 F6 E6 C0 
12-10 17:39:01.592  3849  3886 I OIC_RI_STACK: Exit HandleCARequests
12-10 17:39:01.592  3849  3891 D OIC_ANALYZER: CoAP Header size = [30]
12-10 17:39:01.592  3849  3886 I OIC_TRACER: error writing, len: 1, ret: -1, errno: 9 at oic_trace_end
12-10 17:39:01.592  3849  3891 D OIC_ANALYZER: CoAP Payload
12-10 17:39:01.592  3849  3886 D OIC_CA_MSG_HANDLE: CADestroyData IN
12-10 17:39:01.592  3849  3891 D OIC_ANALYZER: CoAP Payload Size = [0]
12-10 17:39:01.592  3849  3886 D OIC_CA_MSG_HANDLE: CADestroyData OUT
12-10 17:39:01.592  3849  3891 D OIC_ANALYZER: =================================================
12-10 17:39:01.592  3849  3891 I OIC_TRACER: error writing, len: 1, ret: -1, errno: 9 at oic_trace_end
12-10 17:39:01.592  3849  3891 D OIC_CA_BWT: CAReceiveBlockWiseData
12-10 17:39:01.592  3849  3891 D OIC_CA_BWT: it's normal pdu
12-10 17:39:01.592  3849  3891 D OIC_CA_MSG_HANDLE: this message does not have block option
12-10 17:39:01.592  3849  3891 D OIC_UQUEUE: Queue Count : 2
12-10 17:39:01.592  3849  3891 D OIC_CA_MSG_HANDLE: received pdu data :
12-10 17:39:01.592  3849  3891 D OIC_CA_MSG_HANDLE: 58 01 92 4B 1E 4A 11 3D D7 9E 96 DC B3 6F 69 63 
12-10 17:39:01.592  3849  3891 D OIC_CA_MSG_HANDLE: 01 70 62 27 10 E2 06 E3 08 00 E1 F6 E6 C0 
12-10 17:39:01.592  3849  3891 I OIC_TRACER: error writing, len: 1, ret: -1, errno: 9 at oic_trace_end
12-10 17:39:01.593  3849  3891 D OIC_CA_IP_ADAP: Address: fe80::6270:1d68:d152:a69a%rmnet_data7, port:53254
12-10 17:39:01.593  3849  3891 I OIC_TRACER: error writing, len: 54, ret: -1, errno: 9 at oic_trace_begin
12-10 17:39:01.593  3849  3891 I OIC_CA_PRTCL_MSG: adapter value of CoAP/TCP is 1
12-10 17:39:01.593  3849  3891 D OIC_CA_PRTCL_MSG: pdu parse-transport type : 0
12-10 17:39:01.593  3849  3891 D OIC_CA_PRTCL_MSG: pdu parse ret: 1
12-10 17:39:01.593  3849  3891 I OIC_CA_PRTCL_MSG: adapter value of CoAP/TCP is 1
12-10 17:39:01.593  3849  3891 D OIC_CA_MSG_HANDLE: code = 1
12-10 17:39:01.593  3849  3891 D OIC_CA_MSG_HANDLE: CAGenerateHandlerData IN
12-10 17:39:01.593  3849  3891 D OIC_CA_MSG_HANDLE: address : fe80::6270:1d68:d152:a69a%rmnet_data7
12-10 17:39:01.593  3849  3891 I OIC_CA_PRTCL_MSG: IN - CAGetInfoFromPDU
12-10 17:39:01.593  3849  3891 I OIC_CA_PRTCL_MSG: adapter value of CoAP/TCP is 1
12-10 17:39:01.593  3849  3891 I OIC_CA_PRTCL_MSG: adapter value of CoAP/TCP is 1
12-10 17:39:01.593  3849  3891 D OIC_CA_PRTCL_MSG: COAP URI element : oic
12-10 17:39:01.593  3849  3891 D OIC_CA_PRTCL_MSG: COAP URI element : p
12-10 17:39:01.593  3849  3891 D OIC_CA_PRTCL_MSG: COAP URI element : '
12-10 17:39:01.593  3849  3891 D OIC_CA_PRTCL_MSG: COAP URI element : 
12-10 17:39:01.593  3849  3891 D OIC_CA_PRTCL_MSG: COAP URI element : ¿
12-10 17:39:01.593  3849  3891 D OIC_CA_PRTCL_MSG: inside token length : 8
12-10 17:39:01.593  3849  3891 D OIC_CA_PRTCL_MSG: URL length:6
12-10 17:39:01.593  3849  3891 I OIC_CA_PRTCL_MSG: OUT - CAGetInfoFromPDU
12-10 17:39:01.593  3849  3891 I OIC_CA_MSG_HANDLE: IPv6 duplicate message ignored
12-10 17:39:01.593  3849  3891 I OIC_CA_MSG_HANDLE: Second Request with same Token, Drop it
12-10 17:39:01.593  3849  3891 E OIC_CA_MSG_HANDLE: CAReceivedPacketCallback, CAGenerateHandlerData failed!
12-10 17:39:01.593  3849  3891 D OIC_CA_MSG_HANDLE: received pdu data :
12-10 17:39:01.593  3849  3891 D OIC_CA_MSG_HANDLE: 58 01 92 4B 1E 4A 11 3D D7 9E 96 DC B3 6F 69 63 
12-10 17:39:01.594  3849  3891 D OIC_CA_MSG_HANDLE: 01 70 62 27 10 E2 06 E3 08 00 E1 F6 E6 C0 
12-10 17:39:01.594  3849  3891 I OIC_TRACER: error writing, len: 1, ret: -1, errno: 9 at oic_trace_end
12-10 17:39:01.594  3849  3892 D OIC_CA_EDR_CLIENT: device name is lmh-server, address is 50:8F:4C:2A:C2:5F
12-10 17:39:01.597  3849  3892 D OIC_CA_EDR_UTILS: CAEDRIsConnectedDevice
12-10 17:39:01.598  3849  3892 D OIC_CA_EDR_CLIENT: try to connect with [50:8F:4C:2A:C2:5F] before sending data
12-10 17:39:01.599  3849  3892 D OIC_CA_EDR_CLIENT: initiating connection...
12-10 17:39:01.599  3849  3892 W BluetoothAdapter: getBluetoothService() called with no BluetoothManagerCallback
12-10 17:39:01.601 17086 17117 W bt_l2cap: L2CA_ErtmConnectReq()  PSM: 0x0001  BDA: 508f4c2ac25f  p_ertm_info: 0x00000000 allowed:0x0 preferred:0
12-10 17:39:01.602  3849  3886 D OIC_CA_MSG_HANDLE: request callback : 3
12-10 17:39:01.602  3849  3886 I OIC_RI_STACK: Enter HandleCARequests
12-10 17:39:01.602  3849  3886 I OIC_TRACER: error writing, len: 41, ret: -1, errno: 9 at oic_trace_begin
12-10 17:39:01.603  3849  3886 D OIC_RM_UTIL: Request- optionID: 17
12-10 17:39:01.603  3849  3886 D OIC_RM_UTIL: Request- optionID: 2049
12-10 17:39:01.603  3849  3886 D OIC_RM_UTIL: Request- optionID: 65524
12-10 17:39:01.603  3849  3886 I OIC_RM_UTIL: Found Option at 2
12-10 17:39:01.603  3849  3886 I OIC_TRACER: error writing, len: 48, ret: -1, errno: 9 at oic_trace_begin
12-10 17:39:01.603  3849  3886 I OIC_TRACER: error writing, len: 1, ret: -1, errno: 9 at oic_trace_end
12-10 17:39:01.603  3849  3886 D OIC_RI_STACK: Enter OCHandleRequests
12-10 17:39:01.603  3849  3886 I OIC_RI_STACK: Endpoint URI : /oic/p
12-10 17:39:01.603  3849  3886 I OIC_RI_STACK: Exit HandleCARequests
12-10 17:39:01.603  3849  3886 I OIC_TRACER: error writing, len: 1, ret: -1, errno: 9 at oic_trace_end
12-10 17:39:01.603  3849  3886 D OIC_CA_MSG_HANDLE: CADestroyData IN
12-10 17:39:01.603  3849  3886 D OIC_CA_MSG_HANDLE: CADestroyData OUT
12-10 17:39:01.613  3849  3886 D OIC_CA_MSG_HANDLE: request callback : 3
12-10 17:39:01.613  3849  3886 I OIC_RI_STACK: Enter HandleCARequests
12-10 17:39:01.613  3849  3886 I OIC_TRACER: error writing, len: 41, ret: -1, errno: 9 at oic_trace_begin
12-10 17:39:01.613  3849  3886 D OIC_RM_UTIL: Request- optionID: 17
12-10 17:39:01.613  3849  3886 D OIC_RM_UTIL: Request- optionID: 2049
12-10 17:39:01.613  3849  3886 D OIC_RM_UTIL: Request- optionID: 65524
12-10 17:39:01.613  3849  3886 I OIC_RM_UTIL: Found Option at 2
12-10 17:39:01.614  3849  3886 I OIC_TRACER: error writing, len: 48, ret: -1, errno: 9 at oic_trace_begin
12-10 17:39:01.614  3849  3886 I OIC_TRACER: error writing, len: 1, ret: -1, errno: 9 at oic_trace_end
12-10 17:39:01.614  3849  3886 D OIC_RI_STACK: Enter OCHandleRequests
12-10 17:39:01.614  3849  3886 I OIC_RI_STACK: Endpoint URI : /oic/p
12-10 17:39:01.614  3849  3886 I OIC_RI_STACK: Exit HandleCARequests
12-10 17:39:01.614  3849  3886 I OIC_TRACER: error writing, len: 1, ret: -1, errno: 9 at oic_trace_end
12-10 17:39:01.614  3849  3886 D OIC_CA_MSG_HANDLE: CADestroyData IN
12-10 17:39:01.614  3849  3886 D OIC_CA_MSG_HANDLE: CADestroyData OUT
12-10 17:39:01.644  1678  1760 W qti_sensors_hal: timestampCalc: Adjusting timestamp for rollover: 357367727237335, -1
12-10 17:39:01.682  4254  4254 D wpa_supplicant: wlan0: Control interface command 'SIGNAL_POLL'
12-10 17:39:01.844  1678  1760 W qti_sensors_hal: timestampCalc: Adjusting timestamp for rollover: 357367926791779, -1
12-10 17:39:01.846  3849  3891 D OIC_CA_IP_ADAP: Address: fe80::528f:4cff:fe6d:817f%wlan0, port:60595
12-10 17:39:01.846  3849  3891 I OIC_TRACER: error writing, len: 54, ret: -1, errno: 9 at oic_trace_begin
12-10 17:39:01.846  3849  3891 I OIC_CA_PRTCL_MSG: adapter value of CoAP/TCP is 1
12-10 17:39:01.846  3849  3891 D OIC_CA_PRTCL_MSG: pdu parse-transport type : 0
12-10 17:39:01.846  3849  3891 D OIC_CA_PRTCL_MSG: pdu parse ret: 1
12-10 17:39:01.846  3849  3891 I OIC_CA_PRTCL_MSG: adapter value of CoAP/TCP is 1
12-10 17:39:01.847  3849  3891 D OIC_CA_MSG_HANDLE: code = 205
12-10 17:39:01.847  3849  3891 D OIC_CA_MSG_HANDLE: CAGenerateHandlerData IN
12-10 17:39:01.847  3849  3891 D OIC_CA_MSG_HANDLE: address : fe80::528f:4cff:fe6d:817f%wlan0
12-10 17:39:01.847  3849  3891 I OIC_CA_PRTCL_MSG: IN - CAGetInfoFromPDU
12-10 17:39:01.847  3849  3891 I OIC_CA_PRTCL_MSG: adapter value of CoAP/TCP is 1
12-10 17:39:01.847  3849  3891 I OIC_CA_PRTCL_MSG: adapter value of CoAP/TCP is 1
12-10 17:39:01.847  3849  3891 D OIC_CA_PRTCL_MSG: COAP URI element : oic
12-10 17:39:01.848  3849  3891 D OIC_CA_PRTCL_MSG: COAP URI element : p
12-10 17:39:01.849  3849  3891 D OIC_CA_PRTCL_MSG: COAP URI element : '
12-10 17:39:01.849  3849  3891 D OIC_CA_PRTCL_MSG: COAP URI element : 
12-10 17:39:01.849  3849  3891 D OIC_CA_PRTCL_MSG: COAP URI element : ¿
12-10 17:39:01.849  3849  3891 D OIC_CA_PRTCL_MSG: inside token length : 8
12-10 17:39:01.849  3849  3891 D OIC_CA_PRTCL_MSG: inside pdu->data
12-10 17:39:01.849  3849  3891 D OIC_CA_PRTCL_MSG: URL length:6
12-10 17:39:01.849  3849  3891 I OIC_CA_PRTCL_MSG: OUT - CAGetInfoFromPDU
12-10 17:39:01.850  3849  3891 D OIC_CA_MSG_HANDLE: Response Info :
12-10 17:39:01.850  3849  3891 D OIC_CA_MSG_HANDLE: optionID: 12
12-10 17:39:01.850  3849  3891 D OIC_CA_MSG_HANDLE: list: '
12-10 17:39:01.850  3849  3891 D OIC_CA_MSG_HANDLE: optionID: 2053
12-10 17:39:01.850  3849  3891 D OIC_CA_MSG_HANDLE: list: 
12-10 17:39:01.850  3849  3891 D OIC_CA_MSG_HANDLE: optionID: 65524
12-10 17:39:01.850  3849  3891 D OIC_CA_MSG_HANDLE: list: ¿
12-10 17:39:01.850  3849  3891 D OIC_CA_MSG_HANDLE: payload: 0x7f67ae3c00(319)
12-10 17:39:01.850  3849  3891 D OIC_CA_MSG_HANDLE: token:
12-10 17:39:01.850  3849  3891 D OIC_CA_MSG_HANDLE: 1E 4A 11 3D D7 9E 96 DC 
12-10 17:39:01.851  3849  3891 D OIC_CA_MSG_HANDLE: msgID: 19346
12-10 17:39:01.851  3849  3891 D OIC_CA_MSG_HANDLE: CAGenerateHandlerData OUT
12-10 17:39:01.851  3849  3891 I OIC_CA_PRTCL_MSG: adapter value of CoAP/TCP is 1
12-10 17:39:01.851  3849  3891 D OIC_CA_RETRANS: IN
12-10 17:39:01.851  3849  3891 D OIC_CA_RETRANS: received pdu, msgtype=1, msgid=19346, code=205
12-10 17:39:01.851  3849  3891 D OIC_CA_MSG_HANDLE: CALogPDUInfo
12-10 17:39:01.851  3849  3891 I OIC_TRACER: error writing, len: 42, ret: -1, errno: 9 at oic_trace_begin
12-10 17:39:01.852  3849  3891 D OIC_ANALYZER: =================================================
12-10 17:39:01.852  3849  3891 D OIC_ANALYZER: Is Multicast = false
12-10 17:39:01.852  3849  3891 D OIC_ANALYZER: Transport Type = [OC_ADAPTER_IP]
12-10 17:39:01.852  3849  3891 D OIC_ANALYZER: Address = [fe80::528f:4cff:fe6d:817f%wlan0]:[60595]
12-10 17:39:01.852  3849  3891 D OIC_ANALYZER: Data Type = [CA_RESPONSE_DATA]
12-10 17:39:01.852  3849  3891 D OIC_ANALYZER: -------------------------------------------------
12-10 17:39:01.852  3849  3891 D OIC_ANALYZER: result code = [205]
12-10 17:39:01.852  3849  3891 D OIC_ANALYZER: Msg ID = [37451]
12-10 17:39:01.852  3849  3891 D OIC_ANALYZER: Coap Token
12-10 17:39:01.852  3849  3891 D OIC_ANALYZER: 1E 4A 11 3D D7 9E 96 DC 
12-10 17:39:01.853  3849  3891 I OIC_TRACER: error writing, len: 66, ret: -1, errno: 9 at oic_trace_begin
12-10 17:39:01.853  3849  3891 I OIC_TRACER: error writing, len: 1, ret: -1, errno: 9 at oic_trace_end
12-10 17:39:01.853  3849  3891 D OIC_ANALYZER: Res URI = [/oic/p]
12-10 17:39:01.853  3849  3891 I OIC_TRACER: error writing, len: 53, ret: -1, errno: 9 at oic_trace_begin
12-10 17:39:01.853  3849  3891 I OIC_TRACER: error writing, len: 1, ret: -1, errno: 9 at oic_trace_end
12-10 17:39:01.853  3849  3891 D OIC_ANALYZER: Payload Format = [CA_FORMAT_APPLICATION_VND_OCF_CBOR]
12-10 17:39:01.853  3849  3891 D OIC_ANALYZER: CoAP Message Full Size = [350]
12-10 17:39:01.853  3849  3891 D OIC_ANALYZER: CoAP Header (+ 0xFF)
12-10 17:39:01.854  3849  3891 D OIC_ANALYZER: 58 45 92 4B 1E 4A 11 3D D7 9E 96 DC B3 6F 69 63 
12-10 17:39:01.854  3849  3891 D OIC_ANALYZER: 01 70 12 27 10 E2 06 EC 08 00 E1 F6 E2 C0 FF 
12-10 17:39:01.854  3849  3891 D OIC_ANALYZER: CoAP Header size = [31]
12-10 17:39:01.854  3849  3891 D OIC_ANALYZER: CoAP Payload
12-10 17:39:01.854  3849  3891 D OIC_ANALYZER: CoAP Payload Size = [319]
12-10 17:39:01.854  3849  3891 D OIC_ANALYZER: =================================================
12-10 17:39:01.854  3849  3891 I OIC_TRACER: error writing, len: 1, ret: -1, errno: 9 at oic_trace_end
12-10 17:39:01.854  3849  3891 D OIC_CA_BWT: CAReceiveBlockWiseData
12-10 17:39:01.855  3849  3891 D OIC_CA_BWT: it's normal pdu
12-10 17:39:01.855  3849  3891 D OIC_CA_BWT: BlockID is 
12-10 17:39:01.855  3849  3891 D OIC_CA_BWT: 1E 4A 11 3D D7 9E 96 DC EC B3 66 65 38 30 3A 3A 
12-10 17:39:01.855  3849  3891 D OIC_CA_BWT: 35 32 38 66 3A 34 63 66 66 3A 66 65 36 64 3A 38 
12-10 17:39:01.855  3849  3891 D OIC_CA_BWT: 31 37 66 25 77 6C 61 6E 30 
12-10 17:39:01.855  3849  3891 D OIC_CA_BWT: CARemoveBlockData
12-10 17:39:01.855  3849  3891 D OIC_CA_MSG_HANDLE: this message does not have block option
12-10 17:39:01.855  3849  3891 D OIC_UQUEUE: Queue Count : 1
12-10 17:39:01.855  3849  3891 D OIC_CA_MSG_HANDLE: received pdu data :
12-10 17:39:01.856  3849  3891 D OIC_CA_MSG_HANDLE: 58 45 92 4B 1E 4A 11 3D D7 9E 96 DC B3 6F 69 63 
12-10 17:39:01.856  3849  3891 D OIC_CA_MSG_HANDLE: 01 70 12 27 10 E2 06 EC 08 00 E1 F6 E2 C0 FF BF 
12-10 17:39:01.856  3849  3891 D OIC_CA_MSG_HANDLE: 62 72 74 81 68 6F 69 63 2E 77 6B 2E 70 62 69 66 
12-10 17:39:01.856  3849  3891 D OIC_CA_MSG_HANDLE: 82 6F 6F 69 63 2E 69 66 2E 62 61 73 65 6C 69 6E 
12-10 17:39:01.856  3849  3891 D OIC_CA_MSG_HANDLE: 65 68 6F 69 63 2E 69 66 2E 72 62 73 74 6D 31 35 
12-10 17:39:01.856  3849  3891 D OIC_CA_MSG_HANDLE: 37 35 39 36 39 33 35 38 30 32 34 64 6D 6E 73 6C 
12-10 17:39:01.856  3849  3891 D OIC_CA_MSG_HANDLE: 78 1D 68 74 74 70 73 3A 2F 2F 77 77 77 2E 6D 79 
12-10 17:39:01.857  3849  3891 D OIC_CA_MSG_HANDLE: 73 75 70 70 6F 72 74 6C 69 6E 6B 2E 63 6F 6D 64 
12-10 17:39:01.857  3849  3891 D OIC_CA_MSG_HANDLE: 6D 6E 66 76 71 6D 79 46 69 72 6D 77 61 72 65 56 
12-10 17:39:01.857  3849  3891 D OIC_CA_MSG_HANDLE: 65 72 73 69 6F 6E 64 6D 6E 68 77 71 6D 79 48 61 
12-10 17:39:01.857  3849  3891 D OIC_CA_MSG_HANDLE: 72 64 77 61 72 65 56 65 72 73 69 6F 6E 64 6D 6E 
12-10 17:39:01.857  3849  3891 D OIC_CA_MSG_HANDLE: 6F 73 77 4D 61 6E 75 66 61 63 74 75 72 65 72 20 
12-10 17:39:01.857  3849  3891 D OIC_CA_MSG_HANDLE: 4F 53 20 76 65 72 73 69 6F 6E 64 6D 6E 70 76 71 
12-10 17:39:01.857  3849  3891 D OIC_CA_MSG_HANDLE: 6D 79 50 6C 61 74 66 6F 72 6D 56 65 72 73 69 6F 
12-10 17:39:01.857  3849  3891 D OIC_CA_MSG_HANDLE: 6E 64 6D 6E 64 74 6A 32 30 31 36 2D 30 31 2D 31 
12-10 17:39:01.858  3849  3891 D OIC_CA_MSG_HANDLE: 35 64 6D 6E 6D 6F 6D 6D 79 4D 6F 64 65 6C 4E 75 
12-10 17:39:01.858  3849  3891 D OIC_CA_MSG_HANDLE: 6D 62 65 72 64 6D 6E 6D 6C 76 68 74 74 70 73 3A 
12-10 17:39:01.858  3849  3891 D OIC_CA_MSG_HANDLE: 2F 2F 77 77 77 2E 6D 79 6C 69 6E 6B 2E 63 6F 6D 
12-10 17:39:01.858  3849  3891 D OIC_CA_MSG_HANDLE: 64 6D 6E 6D 6E 6E 6D 79 4D 61 6E 75 66 61 63 74 
12-10 17:39:01.858  3849  3891 D OIC_CA_MSG_HANDLE: 4E 61 6D 65 62 70 69 78 24 30 41 33 45 30 44 36 
12-10 17:39:01.858  3849  3891 D OIC_CA_MSG_HANDLE: 46 2D 44 42 46 35 2D 34 30 34 45 2D 38 37 31 39 
12-10 17:39:01.858  3849  3891 D OIC_CA_MSG_HANDLE: 2D 44 36 38 38 30 30 34 32 34 36 33 41 FF 
12-10 17:39:01.859  3849  3891 I OIC_TRACER: error writing, len: 1, ret: -1, errno: 9 at oic_trace_end
12-10 17:39:01.859  3849  3886 D OIC_CA_MSG_HANDLE: response callback : 3
12-10 17:39:01.859  3849  3886 I OIC_RI_STACK: Enter HandleCAResponses
12-10 17:39:01.859  3849  3886 I OIC_TRACER: error writing, len: 42, ret: -1, errno: 9 at oic_trace_begin
12-10 17:39:01.859  3849  3886 D OIC_RM_UTIL: Request- optionID: 12
12-10 17:39:01.859  3849  3886 D OIC_RM_UTIL: Request- optionID: 2053
12-10 17:39:01.860  3849  3886 D OIC_RM_UTIL: Request- optionID: 65524
12-10 17:39:01.860  3849  3886 I OIC_RM_UTIL: Found Option at 2
12-10 17:39:01.860  3849  3886 D OIC_RI_STACK: Enter OCHandleResponse
12-10 17:39:01.860  3849  3886 I OIC_TRACER: error writing, len: 48, ret: -1, errno: 9 at oic_trace_begin
12-10 17:39:01.860  3849  3886 I OIC_TRACER: error writing, len: 1, ret: -1, errno: 9 at oic_trace_end
12-10 17:39:01.860  3849  3886 I OIC_RI_CLIENTCB: Looking for token
12-10 17:39:01.860  3849  3886 I OIC_RI_CLIENTCB: 1E 4A 11 3D D7 9E 96 DC 
12-10 17:39:01.860  3849  3886 I OIC_RI_CLIENTCB: Found in callback list
12-10 17:39:01.860  3849  3886 I OIC_RI_STACK: There is a cbNode associated with the response token
12-10 17:39:01.861  3849  3886 I OIC_RI_STACK: This is a regular response, A client call back is found
12-10 17:39:01.861  3849  3886 I OIC_RI_STACK: Calling into application address space
12-10 17:39:01.861  3849  3886 I OIC_RI_PAYLOADPARSE: CBOR Parsing size: 319 of Payload Type: 4, Payload:
12-10 17:39:01.861  3849  3886 I OIC_RI_PAYLOADPARSE: Finished parse payload, result is 0
12-10 17:39:01.862  3849  3886 E OIC_RI_RESOURCE: Query is empty!
12-10 17:39:01.862  3849  3886 D OIC_CLIENT_WRAPPER: OCStackApplicationResult OC::listenDeviceCallback(void*, OCDoHandle, OCClientResponse*): call response callback
12-10 17:39:01.863  3849  3886 I OIC_RI_STACK: Exit HandleCAResponses
12-10 17:39:01.863  3849  3886 I OIC_TRACER: error writing, len: 1, ret: -1, errno: 9 at oic_trace_end
12-10 17:39:01.863  3849  3886 D OIC_CA_MSG_HANDLE: CADestroyData IN
12-10 17:39:01.864  3849  3886 D OIC_CA_MSG_HANDLE: CADestroyData OUT
12-10 17:39:01.865  3849  3901 I DeviceDiscoveryClient: Platform Information received:
12-10 17:39:01.871  3849  3901 D OIC-JNI : OcRepresentation_getValue
12-10 17:39:01.872  3849  3901 I DeviceDiscoveryClient: 	Manufacturer system time: 1575969358024
12-10 17:39:01.872  3849  3901 D OIC-JNI : OcRepresentation_getValue
12-10 17:39:01.872  3849  3901 I DeviceDiscoveryClient: 	Manufacturer OS version: Manufacturer OS version
12-10 17:39:01.872  3849  3901 D OIC-JNI : OcRepresentation_getValue
12-10 17:39:01.872  3849  3901 I DeviceDiscoveryClient: 	Manufacturer hardware version: myHardwareVersion
12-10 17:39:01.873  3849  3901 D OIC-JNI : OcRepresentation_getValue
12-10 17:39:01.873  3849  3901 I DeviceDiscoveryClient: 	Manufacturer Platform Version: myPlatformVersion
12-10 17:39:01.873  3849  3901 D OIC-JNI : OcRepresentation_getValue
12-10 17:39:01.873  3849  3901 I DeviceDiscoveryClient: 	Manufacturer support url: https://www.mysupportlink.com
12-10 17:39:01.873  3849  3901 D OIC-JNI : OcRepresentation_getValue
12-10 17:39:01.873  3849  3901 I DeviceDiscoveryClient: 	Platform ID: 0A3E0D6F-DBF5-404E-8719-D6880042463A
12-10 17:39:01.874  3849  3901 D OIC-JNI : OcRepresentation_getValue
12-10 17:39:01.874  3849  3901 I DeviceDiscoveryClient: 	Manufacturer url: https://www.mylink.com
12-10 17:39:01.874  3849  3901 D OIC-JNI : OcRepresentation_getValue
12-10 17:39:01.874  3849  3901 I DeviceDiscoveryClient: 	Manufacturer Model No: myModelNumber
12-10 17:39:01.874  3849  3901 D OIC-JNI : OcRepresentation_getValue
12-10 17:39:01.874  3849  3901 I DeviceDiscoveryClient: 	Manufacturer name: myManufactName
12-10 17:39:01.875  3849  3901 D OIC-JNI : OcRepresentation_getValue
12-10 17:39:01.875  3849  3901 I DeviceDiscoveryClient: 	Manufacturer firmware version: myFirmwareVersion
12-10 17:39:01.876  3849  3901 D OIC-JNI : OcRepresentation_getValue
12-10 17:39:01.876  3849  3901 I DeviceDiscoveryClient: 	Manufactured Date: 2016-01-15
12-10 17:39:01.876  3849  3901 I DeviceDiscoveryClient: ------------------------------------------------------------------------
12-10 17:39:02.044  1678  1760 W qti_sensors_hal: timestampCalc: Adjusting timestamp for rollover: 357368126315705, -1
12-10 17:39:02.244  1678  1760 W qti_sensors_hal: timestampCalc: Adjusting timestamp for rollover: 357368325839630, -1
12-10 17:39:02.443  1678  1760 W qti_sensors_hal: timestampCalc: Adjusting timestamp for rollover: 357368525424591, -1
12-10 17:39:02.643  1678  1760 W qti_sensors_hal: timestampCalc: Adjusting timestamp for rollover: 357368724979035, -1
12-10 17:39:02.842  1678  1760 W qti_sensors_hal: timestampCalc: Adjusting timestamp for rollover: 357368924502960, -1
12-10 17:39:02.863 17086 17117 W bt_btm  : btm_acl_role_changed: BDA: 50-8f-4c-2a-c2-5f
12-10 17:39:02.864 17086 17117 W bt_btm  : btm_acl_role_changed: New role: 1
12-10 17:39:02.874 17086 17117 W bt_btm  : btm_acl_created hci_handle=25 link_role=1  transport=1
12-10 17:39:02.875 17086 17117 W bt_btm  : btm_acl_created hci_handle=25 link_role=1  transport=1
12-10 17:39:02.875 17086 17117 W bt_l2cap: L2CAP - st: CLOSED evt: 0
12-10 17:39:02.875 17086 17117 W bt_l2cap: L2CAP - st: ORIG_W4_SEC_COMP evt: 7
12-10 17:39:02.876 17086 17117 E bt_btif : bta_dm_acl_change new acl connetion:count = 1
12-10 17:39:02.876 17086 17117 W bt_btif : bta_dm_acl_change info: 0x10
12-10 17:39:02.876 17086 17117 W bt_l2cap: L2CA_SetDesireRole() new:x0, disallow_switch:0
12-10 17:39:02.877 17086 17110 D bt_btif_dm: remote version info [50:8f:4c:2a:c2:5f]: 0, 0, 0
12-10 17:39:02.898 17086 17117 W bt_btm  : btm_read_remote_version_complete: BDA: 50-8f-4c-2a-c2-5f
12-10 17:39:02.898 17086 17117 W bt_btm  : btm_read_remote_version_complete lmp_version 8 manufacturer 29 lmp_subversion 2003
12-10 17:39:02.922 17086 17117 W bt_l2cap: L2CAP - st: W4_L2CAP_CON_RSP evt: 19
12-10 17:39:02.930 17086 17117 W bt_l2cap: L2CAP - st: W4_L2CAP_CON_RSP evt: 11
12-10 17:39:02.931 17086 17117 W bt_l2cap: L2CAP - st: CONFIG evt: 24
12-10 17:39:02.932 17086 17117 W bt_l2cap: L2CAP - st: CONFIG evt: 14
12-10 17:39:02.932 17086 17117 W bt_l2cap: L2CAP - st: CONFIG evt: 25
12-10 17:39:02.933 17086 17117 W bt_l2cap: L2CAP-Upper layer Config_Rsp,Local CID: 0x0046,Remote CID: 0x0043,PSM: 1,our MTU present:1,our MTU:672
12-10 17:39:02.936 17086 17117 W bt_l2cap: L2CAP - st: CONFIG evt: 15
12-10 17:39:02.937 17086 17117 W bt_l2cap: L2CAP-peer_Config_Rsp,Local CID: 0x0046,Remote CID: 0x0043,PSM: 1,peer MTU present: 0,peer MTU: 672
12-10 17:39:02.943 17086 17117 W bt_sdp  : process_service_search_attr_rsp
12-10 17:39:02.943 17086 17117 W bt_l2cap: L2CA_DisconnectReq()  CID: 0x0046
12-10 17:39:02.949 17086 17117 W bt_l2cap: L2CAP - st: W4_L2CAP_DISC_RSP evt: 18
12-10 17:39:02.950 17086 17117 W bt_l2cap: L2CA_ErtmConnectReq()  PSM: 0x0003  BDA: 508f4c2ac25f  p_ertm_info: 0x00000000 allowed:0x0 preferred:0
12-10 17:39:02.950 17086 17117 W bt_l2cap: L2CAP - st: CLOSED evt: 21
12-10 17:39:02.960 17086 17110 E BluetoothRemoteDevices: state12newState0
12-10 17:39:02.960 17086 17110 D BluetoothRemoteDevices: aclStateChangeCallback: State:Connected to Device:50:8F:4C:2A:C2:5F
12-10 17:39:02.965  3076  3076 D BluetoothReceiver: bluetooth action :android.bluetooth.device.action.ACL_CONNECTED
12-10 17:39:03.015 17086 17117 W bt_l2cap: L2CAP - st: ORIG_W4_SEC_COMP evt: 7
12-10 17:39:03.029 17086 17117 W bt_l2cap: L2CAP - st: W4_L2CAP_CON_RSP evt: 11
12-10 17:39:03.029 17086 17117 W bt_l2cap: L2CAP - st: CONFIG evt: 24
12-10 17:39:03.030 17086 17117 W bt_l2cap: L2CAP - st: CONFIG evt: 14
12-10 17:39:03.030 17086 17117 W bt_l2cap: L2CAP - st: CONFIG evt: 25
12-10 17:39:03.030 17086 17117 W bt_l2cap: L2CAP-Upper layer Config_Rsp,Local CID: 0x004a,Remote CID: 0x0045,PSM: 3,our MTU present:1,our MTU:1691
12-10 17:39:03.038 17086 17117 W bt_l2cap: L2CAP - st: CONFIG evt: 15
12-10 17:39:03.038 17086 17117 W bt_l2cap: L2CAP-peer_Config_Rsp,Local CID: 0x004a,Remote CID: 0x0045,PSM: 3,peer MTU present: 0,peer MTU: 1691
12-10 17:39:03.041  1678  1760 W qti_sensors_hal: timestampCalc: Adjusting timestamp for rollover: 357369124057404, -1
12-10 17:39:03.053 17086 17117 W bt_l2cap: L2CA_SetDesireRole() new:x0, disallow_switch:0
12-10 17:39:03.053 17086 17117 W bt_btif : new conn_srvc id:26, app_id:1
12-10 17:39:03.053 17086 17117 W bt_btif : bta_dm_pm_cback: new conn_srvc id:26, app_id:1 count:1
12-10 17:39:03.053 17086 17117 W bt_btif : bta_dm_pm_ssr conn_srvc id:26, app_id:1
12-10 17:39:03.053 17086 17117 W bt_btif : bta_dm_pm_ssr ssr:2, lat:1200
12-10 17:39:03.053  3849  3892 D OIC_CA_EDR_UTILS: CANativeAddDeviceobjToList
12-10 17:39:03.054  3849  3892 D OIC_CA_EDR_UTILS: CANativeIsDeviceObjInList
12-10 17:39:03.054  3849  3892 D OIC_CA_EDR_UTILS: there are no the Device obejct in list
12-10 17:39:03.054  3849  3892 D OIC_CA_EDR_UTILS: add new device socket object to list
12-10 17:39:03.054  3849  3892 D OIC_CA_EDR_UTILS: there are no the device in list.
12-10 17:39:03.054  3849  3892 D OIC_CA_EDR_UTILS: add new device state[1] to list
12-10 17:39:03.054  3849  3892 D OIC_CA_EDR_CLIENT: successfully connected
12-10 17:39:03.054  3849  3892 D OIC_CA_EDR_UTILS: CAEDRIsConnectedDevice
12-10 17:39:03.054  3849  3892 D OIC_CA_EDR_CLIENT: Get MethodID for i/o stream
12-10 17:39:03.054  3849  3892 D OIC_CA_EDR_UTILS: CAEDRNativeGetDeviceSocketBaseAddr
12-10 17:39:03.054  3849  3892 E OIC_CA_EDR_UTILS: remove object : 50:8F:4C:2A:C2:5F
12-10 17:39:03.054  3849  3892 D OIC_CA_EDR_CLIENT: ready outputStream..
12-10 17:39:03.055  3849  3892 I OIC_CA_EDR_CLIENT: EDR sendTo is successful: 29 bytes, to 50:8F:4C:2A:C2:5F
12-10 17:39:03.055  3849  3892 D OIC_CA_ADAP_UTILS: CALogSendStateInfo
12-10 17:39:03.055  3849  3892 D OIC_ANALYZER: =================================================
12-10 17:39:03.055  3849  3892 D OIC_ANALYZER: Send Success, sent length = [29]
12-10 17:39:03.055  3849  3892 D OIC_ANALYZER: Transport Type = [OC_ADAPTER_RFCOMM_BTEDR]
12-10 17:39:03.055  3849  3892 D OIC_ANALYZER: Address = [50:8F:4C:2A:C2:5F]:[0]
12-10 17:39:03.055  3849  3892 D OIC_ANALYZER: =================================================
12-10 17:39:03.055  3849  3892 D OIC_CA_EDR_CLIENT: DetachCurrentThread
12-10 17:39:03.055  3849  3892 D OIC_CA_EDR_CLIENT: OUT - CAEDRSendMulticastMessage
12-10 17:39:03.055  3849  3892 D OIC_CA_EDR_ADAP: OUT
12-10 17:39:03.056  3849  3892 D OIC_CA_QING: wait..
12-10 17:39:03.103  3849  3895 D OIC_CA_EDR_UTILS: CAEDRGetDeviceInfoFromAddress
12-10 17:39:03.104  3849  3895 D OIC_CA_EDR_SERVER: read InputStream (idx:0, addr:50:8F:4C:2A:C2:5F)
12-10 17:39:03.104  3849  3895 D OIC_CA_EDR_SERVER: read success (length: 6 bytes)
12-10 17:39:03.104  3849  3895 D OIC_CA_EDR_SERVER: total data length [350] bytes
12-10 17:39:03.105  3849  3895 D OIC_CA_EDR_UTILS: CAEDRGetDeviceInfoFromAddress
12-10 17:39:03.106  3849  3895 D OIC_CA_EDR_SERVER: read InputStream (idx:0, addr:50:8F:4C:2A:C2:5F)
12-10 17:39:03.106  3849  3895 D OIC_CA_EDR_SERVER: read success (length: 344 bytes)
12-10 17:39:03.106  3849  3895 D OIC_CA_EDR_SERVER: data will be sent to callback routine: Ë, 350
12-10 17:39:03.106  3849  3895 D OIC_UQUEUE: Queue Count : 1
12-10 17:39:03.106  3849  3893 D OIC_CA_QING: wake up..
12-10 17:39:03.106  3849  3893 D OIC_CA_EDR_ADAP: IN_CAAdapterDataReceiverHandler
12-10 17:39:03.106  3849  3893 D OIC_CA_EDR_ADAP: Sending data up !
12-10 17:39:03.107  3849  3893 I OIC_TRACER: error writing, len: 54, ret: -1, errno: 9 at oic_trace_begin
12-10 17:39:03.107  3849  3893 D OIC_CA_PRTCL_MSG: pdu parse-transport type : 3
12-10 17:39:03.107  3849  3893 D OIC_CA_PRTCL_MSG: pdu parse ret: 1
12-10 17:39:03.107  3849  3893 I OIC_CA_PRTCL_MSG: there is no version info in coap header
12-10 17:39:03.107  3849  3893 D OIC_CA_MSG_HANDLE: code = 205
12-10 17:39:03.107  3849  3893 D OIC_CA_MSG_HANDLE: CAGenerateHandlerData IN
12-10 17:39:03.107  3849  3893 D OIC_CA_MSG_HANDLE: address : 50:8F:4C:2A:C2:5F
12-10 17:39:03.107  3849  3893 I OIC_CA_PRTCL_MSG: IN - CAGetInfoFromPDU
12-10 17:39:03.107  3849  3893 D OIC_CA_PRTCL_MSG: COAP URI element : oic
12-10 17:39:03.107  3849  3893 D OIC_CA_PRTCL_MSG: COAP URI element : p
12-10 17:39:03.107  3849  3893 D OIC_CA_PRTCL_MSG: COAP URI element : '
12-10 17:39:03.107  3849  3893 D OIC_CA_PRTCL_MSG: COAP URI element : 
12-10 17:39:03.107  3849  3893 D OIC_CA_PRTCL_MSG: COAP URI element : ¿
12-10 17:39:03.108  3849  3893 D OIC_CA_PRTCL_MSG: inside token length : 8
12-10 17:39:03.108  3849  3893 D OIC_CA_PRTCL_MSG: inside pdu->data
12-10 17:39:03.108  3849  3893 D OIC_CA_PRTCL_MSG: URL length:6
12-10 17:39:03.108  3849  3893 I OIC_CA_PRTCL_MSG: OUT - CAGetInfoFromPDU
12-10 17:39:03.108  3849  3893 D OIC_CA_MSG_HANDLE: Response Info :
12-10 17:39:03.108  3849  3893 D OIC_CA_MSG_HANDLE: optionID: 12
12-10 17:39:03.108  3849  3893 D OIC_CA_MSG_HANDLE: list: '
12-10 17:39:03.108  3849  3893 D OIC_CA_MSG_HANDLE: optionID: 2053
12-10 17:39:03.108  3849  3893 D OIC_CA_MSG_HANDLE: list: 
12-10 17:39:03.108  3849  3893 D OIC_CA_MSG_HANDLE: optionID: 65524
12-10 17:39:03.108  3849  3893 D OIC_CA_MSG_HANDLE: list: ¿
12-10 17:39:03.108  3849  3893 D OIC_CA_MSG_HANDLE: payload: 0x7f58c64cc0(319)
12-10 17:39:03.108  3849  3893 D OIC_CA_MSG_HANDLE: token:
12-10 17:39:03.108  3849  3893 D OIC_CA_MSG_HANDLE: 1E 4A 11 3D D7 9E 96 DC 
12-10 17:39:03.108  3849  3893 D OIC_CA_MSG_HANDLE: msgID: 0
12-10 17:39:03.109  3849  3893 D OIC_CA_MSG_HANDLE: CAGenerateHandlerData OUT
12-10 17:39:03.109  3849  3893 I OIC_CA_MSG_HANDLE: retransmission is not supported
12-10 17:39:03.109  3849  3893 D OIC_CA_MSG_HANDLE: CALogPDUInfo
12-10 17:39:03.109  3849  3893 I OIC_TRACER: error writing, len: 42, ret: -1, errno: 9 at oic_trace_begin
12-10 17:39:03.109  3849  3893 D OIC_ANALYZER: =================================================
12-10 17:39:03.109  3849  3893 D OIC_ANALYZER: Is Multicast = false
12-10 17:39:03.109  3849  3893 D OIC_ANALYZER: Transport Type = [OC_ADAPTER_RFCOMM_BTEDR]
12-10 17:39:03.109  3849  3893 D OIC_ANALYZER: Address = [50:8F:4C:2A:C2:5F]:[0]
12-10 17:39:03.109  3849  3893 D OIC_ANALYZER: Data Type = [CA_RESPONSE_DATA]
12-10 17:39:03.109  3849  3893 D OIC_ANALYZER: -------------------------------------------------
12-10 17:39:03.109  3849  3893 D OIC_ANALYZER: result code = [205]
12-10 17:39:03.109  3849  3893 D OIC_ANALYZER: Msg ID = [17733]
12-10 17:39:03.109  3849  3893 D OIC_ANALYZER: Coap Token
12-10 17:39:03.109  3849  3893 D OIC_ANALYZER: 1E 4A 11 3D D7 9E 96 DC 
12-10 17:39:03.110  3849  3893 I OIC_TRACER: error writing, len: 66, ret: -1, errno: 9 at oic_trace_begin
12-10 17:39:03.110  3849  3893 I OIC_TRACER: error writing, len: 1, ret: -1, errno: 9 at oic_trace_end
12-10 17:39:03.110  3849  3893 D OIC_ANALYZER: Res URI = [/oic/p]
12-10 17:39:03.110  3849  3893 I OIC_TRACER: error writing, len: 53, ret: -1, errno: 9 at oic_trace_begin
12-10 17:39:03.110  3849  3893 I OIC_TRACER: error writing, len: 1, ret: -1, errno: 9 at oic_trace_end
12-10 17:39:03.110  3849  3893 D OIC_ANALYZER: Payload Format = [CA_FORMAT_APPLICATION_VND_OCF_CBOR]
12-10 17:39:03.110  3849  3893 D OIC_ANALYZER: CoAP Message Full Size = [350]
12-10 17:39:03.110  3849  3893 D OIC_ANALYZER: CoAP Header (+ 0xFF)
12-10 17:39:03.110  3849  3893 D OIC_ANALYZER: E8 00 45 45 1E 4A 11 3D D7 9E 96 DC B3 6F 69 63 
12-10 17:39:03.110  3849  3893 D OIC_ANALYZER: 01 70 12 27 10 E2 06 EC 08 00 E1 F6 E2 C0 FF 
12-10 17:39:03.110  3849  3893 D OIC_ANALYZER: CoAP Header size = [31]
12-10 17:39:03.110  3849  3893 D OIC_ANALYZER: CoAP Payload
12-10 17:39:03.110  3849  3893 D OIC_ANALYZER: CoAP Payload Size = [319]
12-10 17:39:03.111  3849  3893 D OIC_ANALYZER: =================================================
12-10 17:39:03.111  3849  3893 I OIC_TRACER: error writing, len: 1, ret: -1, errno: 9 at oic_trace_end
12-10 17:39:03.111  3849  3893 I OIC_CA_PRTCL_MSG: adapter value of BWT is 4
12-10 17:39:03.111  3849  3893 D OIC_UQUEUE: Queue Count : 1
12-10 17:39:03.111  3849  3893 D OIC_CA_MSG_HANDLE: received pdu data :
12-10 17:39:03.111  3849  3886 D OIC_CA_MSG_HANDLE: response callback : 3
12-10 17:39:03.111  3849  3893 D OIC_CA_MSG_HANDLE: E8 00 45 45 1E 4A 11 3D D7 9E 96 DC B3 6F 69 63 
12-10 17:39:03.111  3849  3886 I OIC_RI_STACK: Enter HandleCAResponses
12-10 17:39:03.111  3849  3893 D OIC_CA_MSG_HANDLE: 01 70 12 27 10 E2 06 EC 08 00 E1 F6 E2 C0 FF BF 
12-10 17:39:03.111  3849  3886 I OIC_TRACER: error writing, len: 42, ret: -1, errno: 9 at oic_trace_begin
12-10 17:39:03.111  3849  3893 D OIC_CA_MSG_HANDLE: 62 72 74 81 68 6F 69 63 2E 77 6B 2E 70 62 69 66 
12-10 17:39:03.111  3849  3886 D OIC_RM_UTIL: Request- optionID: 12
12-10 17:39:03.111  3849  3886 D OIC_RM_UTIL: Request- optionID: 2053
12-10 17:39:03.111  3849  3893 D OIC_CA_MSG_HANDLE: 82 6F 6F 69 63 2E 69 66 2E 62 61 73 65 6C 69 6E 
12-10 17:39:03.111  3849  3886 D OIC_RM_UTIL: Request- optionID: 65524
12-10 17:39:03.111  3849  3893 D OIC_CA_MSG_HANDLE: 65 68 6F 69 63 2E 69 66 2E 72 62 73 74 6D 31 35 
12-10 17:39:03.111  3849  3886 I OIC_RM_UTIL: Found Option at 2
12-10 17:39:03.111  3849  3893 D OIC_CA_MSG_HANDLE: 37 35 39 36 39 33 35 38 30 32 34 64 6D 6E 73 6C 
12-10 17:39:03.112  3849  3886 D OIC_RI_STACK: Enter OCHandleResponse
12-10 17:39:03.112  3849  3893 D OIC_CA_MSG_HANDLE: 78 1D 68 74 74 70 73 3A 2F 2F 77 77 77 2E 6D 79 
12-10 17:39:03.112  3849  3886 I OIC_TRACER: error writing, len: 48, ret: -1, errno: 9 at oic_trace_begin
12-10 17:39:03.112  3849  3893 D OIC_CA_MSG_HANDLE: 73 75 70 70 6F 72 74 6C 69 6E 6B 2E 63 6F 6D 64 
12-10 17:39:03.112  3849  3886 I OIC_TRACER: error writing, len: 1, ret: -1, errno: 9 at oic_trace_end
12-10 17:39:03.112  3849  3893 D OIC_CA_MSG_HANDLE: 6D 6E 66 76 71 6D 79 46 69 72 6D 77 61 72 65 56 
12-10 17:39:03.112  3849  3886 I OIC_RI_CLIENTCB: Looking for token
12-10 17:39:03.112  3849  3893 D OIC_CA_MSG_HANDLE: 65 72 73 69 6F 6E 64 6D 6E 68 77 71 6D 79 48 61 
12-10 17:39:03.112  3849  3886 I OIC_RI_CLIENTCB: 1E 4A 11 3D D7 9E 96 DC 
12-10 17:39:03.112  3849  3886 I OIC_RI_CLIENTCB: Found in callback list
12-10 17:39:03.112  3849  3893 D OIC_CA_MSG_HANDLE: 72 64 77 61 72 65 56 65 72 73 69 6F 6E 64 6D 6E 
12-10 17:39:03.112  3849  3886 I OIC_RI_STACK: There is a cbNode associated with the response token
12-10 17:39:03.112  3849  3893 D OIC_CA_MSG_HANDLE: 6F 73 77 4D 61 6E 75 66 61 63 74 75 72 65 72 20 
12-10 17:39:03.112  3849  3886 I OIC_RI_STACK: This is a regular response, A client call back is found
12-10 17:39:03.112  3849  3893 D OIC_CA_MSG_HANDLE: 4F 53 20 76 65 72 73 69 6F 6E 64 6D 6E 70 76 71 
12-10 17:39:03.112  3849  3886 I OIC_RI_STACK: Calling into application address space
12-10 17:39:03.112  3849  3893 D OIC_CA_MSG_HANDLE: 6D 79 50 6C 61 74 66 6F 72 6D 56 65 72 73 69 6F 
12-10 17:39:03.112  3849  3893 D OIC_CA_MSG_HANDLE: 6E 64 6D 6E 64 74 6A 32 30 31 36 2D 30 31 2D 31 
12-10 17:39:03.112  3849  3886 I OIC_RI_PAYLOADPARSE: CBOR Parsing size: 319 of Payload Type: 4, Payload:
12-10 17:39:03.112  3849  3893 D OIC_CA_MSG_HANDLE: 35 64 6D 6E 6D 6F 6D 6D 79 4D 6F 64 65 6C 4E 75 
12-10 17:39:03.112  3849  3893 D OIC_CA_MSG_HANDLE: 6D 62 65 72 64 6D 6E 6D 6C 76 68 74 74 70 73 3A 
12-10 17:39:03.113  3849  3893 D OIC_CA_MSG_HANDLE: 2F 2F 77 77 77 2E 6D 79 6C 69 6E 6B 2E 63 6F 6D 
12-10 17:39:03.113  3849  3886 I OIC_RI_PAYLOADPARSE: Finished parse payload, result is 0
12-10 17:39:03.113  3849  3893 D OIC_CA_MSG_HANDLE: 64 6D 6E 6D 6E 6E 6D 79 4D 61 6E 75 66 61 63 74 
12-10 17:39:03.113  3849  3886 E OIC_RI_RESOURCE: Query is empty!
12-10 17:39:03.113  3849  3893 D OIC_CA_MSG_HANDLE: 4E 61 6D 65 62 70 69 78 24 30 41 33 45 30 44 36 
12-10 17:39:03.113  3849  3886 D OIC_CLIENT_WRAPPER: OCStackApplicationResult OC::listenDeviceCallback(void*, OCDoHandle, OCClientResponse*): call response callback
12-10 17:39:03.113  3849  3893 D OIC_CA_MSG_HANDLE: 46 2D 44 42 46 35 2D 34 30 34 45 2D 38 37 31 39 
12-10 17:39:03.113  3849  3893 D OIC_CA_MSG_HANDLE: 2D 44 36 38 38 30 30 34 32 34 36 33 41 FF 
12-10 17:39:03.113  3849  3893 I OIC_TRACER: error writing, len: 1, ret: -1, errno: 9 at oic_trace_end
12-10 17:39:03.113  3849  3893 D OIC_CA_EDR_ADAP: OUT_CAAdapterDataReceiverHandler
12-10 17:39:03.113  3849  3893 D OIC_CA_QING: wait..
12-10 17:39:03.113  3849  3886 I OIC_RI_STACK: Exit HandleCAResponses
12-10 17:39:03.114  3849  3886 I OIC_TRACER: error writing, len: 1, ret: -1, errno: 9 at oic_trace_end
12-10 17:39:03.114  3849  3886 D OIC_CA_MSG_HANDLE: CADestroyData IN
12-10 17:39:03.114  3849  3886 D OIC_CA_MSG_HANDLE: CADestroyData OUT
12-10 17:39:03.116  3849  3904 I DeviceDiscoveryClient: Platform Information received:
12-10 17:39:03.116  3849  3904 D OIC-JNI : OcRepresentation_getValue
12-10 17:39:03.116  3849  3904 I DeviceDiscoveryClient: 	Manufacturer system time: 1575969358024
12-10 17:39:03.116  3849  3904 D OIC-JNI : OcRepresentation_getValue
12-10 17:39:03.116  3849  3904 I DeviceDiscoveryClient: 	Manufacturer OS version: Manufacturer OS version
12-10 17:39:03.117  3849  3904 D OIC-JNI : OcRepresentation_getValue
12-10 17:39:03.117  3849  3904 I DeviceDiscoveryClient: 	Manufacturer hardware version: myHardwareVersion
12-10 17:39:03.117  3849  3904 D OIC-JNI : OcRepresentation_getValue
12-10 17:39:03.117  3849  3904 I DeviceDiscoveryClient: 	Manufacturer Platform Version: myPlatformVersion
12-10 17:39:03.117  3849  3904 D OIC-JNI : OcRepresentation_getValue
12-10 17:39:03.118  3849  3904 I DeviceDiscoveryClient: 	Manufacturer support url: https://www.mysupportlink.com
12-10 17:39:03.118  3849  3904 D OIC-JNI : OcRepresentation_getValue
12-10 17:39:03.119  3849  3904 I DeviceDiscoveryClient: 	Platform ID: 0A3E0D6F-DBF5-404E-8719-D6880042463A
12-10 17:39:03.119  3849  3904 D OIC-JNI : OcRepresentation_getValue
12-10 17:39:03.119  3849  3904 I DeviceDiscoveryClient: 	Manufacturer url: https://www.mylink.com
12-10 17:39:03.119  3849  3904 D OIC-JNI : OcRepresentation_getValue
12-10 17:39:03.119  3849  3904 I DeviceDiscoveryClient: 	Manufacturer Model No: myModelNumber
12-10 17:39:03.120  3849  3904 D OIC-JNI : OcRepresentation_getValue
12-10 17:39:03.120  3849  3904 I DeviceDiscoveryClient: 	Manufacturer name: myManufactName
12-10 17:39:03.120  3849  3904 D OIC-JNI : OcRepresentation_getValue
12-10 17:39:03.120  3849  3904 I DeviceDiscoveryClient: 	Manufacturer firmware version: myFirmwareVersion
12-10 17:39:03.120  3849  3904 D OIC-JNI : OcRepresentation_getValue
12-10 17:39:03.121  3849  3904 I DeviceDiscoveryClient: 	Manufactured Date: 2016-01-15
12-10 17:39:03.121  3849  3904 I DeviceDiscoveryClient: ------------------------------------------------------------------------
12-10 17:39:03.242  1678  1760 W qti_sensors_hal: timestampCalc: Adjusting timestamp for rollover: 357369323611847, -1
12-10 17:39:03.441  1678  1760 W qti_sensors_hal: timestampCalc: Adjusting timestamp for rollover: 357369523166291, -1
12-10 17:39:03.572  3849  3885 I DeviceDiscoveryClient: Querying for device information...
12-10 17:39:03.573  3849  3885 D OIC-JNI : OcPlatform_getDeviceInfo0
12-10 17:39:03.573  3849  3885 I OIC-JNI : OnDeviceInfoListener: new listener
12-10 17:39:03.573  3849  3885 I OIC_TRACER: error writing, len: 36, ret: -1, errno: 9 at oic_trace_begin
12-10 17:39:03.573  3849  3885 I OIC_RI_STACK: Entering OCDoResource
12-10 17:39:03.573  3849  3885 D OIC_RI_STACK: OCDoRequest: adapter = 0, flags = 0
12-10 17:39:03.573  3849  3885 D OIC_RI_STACK: devAddr is set as destination
12-10 17:39:03.573  3849  3885 D OIC_RI_STACK: remoteId of devAddr : 
12-10 17:39:03.574  3849  3885 D OIC_CA_CONN_MGR: CAGenerateToken
12-10 17:39:03.575  3849  3885 D OIC_CA_PRTCL_MSG: token len:8, token:
12-10 17:39:03.576  3849  3885 D OIC_CA_PRTCL_MSG: B4 FC 7B 21 6D 27 8A 09 
12-10 17:39:03.576  3849  3885 I OIC_TRACER: error writing, len: 39, ret: -1, errno: 9 at oic_trace_begin
12-10 17:39:03.576  3849  3885 I OIC_RI_CLIENTCB: Adding client callback with token
12-10 17:39:03.576  3849  3885 I OIC_RI_CLIENTCB: B4 FC 7B 21 6D 27 8A 09 
12-10 17:39:03.576  3849  3885 I OIC_TRACER: error writing, len: 63, ret: -1, errno: 9 at oic_trace_begin
12-10 17:39:03.576  3849  3885 I OIC_TRACER: error writing, len: 1, ret: -1, errno: 9 at oic_trace_end
12-10 17:39:03.576  3849  3885 I OIC_RI_CLIENTCB: No payload present
12-10 17:39:03.576  3849  3885 I OIC_RI_CLIENTCB: Added Callback for uri : /oic/d
12-10 17:39:03.576  3849  3885 I OIC_TRACER: error writing, len: 50, ret: -1, errno: 9 at oic_trace_begin
12-10 17:39:03.576  3849  3885 I OIC_TRACER: error writing, len: 1, ret: -1, errno: 9 at oic_trace_end
12-10 17:39:03.576  3849  3885 I OIC_TRACER: error writing, len: 1, ret: -1, errno: 9 at oic_trace_end
12-10 17:39:03.576  3849  3885 I OIC_TRACER: error writing, len: 38, ret: -1, errno: 9 at oic_trace_begin
12-10 17:39:03.576  3849  3885 D OIC_RM_UTIL: Request- optionID: 17
12-10 17:39:03.576  3849  3885 D OIC_RM_UTIL: Request- optionID: 2049
12-10 17:39:03.576  3849  3885 I OIC_RM_UTIL: Route option is not present
12-10 17:39:03.576  3849  3885 D OIC_RM_RAP: createoption dlen 0 slen [0]
12-10 17:39:03.577  3849  3885 D OIC_RM_RAP: Source and destination is not present
12-10 17:39:03.577  3849  3885 D OIC_RM_RAP: OptValue NOR Message Type
12-10 17:39:03.577  3849  3885 I OIC_RM_RAP: Option Length is 1
12-10 17:39:03.577  3849  3885 D OIC_CA_CONN_MGR: CASendRequest
12-10 17:39:03.577  3849  3885 D OIC_CA_CONN_MGR: CASendMessageMultipleAdapter
12-10 17:39:03.577  3849  3885 D OIC_CA_MSG_HANDLE: CAPrepareSendData IN
12-10 17:39:03.577  3849  3885 D OIC_CA_MSG_HANDLE: device ID of endpoint of this message is 
12-10 17:39:03.577  3849  3885 D OIC_CA_BWT: IN-CACreateNewBlockMulticastData
12-10 17:39:03.577  3849  3885 D OIC_CA_BWT: OUT-CACreateNewBlockMulticastData
12-10 17:39:03.577  3849  3885 D OIC_CA_BWT: multicast message can't be sent to the block
12-10 17:39:03.577  3849  3885 D OIC_CA_MSG_HANDLE: normal msg will be sent
12-10 17:39:03.577  3849  3885 D OIC_UQUEUE: Queue Count : 1
12-10 17:39:03.577  3849  3885 D OIC_CA_MSG_HANDLE: CAPrepareSendData IN
12-10 17:39:03.577  3849  3885 D OIC_CA_MSG_HANDLE: device ID of endpoint of this message is 
12-10 17:39:03.577  3849  3887 D OIC_CA_QING: wake up..
12-10 17:39:03.577  3849  3885 I OIC_CA_PRTCL_MSG: adapter value of BWT is 2
12-10 17:39:03.577  3849  3885 D OIC_UQUEUE: Queue Count : 1
12-10 17:39:03.577  3849  3887 I OIC_TRACER: error writing, len: 47, ret: -1, errno: 9 at oic_trace_begin
12-10 17:39:03.577  3849  3885 D OIC_CA_MSG_HANDLE: CAPrepareSendData IN
12-10 17:39:03.577  3849  3887 D OIC_CA_MSG_HANDLE: Multicast message
12-10 17:39:03.578  3849  3887 D OIC_CA_MSG_HANDLE: requestInfo is available..
12-10 17:39:03.578  3849  3885 D OIC_CA_MSG_HANDLE: device ID of endpoint of this message is 
12-10 17:39:03.578  3849  3887 D OIC_CA_PRTCL_MSG: CAGeneratePDU: IN
12-10 17:39:03.578  3849  3885 I OIC_CA_PRTCL_MSG: adapter value of BWT is 4
12-10 17:39:03.578  3849  3887 D OIC_CA_PRTCL_MSG: generate pdu for [1]adapter, [98]flags
12-10 17:39:03.578  3849  3885 D OIC_UQUEUE: Queue Count : 2
12-10 17:39:03.578  3849  3887 D OIC_CA_PRTCL_MSG: uri : /oic/d
12-10 17:39:03.578  3849  3885 D OIC_CA_MSG_HANDLE: CAPrepareSendData IN
12-10 17:39:03.578  3849  3887 D OIC_CA_PRTCL_MSG: CAParseHeadOption: IN
12-10 17:39:03.578  3849  3885 D OIC_CA_MSG_HANDLE: device ID of endpoint of this message is 
12-10 17:39:03.578  3849  3887 D OIC_CA_PRTCL_MSG: parse Head Opt: 3
12-10 17:39:03.578  3849  3885 D OIC_CA_BWT: multicast message can't be sent to the block
12-10 17:39:03.578  3849  3887 D OIC_CA_PRTCL_MSG: Head opt ID[65524], length[1]
12-10 17:39:03.578  3849  3885 D OIC_CA_MSG_HANDLE: normal msg will be sent
12-10 17:39:03.578  3849  3887 D OIC_CA_PRTCL_MSG: CAParseHeadOption: info->acceptVersion = 2048
12-10 17:39:03.578  3849  3885 D OIC_UQUEUE: Queue Count : 3
12-10 17:39:03.578  3849  3887 D OIC_CA_PRTCL_MSG: CAParseHeadOption: set contentFormatAcceptVersion = 2048
12-10 17:39:03.578  3849  3885 I OIC_TRACER: error writing, len: 1, ret: -1, errno: 9 at oic_trace_end
12-10 17:39:03.578  3849  3887 D OIC_CA_PRTCL_MSG: CAParsePayloadFormatHeadOption: IN
12-10 17:39:03.578  3849  3885 I OIC_TRACER: error writing, len: 1, ret: -1, errno: 9 at oic_trace_end
12-10 17:39:03.578  3849  3887 D OIC_CA_PRTCL_MSG: CAParsePayloadFormatHeadOption: OUT
12-10 17:39:03.578  3849  3887 D OIC_CA_PRTCL_MSG: CAParseHeadOption: OUT
12-10 17:39:03.578  3849  3887 I OIC_CA_PRTCL_MSG: adapter value of CoAP/TCP is 1
12-10 17:39:03.578  3849  3887 D OIC_CA_PRTCL_MSG: transport type: 0, payload size: 0
12-10 17:39:03.578  3849  3887 I OIC_CA_PRTCL_MSG: adapter value of CoAP/TCP is 1
12-10 17:39:03.578  3849  3887 D OIC_CA_PRTCL_MSG: msgID is 0
12-10 17:39:03.578  3849  3887 D OIC_CA_PRTCL_MSG: gen msg id=42429
12-10 17:39:03.579  3849  3887 D OIC_CA_PRTCL_MSG: messageId in pdu is 42429, 42429
12-10 17:39:03.579  3849  3887 D OIC_CA_PRTCL_MSG: token info token length: 8, token :
12-10 17:39:03.579  3849  3887 D OIC_CA_PRTCL_MSG: B4 FC 7B 21 6D 27 8A 09 
12-10 17:39:03.579  3849  3887 I OIC_CA_PRTCL_MSG: adapter value of CoAP/TCP is 1
12-10 17:39:03.579  3849  3887 D OIC_CA_PRTCL_MSG: CAGeneratePDU: OUT
12-10 17:39:03.579  3849  3887 D OIC_CA_BWT: IN-AddBlockOption
12-10 17:39:03.584  3849  3887 D OIC_CA_BWT: BlockID is 
12-10 17:39:03.584  3849  3887 D OIC_CA_BWT: B4 FC 7B 21 6D 27 8A 09 00 00 
12-10 17:39:03.584  3849  3887 D OIC_CA_BWT: IN-GetBlockOptionType
12-10 17:39:03.584  3849  3887 D OIC_CA_BWT: OUT-GetBlockOptionType
12-10 17:39:03.584  3849  3887 D OIC_CA_BWT: no BLOCK option
12-10 17:39:03.585  3849  3887 D OIC_CA_BWT: [oic] opt will be added.
12-10 17:39:03.585  3849  3887 D OIC_CA_BWT: [12] pdu length
12-10 17:39:03.585  3849  3887 D OIC_CA_BWT: [d] opt will be added.
12-10 17:39:03.585  3849  3887 D OIC_CA_BWT: [16] pdu length
12-10 17:39:03.585  3849  3887 D OIC_CA_BWT: ['] opt will be added.
12-10 17:39:03.585  3849  3887 D OIC_CA_BWT: [18] pdu length
12-10 17:39:03.585  3849  3887 D OIC_CA_BWT: [] opt will be added.
12-10 17:39:03.585  3849  3887 D OIC_CA_BWT: [21] pdu length
12-10 17:39:03.585  3849  3887 D OIC_CA_BWT: [¿] opt will be added.
12-10 17:39:03.585  3849  3887 D OIC_CA_BWT: [26] pdu length
12-10 17:39:03.585  3849  3887 D OIC_CA_BWT: [30] pdu length after option
12-10 17:39:03.585  3849  3887 I OIC_CA_BWT: not Blockwise Transfer
12-10 17:39:03.585  3849  3887 D OIC_CA_BWT: OUT-AddBlockOption
12-10 17:39:03.585  3849  3887 D OIC_CA_MSG_HANDLE: CALogPDUInfo
12-10 17:39:03.585  3849  3887 I OIC_TRACER: error writing, len: 42, ret: -1, errno: 9 at oic_trace_begin
12-10 17:39:03.585  3849  3887 D OIC_ANALYZER: =================================================
12-10 17:39:03.585  3849  3887 D OIC_ANALYZER: Is Multicast = true
12-10 17:39:03.585  3849  3887 D OIC_ANALYZER: Transport Type = [OC_ADAPTER_IP]
12-10 17:39:03.586  3849  3887 D OIC_ANALYZER: Address = []:[0]
