12-10 17:39:03.586  3849  3887 D OIC_ANALYZER: Data Type = [CA_REQUEST_DATA]
12-10 17:39:03.586  3849  3887 D OIC_ANALYZER: -------------------------------------------------
12-10 17:39:03.586  3849  3887 D OIC_ANALYZER: Method = [GET]
12-10 17:39:03.586  3849  3887 D OIC_ANALYZER: Msg ID = [48549]
12-10 17:39:03.586  3849  3887 D OIC_ANALYZER: Coap Token
12-10 17:39:03.586  3849  3887 D OIC_ANALYZER: B4 FC 7B 21 6D 27 8A 09 
12-10 17:39:03.586  3849  3887 I OIC_TRACER: error writing, len: 66, ret: -1, errno: 9 at oic_trace_begin
12-10 17:39:03.586  3849  3887 I OIC_TRACER: error writing, len: 1, ret: -1, errno: 9 at oic_trace_end
12-10 17:39:03.586  3849  3887 D OIC_ANALYZER: Res URI = [/oic/d]
12-10 17:39:03.586  3849  3887 I OIC_TRACER: error writing, len: 53, ret: -1, errno: 9 at oic_trace_begin
12-10 17:39:03.586  3849  3887 I OIC_TRACER: error writing, len: 1, ret: -1, errno: 9 at oic_trace_end
12-10 17:39:03.586  3849  3887 D OIC_ANALYZER: Payload Format = [0]
12-10 17:39:03.586  3849  3887 D OIC_ANALYZER: CoAP Message Full Size = [30]
12-10 17:39:03.586  3849  3887 D OIC_ANALYZER: CoAP Header (+ 0xFF)
12-10 17:39:03.588  3849  3887 D OIC_ANALYZER: 58 01 BD A5 B4 FC 7B 21 6D 27 8A 09 B3 6F 69 63 
12-10 17:39:03.588  3849  3887 D OIC_ANALYZER: 01 64 62 27 10 E2 06 E3 08 00 E1 F6 E6 C0 
12-10 17:39:03.588  3849  3887 D OIC_ANALYZER: CoAP Header size = [30]
12-10 17:39:03.588  3849  3887 D OIC_ANALYZER: CoAP Payload
12-10 17:39:03.589  3849  3887 D OIC_ANALYZER: CoAP Payload Size = [0]
12-10 17:39:03.589  3849  3887 D OIC_ANALYZER: =================================================
12-10 17:39:03.589  3849  3887 I OIC_TRACER: error writing, len: 1, ret: -1, errno: 9 at oic_trace_end
12-10 17:39:03.589  3849  3887 D OIC_UQUEUE: Queue Count : 1
12-10 17:39:03.589  3849  3890 D OIC_CA_QING: wake up..
12-10 17:39:03.589  3849  3887 I OIC_TRACER: error writing, len: 1, ret: -1, errno: 9 at oic_trace_end
12-10 17:39:03.589  3849  3887 D OIC_CA_MSG_HANDLE: CADestroyData IN
12-10 17:39:03.589  3849  3890 D OIC_CA_IP_ADAP: Send Multicast Data is called
12-10 17:39:03.589  3849  3887 D OIC_CA_MSG_HANDLE: CADestroyData OUT
12-10 17:39:03.589  3849  3887 I OIC_TRACER: error writing, len: 47, ret: -1, errno: 9 at oic_trace_begin
12-10 17:39:03.589  3849  3887 D OIC_CA_MSG_HANDLE: Multicast message
12-10 17:39:03.589  3849  3887 D OIC_CA_MSG_HANDLE: requestInfo is available..
12-10 17:39:03.589  3849  3887 D OIC_CA_PRTCL_MSG: CAGeneratePDU: IN
12-10 17:39:03.590  3849  3887 D OIC_CA_PRTCL_MSG: generate pdu for [2]adapter, [98]flags
12-10 17:39:03.590  3849  3887 D OIC_CA_PRTCL_MSG: uri : /oic/d
12-10 17:39:03.590  3849  3890 D OIC_CA_IFADDRS: NLMSG_DONE
12-10 17:39:03.591  3849  3887 D OIC_CA_PRTCL_MSG: CAParseHeadOption: IN
12-10 17:39:03.591  3849  3887 D OIC_CA_PRTCL_MSG: parse Head Opt: 3
12-10 17:39:03.591  3849  3890 D OIC_CA_IP_MONITOR: LOOPBACK continue!!!
12-10 17:39:03.594  3849  3887 D OIC_CA_PRTCL_MSG: Head opt ID[65524], length[1]
12-10 17:39:03.594  3849  3887 D OIC_CA_PRTCL_MSG: CAParseHeadOption: info->acceptVersion = 2048
12-10 17:39:03.594  3849  3890 D OIC_CA_IP_MONITOR: LOOPBACK continue!!!
12-10 17:39:03.594  3849  3887 D OIC_CA_PRTCL_MSG: CAParseHeadOption: set contentFormatAcceptVersion = 2048
12-10 17:39:03.594  3849  3887 D OIC_CA_PRTCL_MSG: CAParsePayloadFormatHeadOption: IN
12-10 17:39:03.594  3849  3890 D OIC_CA_IP_SERVER: IN sendData
12-10 17:39:03.594  3849  3887 D OIC_CA_PRTCL_MSG: CAParsePayloadFormatHeadOption: OUT
12-10 17:39:03.594  3849  3887 D OIC_CA_PRTCL_MSG: CAParseHeadOption: OUT
12-10 17:39:03.594  3849  3887 D OIC_CA_PRTCL_MSG: curOptNumber[11], prevOptNumber[11], optValueLen[3], optLength[4], msgLength[4]
12-10 17:39:03.594  3849  3887 D OIC_CA_PRTCL_MSG: curOptNumber[11], prevOptNumber[11], optValueLen[1], optLength[2], msgLength[6]
12-10 17:39:03.594  3849  3890 I OIC_CA_IP_SERVER: multicast ipv6 sendTo is successful: 30 bytes
12-10 17:39:03.594  3849  3887 D OIC_CA_PRTCL_MSG: curOptNumber[17], prevOptNumber[17], optValueLen[2], optLength[3], msgLength[9]
12-10 17:39:03.594  3849  3890 D OIC_CA_ADAP_UTILS: CALogSendStateInfo
12-10 17:39:03.594  3849  3887 D OIC_CA_PRTCL_MSG: curOptNumber[2049], prevOptNumber[2049], optValueLen[2], optLength[5], msgLength[14]
12-10 17:39:03.594  3849  3890 D OIC_ANALYZER: =================================================
12-10 17:39:03.594  3849  3887 D OIC_CA_PRTCL_MSG: curOptNumber[65524], prevOptNumber[65524], optValueLen[1], optLength[4], msgLength[18]
12-10 17:39:03.594  3849  3890 D OIC_ANALYZER: Send Success, sent length = [30]
12-10 17:39:03.594  3849  3887 D OIC_CA_PRTCL_MSG: transport type: 2, payload size: 0
12-10 17:39:03.594  3849  3890 D OIC_ANALYZER: Transport Type = [OC_ADAPTER_IP]
12-10 17:39:03.594  3849  3887 D OIC_CA_PRTCL_MSG: token info token length: 8, token :
12-10 17:39:03.594  3849  3890 D OIC_ANALYZER: Address = [ff02::158]:[5683]
12-10 17:39:03.594  3849  3890 D OIC_ANALYZER: =================================================
12-10 17:39:03.594  3849  3887 D OIC_CA_PRTCL_MSG: B4 FC 7B 21 6D 27 8A 09 
12-10 17:39:03.594  3849  3890 D OIC_CA_IP_SERVER: IN sendData
12-10 17:39:03.594  3849  3887 D OIC_CA_PRTCL_MSG: [oic] opt will be added.
12-10 17:39:03.595  3849  3887 D OIC_CA_PRTCL_MSG: [11] pdu length
12-10 17:39:03.595  3849  3887 D OIC_CA_PRTCL_MSG: [d] opt will be added.
12-10 17:39:03.595  3849  3887 D OIC_CA_PRTCL_MSG: [15] pdu length
12-10 17:39:03.595  3849  3887 D OIC_CA_PRTCL_MSG: ['] opt will be added.
12-10 17:39:03.595  3849  3887 D OIC_CA_PRTCL_MSG: [17] pdu length
12-10 17:39:03.595  3849  3890 I OIC_CA_IP_SERVER: multicast ipv6 sendTo is successful: 30 bytes
12-10 17:39:03.595  3849  3887 D OIC_CA_PRTCL_MSG: [] opt will be added.
12-10 17:39:03.595  3849  3890 D OIC_CA_ADAP_UTILS: CALogSendStateInfo
12-10 17:39:03.595  3849  3887 D OIC_CA_PRTCL_MSG: [20] pdu length
12-10 17:39:03.595  3849  3890 D OIC_ANALYZER: =================================================
12-10 17:39:03.595  3849  3887 D OIC_CA_PRTCL_MSG: [¿] opt will be added.
12-10 17:39:03.595  3849  3890 D OIC_ANALYZER: Send Success, sent length = [30]
12-10 17:39:03.595  3849  3887 D OIC_CA_PRTCL_MSG: [25] pdu length
12-10 17:39:03.595  3849  3890 D OIC_ANALYZER: Transport Type = [OC_ADAPTER_IP]
12-10 17:39:03.595  3849  3887 D OIC_CA_PRTCL_MSG: [29] pdu length after option
12-10 17:39:03.595  3849  3890 D OIC_ANALYZER: Address = [ff02::158]:[5683]
12-10 17:39:03.595  3849  3887 D OIC_CA_PRTCL_MSG: CAGeneratePDU: OUT
12-10 17:39:03.595  3849  3890 D OIC_ANALYZER: =================================================
12-10 17:39:03.595  3849  3887 I OIC_CA_PRTCL_MSG: adapter value of BWT is 2
12-10 17:39:03.595  3849  3890 D OIC_CA_IP_SERVER: IN sendData
12-10 17:39:03.595  3849  3887 D OIC_CA_MSG_HANDLE: CALogPDUInfo
12-10 17:39:03.595  3849  3887 I OIC_TRACER: error writing, len: 42, ret: -1, errno: 9 at oic_trace_begin
12-10 17:39:03.595  3849  3887 D OIC_ANALYZER: =================================================
12-10 17:39:03.595  3849  3887 D OIC_ANALYZER: Is Multicast = true
12-10 17:39:03.595  3849  3890 I OIC_CA_IP_SERVER: multicast ipv6 sendTo is successful: 30 bytes
12-10 17:39:03.595  3849  3887 D OIC_ANALYZER: Transport Type = [OC_ADAPTER_GATT_BTLE]
12-10 17:39:03.595  3849  3890 D OIC_CA_ADAP_UTILS: CALogSendStateInfo
12-10 17:39:03.595  3849  3887 D OIC_ANALYZER: Address = []:[0]
12-10 17:39:03.595  3849  3890 D OIC_ANALYZER: =================================================
12-10 17:39:03.596  3849  3887 D OIC_ANALYZER: Data Type = [CA_REQUEST_DATA]
12-10 17:39:03.596  3849  3890 D OIC_ANALYZER: Send Success, sent length = [30]
12-10 17:39:03.596  3849  3887 D OIC_ANALYZER: -------------------------------------------------
12-10 17:39:03.596  3849  3887 D OIC_ANALYZER: Method = [GET]
12-10 17:39:03.596  3849  3887 D OIC_ANALYZER: Msg ID = [436]
12-10 17:39:03.596  3849  3887 D OIC_ANALYZER: Coap Token
12-10 17:39:03.596  3849  3890 D OIC_ANALYZER: Transport Type = [OC_ADAPTER_IP]
12-10 17:39:03.596  3849  3887 D OIC_ANALYZER: B4 FC 7B 21 6D 27 8A 09 
12-10 17:39:03.596  3849  3890 D OIC_ANALYZER: Address = [ff02::158]:[5683]
12-10 17:39:03.596  3849  3890 D OIC_ANALYZER: =================================================
12-10 17:39:03.596  3849  3887 I OIC_TRACER: error writing, len: 66, ret: -1, errno: 9 at oic_trace_begin
12-10 17:39:03.596  3849  3890 D OIC_CA_IP_SERVER: IN sendData
12-10 17:39:03.596  3849  3887 I OIC_TRACER: error writing, len: 1, ret: -1, errno: 9 at oic_trace_end
12-10 17:39:03.596  3849  3887 D OIC_ANALYZER: Res URI = [/oic/d]
12-10 17:39:03.596  3849  3887 I OIC_TRACER: error writing, len: 53, ret: -1, errno: 9 at oic_trace_begin
12-10 17:39:03.596  3849  3887 I OIC_TRACER: error writing, len: 1, ret: -1, errno: 9 at oic_trace_end
12-10 17:39:03.596  3849  3890 I OIC_CA_IP_SERVER: multicast ipv4 sendTo is successful: 30 bytes
12-10 17:39:03.596  3849  3887 D OIC_ANALYZER: Payload Format = [0]
12-10 17:39:03.596  3849  3890 D OIC_CA_ADAP_UTILS: CALogSendStateInfo
12-10 17:39:03.596  3849  3887 D OIC_ANALYZER: CoAP Message Full Size = [29]
12-10 17:39:03.596  3849  3891 D OIC_CA_IP_ADAP: Address: fe80::f6f5:dbff:fe26:2384%wlan0, port:53254
12-10 17:39:03.596  3849  3890 D OIC_ANALYZER: =================================================
12-10 17:39:03.596  3849  3887 D OIC_ANALYZER: CoAP Header (+ 0xFF)
12-10 17:39:03.596  3849  3891 I OIC_TRACER: error writing, len: 54, ret: -1, errno: 9 at oic_trace_begin
12-10 17:39:03.596  3849  3890 D OIC_ANALYZER: Send Success, sent length = [30]
12-10 17:39:03.596  3849  3887 D OIC_ANALYZER: D8 05 01 B4 FC 7B 21 6D 27 8A 09 B3 6F 69 63 01 
12-10 17:39:03.596  3849  3891 I OIC_CA_PRTCL_MSG: adapter value of CoAP/TCP is 1
12-10 17:39:03.596  3849  3890 D OIC_ANALYZER: Transport Type = [OC_ADAPTER_IP]
12-10 17:39:03.596  3849  3891 D OIC_CA_PRTCL_MSG: pdu parse-transport type : 0
12-10 17:39:03.597  3849  3891 D OIC_CA_PRTCL_MSG: pdu parse ret: 1
12-10 17:39:03.597  3849  3887 D OIC_ANALYZER: 64 62 27 10 E2 06 E3 08 00 E1 F6 E6 C0 
12-10 17:39:03.597  3849  3890 D OIC_ANALYZER: Address = [224.0.1.187]:[5683]
12-10 17:39:03.597  3849  3891 I OIC_CA_PRTCL_MSG: adapter value of CoAP/TCP is 1
12-10 17:39:03.597  3849  3890 D OIC_ANALYZER: =================================================
12-10 17:39:03.597  3849  3887 D OIC_ANALYZER: CoAP Header size = [29]
12-10 17:39:03.597  3849  3891 D OIC_CA_MSG_HANDLE: code = 1
12-10 17:39:03.597  3849  3887 D OIC_ANALYZER: CoAP Payload
12-10 17:39:03.597  3849  3891 D OIC_CA_MSG_HANDLE: CAGenerateHandlerData IN
12-10 17:39:03.597  3849  3890 D OIC_CA_QING: wait..
12-10 17:39:03.597  3849  3887 D OIC_ANALYZER: CoAP Payload Size = [0]
12-10 17:39:03.597  3849  3891 D OIC_CA_MSG_HANDLE: address : fe80::f6f5:dbff:fe26:2384%wlan0
12-10 17:39:03.597  3849  3887 D OIC_ANALYZER: =================================================
12-10 17:39:03.597  3849  3891 I OIC_CA_PRTCL_MSG: IN - CAGetInfoFromPDU
12-10 17:39:03.597  3849  3887 I OIC_TRACER: error writing, len: 1, ret: -1, errno: 9 at oic_trace_end
12-10 17:39:03.597  3849  3891 I OIC_CA_PRTCL_MSG: adapter value of CoAP/TCP is 1
12-10 17:39:03.597  3849  3887 D OIC_CA_LE_ADAP: IN - CASendLEMulticastData
12-10 17:39:03.597  3849  3891 I OIC_CA_PRTCL_MSG: adapter value of CoAP/TCP is 1
12-10 17:39:03.597  3849  3887 D OIC_CA_LE_ADAP: g_adapterType: 3
12-10 17:39:03.597  3849  3891 D OIC_CA_PRTCL_MSG: COAP URI element : oic
12-10 17:39:03.597  3849  3887 D OIC_CA_LE_ADAP: Data Sending to LE layer [29]
12-10 17:39:03.597  3849  3891 D OIC_CA_PRTCL_MSG: COAP URI element : d
12-10 17:39:03.597  3849  3887 E OIC_CA_REMOTE_HANDLER: parameter is null
12-10 17:39:03.597  3849  3891 D OIC_CA_PRTCL_MSG: COAP URI element : '
12-10 17:39:03.597  3849  3887 D OIC_UQUEUE: Queue Count : 1
12-10 17:39:03.597  3849  3891 D OIC_CA_PRTCL_MSG: COAP URI element : 
12-10 17:39:03.597  3849  3887 D OIC_CA_LE_ADAP: OUT - CASendLEMulticastData
12-10 17:39:03.597  3849  3891 D OIC_CA_PRTCL_MSG: COAP URI element : ¿
12-10 17:39:03.597  3849  3887 I OIC_TRACER: error writing, len: 1, ret: -1, errno: 9 at oic_trace_end
12-10 17:39:03.597  3849  3891 D OIC_CA_PRTCL_MSG: inside token length : 8
12-10 17:39:03.597  3849  3891 D OIC_CA_PRTCL_MSG: URL length:6
12-10 17:39:03.598  3849  3887 D OIC_CA_MSG_HANDLE: CADestroyData IN
12-10 17:39:03.598  3849  3891 I OIC_CA_PRTCL_MSG: OUT - CAGetInfoFromPDU
12-10 17:39:03.598  3849  3898 D OIC_CA_QING: wake up..
12-10 17:39:03.598  3849  3887 D OIC_CA_MSG_HANDLE: CADestroyData OUT
12-10 17:39:03.598  3849  3891 D OIC_CA_MSG_HANDLE: Request Info :
12-10 17:39:03.598  3849  3898 D OIC_CA_LE_ADAP: IN - CALEClientSendDataThread
12-10 17:39:03.598  3849  3891 D OIC_CA_MSG_HANDLE: optionID: 17
12-10 17:39:03.598  3849  3887 I OIC_TRACER: error writing, len: 47, ret: -1, errno: 9 at oic_trace_begin
12-10 17:39:03.598  3849  3898 E OIC_CA_LE_ADAP: Invalid endpoint of bledata!
12-10 17:39:03.598  3849  3891 D OIC_CA_MSG_HANDLE: list: '
12-10 17:39:03.598  3849  3887 D OIC_CA_MSG_HANDLE: Multicast message
12-10 17:39:03.598  3849  3898 D OIC_CA_QING: wait..
12-10 17:39:03.598  3849  3891 D OIC_CA_MSG_HANDLE: optionID: 2049
12-10 17:39:03.598  3849  3887 D OIC_CA_MSG_HANDLE: requestInfo is available..
12-10 17:39:03.598  3849  3891 D OIC_CA_MSG_HANDLE: list: 
12-10 17:39:03.598  3849  3891 D OIC_CA_MSG_HANDLE: optionID: 65524
12-10 17:39:03.598  3849  3887 D OIC_CA_PRTCL_MSG: CAGeneratePDU: IN
12-10 17:39:03.598  3849  3891 D OIC_CA_MSG_HANDLE: list: ¿
12-10 17:39:03.598  3849  3887 D OIC_CA_PRTCL_MSG: generate pdu for [4]adapter, [98]flags
12-10 17:39:03.598  3849  3891 D OIC_CA_MSG_HANDLE: token:
12-10 17:39:03.598  3849  3891 D OIC_CA_MSG_HANDLE: B4 FC 7B 21 6D 27 8A 09 
12-10 17:39:03.598  3849  3891 D OIC_CA_MSG_HANDLE: msgID: 42429
12-10 17:39:03.598  3849  3891 D OIC_CA_MSG_HANDLE: CAGenerateHandlerData OUT
12-10 17:39:03.598  3849  3891 D OIC_CA_MSG_HANDLE: CALogPDUInfo
12-10 17:39:03.598  3849  3891 I OIC_TRACER: error writing, len: 42, ret: -1, errno: 9 at oic_trace_begin
12-10 17:39:03.598  3849  3887 D OIC_CA_PRTCL_MSG: uri : /oic/d
12-10 17:39:03.598  3849  3891 D OIC_ANALYZER: =================================================
12-10 17:39:03.598  3849  3887 D OIC_CA_PRTCL_MSG: CAParseHeadOption: IN
12-10 17:39:03.598  3849  3891 D OIC_ANALYZER: Is Multicast = false
12-10 17:39:03.598  3849  3887 D OIC_CA_PRTCL_MSG: parse Head Opt: 3
12-10 17:39:03.598  3849  3891 D OIC_ANALYZER: Transport Type = [OC_ADAPTER_IP]
12-10 17:39:03.598  3849  3887 D OIC_CA_PRTCL_MSG: Head opt ID[65524], length[1]
12-10 17:39:03.598  3849  3891 D OIC_ANALYZER: Address = [fe80::f6f5:dbff:fe26:2384%wlan0]:[53254]
12-10 17:39:03.599  3849  3887 D OIC_CA_PRTCL_MSG: CAParseHeadOption: info->acceptVersion = 2048
12-10 17:39:03.599  3849  3891 D OIC_ANALYZER: Data Type = [CA_REQUEST_DATA]
12-10 17:39:03.599  3849  3891 D OIC_ANALYZER: -------------------------------------------------
12-10 17:39:03.599  3849  3891 D OIC_ANALYZER: Method = [GET]
12-10 17:39:03.599  3849  3891 D OIC_ANALYZER: Msg ID = [48549]
12-10 17:39:03.599  3849  3887 D OIC_CA_PRTCL_MSG: CAParseHeadOption: set contentFormatAcceptVersion = 2048
12-10 17:39:03.599  3849  3891 D OIC_ANALYZER: Coap Token
12-10 17:39:03.599  3849  3887 D OIC_CA_PRTCL_MSG: CAParsePayloadFormatHeadOption: IN
12-10 17:39:03.599  3849  3891 D OIC_ANALYZER: B4 FC 7B 21 6D 27 8A 09 
12-10 17:39:03.599  3849  3887 D OIC_CA_PRTCL_MSG: CAParsePayloadFormatHeadOption: OUT
12-10 17:39:03.599  3849  3891 I OIC_TRACER: error writing, len: 66, ret: -1, errno: 9 at oic_trace_begin
12-10 17:39:03.599  3849  3887 D OIC_CA_PRTCL_MSG: CAParseHeadOption: OUT
12-10 17:39:03.599  3849  3891 I OIC_TRACER: error writing, len: 1, ret: -1, errno: 9 at oic_trace_end
12-10 17:39:03.599  3849  3887 D OIC_CA_PRTCL_MSG: curOptNumber[11], prevOptNumber[11], optValueLen[3], optLength[4], msgLength[4]
12-10 17:39:03.599  3849  3891 D OIC_ANALYZER: Res URI = [/oic/d]
12-10 17:39:03.599  3849  3891 I OIC_TRACER: error writing, len: 53, ret: -1, errno: 9 at oic_trace_begin
12-10 17:39:03.599  3849  3887 D OIC_CA_PRTCL_MSG: curOptNumber[11], prevOptNumber[11], optValueLen[1], optLength[2], msgLength[6]
12-10 17:39:03.599  3849  3891 I OIC_TRACER: error writing, len: 1, ret: -1, errno: 9 at oic_trace_end
12-10 17:39:03.599  3849  3887 D OIC_CA_PRTCL_MSG: curOptNumber[17], prevOptNumber[17], optValueLen[2], optLength[3], msgLength[9]
12-10 17:39:03.599  3849  3891 D OIC_ANALYZER: Payload Format = [0]
12-10 17:39:03.599  3849  3891 D OIC_ANALYZER: CoAP Message Full Size = [30]
12-10 17:39:03.599  3849  3891 D OIC_ANALYZER: CoAP Header (+ 0xFF)
12-10 17:39:03.599  3849  3891 D OIC_ANALYZER: 58 01 BD A5 B4 FC 7B 21 6D 27 8A 09 B3 6F 69 63 
12-10 17:39:03.599  3849  3891 D OIC_ANALYZER: 01 64 62 27 10 E2 06 E3 08 00 E1 F6 E6 C0 
12-10 17:39:03.600  3849  3887 D OIC_CA_PRTCL_MSG: curOptNumber[2049], prevOptNumber[2049], optValueLen[2], optLength[5], msgLength[14]
12-10 17:39:03.600  3849  3891 D OIC_ANALYZER: CoAP Header size = [30]
12-10 17:39:03.600  3849  3887 D OIC_CA_PRTCL_MSG: curOptNumber[65524], prevOptNumber[65524], optValueLen[1], optLength[4], msgLength[18]
12-10 17:39:03.600  3849  3891 D OIC_ANALYZER: CoAP Payload
12-10 17:39:03.600  3849  3887 D OIC_CA_PRTCL_MSG: transport type: 2, payload size: 0
12-10 17:39:03.600  3849  3891 D OIC_ANALYZER: CoAP Payload Size = [0]
12-10 17:39:03.600  3849  3887 D OIC_CA_PRTCL_MSG: token info token length: 8, token :
12-10 17:39:03.600  3849  3891 D OIC_ANALYZER: =================================================
12-10 17:39:03.600  3849  3887 D OIC_CA_PRTCL_MSG: B4 FC 7B 21 6D 27 8A 09 
12-10 17:39:03.600  3849  3891 I OIC_TRACER: error writing, len: 1, ret: -1, errno: 9 at oic_trace_end
12-10 17:39:03.600  3849  3887 D OIC_CA_PRTCL_MSG: [oic] opt will be added.
12-10 17:39:03.600  3849  3891 D OIC_CA_BWT: CAReceiveBlockWiseData
12-10 17:39:03.600  3849  3887 D OIC_CA_PRTCL_MSG: [11] pdu length
12-10 17:39:03.600  3849  3891 D OIC_CA_BWT: it's normal pdu
12-10 17:39:03.600  3849  3887 D OIC_CA_PRTCL_MSG: [d] opt will be added.
12-10 17:39:03.600  3849  3891 D OIC_CA_MSG_HANDLE: this message does not have block option
12-10 17:39:03.600  3849  3887 D OIC_CA_PRTCL_MSG: [15] pdu length
12-10 17:39:03.600  3849  3891 D OIC_UQUEUE: Queue Count : 1
12-10 17:39:03.600  3849  3887 D OIC_CA_PRTCL_MSG: ['] opt will be added.
12-10 17:39:03.600  3849  3891 D OIC_CA_MSG_HANDLE: received pdu data :
12-10 17:39:03.600  3849  3887 D OIC_CA_PRTCL_MSG: [17] pdu length
12-10 17:39:03.600  3849  3891 D OIC_CA_MSG_HANDLE: 58 01 BD A5 B4 FC 7B 21 6D 27 8A 09 B3 6F 69 63 
12-10 17:39:03.600  3849  3887 D OIC_CA_PRTCL_MSG: [] opt will be added.
12-10 17:39:03.600  3849  3887 D OIC_CA_PRTCL_MSG: [20] pdu length
12-10 17:39:03.600  3849  3887 D OIC_CA_PRTCL_MSG: [¿] opt will be added.
12-10 17:39:03.600  3849  3887 D OIC_CA_PRTCL_MSG: [25] pdu length
12-10 17:39:03.601  3849  3887 D OIC_CA_PRTCL_MSG: [29] pdu length after option
12-10 17:39:03.601  3849  3887 D OIC_CA_PRTCL_MSG: CAGeneratePDU: OUT
12-10 17:39:03.601  3849  3887 I OIC_CA_PRTCL_MSG: adapter value of BWT is 4
12-10 17:39:03.601  3849  3887 D OIC_CA_MSG_HANDLE: CALogPDUInfo
12-10 17:39:03.601  3849  3887 I OIC_TRACER: error writing, len: 42, ret: -1, errno: 9 at oic_trace_begin
12-10 17:39:03.601  3849  3887 D OIC_ANALYZER: =================================================
12-10 17:39:03.601  3849  3887 D OIC_ANALYZER: Is Multicast = true
12-10 17:39:03.601  3849  3887 D OIC_ANALYZER: Transport Type = [OC_ADAPTER_RFCOMM_BTEDR]
12-10 17:39:03.601  3849  3887 D OIC_ANALYZER: Address = []:[0]
12-10 17:39:03.601  3849  3887 D OIC_ANALYZER: Data Type = [CA_REQUEST_DATA]
12-10 17:39:03.601  3849  3891 D OIC_CA_MSG_HANDLE: 01 64 62 27 10 E2 06 E3 08 00 E1 F6 E6 C0 
12-10 17:39:03.601  3849  3887 D OIC_ANALYZER: -------------------------------------------------
12-10 17:39:03.601  3849  3887 D OIC_ANALYZER: Method = [GET]
12-10 17:39:03.601  3849  3891 I OIC_TRACER: error writing, len: 1, ret: -1, errno: 9 at oic_trace_end
12-10 17:39:03.601  3849  3887 D OIC_ANALYZER: Msg ID = [436]
12-10 17:39:03.601  3849  3887 D OIC_ANALYZER: Coap Token
12-10 17:39:03.601  3849  3887 D OIC_ANALYZER: B4 FC 7B 21 6D 27 8A 09 
12-10 17:39:03.601  3849  3891 D OIC_CA_IP_ADAP: Address: fe80::6270:1d68:d152:a69a%rmnet_data7, port:53254
12-10 17:39:03.602  3849  3887 I OIC_TRACER: error writing, len: 66, ret: -1, errno: 9 at oic_trace_begin
12-10 17:39:03.602  3849  3891 I OIC_TRACER: error writing, len: 54, ret: -1, errno: 9 at oic_trace_begin
12-10 17:39:03.602  3849  3887 I OIC_TRACER: error writing, len: 1, ret: -1, errno: 9 at oic_trace_end
12-10 17:39:03.602  3849  3891 I OIC_CA_PRTCL_MSG: adapter value of CoAP/TCP is 1
12-10 17:39:03.602  3849  3887 D OIC_ANALYZER: Res URI = [/oic/d]
12-10 17:39:03.602  3849  3891 D OIC_CA_PRTCL_MSG: pdu parse-transport type : 0
12-10 17:39:03.602  3849  3887 I OIC_TRACER: error writing, len: 53, ret: -1, errno: 9 at oic_trace_begin
12-10 17:39:03.602  3849  3891 D OIC_CA_PRTCL_MSG: pdu parse ret: 1
12-10 17:39:03.602  3849  3887 I OIC_TRACER: error writing, len: 1, ret: -1, errno: 9 at oic_trace_end
12-10 17:39:03.602  3849  3887 D OIC_ANALYZER: Payload Format = [0]
12-10 17:39:03.602  3849  3891 I OIC_CA_PRTCL_MSG: adapter value of CoAP/TCP is 1
12-10 17:39:03.602  3849  3887 D OIC_ANALYZER: CoAP Message Full Size = [29]
12-10 17:39:03.602  3849  3891 D OIC_CA_MSG_HANDLE: code = 1
12-10 17:39:03.602  3849  3887 D OIC_ANALYZER: CoAP Header (+ 0xFF)
12-10 17:39:03.602  3849  3891 D OIC_CA_MSG_HANDLE: CAGenerateHandlerData IN
12-10 17:39:03.602  3849  3887 D OIC_ANALYZER: D8 05 01 B4 FC 7B 21 6D 27 8A 09 B3 6F 69 63 01 
12-10 17:39:03.602  3849  3887 D OIC_ANALYZER: 64 62 27 10 E2 06 E3 08 00 E1 F6 E6 C0 
12-10 17:39:03.602  3849  3887 D OIC_ANALYZER: CoAP Header size = [29]
12-10 17:39:03.602  3849  3887 D OIC_ANALYZER: CoAP Payload
12-10 17:39:03.602  3849  3887 D OIC_ANALYZER: CoAP Payload Size = [0]
12-10 17:39:03.602  3849  3887 D OIC_ANALYZER: =================================================
12-10 17:39:03.603  3849  3887 I OIC_TRACER: error writing, len: 1, ret: -1, errno: 9 at oic_trace_end
12-10 17:39:03.602  3849  3891 D OIC_CA_MSG_HANDLE: address : fe80::6270:1d68:d152:a69a%rmnet_data7
12-10 17:39:03.603  3849  3887 D OIC_CA_EDR_ADAP: IN - CASendEDRMulticastData
12-10 17:39:03.603  3849  3887 D OIC_CA_EDR_ADAP: IN - CAAdapterSendData
12-10 17:39:03.603  3849  3887 D OIC_UQUEUE: Queue Count : 1
12-10 17:39:03.603  3849  3887 D OIC_CA_EDR_ADAP: OUT - CAAdapterSendData
12-10 17:39:03.603  3849  3887 D OIC_CA_EDR_ADAP: OUT - CASendEDRMulticastData
12-10 17:39:03.603  3849  3891 I OIC_CA_PRTCL_MSG: IN - CAGetInfoFromPDU
12-10 17:39:03.603  3849  3892 D OIC_CA_QING: wake up..
12-10 17:39:03.603  3849  3892 D OIC_CA_EDR_ADAP: IN - CAAdapterDataSendHandler
12-10 17:39:03.603  3849  3891 I OIC_CA_PRTCL_MSG: adapter value of CoAP/TCP is 1
12-10 17:39:03.603  3849  3892 D OIC_CA_EDR_ADAP: sending multicast data : ÿ¥¸{!m'ä	≥oicdb'‚„
12-10 17:39:03.603  3849  3891 I OIC_CA_PRTCL_MSG: adapter value of CoAP/TCP is 1
12-10 17:39:03.603  3849  3892 D OIC_CA_EDR_CLIENT: CAEDRSendMulticastMessage - Could not get JNIEnv pointer
12-10 17:39:03.604  3849  3891 D OIC_CA_PRTCL_MSG: COAP URI element : oic
12-10 17:39:03.604  3849  3887 I OIC_TRACER: error writing, len: 1, ret: -1, errno: 9 at oic_trace_end
12-10 17:39:03.604  3849  3891 D OIC_CA_PRTCL_MSG: COAP URI element : d
12-10 17:39:03.604  3849  3887 D OIC_CA_MSG_HANDLE: CADestroyData IN
12-10 17:39:03.604  3849  3891 D OIC_CA_PRTCL_MSG: COAP URI element : '
12-10 17:39:03.604  3849  3887 D OIC_CA_MSG_HANDLE: CADestroyData OUT
12-10 17:39:03.604  3849  3891 D OIC_CA_PRTCL_MSG: COAP URI element : 
12-10 17:39:03.604  3849  3891 D OIC_CA_PRTCL_MSG: COAP URI element : ¿
12-10 17:39:03.604  3849  3887 I OIC_TRACER: error writing, len: 47, ret: -1, errno: 9 at oic_trace_begin
12-10 17:39:03.604  3849  3887 D OIC_CA_MSG_HANDLE: Multicast message
12-10 17:39:03.604  3849  3891 D OIC_CA_PRTCL_MSG: inside token length : 8
12-10 17:39:03.604  3849  3891 D OIC_CA_PRTCL_MSG: URL length:6
12-10 17:39:03.604  3849  3887 D OIC_CA_MSG_HANDLE: requestInfo is available..
12-10 17:39:03.604  3849  3887 D OIC_CA_PRTCL_MSG: CAGeneratePDU: IN
12-10 17:39:03.604  3849  3887 D OIC_CA_PRTCL_MSG: generate pdu for [32]adapter, [98]flags
12-10 17:39:03.604  3849  3887 D OIC_CA_PRTCL_MSG: uri : /oic/d
12-10 17:39:03.604  3849  3887 D OIC_CA_PRTCL_MSG: CAParseHeadOption: IN
12-10 17:39:03.604  3849  3887 D OIC_CA_PRTCL_MSG: parse Head Opt: 3
12-10 17:39:03.604  3849  3887 D OIC_CA_PRTCL_MSG: Head opt ID[65524], length[1]
12-10 17:39:03.605  3849  3891 I OIC_CA_PRTCL_MSG: OUT - CAGetInfoFromPDU
12-10 17:39:03.605  3849  3887 D OIC_CA_PRTCL_MSG: CAParseHeadOption: info->acceptVersion = 2048
12-10 17:39:03.605  3849  3887 D OIC_CA_PRTCL_MSG: CAParseHeadOption: set contentFormatAcceptVersion = 2048
12-10 17:39:03.605  3849  3887 D OIC_CA_PRTCL_MSG: CAParsePayloadFormatHeadOption: IN
12-10 17:39:03.605  3849  3887 D OIC_CA_PRTCL_MSG: CAParsePayloadFormatHeadOption: OUT
12-10 17:39:03.605  3849  3887 D OIC_CA_PRTCL_MSG: CAParseHeadOption: OUT
12-10 17:39:03.605  3849  3887 I OIC_CA_PRTCL_MSG: adapter value of CoAP/TCP is 32
12-10 17:39:03.605  3849  3887 D OIC_CA_PRTCL_MSG: transport type: 0, payload size: 0
12-10 17:39:03.606  3849  3887 I OIC_CA_PRTCL_MSG: adapter value of CoAP/TCP is 32
12-10 17:39:03.606  3849  3891 D OIC_CA_MSG_HANDLE: Request Info :
12-10 17:39:03.606  3849  3887 D OIC_CA_PRTCL_MSG: msgID is 0
12-10 17:39:03.606  3849  3891 D OIC_CA_MSG_HANDLE: optionID: 17
12-10 17:39:03.606  3849  3887 D OIC_CA_PRTCL_MSG: gen msg id=58730
12-10 17:39:03.606  3849  3887 D OIC_CA_PRTCL_MSG: messageId in pdu is 58730, 58730
12-10 17:39:03.607  3849  3887 D OIC_CA_PRTCL_MSG: token info token length: 8, token :
12-10 17:39:03.607  3849  3887 D OIC_CA_PRTCL_MSG: B4 FC 7B 21 6D 27 8A 09 
12-10 17:39:03.607  3849  3891 D OIC_CA_MSG_HANDLE: list: '
12-10 17:39:03.607  3849  3887 I OIC_CA_PRTCL_MSG: adapter value of CoAP/TCP is 32
12-10 17:39:03.607  3849  3887 D OIC_CA_PRTCL_MSG: CAGeneratePDU: OUT
12-10 17:39:03.607  3849  3887 D OIC_CA_BWT: IN-AddBlockOption
12-10 17:39:03.607  3849  3887 D OIC_CA_BWT: BlockID is 
12-10 17:39:03.607  3849  3887 D OIC_CA_BWT: B4 FC 7B 21 6D 27 8A 09 00 00 
12-10 17:39:03.607  3849  3887 D OIC_CA_BWT: IN-GetBlockOptionType
12-10 17:39:03.607  3849  3887 D OIC_CA_BWT: OUT-GetBlockOptionType
12-10 17:39:03.607  3849  3887 D OIC_CA_BWT: no BLOCK option
12-10 17:39:03.607  3849  3887 D OIC_CA_BWT: [oic] opt will be added.
12-10 17:39:03.607  3849  3887 D OIC_CA_BWT: [12] pdu length
12-10 17:39:03.607  3849  3887 D OIC_CA_BWT: [d] opt will be added.
12-10 17:39:03.608  3849  3887 D OIC_CA_BWT: [16] pdu length
12-10 17:39:03.608  3849  3887 D OIC_CA_BWT: ['] opt will be added.
12-10 17:39:03.608  3849  3887 D OIC_CA_BWT: [18] pdu length
12-10 17:39:03.608  3849  3887 D OIC_CA_BWT: [] opt will be added.
12-10 17:39:03.608  3849  3887 D OIC_CA_BWT: [21] pdu length
12-10 17:39:03.608  3849  3887 D OIC_CA_BWT: [¿] opt will be added.
12-10 17:39:03.608  3849  3887 D OIC_CA_BWT: [26] pdu length
12-10 17:39:03.608  3849  3887 D OIC_CA_BWT: [30] pdu length after option
12-10 17:39:03.608  3849  3887 I OIC_CA_BWT: not Blockwise Transfer
12-10 17:39:03.608  3849  3887 D OIC_CA_BWT: OUT-AddBlockOption
12-10 17:39:03.608  3849  3891 D OIC_CA_MSG_HANDLE: optionID: 2049
12-10 17:39:03.608  3849  3887 D OIC_CA_MSG_HANDLE: CALogPDUInfo
12-10 17:39:03.609  3849  3887 I OIC_TRACER: error writing, len: 42, ret: -1, errno: 9 at oic_trace_begin
12-10 17:39:03.609  3849  3887 D OIC_ANALYZER: =================================================
12-10 17:39:03.609  3849  3887 D OIC_ANALYZER: Is Multicast = true
12-10 17:39:03.609  3849  3887 D OIC_ANALYZER: Transport Type = [32]
12-10 17:39:03.609  3849  3886 D OIC_CA_MSG_HANDLE: request callback : 3
12-10 17:39:03.609  3849  3887 D OIC_ANALYZER: Address = []:[0]
12-10 17:39:03.609  3849  3886 I OIC_RI_STACK: Enter HandleCARequests
12-10 17:39:03.609  3849  3887 D OIC_ANALYZER: Data Type = [CA_REQUEST_DATA]
12-10 17:39:03.609  3849  3892 D OIC_CA_EDR_CLIENT: device name is lmh-server, address is 50:8F:4C:2A:C2:5F
12-10 17:39:03.609  3849  3887 D OIC_ANALYZER: -------------------------------------------------
12-10 17:39:03.609  3849  3886 I OIC_TRACER: error writing, len: 41, ret: -1, errno: 9 at oic_trace_begin
12-10 17:39:03.609  3849  3887 D OIC_ANALYZER: Method = [GET]
12-10 17:39:03.609  3849  3886 D OIC_RM_UTIL: Request- optionID: 17
12-10 17:39:03.609  3849  3887 D OIC_ANALYZER: Msg ID = [27365]
12-10 17:39:03.609  3849  3886 D OIC_RM_UTIL: Request- optionID: 2049
12-10 17:39:03.609  3849  3887 D OIC_ANALYZER: Coap Token
12-10 17:39:03.609  3849  3886 D OIC_RM_UTIL: Request- optionID: 65524
12-10 17:39:03.609  3849  3887 D OIC_ANALYZER: B4 FC 7B 21 6D 27 8A 09 
12-10 17:39:03.609  3849  3886 I OIC_RM_UTIL: Found Option at 2
12-10 17:39:03.609  3849  3887 I OIC_TRACER: error writing, len: 66, ret: -1, errno: 9 at oic_trace_begin
12-10 17:39:03.609  3849  3886 I OIC_TRACER: error writing, len: 48, ret: -1, errno: 9 at oic_trace_begin
12-10 17:39:03.609  3849  3887 I OIC_TRACER: error writing, len: 1, ret: -1, errno: 9 at oic_trace_end
12-10 17:39:03.609  3849  3886 I OIC_TRACER: error writing, len: 1, ret: -1, errno: 9 at oic_trace_end
12-10 17:39:03.609  3849  3887 D OIC_ANALYZER: Res URI = [/oic/d]
12-10 17:39:03.609  3849  3886 D OIC_RI_STACK: Enter OCHandleRequests
12-10 17:39:03.609  3849  3886 I OIC_RI_STACK: Endpoint URI : /oic/d
12-10 17:39:03.609  3849  3887 I OIC_TRACER: error writing, len: 53, ret: -1, errno: 9 at oic_trace_begin
12-10 17:39:03.609  3849  3886 I OIC_RI_STACK: Exit HandleCARequests
12-10 17:39:03.609  3849  3887 I OIC_TRACER: error writing, len: 1, ret: -1, errno: 9 at oic_trace_end
12-10 17:39:03.609  3849  3886 I OIC_TRACER: error writing, len: 1, ret: -1, errno: 9 at oic_trace_end
12-10 17:39:03.610  3849  3887 D OIC_ANALYZER: Payload Format = [0]
12-10 17:39:03.610  3849  3886 D OIC_CA_MSG_HANDLE: CADestroyData IN
12-10 17:39:03.610  3849  3887 D OIC_ANALYZER: CoAP Message Full Size = [30]
12-10 17:39:03.610  3849  3886 D OIC_CA_MSG_HANDLE: CADestroyData OUT
12-10 17:39:03.610  3849  3887 D OIC_ANALYZER: CoAP Header (+ 0xFF)
12-10 17:39:03.610  3849  3887 D OIC_ANALYZER: 58 01 6A E5 B4 FC 7B 21 6D 27 8A 09 B3 6F 69 63 
12-10 17:39:03.610  3849  3887 D OIC_ANALYZER: 01 64 62 27 10 E2 06 E3 08 00 E1 F6 E6 C0 
12-10 17:39:03.610  3849  3887 D OIC_ANALYZER: CoAP Header size = [30]
12-10 17:39:03.610  3849  3887 D OIC_ANALYZER: CoAP Payload
12-10 17:39:03.610  3849  3887 D OIC_ANALYZER: CoAP Payload Size = [0]
12-10 17:39:03.610  3849  3887 D OIC_ANALYZER: =================================================
12-10 17:39:03.610  3849  3891 D OIC_CA_MSG_HANDLE: list: 
12-10 17:39:03.610  3849  3887 I OIC_TRACER: error writing, len: 1, ret: -1, errno: 9 at oic_trace_end
12-10 17:39:03.610  3849  3887 E OIC_CA_INF_CTR: unknown connectivity type!
12-10 17:39:03.610  3849  3892 D OIC_CA_EDR_UTILS: CAEDRIsConnectedDevice
12-10 17:39:03.610  3849  3887 I OIC_TRACER: error writing, len: 1, ret: -1, errno: 9 at oic_trace_end
12-10 17:39:03.610  3849  3892 D OIC_CA_EDR_UTILS: CAEDRIsConnectedDevice
12-10 17:39:03.610  3849  3887 D OIC_CA_MSG_HANDLE: CADestroyData IN
12-10 17:39:03.610  3849  3887 D OIC_CA_MSG_HANDLE: CADestroyData OUT
12-10 17:39:03.610  3849  3892 D OIC_CA_EDR_CLIENT: Get MethodID for i/o stream
12-10 17:39:03.610  3849  3887 D OIC_CA_QING: wait..
12-10 17:39:03.610  3849  3892 D OIC_CA_EDR_UTILS: CAEDRNativeGetDeviceSocketBaseAddr
12-10 17:39:03.611  3849  3892 E OIC_CA_EDR_UTILS: remove object : 50:8F:4C:2A:C2:5F
12-10 17:39:03.611  3849  3892 D OIC_CA_EDR_CLIENT: ready outputStream..
12-10 17:39:03.611  3849  3892 I OIC_CA_EDR_CLIENT: EDR sendTo is successful: 29 bytes, to 50:8F:4C:2A:C2:5F
12-10 17:39:03.611  3849  3892 D OIC_CA_ADAP_UTILS: CALogSendStateInfo
12-10 17:39:03.611  3849  3892 D OIC_ANALYZER: =================================================
12-10 17:39:03.611  3849  3892 D OIC_ANALYZER: Send Success, sent length = [29]
12-10 17:39:03.611  3849  3892 D OIC_ANALYZER: Transport Type = [OC_ADAPTER_RFCOMM_BTEDR]
12-10 17:39:03.611  3849  3892 D OIC_ANALYZER: Address = [50:8F:4C:2A:C2:5F]:[0]
12-10 17:39:03.611  3849  3892 D OIC_ANALYZER: =================================================
12-10 17:39:03.611  3849  3892 D OIC_CA_EDR_CLIENT: DetachCurrentThread
12-10 17:39:03.611  3849  3892 D OIC_CA_EDR_CLIENT: OUT - CAEDRSendMulticastMessage
12-10 17:39:03.611  3849  3892 D OIC_CA_EDR_ADAP: OUT
12-10 17:39:03.612  3849  3892 D OIC_CA_QING: wait..
12-10 17:39:03.612  3849  3891 D OIC_CA_MSG_HANDLE: optionID: 65524
12-10 17:39:03.612  3849  3891 D OIC_CA_MSG_HANDLE: list: ¿
12-10 17:39:03.612  3849  3891 D OIC_CA_MSG_HANDLE: token:
12-10 17:39:03.612  3849  3891 D OIC_CA_MSG_HANDLE: B4 FC 7B 21 6D 27 8A 09 
12-10 17:39:03.614  3849  3891 D OIC_CA_MSG_HANDLE: msgID: 42429
12-10 17:39:03.614  3849  3891 D OIC_CA_MSG_HANDLE: CAGenerateHandlerData OUT
12-10 17:39:03.614  3849  3891 D OIC_CA_MSG_HANDLE: CALogPDUInfo
12-10 17:39:03.614  3849  3891 I OIC_TRACER: error writing, len: 42, ret: -1, errno: 9 at oic_trace_begin
12-10 17:39:03.614  3849  3891 D OIC_ANALYZER: =================================================
12-10 17:39:03.614  3849  3891 D OIC_ANALYZER: Is Multicast = false
12-10 17:39:03.614  3849  3891 D OIC_ANALYZER: Transport Type = [OC_ADAPTER_IP]
12-10 17:39:03.614  3849  3891 D OIC_ANALYZER: Address = [fe80::6270:1d68:d152:a69a%rmnet_data7]:[53254]
12-10 17:39:03.614  3849  3891 D OIC_ANALYZER: Data Type = [CA_REQUEST_DATA]
12-10 17:39:03.614  3849  3891 D OIC_ANALYZER: -------------------------------------------------
12-10 17:39:03.614  3849  3891 D OIC_ANALYZER: Method = [GET]
12-10 17:39:03.614  3849  3891 D OIC_ANALYZER: Msg ID = [48549]
12-10 17:39:03.614  3849  3891 D OIC_ANALYZER: Coap Token
12-10 17:39:03.614  3849  3891 D OIC_ANALYZER: B4 FC 7B 21 6D 27 8A 09 
12-10 17:39:03.615  3849  3891 I OIC_TRACER: error writing, len: 66, ret: -1, errno: 9 at oic_trace_begin
12-10 17:39:03.615  3849  3891 I OIC_TRACER: error writing, len: 1, ret: -1, errno: 9 at oic_trace_end
12-10 17:39:03.615  3849  3891 D OIC_ANALYZER: Res URI = [/oic/d]
12-10 17:39:03.615  3849  3891 I OIC_TRACER: error writing, len: 53, ret: -1, errno: 9 at oic_trace_begin
12-10 17:39:03.615  3849  3891 I OIC_TRACER: error writing, len: 1, ret: -1, errno: 9 at oic_trace_end
12-10 17:39:03.615  3849  3891 D OIC_ANALYZER: Payload Format = [0]
12-10 17:39:03.615  3849  3891 D OIC_ANALYZER: CoAP Message Full Size = [30]
12-10 17:39:03.615  3849  3891 D OIC_ANALYZER: CoAP Header (+ 0xFF)
12-10 17:39:03.615  3849  3891 D OIC_ANALYZER: 58 01 BD A5 B4 FC 7B 21 6D 27 8A 09 B3 6F 69 63 
12-10 17:39:03.615  3849  3891 D OIC_ANALYZER: 01 64 62 27 10 E2 06 E3 08 00 E1 F6 E6 C0 
12-10 17:39:03.615  3849  3891 D OIC_ANALYZER: CoAP Header size = [30]
12-10 17:39:03.615  3849  3891 D OIC_ANALYZER: CoAP Payload
12-10 17:39:03.615  3849  3891 D OIC_ANALYZER: CoAP Payload Size = [0]
12-10 17:39:03.615  3849  3891 D OIC_ANALYZER: =================================================
12-10 17:39:03.615  3849  3891 I OIC_TRACER: error writing, len: 1, ret: -1, errno: 9 at oic_trace_end
12-10 17:39:03.615  3849  3891 D OIC_CA_BWT: CAReceiveBlockWiseData
12-10 17:39:03.615  3849  3891 D OIC_CA_BWT: it's normal pdu
12-10 17:39:03.615  3849  3891 D OIC_CA_MSG_HANDLE: this message does not have block option
12-10 17:39:03.615  3849  3891 D OIC_UQUEUE: Queue Count : 1
12-10 17:39:03.615  3849  3891 D OIC_CA_MSG_HANDLE: received pdu data :
12-10 17:39:03.615  3849  3891 D OIC_CA_MSG_HANDLE: 58 01 BD A5 B4 FC 7B 21 6D 27 8A 09 B3 6F 69 63 
12-10 17:39:03.615  3849  3891 D OIC_CA_MSG_HANDLE: 01 64 62 27 10 E2 06 E3 08 00 E1 F6 E6 C0 
12-10 17:39:03.615  3849  3891 I OIC_TRACER: error writing, len: 1, ret: -1, errno: 9 at oic_trace_end
12-10 17:39:03.616  3849  3891 D OIC_CA_IP_ADAP: Address: 192.168.1.69, port:42708
12-10 17:39:03.616  3849  3891 I OIC_TRACER: error writing, len: 54, ret: -1, errno: 9 at oic_trace_begin
12-10 17:39:03.616  3849  3891 I OIC_CA_PRTCL_MSG: adapter value of CoAP/TCP is 1
12-10 17:39:03.616  3849  3891 D OIC_CA_PRTCL_MSG: pdu parse-transport type : 0
12-10 17:39:03.616  3849  3891 D OIC_CA_PRTCL_MSG: pdu parse ret: 1
12-10 17:39:03.616  3849  3891 I OIC_CA_PRTCL_MSG: adapter value of CoAP/TCP is 1
12-10 17:39:03.616  3849  3891 D OIC_CA_MSG_HANDLE: code = 1
12-10 17:39:03.616  3849  3891 D OIC_CA_MSG_HANDLE: CAGenerateHandlerData IN
12-10 17:39:03.616  3849  3891 D OIC_CA_MSG_HANDLE: address : 192.168.1.69
12-10 17:39:03.616  3849  3891 I OIC_CA_PRTCL_MSG: IN - CAGetInfoFromPDU
12-10 17:39:03.616  3849  3891 I OIC_CA_PRTCL_MSG: adapter value of CoAP/TCP is 1
12-10 17:39:03.616  3849  3891 I OIC_CA_PRTCL_MSG: adapter value of CoAP/TCP is 1
12-10 17:39:03.616  3849  3891 D OIC_CA_PRTCL_MSG: COAP URI element : oic
12-10 17:39:03.616  3849  3891 D OIC_CA_PRTCL_MSG: COAP URI element : d
12-10 17:39:03.616  3849  3891 D OIC_CA_PRTCL_MSG: COAP URI element : '
12-10 17:39:03.616  3849  3891 D OIC_CA_PRTCL_MSG: COAP URI element : 
12-10 17:39:03.616  3849  3891 D OIC_CA_PRTCL_MSG: COAP URI element : ¿
12-10 17:39:03.616  3849  3891 D OIC_CA_PRTCL_MSG: inside token length : 8
12-10 17:39:03.616  3849  3891 D OIC_CA_PRTCL_MSG: URL length:6
12-10 17:39:03.616  3849  3891 I OIC_CA_PRTCL_MSG: OUT - CAGetInfoFromPDU
12-10 17:39:03.616  3849  3891 I OIC_CA_MSG_HANDLE: IPv4 duplicate message ignored
12-10 17:39:03.616  3849  3891 I OIC_CA_MSG_HANDLE: Second Request with same Token, Drop it
12-10 17:39:03.616  3849  3891 E OIC_CA_MSG_HANDLE: CAReceivedPacketCallback, CAGenerateHandlerData failed!
12-10 17:39:03.616  3849  3891 D OIC_CA_MSG_HANDLE: received pdu data :
12-10 17:39:03.617  3849  3891 D OIC_CA_MSG_HANDLE: 58 01 BD A5 B4 FC 7B 21 6D 27 8A 09 B3 6F 69 63 
12-10 17:39:03.617  3849  3891 D OIC_CA_MSG_HANDLE: 01 64 62 27 10 E2 06 E3 08 00 E1 F6 E6 C0 
12-10 17:39:03.617  3849  3891 I OIC_TRACER: error writing, len: 1, ret: -1, errno: 9 at oic_trace_end
12-10 17:39:03.617  3849  3891 D OIC_CA_IP_ADAP: Address: fe80::4c91:90ff:fead:dca2%dummy0, port:53254
12-10 17:39:03.617  3849  3891 I OIC_TRACER: error writing, len: 54, ret: -1, errno: 9 at oic_trace_begin
12-10 17:39:03.617  3849  3891 I OIC_CA_PRTCL_MSG: adapter value of CoAP/TCP is 1
12-10 17:39:03.617  3849  3891 D OIC_CA_PRTCL_MSG: pdu parse-transport type : 0
12-10 17:39:03.617  3849  3891 D OIC_CA_PRTCL_MSG: pdu parse ret: 1
12-10 17:39:03.617  3849  3891 I OIC_CA_PRTCL_MSG: adapter value of CoAP/TCP is 1
12-10 17:39:03.617  3849  3891 D OIC_CA_MSG_HANDLE: code = 1
12-10 17:39:03.617  3849  3891 D OIC_CA_MSG_HANDLE: CAGenerateHandlerData IN
12-10 17:39:03.617  3849  3891 D OIC_CA_MSG_HANDLE: address : fe80::4c91:90ff:fead:dca2%dummy0
12-10 17:39:03.617  3849  3891 I OIC_CA_PRTCL_MSG: IN - CAGetInfoFromPDU
12-10 17:39:03.617  3849  3891 I OIC_CA_PRTCL_MSG: adapter value of CoAP/TCP is 1
12-10 17:39:03.617  3849  3891 I OIC_CA_PRTCL_MSG: adapter value of CoAP/TCP is 1
12-10 17:39:03.617  3849  3891 D OIC_CA_PRTCL_MSG: COAP URI element : oic
12-10 17:39:03.617  3849  3891 D OIC_CA_PRTCL_MSG: COAP URI element : d
12-10 17:39:03.617  3849  3891 D OIC_CA_PRTCL_MSG: COAP URI element : '
12-10 17:39:03.618  3849  3891 D OIC_CA_PRTCL_MSG: COAP URI element : 
12-10 17:39:03.618  3849  3891 D OIC_CA_PRTCL_MSG: COAP URI element : ¿
12-10 17:39:03.618  3849  3891 D OIC_CA_PRTCL_MSG: inside token length : 8
12-10 17:39:03.618  3849  3891 D OIC_CA_PRTCL_MSG: URL length:6
12-10 17:39:03.618  3849  3891 I OIC_CA_PRTCL_MSG: OUT - CAGetInfoFromPDU
12-10 17:39:03.618  3849  3891 D OIC_CA_MSG_HANDLE: Request Info :
12-10 17:39:03.618  3849  3891 D OIC_CA_MSG_HANDLE: optionID: 17
12-10 17:39:03.618  3849  3891 D OIC_CA_MSG_HANDLE: list: '
12-10 17:39:03.618  3849  3891 D OIC_CA_MSG_HANDLE: optionID: 2049
12-10 17:39:03.618  3849  3891 D OIC_CA_MSG_HANDLE: list: 
12-10 17:39:03.618  3849  3891 D OIC_CA_MSG_HANDLE: optionID: 65524
12-10 17:39:03.618  3849  3891 D OIC_CA_MSG_HANDLE: list: ¿
12-10 17:39:03.618  3849  3891 D OIC_CA_MSG_HANDLE: token:
12-10 17:39:03.618  3849  3891 D OIC_CA_MSG_HANDLE: B4 FC 7B 21 6D 27 8A 09 
12-10 17:39:03.618  3849  3891 D OIC_CA_MSG_HANDLE: msgID: 42429
12-10 17:39:03.618  3849  3891 D OIC_CA_MSG_HANDLE: CAGenerateHandlerData OUT
12-10 17:39:03.618  3849  3891 D OIC_CA_MSG_HANDLE: CALogPDUInfo
12-10 17:39:03.618  3849  3891 I OIC_TRACER: error writing, len: 42, ret: -1, errno: 9 at oic_trace_begin
12-10 17:39:03.618  3849  3891 D OIC_ANALYZER: =================================================
12-10 17:39:03.618  3849  3891 D OIC_ANALYZER: Is Multicast = false
12-10 17:39:03.618  3849  3891 D OIC_ANALYZER: Transport Type = [OC_ADAPTER_IP]
12-10 17:39:03.618  3849  3891 D OIC_ANALYZER: Address = [fe80::4c91:90ff:fead:dca2%dummy0]:[53254]
12-10 17:39:03.618  3849  3891 D OIC_ANALYZER: Data Type = [CA_REQUEST_DATA]
12-10 17:39:03.618  3849  3891 D OIC_ANALYZER: -------------------------------------------------
12-10 17:39:03.618  3849  3891 D OIC_ANALYZER: Method = [GET]
12-10 17:39:03.618  3849  3891 D OIC_ANALYZER: Msg ID = [48549]
12-10 17:39:03.618  3849  3891 D OIC_ANALYZER: Coap Token
12-10 17:39:03.619  3849  3891 D OIC_ANALYZER: B4 FC 7B 21 6D 27 8A 09 
12-10 17:39:03.619  3849  3891 I OIC_TRACER: error writing, len: 66, ret: -1, errno: 9 at oic_trace_begin
12-10 17:39:03.619  3849  3891 I OIC_TRACER: error writing, len: 1, ret: -1, errno: 9 at oic_trace_end
12-10 17:39:03.619  3849  3891 D OIC_ANALYZER: Res URI = [/oic/d]
12-10 17:39:03.619  3849  3891 I OIC_TRACER: error writing, len: 53, ret: -1, errno: 9 at oic_trace_begin
12-10 17:39:03.619  3849  3891 I OIC_TRACER: error writing, len: 1, ret: -1, errno: 9 at oic_trace_end
12-10 17:39:03.619  3849  3891 D OIC_ANALYZER: Payload Format = [0]
12-10 17:39:03.619  3849  3891 D OIC_ANALYZER: CoAP Message Full Size = [30]
12-10 17:39:03.619  3849  3891 D OIC_ANALYZER: CoAP Header (+ 0xFF)
12-10 17:39:03.619  3849  3891 D OIC_ANALYZER: 58 01 BD A5 B4 FC 7B 21 6D 27 8A 09 B3 6F 69 63 
12-10 17:39:03.619  3849  3891 D OIC_ANALYZER: 01 64 62 27 10 E2 06 E3 08 00 E1 F6 E6 C0 
12-10 17:39:03.619  3849  3891 D OIC_ANALYZER: CoAP Header size = [30]
12-10 17:39:03.619  3849  3891 D OIC_ANALYZER: CoAP Payload
12-10 17:39:03.619  3849  3891 D OIC_ANALYZER: CoAP Payload Size = [0]
12-10 17:39:03.619  3849  3891 D OIC_ANALYZER: =================================================
12-10 17:39:03.619  3849  3891 I OIC_TRACER: error writing, len: 1, ret: -1, errno: 9 at oic_trace_end
12-10 17:39:03.619  3849  3891 D OIC_CA_BWT: CAReceiveBlockWiseData
12-10 17:39:03.619  3849  3891 D OIC_CA_BWT: it's normal pdu
12-10 17:39:03.619  3849  3891 D OIC_CA_MSG_HANDLE: this message does not have block option
12-10 17:39:03.619  3849  3891 D OIC_UQUEUE: Queue Count : 2
12-10 17:39:03.619  3849  3891 D OIC_CA_MSG_HANDLE: received pdu data :
12-10 17:39:03.619  3849  3891 D OIC_CA_MSG_HANDLE: 58 01 BD A5 B4 FC 7B 21 6D 27 8A 09 B3 6F 69 63 
12-10 17:39:03.620  3849  3891 D OIC_CA_MSG_HANDLE: 01 64 62 27 10 E2 06 E3 08 00 E1 F6 E6 C0 
12-10 17:39:03.620  3849  3891 I OIC_TRACER: error writing, len: 1, ret: -1, errno: 9 at oic_trace_end
12-10 17:39:03.620  3849  3891 D OIC_CA_IP_ADAP: Address: fe80::6270:1d68:d152:a69a%rmnet_data7, port:53254
12-10 17:39:03.620  3849  3891 I OIC_TRACER: error writing, len: 54, ret: -1, errno: 9 at oic_trace_begin
12-10 17:39:03.620  3849  3891 I OIC_CA_PRTCL_MSG: adapter value of CoAP/TCP is 1
12-10 17:39:03.620  3849  3891 D OIC_CA_PRTCL_MSG: pdu parse-transport type : 0
12-10 17:39:03.620  3849  3891 D OIC_CA_PRTCL_MSG: pdu parse ret: 1
12-10 17:39:03.620  3849  3891 I OIC_CA_PRTCL_MSG: adapter value of CoAP/TCP is 1
12-10 17:39:03.620  3849  3891 D OIC_CA_MSG_HANDLE: code = 1
12-10 17:39:03.620  3849  3891 D OIC_CA_MSG_HANDLE: CAGenerateHandlerData IN
12-10 17:39:03.620  3849  3886 D OIC_CA_MSG_HANDLE: request callback : 3
12-10 17:39:03.620  3849  3891 D OIC_CA_MSG_HANDLE: address : fe80::6270:1d68:d152:a69a%rmnet_data7
12-10 17:39:03.620  3849  3886 I OIC_RI_STACK: Enter HandleCARequests
12-10 17:39:03.620  3849  3891 I OIC_CA_PRTCL_MSG: IN - CAGetInfoFromPDU
12-10 17:39:03.620  3849  3891 I OIC_CA_PRTCL_MSG: adapter value of CoAP/TCP is 1
12-10 17:39:03.620  3849  3886 I OIC_TRACER: error writing, len: 41, ret: -1, errno: 9 at oic_trace_begin
12-10 17:39:03.620  3849  3891 I OIC_CA_PRTCL_MSG: adapter value of CoAP/TCP is 1
12-10 17:39:03.620  3849  3886 D OIC_RM_UTIL: Request- optionID: 17
12-10 17:39:03.620  3849  3886 D OIC_RM_UTIL: Request- optionID: 2049
12-10 17:39:03.620  3849  3891 D OIC_CA_PRTCL_MSG: COAP URI element : oic
12-10 17:39:03.620  3849  3886 D OIC_RM_UTIL: Request- optionID: 65524
12-10 17:39:03.620  3849  3891 D OIC_CA_PRTCL_MSG: COAP URI element : d
12-10 17:39:03.620  3849  3886 I OIC_RM_UTIL: Found Option at 2
12-10 17:39:03.620  3849  3891 D OIC_CA_PRTCL_MSG: COAP URI element : '
12-10 17:39:03.620  3849  3886 I OIC_TRACER: error writing, len: 48, ret: -1, errno: 9 at oic_trace_begin
12-10 17:39:03.620  3849  3891 D OIC_CA_PRTCL_MSG: COAP URI element : 
12-10 17:39:03.620  3849  3886 I OIC_TRACER: error writing, len: 1, ret: -1, errno: 9 at oic_trace_end
12-10 17:39:03.620  3849  3891 D OIC_CA_PRTCL_MSG: COAP URI element : ¿
12-10 17:39:03.620  3849  3886 D OIC_RI_STACK: Enter OCHandleRequests
12-10 17:39:03.621  3849  3891 D OIC_CA_PRTCL_MSG: inside token length : 8
12-10 17:39:03.621  3849  3886 I OIC_RI_STACK: Endpoint URI : /oic/d
12-10 17:39:03.621  3849  3891 D OIC_CA_PRTCL_MSG: URL length:6
12-10 17:39:03.621  3849  3886 I OIC_RI_STACK: Exit HandleCARequests
12-10 17:39:03.621  3849  3891 I OIC_CA_PRTCL_MSG: OUT - CAGetInfoFromPDU
12-10 17:39:03.621  3849  3886 I OIC_TRACER: error writing, len: 1, ret: -1, errno: 9 at oic_trace_end
12-10 17:39:03.621  3849  3891 I OIC_CA_MSG_HANDLE: IPv6 duplicate message ignored
12-10 17:39:03.621  3849  3886 D OIC_CA_MSG_HANDLE: CADestroyData IN
12-10 17:39:03.621  3849  3891 I OIC_CA_MSG_HANDLE: Second Request with same Token, Drop it
12-10 17:39:03.621  3849  3886 D OIC_CA_MSG_HANDLE: CADestroyData OUT
12-10 17:39:03.621  3849  3891 E OIC_CA_MSG_HANDLE: CAReceivedPacketCallback, CAGenerateHandlerData failed!
12-10 17:39:03.621  3849  3891 D OIC_CA_MSG_HANDLE: received pdu data :
12-10 17:39:03.621  3849  3891 D OIC_CA_MSG_HANDLE: 58 01 BD A5 B4 FC 7B 21 6D 27 8A 09 B3 6F 69 63 
12-10 17:39:03.621  3849  3891 D OIC_CA_MSG_HANDLE: 01 64 62 27 10 E2 06 E3 08 00 E1 F6 E6 C0 
12-10 17:39:03.621  3849  3891 I OIC_TRACER: error writing, len: 1, ret: -1, errno: 9 at oic_trace_end
12-10 17:39:03.632  3849  3886 D OIC_CA_MSG_HANDLE: request callback : 3
12-10 17:39:03.632  3849  3886 I OIC_RI_STACK: Enter HandleCARequests
12-10 17:39:03.632  3849  3886 I OIC_TRACER: error writing, len: 41, ret: -1, errno: 9 at oic_trace_begin
12-10 17:39:03.632  3849  3886 D OIC_RM_UTIL: Request- optionID: 17
12-10 17:39:03.632  3849  3886 D OIC_RM_UTIL: Request- optionID: 2049
12-10 17:39:03.632  3849  3886 D OIC_RM_UTIL: Request- optionID: 65524
12-10 17:39:03.632  3849  3886 I OIC_RM_UTIL: Found Option at 2
12-10 17:39:03.632  3849  3886 I OIC_TRACER: error writing, len: 48, ret: -1, errno: 9 at oic_trace_begin
12-10 17:39:03.632  3849  3886 I OIC_TRACER: error writing, len: 1, ret: -1, errno: 9 at oic_trace_end
12-10 17:39:03.632  3849  3886 D OIC_RI_STACK: Enter OCHandleRequests
12-10 17:39:03.632  3849  3886 I OIC_RI_STACK: Endpoint URI : /oic/d
12-10 17:39:03.632  3849  3886 I OIC_RI_STACK: Exit HandleCARequests
12-10 17:39:03.632  3849  3886 I OIC_TRACER: error writing, len: 1, ret: -1, errno: 9 at oic_trace_end
12-10 17:39:03.632  3849  3886 D OIC_CA_MSG_HANDLE: CADestroyData IN
12-10 17:39:03.632  3849  3886 D OIC_CA_MSG_HANDLE: CADestroyData OUT
12-10 17:39:03.640  1678  1760 W qti_sensors_hal: timestampCalc: Adjusting timestamp for rollover: 357369722690216, -1
12-10 17:39:03.660  3849  3891 D OIC_CA_IP_ADAP: Address: fe80::528f:4cff:fe6d:817f%wlan0, port:60595
12-10 17:39:03.660  3849  3891 I OIC_TRACER: error writing, len: 54, ret: -1, errno: 9 at oic_trace_begin
12-10 17:39:03.660  3849  3891 I OIC_CA_PRTCL_MSG: adapter value of CoAP/TCP is 1
12-10 17:39:03.660  3849  3891 D OIC_CA_PRTCL_MSG: pdu parse-transport type : 0
12-10 17:39:03.660  3849  3891 D OIC_CA_PRTCL_MSG: pdu parse ret: 1
12-10 17:39:03.661  3849  3891 I OIC_CA_PRTCL_MSG: adapter value of CoAP/TCP is 1
12-10 17:39:03.661  3849  3891 D OIC_CA_MSG_HANDLE: code = 205
12-10 17:39:03.661  3849  3891 D OIC_CA_MSG_HANDLE: CAGenerateHandlerData IN
12-10 17:39:03.661  3849  3891 D OIC_CA_MSG_HANDLE: address : fe80::528f:4cff:fe6d:817f%wlan0
12-10 17:39:03.661  3849  3891 I OIC_CA_PRTCL_MSG: IN - CAGetInfoFromPDU
12-10 17:39:03.661  3849  3891 I OIC_CA_PRTCL_MSG: adapter value of CoAP/TCP is 1
12-10 17:39:03.661  3849  3891 I OIC_CA_PRTCL_MSG: adapter value of CoAP/TCP is 1
12-10 17:39:03.661  3849  3891 D OIC_CA_PRTCL_MSG: COAP URI element : oic
12-10 17:39:03.661  3849  3891 D OIC_CA_PRTCL_MSG: COAP URI element : d
12-10 17:39:03.661  3849  3891 D OIC_CA_PRTCL_MSG: COAP URI element : '
12-10 17:39:03.661  3849  3891 D OIC_CA_PRTCL_MSG: COAP URI element : 
12-10 17:39:03.661  3849  3891 D OIC_CA_PRTCL_MSG: COAP URI element : ¿
12-10 17:39:03.661  3849  3891 D OIC_CA_PRTCL_MSG: inside token length : 8
12-10 17:39:03.661  3849  3891 D OIC_CA_PRTCL_MSG: inside pdu->data
12-10 17:39:03.661  3849  3891 D OIC_CA_PRTCL_MSG: URL length:6
12-10 17:39:03.661  3849  3891 I OIC_CA_PRTCL_MSG: OUT - CAGetInfoFromPDU
12-10 17:39:03.661  3849  3891 D OIC_CA_MSG_HANDLE: Response Info :
12-10 17:39:03.661  3849  3891 D OIC_CA_MSG_HANDLE: optionID: 12
