12-10 16:27:56.356  3741  3980 D PowerKeeper.Event: notifyForegroundCompomentChanged ComponentInfo{org.iotivity.base.examples.devicediscoveryserver/org.iotivity.base.examples.DeviceDiscoveryServer}
12-10 16:27:56.356  5299  5311 D SmartPhoneTag_a: notifyPkgStatus mForegroundPackageName : org.iotivity.base.examples.devicediscoveryserver
12-10 16:27:56.357  5299  5311 D SmartPhoneTag_GameMonitorController: stopCollectGameInfo
12-10 16:27:56.357  5299  5311 D SmartPhoneTag_d: unregisterIntentActions
12-10 16:27:56.357  3741  3995 D PowerKeeper: PowerStateMachine:Enter power state id=0 name=normal
12-10 16:27:56.357  3741  3756 D PowerKeeper: PerfEngineController:ForegroundInfo{mForegroundPackageName='org.iotivity.base.examples.devicediscoveryserver', mForegroundUid=10146, mForegroundPid=30560, mLastForegroundPackageName='com.miui.home', mLastForegroundUid=10020, mLastForegroundPid=2177, mMultiWindowForegroundPackageName='null', mMultiWindowForegroundUid=-1, mFlags=1}
12-10 16:27:56.357  1667  7204 I Timeline: Timeline: App_transition_ready time:253014906
12-10 16:27:56.357  3741  3923 D ProcessObserver: onScreenAppChanged, FgUid: 10146, FgPackageName: org.iotivity.base.examples.devicediscoveryserver
12-10 16:27:56.357  3741  3923 D ProcessObserver: onScreenAppChanged, PreTaskUid: 10020, PreTaskPackageName: com.miui.home
12-10 16:27:56.357  2801  2801 I octvm_power: power mode [normal] start 1575966476
12-10 16:27:56.357  3741  3923 D ProcessObserver: Uid: 10146 Foreground
12-10 16:27:56.358  2801  2801 I octvm_drv: common drv: get_current_battery_uAh will return 0
12-10 16:27:56.358  2801  2801 I octvm_power: Action: set_bcbc_cust_state(disable) for [foreground_change]
12-10 16:27:56.358  3741  3875 D PowerKeeper.FrozenApp: >>> event = 17 >>> state = 3 uid 10146
12-10 16:27:56.358  2801  2801 I octvm_drv: common drv: platform_set_bcbc_cust_state -> platform not support
12-10 16:27:56.358  2801  2801 I octvm_power: Action: set_dfps_cust_state(disable) for [foreground_change]
12-10 16:27:56.358  3741  3875 D PowerKeeper.FrozenApp: updateWakelockBlockedUid, uid = 10146, isBlocked = false
12-10 16:27:56.358  2801  2801 I octvm_drv: common drv: platform_set_dfps_cust_state -> platform not support
12-10 16:27:56.358  2801  2801 I octvm_power: Action: set_lcd_mode(default) for [foreground_change]
12-10 16:27:56.358  3741  3965 D WakelockManagerService: updateWakelockInfoLocked, Component ComponentInfo{com.miui.powerkeeper/com.miui.powerkeeper.controller.FrozenAppController}, uid = 10146, enable = false, tagList = null
12-10 16:27:56.358  3741  3965 W WakelockManagerService: uid: 10146 is unblock state
12-10 16:27:56.359  3741  3923 W MessageQueue: Handler (com.miui.powerkeeper.feedbackcontrol.FeedbackControlService$FeedbackControlHandler) {c59b2d7} sending message to a Handler on a dead thread
12-10 16:27:56.359  3741  3923 W MessageQueue: java.lang.IllegalStateException: Handler (com.miui.powerkeeper.feedbackcontrol.FeedbackControlService$FeedbackControlHandler) {c59b2d7} sending message to a Handler on a dead thread
12-10 16:27:56.359  3741  3923 W MessageQueue: 	at android.os.MessageQueue.enqueueMessage(MessageQueue.java:543)
12-10 16:27:56.359  3741  3923 W MessageQueue: 	at android.os.Handler.enqueueMessage(Handler.java:646)
12-10 16:27:56.359  3741  3923 W MessageQueue: 	at android.os.Handler.sendMessageAtTime(Handler.java:612)
12-10 16:27:56.359  3741  3923 W MessageQueue: 	at android.os.Handler.sendMessageDelayed(Handler.java:582)
12-10 16:27:56.359  3741  3923 W MessageQueue: 	at android.os.Handler.post(Handler.java:338)
12-10 16:27:56.359  3741  3923 W MessageQueue: 	at com.miui.powerkeeper.utils.ProcessObserver.notifyForegroundActivitiesChangedListeners(ProcessObserver.java:315)
12-10 16:27:56.359  3741  3923 W MessageQueue: 	at com.miui.powerkeeper.utils.ProcessObserver.computeUidForegroundLocked(ProcessObserver.java:271)
12-10 16:27:56.359  3741  3923 W MessageQueue: 	at com.miui.powerkeeper.utils.ProcessObserver.-wrap0(ProcessObserver.java)
12-10 16:27:56.359  3741  3923 W MessageQueue: 	at com.miui.powerkeeper.utils.ProcessObserver$2$1.run(ProcessObserver.java:206)
12-10 16:27:56.359  3741  3923 W MessageQueue: 	at android.os.Handler.handleCallback(Handler.java:754)
12-10 16:27:56.359  3741  3923 W MessageQueue: 	at android.os.Handler.dispatchMessage(Handler.java:95)
12-10 16:27:56.359  3741  3923 W MessageQueue: 	at android.os.Looper.loop(Looper.java:163)
12-10 16:27:56.359  3741  3923 W MessageQueue: 	at android.os.HandlerThread.run(HandlerThread.java:61)
12-10 16:27:56.359  3741  3923 D ProcessObserver: Uid: 1000 BackPreTask
12-10 16:27:56.359  2801  2801 I octvm_drv_xm: platform_set_lcd_mode: mode default(1)
12-10 16:27:56.359  2801  2801 I DisplayFeatureControl: BpDisplayFeatureControl::setFeatureEnable, displayid: 0, caseId:7, modeId: 1, cookie:0)
12-10 16:27:56.359  2870  2889 D GameBoosterService: onGameStatusChange foreground:ForegroundInfo{mForegroundPackageName='org.iotivity.base.examples.devicediscoveryserver', mForegroundUid=10146, mForegroundPid=30560, mLastForegroundPackageName='com.miui.home', mLastForegroundUid=10020, mLastForegroundPid=2177, mMultiWindowForegroundPackageName='null', mMultiWindowForegroundUid=-1, mFlags=1}
12-10 16:27:56.359   571   630 I DisplayFeatureControl: BnDisplayFeatureControl::onTransact SET_COMMON_MODE (displayid:0, caseId:7, modeId:1, cookie:0)
12-10 16:27:56.359  3741  3992 D PowerCheckerService: updateForFgUidChangedLocked, mScreenOn = true uid = 10146 foreground = true
12-10 16:27:56.360   571   630 I DisplayFeatureService: virtual int android::DisplayFeatureService::setFeatureEnable(int, int, int, int) displayId=0 caseId=7 modeId=1 cookie=0
12-10 16:27:56.360   571   630 D DisplayFeatureService: virtual int android::DisplayFeatureService::setFeatureEnable(int, int, int, int) param caseId: 7 modeId:1 cookie: 0
12-10 16:27:56.360   571   630 D DisplayFeatureService: int android::DisplayFeatureService::HandleCabcModeCustom(int, int) enter
12-10 16:27:56.360   571   630 I DisplayFeatureService: int android::DisplayFeaturePolicy::featureEnablePolicy(int, int, int) input[2, 256, 0]
12-10 16:27:56.360   571   630 I DisplayFeatureService: successfully write 0x100 into /sys/devices/virtual/graphics/fb0/msm_fb_dispparam
12-10 16:27:56.363  3741  3875 D AppActiveChecker: updateDownloadStateForFgUidChangedLocked, mScreenOn = true uid = 10146 foreground = true
12-10 16:27:56.363  3741  3992 D PowerChecker.BaStats: uid = 10146, uidForeground = true, lastBytes = 4334, curBytes = 4334, deltaBytes = 0
12-10 16:27:56.363  3741  3875 D AppActiveChecker: updateAppActiveStateForUidLocked, uid = 10146 appActiveState = 0
12-10 16:27:56.363  3741  3875 D DeviceIdleAppRuleChecker: updateStateForInteractiveUidChangedLocked: uid = 10146 foreground = true
12-10 16:27:56.363  3741  3875 D KillProcessAppRuleChecker: updateStateForInteractiveUidChangedLocked: uid = 10146 foreground = true
12-10 16:27:56.363  3741  3875 D HideModeStateMachine: updateForForegroundUidChangedLocked: uid = 10146 foreground = true
12-10 16:27:56.363  3741  3875 I HideModeStateMachine: Uid: 10146 State: inactive_final |-> setForegroundActive
12-10 16:27:56.364  3741  3875 I HideModeStateMachine: Uid: 10146 State: inactive_level_4th |-> setForegroundActive
12-10 16:27:56.364  3741  3875 I HideModeStateMachine: Uid: 10146 State: inactive_level_3rd |-> setForegroundActive
12-10 16:27:56.364  3741  3875 I HideModeStateMachine: Uid: 10146 State: inactive_level_3rd Feature: frozen |-> setSubStateForegroundActive
12-10 16:27:56.364  3741  3875 I HideModeStateMachine: Uid: 10146 State: inactive_level_3rd Feature: frozen |-> updateRule, Rule = allow
12-10 16:27:56.364  3741  3875 I HideModeStateMachine: Uid: 10146 State: inactive_level_2nd |-> setForegroundActive
12-10 16:27:56.364  3741  3875 I HideModeStateMachine: Uid: 10146 State: inactive_level_1st |-> setForegroundActive
12-10 16:27:56.364  3741  3875 I HideModeStateMachine: Uid: 10146 State: inactive_level_1st Feature: appIdle |-> setSubStateForegroundActive
12-10 16:27:56.364  3741  3875 I HideModeStateMachine: Uid: 10146 State: inactive_level_1st Feature: appIdle |-> updateRule, Rule = allow
12-10 16:27:56.364  3741  3875 I HideModeStateMachine: Uid: 10146 State: inactive_level_1st Feature: sensor |-> setSubStateForegroundActive
12-10 16:27:56.364  3741  3875 I HideModeStateMachine: Uid: 10146 State: inactive_level_1st Feature: sensor |-> updateRule, Rule = allow
12-10 16:27:56.364  3741  3875 I HideModeStateMachine: Uid: 10146 State: inactive_level_1st Feature: location |-> setSubStateForegroundActive
12-10 16:27:56.364  3741  3875 I HideModeStateMachine: Uid: 10146 State: inactive_level_1st Feature: location |-> updateRule, Rule = allow
12-10 16:27:56.364  3741  3875 I HideModeStateMachine: Uid: 10146 State: active |-> setForegroundActive
12-10 16:27:56.364  3741  3875 D ActiveStateController: updateStateForFgUidChangedLocked: uid = 10146 foreground = true
12-10 16:27:56.364  3741  3875 D HideModeStateMachine: updateForForegroundPreTaskUidChangedLocked: uid = 1000 foreground = false
12-10 16:27:56.365  3741  3875 I HideModeStateMachine: Uid: 10146 Feature: frozen Rule: allow |-> notifyAppRuleChangedListeners
12-10 16:27:56.365  3741  3875 I HideModeStateMachine: Uid: 10146 Feature: appIdle Rule: allow |-> notifyAppRuleChangedListeners
12-10 16:27:56.365  3741  3875 I HideModeStateMachine: Uid: 10146 Feature: sensor Rule: allow |-> notifyAppRuleChangedListeners
12-10 16:27:56.365  3741  3875 I HideModeStateMachine: Uid: 10146 Feature: location Rule: allow |-> notifyAppRuleChangedListeners
12-10 16:27:56.365  3741  3875 D PowerKeeper.FrozenApp: setUidState, uid = 10146 allow = true
12-10 16:27:56.365  3741  3875 D PowerKeeper.AppStandby: setUidState, uid = 10146 allow = true
12-10 16:27:56.366  3741  3875 D PowerKeeper.Sensor: setUidState, uid = 10146 allow = true
12-10 16:27:56.367  3741  3875 D PowerKeeper.Location: setUidState, uid = 10146 allow = true
12-10 16:27:56.368  1667  1851 V LocationPolicy: writePolicyLocked()
12-10 16:27:56.369  1667  1690 I Timeline: Timeline: App_transition_ready time:253014918
12-10 16:27:56.387   571   630 D DisplayFeatureService: int android::DisplayFeatureService::HandleCabcModeCustom(int, int) exit 256
12-10 16:27:56.388   571   630 I DisplayFeatureService: virtual int android::DisplayFeatureService::setFeatureEnable(int, int, int, int) exit
12-10 16:27:56.388   571   630 I DisplayFeatureControl: BnDisplayFeatureControl::onTransact SET_COMMON_MODE result: 0
12-10 16:27:56.389  2801  2801 I octvm_power: Action: set_thermal_config(restore) for [foreground_change]
12-10 16:27:56.389  2801  2801 I octvm_drv: common drv: platform_set_thermal_mode -> platform not support
12-10 16:27:56.389  2801  2801 I octvm_drv: common drv: get_current_battery_uAh will return 0
12-10 16:27:56.389  2801  2801 I octvm_power: onPowerModeChanged[normal] called
12-10 16:27:56.404   772  1659 D DnsProxyBlocker: remove uid(10146) for Firewall
12-10 16:27:56.406  1667  1685 V UidProcStateHelper: process state changed:[30560,10146,2]
12-10 16:27:56.407  3741  3923 D ProcessObserver: onForegroundActivitiesChanged, pid: 30560 uid: 10146 foregroundActivities: true
12-10 16:27:56.407  3741  3923 D ProcessObserver: Uid: 10146 ForePreTask
12-10 16:27:56.408  1929  1929 D StatusBar: disable<e i a s b h r c s > disable2<q i n g r >
12-10 16:27:56.408  1929  1929 D StatusBarClock:  isNormalMode= true clock visible=true
12-10 16:27:56.410  3741  3875 D HideModeStateMachine: updateForForegroundPreTaskUidChangedLocked: uid = 10146 foreground = true
12-10 16:27:56.411 30152 30152 I AsyTskExecutor: Pipeline: [GlobalStandardPipeline].start()
12-10 16:27:56.414 30560 30560 I art     : Starting a blocking GC AddRemoveAppImageSpace
12-10 16:27:56.417 30560 30560 W ResourceType: No package identifier when getting name for resource number 0x00000000
12-10 16:27:56.435 30560 30560 D AccessibilityManager: current package=org.iotivity.base.examples.devicediscoveryserver, accessibility manager mIsFinalEnabled=false, mOptimizeEnabled=false, mIsUiAutomationEnabled=false, mIsInterestedPackage=false
12-10 16:27:56.443 30560 30582 W System  : ClassLoader referenced unknown path: /system/app/MiuiContentCatcher/lib/arm64
12-10 16:27:56.444  1929  4727 W ResourceType: No package identifier when getting name for resource number 0x00000000
12-10 16:27:56.432 30582 30582 I Binder:intercep: type=1400 audit(0.0:28489): avc: denied { getattr } for path="/data/data/com.miui.contentcatcher" dev="dm-0" ino=114839 scontext=u:r:untrusted_app:s0:c512,c768 tcontext=u:object_r:system_app_data_file:s0 tclass=dir permissive=1
12-10 16:27:56.444 30560 30582 D ApplicationLoaders: ignored Vulkan layer search path /system/app/MiuiContentCatcher/lib/arm64:/system/lib64:/vendor/lib64 for namespace 0x7f8a000160
12-10 16:27:56.445 30560 30582 W ResourceType: No package identifier when getting name for resource number 0x00000000
12-10 16:27:56.448 30560 30560 V BoostFramework: BoostFramework() : mPerf = com.qualcomm.qti.Performance@3d953d1
12-10 16:27:56.449 30560 30560 V BoostFramework: BoostFramework() : mPerf = com.qualcomm.qti.Performance@ad3137
12-10 16:27:56.450 30560 30582 D ViewContentFactory: initViewContentFetcherClass
12-10 16:27:56.450 30560 30582 D ViewContentFactory: getInterceptorPackageInfo
12-10 16:27:56.451 30560 30582 D ViewContentFactory: getInitialApplication took 1ms
12-10 16:27:56.451 30560 30582 D ViewContentFactory: packageInfo.packageName: com.miui.catcherpatch
12-10 16:27:56.454 30560 30582 W System  : ClassLoader referenced unknown path: /system/app/CatcherPatch/lib/arm64
12-10 16:27:56.456 30560 30582 D ApplicationLoaders: ignored Vulkan layer search path /system/app/CatcherPatch/lib/arm64:/system/lib64:/vendor/lib64 for namespace 0x7f8a0001d0
12-10 16:27:56.457 30560 30582 W ResourceType: No package identifier when getting name for resource number 0x00000000
12-10 16:27:56.461 30560 30582 D ViewContentFactory: initViewContentFetcherClass took 11ms
12-10 16:27:56.461 30560 30582 I ContentCatcher: ViewContentFetcher : ViewContentFetcher
12-10 16:27:56.461 30560 30582 D ViewContentFactory: createInterceptor took 12ms
12-10 16:27:56.473 30560 30560 W TypefaceUtils: getFamilyNameField failed
12-10 16:27:56.473 30560 30560 W TypefaceUtils: java.lang.NoSuchFieldException: familyName
12-10 16:27:56.473 30560 30560 W TypefaceUtils: 	at java.lang.Class.getField(Class.java:1549)
12-10 16:27:56.473 30560 30560 W TypefaceUtils: 	at miui.util.TypefaceUtils.getFamilyNameField(TypefaceUtils.java:268)
12-10 16:27:56.473 30560 30560 W TypefaceUtils: 	at miui.util.TypefaceUtils.<clinit>(TypefaceUtils.java:264)
12-10 16:27:56.473 30560 30560 W TypefaceUtils: 	at android.widget.TextView.setTypeface(TextView.java:3061)
12-10 16:27:56.473 30560 30560 W TypefaceUtils: 	at android.widget.TextView.setTypefaceFromAttrs(TextView.java:1533)
12-10 16:27:56.473 30560 30560 W TypefaceUtils: 	at android.widget.TextView.<init>(TextView.java:1430)
12-10 16:27:56.473 30560 30560 W TypefaceUtils: 	at android.widget.Button.<init>(Button.java:109)
12-10 16:27:56.473 30560 30560 W TypefaceUtils: 	at android.widget.Button.<init>(Button.java:105)
12-10 16:27:56.473 30560 30560 W TypefaceUtils: 	at android.widget.Button.<init>(Button.java:101)
12-10 16:27:56.473 30560 30560 W TypefaceUtils: 	at java.lang.reflect.Constructor.newInstance0(Native Method)
12-10 16:27:56.473 30560 30560 W TypefaceUtils: 	at java.lang.reflect.Constructor.newInstance(Constructor.java:430)
12-10 16:27:56.473 30560 30560 W TypefaceUtils: 	at android.view.LayoutInflater.createView(LayoutInflater.java:652)
12-10 16:27:56.473 30560 30560 W TypefaceUtils: 	at com.android.internal.policy.PhoneLayoutInflater.onCreateView(PhoneLayoutInflater.java:58)
12-10 16:27:56.473 30560 30560 W TypefaceUtils: 	at android.view.LayoutInflater.onCreateView(LayoutInflater.java:742)
12-10 16:27:56.473 30560 30560 W TypefaceUtils: 	at android.view.LayoutInflater.createViewFromTag(LayoutInflater.java:810)
12-10 16:27:56.473 30560 30560 W TypefaceUtils: 	at android.view.LayoutInflater.createViewFromTag(LayoutInflater.java:752)
12-10 16:27:56.473 30560 30560 W TypefaceUtils: 	at android.view.LayoutInflater.rInflate(LayoutInflater.java:883)
12-10 16:27:56.473 30560 30560 W TypefaceUtils: 	at android.view.LayoutInflater.rInflateChildren(LayoutInflater.java:846)
12-10 16:27:56.473 30560 30560 W TypefaceUtils: 	at android.view.LayoutInflater.inflate(LayoutInflater.java:522)
12-10 16:27:56.473 30560 30560 W TypefaceUtils: 	at android.view.LayoutInflater.inflate(LayoutInflater.java:430)
12-10 16:27:56.473 30560 30560 W TypefaceUtils: 	at android.view.LayoutInflater.inflate(LayoutInflater.java:377)
12-10 16:27:56.473 30560 30560 W TypefaceUtils: 	at com.android.internal.policy.PhoneWindow.setContentView(PhoneWindow.java:412)
12-10 16:27:56.473 30560 30560 W TypefaceUtils: 	at android.app.Activity.setContentView(Activity.java:2492)
12-10 16:27:56.473 30560 30560 W TypefaceUtils: 	at org.iotivity.base.examples.DeviceDiscoveryServer.onCreate(DeviceDiscoveryServer.java:113)
12-10 16:27:56.473 30560 30560 W TypefaceUtils: 	at android.app.Activity.performCreate(Activity.java:6854)
12-10 16:27:56.473 30560 30560 W TypefaceUtils: 	at android.app.Instrumentation.callActivityOnCreate(Instrumentation.java:1119)
12-10 16:27:56.473 30560 30560 W TypefaceUtils: 	at android.app.ActivityThread.performLaunchActivity(ActivityThread.java:2709)
12-10 16:27:56.473 30560 30560 W TypefaceUtils: 	at android.app.ActivityThread.handleLaunchActivity(ActivityThread.java:2817)
12-10 16:27:56.473 30560 30560 W TypefaceUtils: 	at android.app.ActivityThread.-wrap12(ActivityThread.java)
12-10 16:27:56.473 30560 30560 W TypefaceUtils: 	at android.app.ActivityThread$H.handleMessage(ActivityThread.java:1556)
12-10 16:27:56.473 30560 30560 W TypefaceUtils: 	at android.os.Handler.dispatchMessage(Handler.java:102)
12-10 16:27:56.473 30560 30560 W TypefaceUtils: 	at android.os.Looper.loop(Looper.java:163)
12-10 16:27:56.473 30560 30560 W TypefaceUtils: 	at android.app.ActivityThread.main(ActivityThread.java:6388)
12-10 16:27:56.473 30560 30560 W TypefaceUtils: 	at java.lang.reflect.Method.invoke(Native Method)
12-10 16:27:56.473 30560 30560 W TypefaceUtils: 	at com.android.internal.os.ZygoteInit$MethodAndArgsCaller.run(ZygoteInit.java:930)
12-10 16:27:56.473 30560 30560 W TypefaceUtils: 	at com.android.internal.os.ZygoteInit.main(ZygoteInit.java:820)
12-10 16:27:56.476 30560 30560 V BoostFramework: BoostFramework() : mPerf = com.qualcomm.qti.Performance@1ca0621
12-10 16:27:56.476 30560 30560 V BoostFramework: BoostFramework() : mPerf = com.qualcomm.qti.Performance@f68da46
12-10 16:27:56.481 30114 30242 D PipelineRunnable: [GlobalStandardPipeline] -- GuardPolicy start at 1575966476481
12-10 16:27:56.491 30152 30583 D PipelineRunnable: [GlobalStandardPipeline] -- GuardPolicy start at 1575966476491
12-10 16:27:56.498 30560 30560 V BoostFramework: BoostFramework() : mPerf = com.qualcomm.qti.Performance@77134a0
12-10 16:27:56.521 30560 30585 I Adreno  : QUALCOMM build                   : a9083cf, Iaf618d42e3
12-10 16:27:56.521 30560 30585 I Adreno  : Build Date                       : 03/14/17
12-10 16:27:56.521 30560 30585 I Adreno  : OpenGL ES Shader Compiler Version: XE031.09.00.04
12-10 16:27:56.521 30560 30585 I Adreno  : Local Branch                     : 
12-10 16:27:56.521 30560 30585 I Adreno  : Remote Branch                    : 
12-10 16:27:56.521 30560 30585 I Adreno  : Remote Branch                    : 
12-10 16:27:56.521 30560 30585 I Adreno  : Reconstruct Branch               : 
12-10 16:27:56.529 30560 30585 I OpenGLRenderer: Initialized EGL, version 1.4
12-10 16:27:56.530 30560 30585 D OpenGLRenderer: Swap behavior 1
12-10 16:27:56.576  1667  1690 I ActivityManager: Displayed org.iotivity.base.examples.devicediscoveryserver/org.iotivity.base.examples.DeviceDiscoveryServer: +260ms
12-10 16:27:56.581  1667  7204 I SplashScreenServiceDelegate: None for org.iotivity.base.examples.devicediscoveryserver
12-10 16:27:56.585 15894 15894 D wpa_supplicant: wlan0: Control interface command 'SIGNAL_POLL'
12-10 16:27:56.631 30152 30583 D PipelineRunnable: [GlobalStandardPipeline] -- GuardPolicy end cost 140
12-10 16:27:56.631 30152 30583 D AsyTskExecutor: reset PipelineRunnable = com.alipay.mobile.quinox.asynctask.PipelineRunnable@5f0228a, task = com.alipay.mobile.framework.pipeline.analysis.AnalysedRunnable, threadName = GuardPolicy
12-10 16:27:56.631 30152 30583 D PipelineRunnable: [GlobalStandardPipeline] -- BgTimeTick start at 1575966476631
12-10 16:27:56.645 30152 30583 D PipelineRunnable: [GlobalStandardPipeline] -- BgTimeTick end cost 14
12-10 16:27:56.646 30152 30583 D AsyTskExecutor: reset PipelineRunnable = com.alipay.mobile.quinox.asynctask.PipelineRunnable@162c38e, task = com.alipay.mobile.framework.pipeline.analysis.AnalysedRunnable, threadName = BgTimeTick
12-10 16:27:56.674  1667  1690 I Timeline: Timeline: App_transition_stopped time:253015223
12-10 16:27:56.676  1667  1690 I Timeline: Timeline: Activity_windows_visible id: ActivityRecord{9df6d13 u0 org.iotivity.base.examples.devicediscoveryserver/org.iotivity.base.examples.DeviceDiscoveryServer t311} time:253015225
12-10 16:27:56.676  1667  1684 D ActivityTrigger: ActivityTrigger activityStopTrigger 
12-10 16:27:56.677  1929  1929 D EventBus: [1929, u0] send(AppTransitionFinishedEvent)
12-10 16:27:56.677  1929  1929 D EventBus: [1929, u0]  -> ForcedResizableInfoActivityController [0x7a60078, P1] onBusEvent(AppTransitionFinishedEvent)
12-10 16:27:56.677  1929  1929 D EventBus: [1929, u0] onBusEvent(AppTransitionFinishedEvent) duration: 27 microseconds, avg: 734
12-10 16:27:56.683  1667  1685 V UidProcStateHelper: process state changed:[2177,10020,12]
12-10 16:27:56.684  1667  1685 V UidProcStateHelper: process state changed:[29973,10073,12]
12-10 16:27:56.684  1929  1929 D EventBus: [1929, u0] send(AppTransitionFinishedEvent)
12-10 16:27:56.684  1929  1929 D EventBus: [1929, u0]  -> ForcedResizableInfoActivityController [0x7a60078, P1] onBusEvent(AppTransitionFinishedEvent)
12-10 16:27:56.684  1929  1929 D EventBus: [1929, u0] onBusEvent(AppTransitionFinishedEvent) duration: 68 microseconds, avg: 733
12-10 16:27:56.695  3741  3923 D ProcessObserver: onForegroundActivitiesChanged, pid: 2177 uid: 10020 foregroundActivities: false
12-10 16:27:56.695  3741  3923 D ProcessObserver: Uid: 10020 Background
12-10 16:27:56.696  3741  3923 W MessageQueue: Handler (com.miui.powerkeeper.feedbackcontrol.FeedbackControlService$FeedbackControlHandler) {c59b2d7} sending message to a Handler on a dead thread
12-10 16:27:56.696  3741  3923 W MessageQueue: java.lang.IllegalStateException: Handler (com.miui.powerkeeper.feedbackcontrol.FeedbackControlService$FeedbackControlHandler) {c59b2d7} sending message to a Handler on a dead thread
12-10 16:27:56.696  3741  3923 W MessageQueue: 	at android.os.MessageQueue.enqueueMessage(MessageQueue.java:543)
12-10 16:27:56.696  3741  3923 W MessageQueue: 	at android.os.Handler.enqueueMessage(Handler.java:646)
12-10 16:27:56.696  3741  3923 W MessageQueue: 	at android.os.Handler.sendMessageAtTime(Handler.java:612)
12-10 16:27:56.696  3741  3923 W MessageQueue: 	at android.os.Handler.sendMessageDelayed(Handler.java:582)
12-10 16:27:56.696  3741  3923 W MessageQueue: 	at android.os.Handler.post(Handler.java:338)
12-10 16:27:56.696  3741  3923 W MessageQueue: 	at com.miui.powerkeeper.utils.ProcessObserver.notifyForegroundActivitiesChangedListeners(ProcessObserver.java:315)
12-10 16:27:56.696  3741  3923 W MessageQueue: 	at com.miui.powerkeeper.utils.ProcessObserver.computeUidForegroundLocked(ProcessObserver.java:271)
12-10 16:27:56.696  3741  3923 W MessageQueue: 	at com.miui.powerkeeper.utils.ProcessObserver.computeUidStateLocked(ProcessObserver.java:256)
12-10 16:27:56.696  3741  3923 W MessageQueue: 	at com.miui.powerkeeper.utils.ProcessObserver.-wrap2(ProcessObserver.java)
12-10 16:27:56.696  3741  3923 W MessageQueue: 	at com.miui.powerkeeper.utils.ProcessObserver$1$1.run(ProcessObserver.java:119)
12-10 16:27:56.696  3741  3923 W MessageQueue: 	at android.os.Handler.handleCallback(Handler.java:754)
12-10 16:27:56.696  3741  3923 W MessageQueue: 	at android.os.Handler.dispatchMessage(Handler.java:95)
12-10 16:27:56.696  3741  3923 W MessageQueue: 	at android.os.Looper.loop(Looper.java:163)
12-10 16:27:56.696  3741  3923 W MessageQueue: 	at android.os.HandlerThread.run(HandlerThread.java:61)
12-10 16:27:56.697  3741  3992 D PowerCheckerService: updateForFgUidChangedLocked, mScreenOn = true uid = 10020 foreground = false
12-10 16:27:56.697  3741  3875 D AppActiveChecker: updateDownloadStateForFgUidChangedLocked, mScreenOn = true uid = 10020 foreground = false
12-10 16:27:56.697  3741  3875 D AppActiveChecker: updateAppActiveStateForUidLocked, uid = 10020 appActiveState = 1
12-10 16:27:56.697  3741  3875 D DeviceIdleAppRuleChecker: updateStateForInteractiveUidChangedLocked: uid = 10020 foreground = false
12-10 16:27:56.697  3741  3875 D KillProcessAppRuleChecker: updateStateForInteractiveUidChangedLocked: uid = 10020 foreground = false
12-10 16:27:56.697  3741  3875 D HideModeStateMachine: updateForForegroundUidChangedLocked: uid = 10020 foreground = false
12-10 16:27:56.697  3741  3875 I HideModeStateMachine: Uid: 10020 State: inactive_level_1st |-> startRun
12-10 16:27:56.697  3741  3875 I HideModeStateMachine: Uid: 10020 State: inactive_level_1st Feature: appIdle |-> startRun
12-10 16:27:56.697  3741  3875 I HideModeStateMachine: Uid: 10020 State: inactive_level_1st Feature: appIdle |-> setActive
12-10 16:27:56.697  3741  3875 I HideModeStateMachine: Uid: 10020 State: inactive_level_1st Feature: sensor |-> startRun
12-10 16:27:56.697  3741  3875 I HideModeStateMachine: Uid: 10020 State: inactive_level_1st Feature: sensor |-> setActive
12-10 16:27:56.697  3741  3875 I HideModeStateMachine: Uid: 10020 State: inactive_level_1st Feature: location |-> startRun
12-10 16:27:56.697  3741  3875 I HideModeStateMachine: Uid: 10020 State: inactive_level_1st Feature: location |-> setActive
12-10 16:27:56.698  3741  3875 D ActiveStateController: updateStateForFgUidChangedLocked: uid = 10020 foreground = false
12-10 16:27:56.699  3741  3992 D PowerChecker.BaStats: uid = 10020, uidForeground = false, lastBytes = 6560, curBytes = 6560, deltaBytes = 0
12-10 16:27:56.729  2936  3315 D com.xiaomi.common.Network: Http POST Response Code: 200
12-10 16:27:56.732  2936  3315 W PushService: 2019-12-10 16:27:56,731 - [WARN::PushService] - [Thread:113] HTTP len=2081 url=http://data.mistat.xiaomi.com/mistats/v3
12-10 16:27:56.799 30152 30612 D AsyTskExecutor: [null] -- ProcessLiveMonitor#init start at 1575966476799
12-10 16:27:56.810 30152 30612 D AsyTskExecutor: [null] -- ProcessLiveMonitor#init end cost 11
12-10 16:27:56.810 30152 30612 D AsyTskExecutor: reset PipelineRunnable = com.alipay.mobile.quinox.asynctask.PipelineRunnable@3c467d3, task = com.alipay.mobile.framework.pipeline.analysis.AnalysedRunnable, threadName = ProcessLiveMonitor#init
12-10 16:27:57.653   894   894 I MSM-irqbalance: Decided to move IRQ5 from CPU3 [P:0] to CPU4 [P:1] (banned)
12-10 16:27:57.654   894   894 I MSM-irqbalance: Decided to move IRQ3 from CPU3 [P:0] to CPU7 [P:1] (banned)
12-10 16:27:57.654   894   894 I MSM-irqbalance: Decided to move IRQ3 from CPU0 [P:0] to CPU5 [P:1] (banned)
12-10 16:27:57.654   894   894 I MSM-irqbalance: Decided to move IRQ5 from CPU1 [P:0] to CPU6 [P:1] (banned)
12-10 16:27:57.654   894   894 I MSM-irqbalance: Decided to move IRQ3 from CPU1 [P:0] to CPU4 [P:1] (banned)
12-10 16:27:57.655   894   894 I MSM-irqbalance: Decided to move IRQ5 from CPU2 [P:0] to CPU7 [P:1] (banned)
12-10 16:27:57.655   894   894 I MSM-irqbalance: Decided to move IRQ3 from CPU2 [P:0] to CPU5 [P:1] (banned)
12-10 16:27:57.738 30188 30366 D PipelineRunnable: [GlobalStandardPipeline] -- GuardPolicy start at 1575966477738
12-10 16:27:57.861 30560 30560 V BoostFramework: BoostFramework() : mPerf = com.qualcomm.qti.Performance@b0281e7
12-10 16:27:58.035 30560 30643 I DeviceDiscoveryServer: Configuring platform.
12-10 16:27:58.038 30560 30643 W linker  : /data/app/org.iotivity.base.examples.devicediscoveryserver-1/lib/arm64/libconnectivity_abstraction.so: unused DT entry: type 0xf arg 0x55e2
12-10 16:27:58.039 30560 30643 W linker  : /data/app/org.iotivity.base.examples.devicediscoveryserver-1/lib/arm64/liboc_logger.so: unused DT entry: type 0xf arg 0x828
12-10 16:27:58.040 30560 30643 W linker  : /data/app/org.iotivity.base.examples.devicediscoveryserver-1/lib/arm64/liboctbstack.so: unused DT entry: type 0xf arg 0x4098
12-10 16:27:58.041 30560 30643 W linker  : /data/app/org.iotivity.base.examples.devicediscoveryserver-1/lib/arm64/liboc.so: unused DT entry: type 0xf arg 0x239c55
12-10 16:27:58.053 30560 30643 W linker  : /data/app/org.iotivity.base.examples.devicediscoveryserver-1/lib/arm64/libocstack-jni.so: unused DT entry: type 0xf arg 0x15e159
12-10 16:27:58.053 30560 30643 W linker  : /data/app/org.iotivity.base.examples.devicediscoveryserver-1/lib/arm64/libresource_directory.so: unused DT entry: type 0xf arg 0x70c1
12-10 16:27:58.068 30560 30643 I OIC-JNI : JNI_OnLoad
12-10 16:27:58.069 30560 30643 I art     : Thread[18,tid=30643,Native,Thread*=0x7f849e6200,peer=0x12dee5e0,"Thread-3"] recursive attempt to load library "/data/app/org.iotivity.base.examples.devicediscoveryserver-1/lib/arm64/libocstack-jni.so"
12-10 16:27:58.070 30560 30643 I art     : Thread[18,tid=30643,Native,Thread*=0x7f849e6200,peer=0x12dee5e0,"Thread-3"] recursive attempt to load library "/data/app/org.iotivity.base.examples.devicediscoveryserver-1/lib/arm64/libocstack-jni.so"
12-10 16:27:58.074 30560 30643 W linker  : /data/app/org.iotivity.base.examples.devicediscoveryserver-1/lib/arm64/libca-interface.so: unused DT entry: type 0xf arg 0x6e1
12-10 16:27:58.077 30560 30643 F JNI_CA_INTERFACE: CaInterface_initialize
12-10 16:27:58.077 30560 30643 D OIC_CA_ADAP_UTILS: CANativeJNISetJavaVM
12-10 16:27:58.077 30560 30643 F JNI_CA_INTERFACE: CaInterface_initialize
12-10 16:27:58.077 30560 30643 D OIC_CA_ADAP_UTILS: CANativeSetActivity
12-10 16:27:58.077 30560 30643 E OIC_CA_ADAP_UTILS: activity is null
12-10 16:27:58.077 30560 30643 D OIC_CA_ADAP_UTILS: CANativeJNISetContext
12-10 16:27:58.077 30560 30643 I OIC-JNI : OcPlatform_configure
12-10 16:27:58.078 30560 30643 I OIC_RI_STACK: RegisterPersistentStorageHandler !!
12-10 16:27:58.078 30560 30643 I OIC-JNI : OcPlatform.start
12-10 16:27:58.078 30560 30643 I OIC_PLATFORM: start
12-10 16:27:58.078 30560 30643 I OIC_PLATFORM: init
12-10 16:27:58.078 30560 30643 I OIC_RI_STACK: Entering OCInit2
12-10 16:27:58.078 30560 30643 I OIC_RI_STACK: IoTivity version is v2.0.1
12-10 16:27:58.078 30560 30643 D OIC_CA_CONN_MGR: CAInitialize type : 0
12-10 16:27:58.078 30560 30643 D OIC_CA_INF_CTR: Set Receiver handle callback
12-10 16:27:58.078 30560 30643 D OIC_CA_INF_CTR: Set error handle callback
12-10 16:27:58.078 30560 30643 D OIC_CA_UTHREADPOOL: IN
12-10 16:27:58.078 30560 30643 D OIC_CA_UTHREADPOOL: OUT
12-10 16:27:58.078 30560 30643 D OIC_CA_QING: thread initialize..
12-10 16:27:58.079 30560 30643 D OIC_CA_UTHREADPOOL: IN
12-10 16:27:58.079 30560 30643 D OIC_CA_UTHREADPOOL: OUT
12-10 16:27:58.079 30560 30644 D OIC_CA_QING: message handler main thread start..
12-10 16:27:58.079 30560 30643 D OIC_CA_QING: thread initialize..
12-10 16:27:58.079 30560 30644 D OIC_CA_QING: wait..
12-10 16:27:58.079 30560 30643 D OIC_CA_RETRANS: thread initialize
12-10 16:27:58.079 30560 30643 D OIC_CA_BWT: CAInitializeBlockWiseTransfer
12-10 16:27:58.079 30560 30643 D OIC_CA_UTHREADPOOL: IN
12-10 16:27:58.079 30560 30643 D OIC_CA_UTHREADPOOL: OUT
12-10 16:27:58.079 30560 30645 D OIC_CA_RETRANS: retransmission main thread start
12-10 16:27:58.079 30560 30643 D OIC_CA_INF_CTR: initialize adapters 0
12-10 16:27:58.079 30560 30645 D OIC_CA_RETRANS: wait..there is no retransmission data.
12-10 16:27:58.079 30560 30643 D OIC_CA_IP_ADAP: IN
12-10 16:27:58.079 30560 30643 D OIC_CA_INF_CTR: 1 type adapter, register complete!
12-10 16:27:58.079 30560 30643 I OIC_CA_IP_ADAP: OUT IntializeIP is Success
12-10 16:27:58.080 30560 30643 D OIC_CA_EDR_MONITOR: CAEDRNetworkMonitorJniInit
12-10 16:27:58.080 30560 30643 D OIC_CA_EDR_MONITOR: CAEDRSetNetworkChangeCallback
12-10 16:27:58.080 30560 30643 D OIC_CA_EDR_CLIENT: CAEDRInitialize
12-10 16:27:58.080 30560 30643 D OIC_CA_EDR_CLIENT: CAEdrClientJniInit
12-10 16:27:58.080 30560 30643 D OIC_CA_EDR_CLIENT: CAEDRJniInitContext
12-10 16:27:58.083  1667  1689 D BluetoothManagerService: Message: 20
12-10 16:27:58.083  1667  1689 D BluetoothManagerService: Added callback: android.bluetooth.IBluetoothManagerCallback$Stub$Proxy@fcb4e86:true
12-10 16:27:58.084  1667  4134 D BluetoothManagerService: checkIfCallerIsForegroundUser: valid=true callingUser=0 parentUser=-10000 foregroundUser=0
12-10 16:27:58.084 30560 30643 D OIC_CA_EDR_CLIENT: My BT Address is 02:00:00:00:00:00
12-10 16:27:58.085 30560 30643 D OIC_CA_EDR_UTILS: CAEDRNativeCreateDeviceStateList
12-10 16:27:58.085 30560 30643 D OIC_CA_EDR_UTILS: Create device list
12-10 16:27:58.085 30560 30643 D OIC_CA_EDR_UTILS: CAEDRNativeCreateDeviceSocketList
12-10 16:27:58.085 30560 30643 D OIC_CA_EDR_UTILS: Create Device object list
12-10 16:27:58.085 30560 30643 D OIC_CA_EDR_CLIENT: CAEDRCreateJNIInterfaceObject
12-10 16:27:58.087 30560 30643 D OIC_CA_EDR_CLIENT: NewObject Success
12-10 16:27:58.087 30560 30643 D OIC_CA_EDR_CLIENT: OUT
12-10 16:27:58.087 30560 30643 D OIC_CA_EDR_SERVER: CAEDRServerInitialize
12-10 16:27:58.087 30560 30643 D OIC_CA_EDR_SERVER: CAEDRServerJniInit
12-10 16:27:58.087 30560 30643 D OIC_CA_INF_CTR: 4 type adapter, register complete!
12-10 16:27:58.087 30560 30643 D OIC_CA_EDR_ADAP: OUT
12-10 16:27:58.087 30560 30643 D OIC_CA_LE_ADAP: CAInitializeLE
12-10 16:27:58.087 30560 30643 D OIC_CA_LE_ADAP: CAInitLEAdapterMutex
12-10 16:27:58.087 30560 30643 D OIC_CA_LE_MONITOR: CALENetworkMonitorJNISetContext - it is not supported
12-10 16:27:58.087 30560 30643 D OIC_CA_LE_MONITOR: CALENetworkMonitorJniInit
12-10 16:27:58.087 30560 30643 D OIC_CA_LE_CLIENT: Initialize GATT Client
12-10 16:27:58.087 30560 30643 D OIC_CA_LE_CLIENT: CALEClientInitialize
12-10 16:27:58.087 30560 30643 D OIC_CA_LE_CLIENT: CALEClientJniInit
12-10 16:27:58.087 30560 30643 D OIC_CA_LE_UTILS: sdk version is 25
12-10 16:27:58.088 30560 30643 D OIC_CA_LE_CLIENT: CALEClientCreateDeviceList
12-10 16:27:58.088 30560 30643 D OIC_CA_LE_CLIENT: Create g_gattObjectList
12-10 16:27:58.088 30560 30643 D OIC_CA_LE_CLIENT: Create g_deviceStateList
12-10 16:27:58.088 30560 30643 D OIC_CA_LE_CLIENT: Create g_deviceList
12-10 16:27:58.088 30560 30643 D OIC_CA_LE_CLIENT: CALEClientJNISetContext
12-10 16:27:58.088 30560 30643 D OIC_CA_LE_CLIENT: CALECreateJniInterfaceObject
12-10 16:27:58.090 30560 30643 D OIC_CA_LE_CLIENT: caLeRegisterLeScanCallbackForV21
12-10 16:27:58.090 30560 30643 D OIC_CA_LE_CLIENT: CaLeRegisterGattCallback
12-10 16:27:58.093 30560 30643 D OIC_CA_LE_CLIENT: Create instance for CaLeClientInterface
12-10 16:27:58.093 30560 30643 I OIC_CA_LE_SERVER: CASetLEServerThreadPoolHandle is not support
12-10 16:27:58.093 30560 30643 D OIC_CA_LE_SERVER: Initialize Gatt Server
12-10 16:27:58.093 30560 30643 D OIC_CA_LE_SERVER: IN - CALEServerInitialize
12-10 16:27:58.093 30560 30643 D OIC_CA_LE_SERVER: CALeServerJniInit
12-10 16:27:58.093 30560 30643 D OIC_CA_LE_UTILS: sdk version is 25
12-10 16:27:58.093 30560 30643 D OIC_CA_LE_SERVER: CALEServerJNISetContext
12-10 16:27:58.093 30560 30643 D OIC_CA_LE_SERVER: Create device list
12-10 16:27:58.093 30560 30643 D OIC_CA_LE_SERVER: Create device list
12-10 16:27:58.093 30560 30643 D OIC_CA_LE_SERVER: CALEServerCreateJniInterfaceObject
12-10 16:27:58.094 30560 30643 D OIC_CA_LE_SERVER: Register Le Gatt Server Callback
12-10 16:27:58.094 30560 30643 D OIC_CA_LE_SERVER: Register Le Advertise Callback
12-10 16:27:58.094 30560 30643 D OIC_CA_LE_SERVER: Create instance for CaLeServerInterface
12-10 16:27:58.094 30560 30643 D OIC_CA_LE_SERVER: OUT - CALEServerInitialize
12-10 16:27:58.094 30560 30643 D OIC_CA_LE_ADAP: IN
12-10 16:27:58.094 30560 30643 D OIC_CA_LE_MONITOR: Setting CALEDeviceStateChangedCallback
12-10 16:27:58.094 30560 30643 D OIC_CA_LE_MONITOR: CALESetAdapterStateCallback
12-10 16:27:58.094 30560 30643 D OIC_CA_LE_MONITOR: CASetLENWConnectionStateChangedCb
12-10 16:27:58.094 30560 30643 D OIC_CA_LE_ADAP: OUT
12-10 16:27:58.094 30560 30643 D OIC_CA_INF_CTR: 2 type adapter, register complete!
12-10 16:27:58.094 30560 30643 D NFC_ADAP: IN
12-10 16:27:58.094 30560 30643 D NFC_SERVER: CANfcJniInit
12-10 16:27:58.095 30560 30643 D NFC_SERVER: CANfcJNISetContext
12-10 16:27:58.095 30560 30643 D NFC_SERVER: CANfcCreateJniInterfaceObject IN
12-10 16:27:58.095 30560 30643 E NFC_SERVER: Invalid input: g_activity
12-10 16:27:58.095 30560 30643 E NFC_SERVER: CANfcJniInit failed
12-10 16:27:58.095 30560 30643 E NFC_ADAP: CAInitializeNfcServer failed
12-10 16:27:58.095 30560 30643 D OIC_CA_QING: thread initialize..
12-10 16:27:58.095 30560 30643 D OIC_CA_UTHREADPOOL: IN
12-10 16:27:58.095 30560 30643 D OIC_CA_UTHREADPOOL: OUT
12-10 16:27:58.095 30560 30646 D OIC_CA_QING: message handler main thread start..
12-10 16:27:58.095 30560 30643 D OIC_RI_STACK: OCSelectNetwork [0]
12-10 16:27:58.095 30560 30646 D OIC_CA_QING: wait..
12-10 16:27:58.095 30560 30643 D OIC_RI_STACK: call CASelectNetwork [1]
12-10 16:27:58.095 30560 30643 D OIC_CA_NW_CONFIG: Create network list
12-10 16:27:58.095 30560 30643 D OIC_CA_INF_CTR: Start the adapter of CAConnectivityType[1]
12-10 16:27:58.095 30560 30643 D OIC_CA_IP_MONITOR: CAIPJniInit_IN
12-10 16:27:58.098 30560 30643 D OIC_CA_IP_MONITOR: Create CaIpInterface instance, success
12-10 16:27:58.098 30560 30643 D OIC_CA_IP_MONITOR: CAIPJniInit_OUT
12-10 16:27:58.098 30560 30643 D OIC_CA_QING: thread initialize..
12-10 16:27:58.098 30560 30643 D OIC_CA_UTHREADPOOL: IN
12-10 16:27:58.098 30560 30643 D OIC_CA_UTHREADPOOL: OUT
12-10 16:27:58.099 30560 30647 D OIC_CA_QING: message handler main thread start..
12-10 16:27:58.099 30560 30647 D OIC_CA_QING: wait..
12-10 16:27:58.099 30560 30643 I OIC_CA_IP_SERVER: IPv6 unicast port: 56099
12-10 16:27:58.099 30560 30643 I OIC_CA_IP_SERVER: IPv4 unicast port: 54532
12-10 16:27:58.099 30560 30643 D OIC_CA_IP_SERVER: socket summary: u6=76, u6s=77, u4=71, u4s=74, m6=78, m6s=79, m4=75, m4s=80
12-10 16:27:58.099 30560 30643 D OIC_CA_IP_SERVER: port summary: u6 port=56099, u6s port=41029, u4 port=54532, u4s port=44889, m6 port=5683,m6s port=5684, m4 port=5683, m4s port=5684
12-10 16:27:58.099 30560 30643 D OIC_CA_IP_SERVER: IN CAInitializeFastShutdownMechanism
12-10 16:27:58.099 30560 30643 D OIC_CA_IP_SERVER: OUT CAInitializeFastShutdownMechanism
12-10 16:27:58.100 30560 30643 D OIC_CA_IP_SERVER: IN CARegisterForAddressChanges
12-10 16:27:58.100 30560 30643 D OIC_CA_IP_SERVER: OUT CARegisterForAddressChanges
12-10 16:27:58.100 30560 30643 D OIC_CA_IP_SERVER: IN CAIPStartListenServer
12-10 16:27:58.100 30560 30643 D OIC_CA_IFADDRS: NLMSG_DONE
12-10 16:27:58.101 30560 30643 D OIC_CA_IP_MONITOR: LOOPBACK continue!!!
12-10 16:27:58.101 30560 30643 D OIC_CA_IP_MONITOR: LOOPBACK continue!!!
12-10 16:27:58.101 30560 30643 D OIC_CA_IP_SERVER: IP network interfaces found: 4
12-10 16:27:58.101 30560 30643 D OIC_CA_IP_SERVER: Adding IPv6 interface(38) to multicast group
12-10 16:27:58.101 30560 30560 D OIC_IP_CB_INTERFACE: CONNECTIVITY_ACTION - activeNetwork: WIFI
12-10 16:27:58.102 30560 30560 D OIC_CA_IP_MONITOR: Wifi is in Activated State
12-10 16:27:58.102 30560 30560 D OIC_CA_IP_ADAP: IP adapter status is on. Store the own IP address info
12-10 16:27:58.102 30560 30643 D OIC_CA_IP_SERVER: Adding IPv6 interface(12) to multicast group
12-10 16:27:58.102 30560 30643 D OIC_CA_IP_SERVER: Adding IPv6 interface(2) to multicast group
12-10 16:27:58.102 30560 30643 D OIC_CA_IP_SERVER: Adding IPv4 interface(38) to multicast group
12-10 16:27:58.102 30560 30643 D OIC_CA_IP_SERVER: OUT CAIPStartListenServer
12-10 16:27:58.102 30560 30560 D OIC_CA_IFADDRS: NLMSG_DONE
12-10 16:27:58.102 30560 30643 D OIC_CA_UTHREADPOOL: IN
12-10 16:27:58.102 30560 30643 D OIC_CA_UTHREADPOOL: OUT
12-10 16:27:58.102 30560 30560 D OIC_CA_IP_MONITOR: LOOPBACK continue!!!
12-10 16:27:58.102 30560 30643 D OIC_CA_IP_SERVER: CAReceiveHandler thread started successfully.
12-10 16:27:58.102 30560 30643 D OIC_CA_CONN_MGR: CAAddNetworkType(CA_IP_ADAPTER) function returns result: 0
12-10 16:27:58.102 30560 30560 D OIC_CA_IP_MONITOR: LOOPBACK continue!!!
12-10 16:27:58.102 30560 30643 D OIC_RI_STACK: call CASelectNetwork [4]
12-10 16:27:58.103 30560 30643 D OIC_CA_INF_CTR: Start the adapter of CAConnectivityType[4]
12-10 16:27:58.103 30560 30560 D OIC_CA_INF_CTR: [1] adapter state is changed to [1]
12-10 16:27:58.103 30560 30560 D OIC_CA_IFADDRS: NLMSG_DONE
12-10 16:27:58.103 30560 30560 D OIC_CA_IP_MONITOR: LOOPBACK continue!!!
12-10 16:27:58.103 30560 30560 D OIC_CA_IP_MONITOR: LOOPBACK continue!!!
12-10 16:27:58.103 30560 30560 D OIC_CA_IP_SERVER: Adding a new IPv6 interface(38) to multicast group
12-10 16:27:58.103 30560 30560 D OIC_CA_IP_SERVER: Adding a new IPv6 interface(12) to multicast group
12-10 16:27:58.103 30560 30560 D OIC_CA_IP_SERVER: Adding a new IPv6 interface(2) to multicast group
12-10 16:27:58.103 30560 30560 D OIC_CA_IP_SERVER: Adding a new IPv4 interface(38) to multicast group
12-10 16:27:58.105 30560 30643 D OIC_CA_QING: thread initialize..
12-10 16:27:58.105 30560 30643 D OIC_CA_QING: thread initialize..
12-10 16:27:58.105 30560 30643 D OIC_CA_EDR_ADAP: Queue is initialized!
12-10 16:27:58.105 30560 30643 D OIC_CA_UTHREADPOOL: IN
12-10 16:27:58.105 30560 30643 D OIC_CA_UTHREADPOOL: OUT
12-10 16:27:58.106 30560 30643 D OIC_CA_UTHREADPOOL: IN
12-10 16:27:58.106 30560 30643 D OIC_CA_UTHREADPOOL: OUT
12-10 16:27:58.106 30560 30649 D OIC_CA_QING: message handler main thread start..
12-10 16:27:58.106 30560 30650 D OIC_CA_QING: message handler main thread start..
12-10 16:27:58.106 30560 30643 D OIC_CA_CONN_MGR: CAAddNetworkType(CA_RFCOMM_ADAPTER) function returns result : 0
12-10 16:27:58.106 30560 30649 D OIC_CA_QING: wait..
12-10 16:27:58.106 30560 30650 D OIC_CA_QING: wait..
12-10 16:27:58.106 30560 30643 D OIC_RI_STACK: call CASelectNetwork [2]
12-10 16:27:58.106 30560 30643 D OIC_CA_INF_CTR: Start the adapter of CAConnectivityType[2]
12-10 16:27:58.106 30560 30643 D OIC_CA_CONN_MGR: CAAddNetworkType(CA_GATT_ADAPTER) function returns result : 0
12-10 16:27:58.106 30560 30643 D OIC_RI_STACK: call CASelectNetwork [32]
12-10 16:27:58.106 30560 30643 D OIC_CA_INF_CTR: Start the adapter of CAConnectivityType[32]
12-10 16:27:58.106 30560 30643 E OIC_CA_INF_CTR: unknown connectivity type!
12-10 16:27:58.106 30560 30643 D OIC_CA_CONN_MGR: CAAddNetworkType(CA_ADAPTER_NFC) function returns result : 255
12-10 16:27:58.106 30560 30643 D OIC_CA_COMMON_UTILS: CARegisterNetworkMonitorHandler
12-10 16:27:58.106 30560 30643 D OIC_CA_INF_CTR: Set network monitoring callback
12-10 16:27:58.106 30560 30643 D OIC_CA_INF_CTR: Add NetworkStateChanged Callback
12-10 16:27:58.107 30560 30643 D OIC_SRM : SRMRegisterHandler !!
12-10 16:27:58.107 30560 30643 D OIC_CA_CONN_MGR: CARegisterHandler
12-10 16:27:58.107 30560 30643 D OIC_CA_CONN_MGR: CAStartListeningServer
12-10 16:27:58.107 30560 30643 D OIC_CA_IP_SERVER: Adapter is started already
12-10 16:27:58.107 30560 30643 D OIC_CA_EDR_SERVER: accept flag is set false
12-10 16:27:58.108  1667  4134 D BluetoothManagerService: checkIfCallerIsForegroundUser: valid=true callingUser=0 parentUser=-10000 foregroundUser=0
12-10 16:27:58.108 30560 30643 D OIC_CA_EDR_SERVER: My BT Address is 02:00:00:00:00:00
12-10 16:27:58.108 30560 30643 D OIC_CA_EDR_UTILS: CAEDRNativeCreateDeviceStateList
12-10 16:27:58.108 30560 30643 D OIC_CA_EDR_UTILS: CAEDRNativeCreateDeviceSocketList
12-10 16:27:58.108 30560 30643 D OIC_CA_UTHREADPOOL: IN
12-10 16:27:58.108 30560 30643 D OIC_CA_UTHREADPOOL: OUT
12-10 16:27:58.108 30560 30643 D OIC_CA_EDR_SERVER: CAEDRStartReceiveThread
12-10 16:27:58.108 30560 30643 D OIC_CA_UTHREADPOOL: IN
12-10 16:27:58.109 30560 30651 D OIC_CA_EDR_SERVER: AcceptThread start
12-10 16:27:58.109 30560 30643 D OIC_CA_UTHREADPOOL: OUT
12-10 16:27:58.109 30560 30651 D OIC_CA_EDR_SERVER: Could not get JNIEnv pointer
12-10 16:27:58.109 30560 30643 D OIC_CA_EDR_SERVER: OUT
12-10 16:27:58.109 30560 30643 D OIC_CA_LE_ADAP: IN - CAStartLEListeningServer
12-10 16:27:58.109 30560 30652 D OIC_CA_EDR_SERVER: IN - CAReceiveHandler
12-10 16:27:58.109 30560 30643 D OIC_CA_LE_ADAP: CAInitLEServerSenderQueue
12-10 16:27:58.109 30560 30652 D OIC_CA_EDR_SERVER: CAReceiveHandler - Could not get JNIEnv pointer
12-10 16:27:58.109 30560 30643 D OIC_CA_QING: thread initialize..
12-10 16:27:58.109 30560 30643 D OIC_CA_LE_ADAP: CAInitLEServerReceiverQueue
12-10 16:27:58.109 30560 30643 D OIC_CA_QING: thread initialize..
12-10 16:27:58.109 30560 30643 D OIC_CA_UTHREADPOOL: IN
12-10 16:27:58.109 30560 30643 D OIC_CA_UTHREADPOOL: OUT
12-10 16:27:58.110 30560 30651 D OIC_CA_EDR_SERVER: CAEDRNativeListen - IN
12-10 16:27:58.110 30560 30653 D OIC_CA_QING: message handler main thread start..
12-10 16:27:58.110 30560 30653 D OIC_CA_QING: wait..
12-10 16:27:58.111 30560 30643 D OIC_CA_LE_UTILS: adapter state is 1
12-10 16:27:58.111 30560 30643 D OIC_CA_LE_ADAP: CALEAdapterGattServerStart
12-10 16:27:58.111 30560 30643 D OIC_CA_LE_SERVER: IN - CALEServerStartMulticastServer
12-10 16:27:58.111 30560 30643 D OIC_CA_LE_SERVER: IN - CALEServerStartGattServer
12-10 16:27:58.113 30560 30643 D OIC_CA_LE_UTILS: adapter state is 1
12-10 16:27:58.113 30560 30643 D OIC_CA_LE_SERVER: Gatt server already started
12-10 16:27:58.113 30560 30643 D OIC_CA_LE_SERVER: IN - CALEServerOpenGattServer
12-10 16:27:58.114  1667  4134 D BluetoothManagerService: checkIfCallerIsForegroundUser: valid=true callingUser=0 parentUser=-10000 foregroundUser=0
12-10 16:27:58.115 30560 30643 D OIC_CA_LE_UTILS: adapter state is 1
12-10 16:27:58.115 30560 30651 W BluetoothAdapter: getBluetoothService() called with no BluetoothManagerCallback
12-10 16:27:58.117 30560 30643 D BluetoothGattServer: registerCallback()
12-10 16:27:58.117 30560 30643 D BluetoothGattServer: registerCallback() - UUID=9c6851e4-0a61-41e5-aceb-651cf24b6a59
12-10 16:27:58.119 26043 26057 D BtGatt.GattService: registerServer() - UUID=9c6851e4-0a61-41e5-aceb-651cf24b6a59
12-10 16:27:58.119 30560 30651 D OIC_CA_EDR_SERVER: CAEDRNativeListen - OUT
12-10 16:27:58.119 26043 26075 E bt_btif : register application first_unuse rcb_idx = 0
12-10 16:27:58.120 26043 26068 D BtGatt.GattService: onServerRegistered() - UUID=9c6851e4-0a61-41e5-aceb-651cf24b6a59, serverIf=5
12-10 16:27:58.120 30560 30651 D OIC_CA_EDR_SERVER: CAEDRNativeAccept - IN
12-10 16:27:58.120 30560 30651 D OIC_CA_EDR_SERVER: waiting for the new connection request...
12-10 16:27:58.121 30560 30590 D BluetoothGattServer: onServerRegistered() - status=0 serverIf=5
12-10 16:27:58.121 30560 30643 D OIC_CA_LE_SERVER: OUT - CALEServerOpenGattServer
12-10 16:27:58.121 30560 30643 D OIC_CA_LE_SERVER: IN - CALEServerCreateGattService
12-10 16:27:58.122 30560 30643 D OIC_CA_LE_UTILS: adapter state is 1
12-10 16:27:58.123 30560 30643 D OIC_CA_LE_SERVER: OUT - CALEServerCreateGattService
12-10 16:27:58.124 30560 30643 D OIC_CA_LE_SERVER: IN - CALEServerAddGattService
12-10 16:27:58.124 30560 30643 D OIC_CA_LE_UTILS: adapter state is 1
12-10 16:27:58.124 30560 30643 D BluetoothGattServer: addService() - service: ade3d529-c784-4f63-a987-eb69f70ee816
12-10 16:27:58.125 26043 26057 D BtGatt.GattService: beginServiceDeclaration() - uuid=ade3d529-c784-4f63-a987-eb69f70ee816
12-10 16:27:58.126 26043 26057 D BtGatt.GattService: addCharacteristic() - uuid=e9241982-4580-42c4-8831-95048216b256
12-10 16:27:58.127 26043 26057 D BtGatt.GattService: addCharacteristic() - uuid=ad7b334f-4637-4b86-90b6-9d787f03d218
12-10 16:27:58.128 26043 26057 D BtGatt.GattService: endServiceDeclaration()
12-10 16:27:58.128 26043 26057 D BtGatt.GattService: continueServiceDeclaration() - srvcHandle=0
12-10 16:27:58.128 26043 26057 D BtGatt.GattService: continueServiceDeclaration() - next entry type=1
12-10 16:27:58.128 30560 30643 D OIC_CA_LE_SERVER: OUT - CALEServerAddGattService
12-10 16:27:58.128 30560 30643 I OIC_CA_LE_SERVER: the advertisement of the bleFlags is disable[0]
12-10 16:27:58.129 30560 30643 D OIC_CA_LE_SERVER: OUT - CALEServerStartMulticastServer
12-10 16:27:58.129 26043 26075 E bt_btif : create service rcb_idx = 0
12-10 16:27:58.129 30560 30643 D OIC_CA_UTHREADPOOL: IN
12-10 16:27:58.129 26043 26068 D BtGatt.GattService: onServiceAdded() UUID=ade3d529-c784-4f63-a987-eb69f70ee816, status=0, handle=40
12-10 16:27:58.129 26043 26068 D BtGatt.GattService: continueServiceDeclaration() - srvcHandle=40
12-10 16:27:58.129 30560 30643 D OIC_CA_UTHREADPOOL: OUT
12-10 16:27:58.129 26043 26068 D BtGatt.GattService: continueServiceDeclaration() - next entry type=2
12-10 16:27:58.129 30560 30643 D OIC_CA_LE_ADAP: OUT
12-10 16:27:58.129 30560 30643 E OIC_CA_INF_CTR: unknown connectivity type!
12-10 16:27:58.129 30560 30643 I OIC_RI_STACK: Server mode: CAStartListeningServer
12-10 16:27:58.129 30560 30643 I OIC_RI_STACK: Entering OCCreateResource
12-10 16:27:58.129 30560 30643 I OIC_RI_STACK: Added type oic.wk.ad to /oic/ad
12-10 16:27:58.129 30560 30643 I OIC_RI_STACK: Binding core.r interface to /oic/ad
12-10 16:27:58.130 30560 30643 I OIC_RI_STACK: Binding oic.if.baseline interface to /oic/ad
12-10 16:27:58.130 26043 26068 D BtGatt.GattService: onCharacteristicAdded() UUID=e9241982-4580-42c4-8831-95048216b256, status=0, srvcHandle=40, charHandle=42
12-10 16:27:58.130 30560 30643 I OIC_RI_STACK: Binding 449 TPS flags to /oic/ad
12-10 16:27:58.130 26043 26068 D BtGatt.GattService: continueServiceDeclaration() - srvcHandle=40
