12-10 16:27:58.068 30560 30643 I OIC-JNI : JNI_OnLoad
12-10 16:27:58.077 30560 30643 D OIC_CA_ADAP_UTILS: CANativeJNISetJavaVM
12-10 16:27:58.077 30560 30643 D OIC_CA_ADAP_UTILS: CANativeSetActivity
12-10 16:27:58.077 30560 30643 E OIC_CA_ADAP_UTILS: activity is null
12-10 16:27:58.077 30560 30643 D OIC_CA_ADAP_UTILS: CANativeJNISetContext
12-10 16:27:58.077 30560 30643 I OIC-JNI : OcPlatform_configure
12-10 16:27:58.078 30560 30643 I OIC_RI_STACK: RegisterPersistentStorageHandler !!
12-10 16:27:58.078 30560 30643 I OIC-JNI : OcPlatform.start
12-10 16:27:58.078 30560 30643 I OIC_PLATFORM: start
12-10 16:27:58.078 30560 30643 I OIC_PLATFORM: init
12-10 16:27:58.078 30560 30643 I OIC_RI_STACK: Entering OCInit2
12-10 16:27:58.078 30560 30643 I OIC_RI_STACK: IoTivity version is v2.0.1
12-10 16:27:58.078 30560 30643 D OIC_CA_CONN_MGR: CAInitialize type : 0
12-10 16:27:58.078 30560 30643 D OIC_CA_INF_CTR: Set Receiver handle callback
12-10 16:27:58.078 30560 30643 D OIC_CA_INF_CTR: Set error handle callback
12-10 16:27:58.078 30560 30643 D OIC_CA_UTHREADPOOL: IN
12-10 16:27:58.078 30560 30643 D OIC_CA_UTHREADPOOL: OUT
12-10 16:27:58.078 30560 30643 D OIC_CA_QING: thread initialize..
12-10 16:27:58.079 30560 30643 D OIC_CA_UTHREADPOOL: IN
12-10 16:27:58.079 30560 30643 D OIC_CA_UTHREADPOOL: OUT
12-10 16:27:58.079 30560 30644 D OIC_CA_QING: message handler main thread start..
12-10 16:27:58.079 30560 30643 D OIC_CA_QING: thread initialize..
12-10 16:27:58.079 30560 30644 D OIC_CA_QING: wait..
12-10 16:27:58.079 30560 30643 D OIC_CA_RETRANS: thread initialize
12-10 16:27:58.079 30560 30643 D OIC_CA_BWT: CAInitializeBlockWiseTransfer
12-10 16:27:58.079 30560 30643 D OIC_CA_UTHREADPOOL: IN
12-10 16:27:58.079 30560 30643 D OIC_CA_UTHREADPOOL: OUT
12-10 16:27:58.079 30560 30645 D OIC_CA_RETRANS: retransmission main thread start
12-10 16:27:58.079 30560 30643 D OIC_CA_INF_CTR: initialize adapters 0
12-10 16:27:58.079 30560 30645 D OIC_CA_RETRANS: wait..there is no retransmission data.
12-10 16:27:58.079 30560 30643 D OIC_CA_IP_ADAP: IN
12-10 16:27:58.079 30560 30643 D OIC_CA_INF_CTR: 1 type adapter, register complete!
12-10 16:27:58.079 30560 30643 I OIC_CA_IP_ADAP: OUT IntializeIP is Success
12-10 16:27:58.080 30560 30643 D OIC_CA_EDR_MONITOR: CAEDRNetworkMonitorJniInit
12-10 16:27:58.080 30560 30643 D OIC_CA_EDR_MONITOR: CAEDRSetNetworkChangeCallback
12-10 16:27:58.080 30560 30643 D OIC_CA_EDR_CLIENT: CAEDRInitialize
12-10 16:27:58.080 30560 30643 D OIC_CA_EDR_CLIENT: CAEdrClientJniInit
12-10 16:27:58.080 30560 30643 D OIC_CA_EDR_CLIENT: CAEDRJniInitContext
12-10 16:27:58.084 30560 30643 D OIC_CA_EDR_CLIENT: My BT Address is 02:00:00:00:00:00
12-10 16:27:58.085 30560 30643 D OIC_CA_EDR_UTILS: CAEDRNativeCreateDeviceStateList
12-10 16:27:58.085 30560 30643 D OIC_CA_EDR_UTILS: Create device list
12-10 16:27:58.085 30560 30643 D OIC_CA_EDR_UTILS: CAEDRNativeCreateDeviceSocketList
12-10 16:27:58.085 30560 30643 D OIC_CA_EDR_UTILS: Create Device object list
12-10 16:27:58.085 30560 30643 D OIC_CA_EDR_CLIENT: CAEDRCreateJNIInterfaceObject
12-10 16:27:58.087 30560 30643 D OIC_CA_EDR_CLIENT: NewObject Success
12-10 16:27:58.087 30560 30643 D OIC_CA_EDR_CLIENT: OUT
12-10 16:27:58.087 30560 30643 D OIC_CA_EDR_SERVER: CAEDRServerInitialize
12-10 16:27:58.087 30560 30643 D OIC_CA_EDR_SERVER: CAEDRServerJniInit
12-10 16:27:58.087 30560 30643 D OIC_CA_INF_CTR: 4 type adapter, register complete!
12-10 16:27:58.087 30560 30643 D OIC_CA_EDR_ADAP: OUT
12-10 16:27:58.087 30560 30643 D OIC_CA_LE_ADAP: CAInitializeLE
12-10 16:27:58.087 30560 30643 D OIC_CA_LE_ADAP: CAInitLEAdapterMutex
12-10 16:27:58.087 30560 30643 D OIC_CA_LE_MONITOR: CALENetworkMonitorJNISetContext - it is not supported
12-10 16:27:58.087 30560 30643 D OIC_CA_LE_MONITOR: CALENetworkMonitorJniInit
12-10 16:27:58.087 30560 30643 D OIC_CA_LE_CLIENT: Initialize GATT Client
12-10 16:27:58.087 30560 30643 D OIC_CA_LE_CLIENT: CALEClientInitialize
12-10 16:27:58.087 30560 30643 D OIC_CA_LE_CLIENT: CALEClientJniInit
12-10 16:27:58.087 30560 30643 D OIC_CA_LE_UTILS: sdk version is 25
12-10 16:27:58.088 30560 30643 D OIC_CA_LE_CLIENT: CALEClientCreateDeviceList
12-10 16:27:58.088 30560 30643 D OIC_CA_LE_CLIENT: Create g_gattObjectList
12-10 16:27:58.088 30560 30643 D OIC_CA_LE_CLIENT: Create g_deviceStateList
12-10 16:27:58.088 30560 30643 D OIC_CA_LE_CLIENT: Create g_deviceList
12-10 16:27:58.088 30560 30643 D OIC_CA_LE_CLIENT: CALEClientJNISetContext
12-10 16:27:58.088 30560 30643 D OIC_CA_LE_CLIENT: CALECreateJniInterfaceObject
12-10 16:27:58.090 30560 30643 D OIC_CA_LE_CLIENT: caLeRegisterLeScanCallbackForV21
12-10 16:27:58.090 30560 30643 D OIC_CA_LE_CLIENT: CaLeRegisterGattCallback
12-10 16:27:58.093 30560 30643 D OIC_CA_LE_CLIENT: Create instance for CaLeClientInterface
12-10 16:27:58.093 30560 30643 I OIC_CA_LE_SERVER: CASetLEServerThreadPoolHandle is not support
12-10 16:27:58.093 30560 30643 D OIC_CA_LE_SERVER: Initialize Gatt Server
12-10 16:27:58.093 30560 30643 D OIC_CA_LE_SERVER: IN - CALEServerInitialize
12-10 16:27:58.093 30560 30643 D OIC_CA_LE_SERVER: CALeServerJniInit
12-10 16:27:58.093 30560 30643 D OIC_CA_LE_UTILS: sdk version is 25
12-10 16:27:58.093 30560 30643 D OIC_CA_LE_SERVER: CALEServerJNISetContext
12-10 16:27:58.093 30560 30643 D OIC_CA_LE_SERVER: Create device list
12-10 16:27:58.093 30560 30643 D OIC_CA_LE_SERVER: Create device list
12-10 16:27:58.093 30560 30643 D OIC_CA_LE_SERVER: CALEServerCreateJniInterfaceObject
12-10 16:27:58.094 30560 30643 D OIC_CA_LE_SERVER: Register Le Gatt Server Callback
12-10 16:27:58.094 30560 30643 D OIC_CA_LE_SERVER: Register Le Advertise Callback
12-10 16:27:58.094 30560 30643 D OIC_CA_LE_SERVER: Create instance for CaLeServerInterface
12-10 16:27:58.094 30560 30643 D OIC_CA_LE_SERVER: OUT - CALEServerInitialize
12-10 16:27:58.094 30560 30643 D OIC_CA_LE_ADAP: IN
12-10 16:27:58.094 30560 30643 D OIC_CA_LE_MONITOR: Setting CALEDeviceStateChangedCallback
12-10 16:27:58.094 30560 30643 D OIC_CA_LE_MONITOR: CALESetAdapterStateCallback
12-10 16:27:58.094 30560 30643 D OIC_CA_LE_MONITOR: CASetLENWConnectionStateChangedCb
12-10 16:27:58.094 30560 30643 D OIC_CA_LE_ADAP: OUT
12-10 16:27:58.094 30560 30643 D OIC_CA_INF_CTR: 2 type adapter, register complete!
12-10 16:27:58.095 30560 30643 D OIC_CA_QING: thread initialize..
12-10 16:27:58.095 30560 30643 D OIC_CA_UTHREADPOOL: IN
12-10 16:27:58.095 30560 30643 D OIC_CA_UTHREADPOOL: OUT
12-10 16:27:58.095 30560 30646 D OIC_CA_QING: message handler main thread start..
12-10 16:27:58.095 30560 30643 D OIC_RI_STACK: OCSelectNetwork [0]
12-10 16:27:58.095 30560 30646 D OIC_CA_QING: wait..
12-10 16:27:58.095 30560 30643 D OIC_RI_STACK: call CASelectNetwork [1]
12-10 16:27:58.095 30560 30643 D OIC_CA_NW_CONFIG: Create network list
12-10 16:27:58.095 30560 30643 D OIC_CA_INF_CTR: Start the adapter of CAConnectivityType[1]
12-10 16:27:58.095 30560 30643 D OIC_CA_IP_MONITOR: CAIPJniInit_IN
12-10 16:27:58.098 30560 30643 D OIC_CA_IP_MONITOR: Create CaIpInterface instance, success
12-10 16:27:58.098 30560 30643 D OIC_CA_IP_MONITOR: CAIPJniInit_OUT
12-10 16:27:58.098 30560 30643 D OIC_CA_QING: thread initialize..
12-10 16:27:58.098 30560 30643 D OIC_CA_UTHREADPOOL: IN
12-10 16:27:58.098 30560 30643 D OIC_CA_UTHREADPOOL: OUT
12-10 16:27:58.099 30560 30647 D OIC_CA_QING: message handler main thread start..
12-10 16:27:58.099 30560 30647 D OIC_CA_QING: wait..
12-10 16:27:58.099 30560 30643 I OIC_CA_IP_SERVER: IPv6 unicast port: 56099
12-10 16:27:58.099 30560 30643 I OIC_CA_IP_SERVER: IPv4 unicast port: 54532
12-10 16:27:58.099 30560 30643 D OIC_CA_IP_SERVER: socket summary: u6=76, u6s=77, u4=71, u4s=74, m6=78, m6s=79, m4=75, m4s=80
12-10 16:27:58.099 30560 30643 D OIC_CA_IP_SERVER: port summary: u6 port=56099, u6s port=41029, u4 port=54532, u4s port=44889, m6 port=5683,m6s port=5684, m4 port=5683, m4s port=5684
12-10 16:27:58.099 30560 30643 D OIC_CA_IP_SERVER: IN CAInitializeFastShutdownMechanism
12-10 16:27:58.099 30560 30643 D OIC_CA_IP_SERVER: OUT CAInitializeFastShutdownMechanism
12-10 16:27:58.100 30560 30643 D OIC_CA_IP_SERVER: IN CARegisterForAddressChanges
12-10 16:27:58.100 30560 30643 D OIC_CA_IP_SERVER: OUT CARegisterForAddressChanges
12-10 16:27:58.100 30560 30643 D OIC_CA_IP_SERVER: IN CAIPStartListenServer
12-10 16:27:58.100 30560 30643 D OIC_CA_IFADDRS: NLMSG_DONE
12-10 16:27:58.101 30560 30643 D OIC_CA_IP_MONITOR: LOOPBACK continue!!!
12-10 16:27:58.101 30560 30643 D OIC_CA_IP_MONITOR: LOOPBACK continue!!!
12-10 16:27:58.101 30560 30643 D OIC_CA_IP_SERVER: IP network interfaces found: 4
12-10 16:27:58.101 30560 30643 D OIC_CA_IP_SERVER: Adding IPv6 interface(38) to multicast group
12-10 16:27:58.101 30560 30560 D OIC_IP_CB_INTERFACE: CONNECTIVITY_ACTION - activeNetwork: WIFI
12-10 16:27:58.102 30560 30560 D OIC_CA_IP_MONITOR: Wifi is in Activated State
12-10 16:27:58.102 30560 30560 D OIC_CA_IP_ADAP: IP adapter status is on. Store the own IP address info
12-10 16:27:58.102 30560 30643 D OIC_CA_IP_SERVER: Adding IPv6 interface(12) to multicast group
12-10 16:27:58.102 30560 30643 D OIC_CA_IP_SERVER: Adding IPv6 interface(2) to multicast group
12-10 16:27:58.102 30560 30643 D OIC_CA_IP_SERVER: Adding IPv4 interface(38) to multicast group
12-10 16:27:58.102 30560 30643 D OIC_CA_IP_SERVER: OUT CAIPStartListenServer
12-10 16:27:58.102 30560 30560 D OIC_CA_IFADDRS: NLMSG_DONE
12-10 16:27:58.102 30560 30643 D OIC_CA_UTHREADPOOL: IN
12-10 16:27:58.102 30560 30643 D OIC_CA_UTHREADPOOL: OUT
12-10 16:27:58.102 30560 30560 D OIC_CA_IP_MONITOR: LOOPBACK continue!!!
12-10 16:27:58.102 30560 30643 D OIC_CA_IP_SERVER: CAReceiveHandler thread started successfully.
12-10 16:27:58.102 30560 30643 D OIC_CA_CONN_MGR: CAAddNetworkType(CA_IP_ADAPTER) function returns result: 0
12-10 16:27:58.102 30560 30560 D OIC_CA_IP_MONITOR: LOOPBACK continue!!!
12-10 16:27:58.102 30560 30643 D OIC_RI_STACK: call CASelectNetwork [4]
12-10 16:27:58.103 30560 30643 D OIC_CA_INF_CTR: Start the adapter of CAConnectivityType[4]
12-10 16:27:58.103 30560 30560 D OIC_CA_INF_CTR: [1] adapter state is changed to [1]
12-10 16:27:58.103 30560 30560 D OIC_CA_IFADDRS: NLMSG_DONE
12-10 16:27:58.103 30560 30560 D OIC_CA_IP_MONITOR: LOOPBACK continue!!!
12-10 16:27:58.103 30560 30560 D OIC_CA_IP_MONITOR: LOOPBACK continue!!!
12-10 16:27:58.103 30560 30560 D OIC_CA_IP_SERVER: Adding a new IPv6 interface(38) to multicast group
12-10 16:27:58.103 30560 30560 D OIC_CA_IP_SERVER: Adding a new IPv6 interface(12) to multicast group
12-10 16:27:58.103 30560 30560 D OIC_CA_IP_SERVER: Adding a new IPv6 interface(2) to multicast group
12-10 16:27:58.103 30560 30560 D OIC_CA_IP_SERVER: Adding a new IPv4 interface(38) to multicast group
12-10 16:27:58.105 30560 30643 D OIC_CA_QING: thread initialize..
12-10 16:27:58.105 30560 30643 D OIC_CA_QING: thread initialize..
12-10 16:27:58.105 30560 30643 D OIC_CA_EDR_ADAP: Queue is initialized!
12-10 16:27:58.105 30560 30643 D OIC_CA_UTHREADPOOL: IN
12-10 16:27:58.105 30560 30643 D OIC_CA_UTHREADPOOL: OUT
12-10 16:27:58.106 30560 30643 D OIC_CA_UTHREADPOOL: IN
12-10 16:27:58.106 30560 30643 D OIC_CA_UTHREADPOOL: OUT
12-10 16:27:58.106 30560 30649 D OIC_CA_QING: message handler main thread start..
12-10 16:27:58.106 30560 30650 D OIC_CA_QING: message handler main thread start..
12-10 16:27:58.106 30560 30643 D OIC_CA_CONN_MGR: CAAddNetworkType(CA_RFCOMM_ADAPTER) function returns result : 0
12-10 16:27:58.106 30560 30649 D OIC_CA_QING: wait..
12-10 16:27:58.106 30560 30650 D OIC_CA_QING: wait..
12-10 16:27:58.106 30560 30643 D OIC_RI_STACK: call CASelectNetwork [2]
12-10 16:27:58.106 30560 30643 D OIC_CA_INF_CTR: Start the adapter of CAConnectivityType[2]
12-10 16:27:58.106 30560 30643 D OIC_CA_CONN_MGR: CAAddNetworkType(CA_GATT_ADAPTER) function returns result : 0
12-10 16:27:58.106 30560 30643 D OIC_RI_STACK: call CASelectNetwork [32]
12-10 16:27:58.106 30560 30643 D OIC_CA_INF_CTR: Start the adapter of CAConnectivityType[32]
12-10 16:27:58.106 30560 30643 E OIC_CA_INF_CTR: unknown connectivity type!
12-10 16:27:58.106 30560 30643 D OIC_CA_CONN_MGR: CAAddNetworkType(CA_ADAPTER_NFC) function returns result : 255
12-10 16:27:58.106 30560 30643 D OIC_CA_COMMON_UTILS: CARegisterNetworkMonitorHandler
12-10 16:27:58.106 30560 30643 D OIC_CA_INF_CTR: Set network monitoring callback
12-10 16:27:58.106 30560 30643 D OIC_CA_INF_CTR: Add NetworkStateChanged Callback
12-10 16:27:58.107 30560 30643 D OIC_SRM : SRMRegisterHandler !!
12-10 16:27:58.107 30560 30643 D OIC_CA_CONN_MGR: CARegisterHandler
12-10 16:27:58.107 30560 30643 D OIC_CA_CONN_MGR: CAStartListeningServer
12-10 16:27:58.107 30560 30643 D OIC_CA_IP_SERVER: Adapter is started already
12-10 16:27:58.107 30560 30643 D OIC_CA_EDR_SERVER: accept flag is set false
12-10 16:27:58.108 30560 30643 D OIC_CA_EDR_SERVER: My BT Address is 02:00:00:00:00:00
12-10 16:27:58.108 30560 30643 D OIC_CA_EDR_UTILS: CAEDRNativeCreateDeviceStateList
12-10 16:27:58.108 30560 30643 D OIC_CA_EDR_UTILS: CAEDRNativeCreateDeviceSocketList
12-10 16:27:58.108 30560 30643 D OIC_CA_UTHREADPOOL: IN
12-10 16:27:58.108 30560 30643 D OIC_CA_UTHREADPOOL: OUT
12-10 16:27:58.108 30560 30643 D OIC_CA_EDR_SERVER: CAEDRStartReceiveThread
12-10 16:27:58.108 30560 30643 D OIC_CA_UTHREADPOOL: IN
12-10 16:27:58.109 30560 30651 D OIC_CA_EDR_SERVER: AcceptThread start
12-10 16:27:58.109 30560 30643 D OIC_CA_UTHREADPOOL: OUT
12-10 16:27:58.109 30560 30651 D OIC_CA_EDR_SERVER: Could not get JNIEnv pointer
12-10 16:27:58.109 30560 30643 D OIC_CA_EDR_SERVER: OUT
12-10 16:27:58.109 30560 30643 D OIC_CA_LE_ADAP: IN - CAStartLEListeningServer
12-10 16:27:58.109 30560 30652 D OIC_CA_EDR_SERVER: IN - CAReceiveHandler
12-10 16:27:58.109 30560 30643 D OIC_CA_LE_ADAP: CAInitLEServerSenderQueue
12-10 16:27:58.109 30560 30652 D OIC_CA_EDR_SERVER: CAReceiveHandler - Could not get JNIEnv pointer
12-10 16:27:58.109 30560 30643 D OIC_CA_QING: thread initialize..
12-10 16:27:58.109 30560 30643 D OIC_CA_LE_ADAP: CAInitLEServerReceiverQueue
12-10 16:27:58.109 30560 30643 D OIC_CA_QING: thread initialize..
12-10 16:27:58.109 30560 30643 D OIC_CA_UTHREADPOOL: IN
12-10 16:27:58.109 30560 30643 D OIC_CA_UTHREADPOOL: OUT
12-10 16:27:58.110 30560 30651 D OIC_CA_EDR_SERVER: CAEDRNativeListen - IN
12-10 16:27:58.110 30560 30653 D OIC_CA_QING: message handler main thread start..
12-10 16:27:58.110 30560 30653 D OIC_CA_QING: wait..
12-10 16:27:58.111 30560 30643 D OIC_CA_LE_UTILS: adapter state is 1
12-10 16:27:58.111 30560 30643 D OIC_CA_LE_ADAP: CALEAdapterGattServerStart
12-10 16:27:58.111 30560 30643 D OIC_CA_LE_SERVER: IN - CALEServerStartMulticastServer
12-10 16:27:58.111 30560 30643 D OIC_CA_LE_SERVER: IN - CALEServerStartGattServer
12-10 16:27:58.113 30560 30643 D OIC_CA_LE_UTILS: adapter state is 1
12-10 16:27:58.113 30560 30643 D OIC_CA_LE_SERVER: Gatt server already started
12-10 16:27:58.113 30560 30643 D OIC_CA_LE_SERVER: IN - CALEServerOpenGattServer
12-10 16:27:58.115 30560 30643 D OIC_CA_LE_UTILS: adapter state is 1
12-10 16:27:58.119 30560 30651 D OIC_CA_EDR_SERVER: CAEDRNativeListen - OUT
12-10 16:27:58.120 30560 30651 D OIC_CA_EDR_SERVER: CAEDRNativeAccept - IN
12-10 16:27:58.120 30560 30651 D OIC_CA_EDR_SERVER: waiting for the new connection request...
12-10 16:27:58.121 30560 30643 D OIC_CA_LE_SERVER: OUT - CALEServerOpenGattServer
12-10 16:27:58.121 30560 30643 D OIC_CA_LE_SERVER: IN - CALEServerCreateGattService
12-10 16:27:58.122 30560 30643 D OIC_CA_LE_UTILS: adapter state is 1
12-10 16:27:58.123 30560 30643 D OIC_CA_LE_SERVER: OUT - CALEServerCreateGattService
12-10 16:27:58.124 30560 30643 D OIC_CA_LE_SERVER: IN - CALEServerAddGattService
12-10 16:27:58.124 30560 30643 D OIC_CA_LE_UTILS: adapter state is 1
12-10 16:27:58.128 30560 30643 D OIC_CA_LE_SERVER: OUT - CALEServerAddGattService
12-10 16:27:58.128 30560 30643 I OIC_CA_LE_SERVER: the advertisement of the bleFlags is disable[0]
12-10 16:27:58.129 30560 30643 D OIC_CA_LE_SERVER: OUT - CALEServerStartMulticastServer
12-10 16:27:58.129 30560 30643 D OIC_CA_UTHREADPOOL: IN
12-10 16:27:58.129 30560 30643 D OIC_CA_UTHREADPOOL: OUT
12-10 16:27:58.129 30560 30643 D OIC_CA_LE_ADAP: OUT
12-10 16:27:58.129 30560 30643 E OIC_CA_INF_CTR: unknown connectivity type!
12-10 16:27:58.129 30560 30643 I OIC_RI_STACK: Server mode: CAStartListeningServer
12-10 16:27:58.129 30560 30643 I OIC_RI_STACK: Entering OCCreateResource
12-10 16:27:58.129 30560 30643 I OIC_RI_STACK: Added type oic.wk.ad to /oic/ad
12-10 16:27:58.129 30560 30643 I OIC_RI_STACK: Binding core.r interface to /oic/ad
12-10 16:27:58.130 30560 30643 I OIC_RI_STACK: Binding oic.if.baseline interface to /oic/ad
12-10 16:27:58.130 30560 30643 I OIC_RI_STACK: Binding 449 TPS flags to /oic/ad
12-10 16:27:58.130 30560 30654 D OIC_CA_QING: message handler main thread start..
12-10 16:27:58.130 30560 30654 D OIC_CA_QING: wait..
12-10 16:27:58.131 30560 30590 D OIC_CA_LE_SERVER: Gatt Service Added Callback(0)
12-10 16:27:58.132 30560 30643 I OIC_RI_STACK: SendPresenceNotification
12-10 16:27:58.132 30560 30643 I OIC_RI_OBSERVE: Entering SendObserverNotification
12-10 16:27:58.132 30560 30643 I OIC_RI_OBSERVE: Resource has no observers
12-10 16:27:58.132 30560 30643 D OIC_SRM_PSI: ReadDatabaseFromPS IN
12-10 16:27:58.132 30560 30643 D OIC_SRM_PSI: File Read Size: 0
12-10 16:27:58.132 30560 30643 D OIC_SRM_PSI: ReadDatabaseFromPS OUT
12-10 16:27:58.132 30560 30643 D OIC_SRM_DOXM: ReadSVDataFromPS failed
12-10 16:27:58.132 30560 30643 D OIC_SRM_DOXM: GetDoxmToDefault
12-10 16:27:58.132 30560 30643 D OIC_SRM_DOXM: IN: CheckDeviceID
12-10 16:27:58.133 30560 30643 D OIC_SRM_DOXM: Generated device UUID is [e0274e90-273e-08b5-40f7-231160d90371]
12-10 16:27:58.133 30560 30643 D OIC_SRM_DOXM: DoxmToCBORPayloadPartial: including oxms Property.
12-10 16:27:58.133 30560 30643 D OIC_SRM_DOXM: DoxmToCBORPayloadPartial: including oxmsel Property.
12-10 16:27:58.133 30560 30643 D OIC_SRM_DOXM: DoxmToCBORPayloadPartial: including sct Property.
12-10 16:27:58.133 30560 30643 D OIC_SRM_DOXM: DoxmToCBORPayloadPartial: including owned Property.
12-10 16:27:58.133 30560 30643 D OIC_SRM_DOXM: DoxmToCBORPayloadPartial: including deviceuuid Property.
12-10 16:27:58.133 30560 30643 D OIC_SRM_DOXM: DoxmToCBORPayloadPartial: including devowneruuid Property.
12-10 16:27:58.133 30560 30643 D OIC_SRM_DOXM: DoxmToCBORPayloadPartial: including rowneruuid Property.
12-10 16:27:58.133 30560 30643 D OIC_SRM_DOXM: DoxmToCBORPayloadPartial: encoding rowneruuid = 00000000-0000-0000-0000-000000000000.
12-10 16:27:58.133 30560 30643 D OIC_SRM_PSI: UpdateResourceInPS IN
12-10 16:27:58.133 30560 30643 D OIC_SRM_PSI: ReadDatabaseFromPS IN
12-10 16:27:58.133 30560 30643 D OIC_SRM_PSI: File Read Size: 0
12-10 16:27:58.134 30560 30643 D OIC_SRM_PSI: ReadDatabaseFromPS OUT
12-10 16:27:58.134 30560 30643 D OIC_SRM_PSI: Writing in the file: 222
12-10 16:27:58.134 30560 30643 E OIC_SRM_PSI: File open failed.
12-10 16:27:58.134 30560 30643 E OIC_SRM_PSI: (OC_STACK_OK == ret) failed!!
12-10 16:27:58.134 30560 30643 F OIC_SRM_DOXM: UpdatePersistentStorage failed!
12-10 16:27:58.134 30560 30643 D OIC_SRM_DOXM: OUT: CheckDeviceID
12-10 16:27:58.134 30560 30643 D OIC_SRM_DOXM: Initial Doxm Owned = 0
12-10 16:27:58.134 30560 30643 I OIC_RI_STACK: Entering OCCreateResource
12-10 16:27:58.134 30560 30643 I OIC_RI_STACK: Added type oic.r.doxm to /oic/sec/doxm
12-10 16:27:58.134 30560 30643 I OIC_RI_STACK: Binding oic.if.baseline interface to /oic/sec/doxm
12-10 16:27:58.134 30560 30643 I OIC_RI_STACK: Binding 449 TPS flags to /oic/sec/doxm
12-10 16:27:58.135 30560 30643 I OIC_RI_STACK: SendPresenceNotification
12-10 16:27:58.135 30560 30643 D OIC_SRM_PSI: ReadDatabaseFromPS IN
12-10 16:27:58.135 30560 30643 D OIC_SRM_PSI: File Read Size: 0
12-10 16:27:58.135 30560 30643 D OIC_SRM_PSI: ReadDatabaseFromPS OUT
12-10 16:27:58.135 30560 30643 D OIC_SRM_PSTAT: ReadSVDataFromPS failed
12-10 16:27:58.135 30560 30643 I OIC_RI_STACK: Entering OCCreateResource
12-10 16:27:58.135 30560 30643 I OIC_RI_STACK: OCCreateResourceWithEp: Creating Resource /oic/sec/pstat as OC_SECURE by default.
12-10 16:27:58.135 30560 30643 I OIC_RI_STACK: Added type oic.r.pstat to /oic/sec/pstat
12-10 16:27:58.135 30560 30643 I OIC_RI_STACK: Binding oic.if.baseline interface to /oic/sec/pstat
12-10 16:27:58.135 30560 30643 I OIC_RI_STACK: Binding 449 TPS flags to /oic/sec/pstat
12-10 16:27:58.136 30560 30643 I OIC_RI_STACK: SendPresenceNotification
12-10 16:27:58.136 30560 30643 D OIC_SRM_PSI: ReadDatabaseFromPS IN
12-10 16:27:58.136 30560 30643 D OIC_SRM_PSI: File Read Size: 0
12-10 16:27:58.136 30560 30643 D OIC_SRM_PSI: ReadDatabaseFromPS OUT
12-10 16:27:58.136 30560 30643 D OIC_SRM_SP: GetSecureVirtualDatabaseFromPS failed trying to read sp data
12-10 16:27:58.136 30560 30643 I OIC_RI_STACK: Entering OCCreateResource
12-10 16:27:58.136 30560 30643 I OIC_RI_STACK: OCCreateResourceWithEp: Creating Resource /oic/sec/sp as OC_SECURE by default.
12-10 16:27:58.136 30560 30643 I OIC_RI_STACK: Added type oic.r.sp to /oic/sec/sp
12-10 16:27:58.137 30560 30643 I OIC_RI_STACK: Binding oic.if.baseline interface to /oic/sec/sp
12-10 16:27:58.137 30560 30643 I OIC_RI_STACK: Binding 449 TPS flags to /oic/sec/sp
12-10 16:27:58.137 30560 30643 I OIC_RI_STACK: SendPresenceNotification
12-10 16:27:58.137 30560 30643 D OIC_SRM_SP: -------------------------------------------------
12-10 16:27:58.137 30560 30643 D OIC_SRM_SP: SP resource after startup initialization
12-10 16:27:58.137 30560 30643 D OIC_SRM_SP: -------------------------------------------------
12-10 16:27:58.137 30560 30643 D OIC_SRM_SP: # security profiles supported: 1
12-10 16:27:58.138 30560 30643 D OIC_SRM_SP:   0: 1.3.6.1.4.1.51414.0.0.1.0
12-10 16:27:58.138 30560 30643 D OIC_SRM_SP: Current security profile: 1.3.6.1.4.1.51414.0.0.1.0
12-10 16:27:58.138 30560 30643 D OIC_SRM_SP: -------------------------------------------------
12-10 16:27:58.138 30560 30643 D OIC_SRM_PSI: ReadDatabaseFromPS IN
12-10 16:27:58.138 30560 30643 D OIC_SRM_PSI: File Read Size: 0
12-10 16:27:58.138 30560 30643 D OIC_SRM_PSI: ReadDatabaseFromPS OUT
12-10 16:27:58.138 30560 30643 D OIC_SRM_ACL: ReadSVDataFromPS failed
12-10 16:27:58.138 30560 30643 I OIC_RI_STACK: Entering OCCreateResource
12-10 16:27:58.138 30560 30643 I OIC_RI_STACK: OCCreateResourceWithEp: Creating Resource /oic/sec/acl2 as OC_SECURE by default.
12-10 16:27:58.138 30560 30643 I OIC_RI_STACK: Added type oic.r.acl2 to /oic/sec/acl2
12-10 16:27:58.138 30560 30643 I OIC_RI_STACK: Binding oic.if.baseline interface to /oic/sec/acl2
12-10 16:27:58.138 30560 30643 I OIC_RI_STACK: Binding 449 TPS flags to /oic/sec/acl2
12-10 16:27:58.139 30560 30643 I OIC_RI_STACK: SendPresenceNotification
12-10 16:27:58.139 30560 30643 D OIC_SRM_PSI: ReadDatabaseFromPS IN
12-10 16:27:58.139 30560 30643 D OIC_SRM_PSI: File Read Size: 0
12-10 16:27:58.139 30560 30643 D OIC_SRM_PSI: ReadDatabaseFromPS OUT
12-10 16:27:58.139 30560 30643 D OIC_SRM_CREDL: ReadSVDataFromPS failed
12-10 16:27:58.139 30560 30643 I OIC_RI_STACK: Entering OCCreateResource
12-10 16:27:58.139 30560 30643 I OIC_RI_STACK: OCCreateResourceWithEp: Creating Resource /oic/sec/cred as OC_SECURE by default.
12-10 16:27:58.139 30560 30643 I OIC_RI_STACK: Added type oic.r.cred to /oic/sec/cred
12-10 16:27:58.139 30560 30643 I OIC_RI_STACK: Binding oic.if.baseline interface to /oic/sec/cred
12-10 16:27:58.139 30560 30643 I OIC_RI_STACK: Binding 449 TPS flags to /oic/sec/cred
12-10 16:27:58.140 30560 30643 I OIC_RI_STACK: SendPresenceNotification
12-10 16:27:58.140 30560 30643 D OIC_SRM_CREDL: OUT InitCredResource.
12-10 16:27:58.140 30560 30643 W OIC_SRM_RM: InitSecureResources: /amacl Resource implementation incomplete; not initializing.
12-10 16:27:58.140 30560 30643 I OIC_RI_STACK: Entering OCCreateResource
12-10 16:27:58.140 30560 30643 I OIC_RI_STACK: Added type oic.wk.res to /oic/res
12-10 16:27:58.140 30560 30643 I OIC_RI_STACK: Binding oic.if.ll interface to /oic/res
12-10 16:27:58.141 30560 30643 I OIC_RI_STACK: Binding oic.if.baseline interface to /oic/res
12-10 16:27:58.141 30560 30643 I OIC_RI_STACK: Binding 449 TPS flags to /oic/res
12-10 16:27:58.141 30560 30643 I OIC_RI_STACK: SendPresenceNotification
12-10 16:27:58.141 30560 30643 I OIC_RI_STACK: Binding oic.if.baseline interface to /oic/res
12-10 16:27:58.141 30560 30643 D OIC_SRM_PSI: CreateResetProfile IN
12-10 16:27:58.142 30560 30643 D OIC_SRM_PSI: ReadDatabaseFromPS IN
12-10 16:27:58.142 30560 30643 D OIC_SRM_PSI: File Read Size: 0
12-10 16:27:58.142 30560 30643 D OIC_SRM_PSI: ReadDatabaseFromPS OUT
12-10 16:27:58.142 30560 30643 D OIC_SRM_PSI: CreateResetProfile OUT
12-10 16:27:58.142 30560 30643 I OIC_RI_STACK: Entering OCCreateResource
12-10 16:27:58.142 30560 30643 I OIC_RI_STACK: Added type oic.wk.d to /oic/d
12-10 16:27:58.142 30560 30643 I OIC_RI_STACK: Binding oic.if.baseline interface to /oic/d
12-10 16:27:58.142 30560 30643 I OIC_RI_STACK: Binding 449 TPS flags to /oic/d
12-10 16:27:58.143 30560 30643 I OIC_RI_STACK: SendPresenceNotification
12-10 16:27:58.143 30560 30643 I OIC_RI_STACK: Binding oic.if.r interface to /oic/d
12-10 16:27:58.143 30560 30643 I OIC_RI_STACK: Entering OCCreateResource
12-10 16:27:58.143 30560 30643 I OIC_RI_STACK: Added type oic.wk.p to /oic/p
12-10 16:27:58.143 30560 30643 I OIC_RI_STACK: Binding oic.if.baseline interface to /oic/p
12-10 16:27:58.143 30560 30643 I OIC_RI_STACK: Binding 449 TPS flags to /oic/p
12-10 16:27:58.144 30560 30643 I OIC_RI_STACK: SendPresenceNotification
12-10 16:27:58.144 30560 30643 I OIC_RI_STACK: Binding oic.if.r interface to /oic/p
12-10 16:27:58.144 30560 30643 I OIC_RI_STACK: Entering OCCreateResource
12-10 16:27:58.144 30560 30643 I OIC_RI_STACK: OCCreateResourceWithEp: Creating Resource /introspection as OC_SECURE by default.
12-10 16:27:58.144 30560 30643 I OIC_RI_STACK: Added type oic.wk.introspection to /introspection
12-10 16:27:58.144 30560 30643 I OIC_RI_STACK: Binding oic.if.baseline interface to /introspection
12-10 16:27:58.144 30560 30643 I OIC_RI_STACK: Binding 449 TPS flags to /introspection
12-10 16:27:58.145 30560 30643 I OIC_RI_STACK: SendPresenceNotification
12-10 16:27:58.145 30560 30643 I OIC_RI_STACK: Binding oic.if.r interface to /introspection
12-10 16:27:58.145 30560 30643 I OIC_RI_STACK: Entering OCCreateResource
12-10 16:27:58.145 30560 30643 I OIC_RI_STACK: Added type oic.wk.introspection.payload to /introspection/payload
12-10 16:27:58.145 30560 30643 I OIC_RI_STACK: Binding oic.if.baseline interface to /introspection/payload
12-10 16:27:58.145 30560 30643 I OIC_RI_STACK: Binding 449 TPS flags to /introspection/payload
12-10 16:27:58.146 30560 30643 I OIC_RI_STACK: SendPresenceNotification
12-10 16:27:58.146 30560 30643 I OIC_RI_STACK: Binding oic.if.r interface to /introspection/payload
12-10 16:27:58.146 30560 30643 D OIC_RI_RESOURCE: InitializeDeviceProperties IN
12-10 16:27:58.146 30560 30643 D OIC_SRM_PSI: ReadDatabaseFromPS IN
12-10 16:27:58.146 30560 30643 D OIC_SRM_PSI: File Read Size: 0
12-10 16:27:58.146 30560 30643 D OIC_SRM_PSI: ReadDatabaseFromPS OUT
12-10 16:27:58.146 30560 30643 E OIC_RI_RESOURCE: ReadDatabaseFromPS failed
12-10 16:27:58.146 30560 30643 E OIC_RI_RESOURCE: ReadDevicePropertiesFromDatabase failed
12-10 16:27:58.147 30560 30643 D OIC_RI_RESOURCE: CreateDeviceProperties IN
12-10 16:27:58.147 30560 30643 D OIC_RI_RESOURCE: CreateDeviceProperties OUT
12-10 16:27:58.147 30560 30643 D OIC_RI_RESOURCE: CreateDeviceProperties IN
12-10 16:27:58.147 30560 30643 D OIC_RI_RESOURCE: CreateDeviceProperties OUT
12-10 16:27:58.147 30560 30643 D OIC_SRM_PSI: UpdateResourceInPS IN
12-10 16:27:58.147 30560 30643 D OIC_SRM_PSI: ReadDatabaseFromPS IN
12-10 16:27:58.147 30560 30643 D OIC_SRM_PSI: File Read Size: 0
12-10 16:27:58.147 30560 30643 D OIC_SRM_PSI: ReadDatabaseFromPS OUT
12-10 16:27:58.147 30560 30643 D OIC_SRM_PSI: Writing in the file: 66
12-10 16:27:58.147 30560 30643 E OIC_SRM_PSI: File open failed.
12-10 16:27:58.148 30560 30643 E OIC_SRM_PSI: (OC_STACK_OK == ret) failed!!
12-10 16:27:58.148 30560 30643 E OIC_RI_RESOURCE: UpdateResourceInPS failed with 255!
12-10 16:27:58.148 30560 30643 E OIC_RI_RESOURCE: UpdateDevicePropertiesDatabase failed!
12-10 16:27:58.148 30560 30643 D OIC_RI_RESOURCE: InitializeDeviceProperties OUT
12-10 16:27:58.150 30560 30643 I OIC_SERVER_WRAPPER: start
12-10 16:27:58.151 30560 30643 I OIC-JNI : OcPlatform_registerDeviceInfo
12-10 16:27:58.151 30560 30643 I OIC_RI_STACK: Added type oic.d.phone to /oic/d
12-10 16:27:58.152 30560 30643 I OIC_RI_STACK: SendPresenceNotification
12-10 16:27:58.152 30560 30643 I OIC_RI_RESOURCE: Device parameter initialized successfully.
12-10 16:27:58.153 30560 30643 I OIC-JNI : OcPlatform_registerPlatformInfo
12-10 16:27:58.153 30560 30643 I OIC_RI_RESOURCE: Entering OCSetPlatformInfo
12-10 16:27:58.153 30560 30643 I OIC_RI_RESOURCE: Platform parameter initialized successfully.
12-10 16:28:09.777 30560 30648 D OIC_CA_IP_ADAP: Address: fe80::f6f5:dbff:fe26:2384%wlan0, port:47771
12-10 16:28:09.778 30560 30648 I OIC_TRACER: entering oic_trace_init
12-10 16:28:09.779 30560 30648 I OIC_TRACER: exit oic_trace_init with: 84
12-10 16:28:09.779 30560 30648 I OIC_TRACER: error writing, len: 54, ret: -1, errno: 9 at oic_trace_begin
12-10 16:28:09.779 30560 30648 I OIC_CA_PRTCL_MSG: adapter value of CoAP/TCP is 1
12-10 16:28:09.779 30560 30648 D OIC_CA_PRTCL_MSG: pdu parse-transport type : 0
12-10 16:28:09.780 30560 30648 D OIC_CA_PRTCL_MSG: pdu parse ret: 1
12-10 16:28:09.780 30560 30648 I OIC_CA_PRTCL_MSG: adapter value of CoAP/TCP is 1
12-10 16:28:09.780 30560 30648 D OIC_CA_MSG_HANDLE: code = 1
12-10 16:28:09.780 30560 30648 D OIC_CA_MSG_HANDLE: CAGenerateHandlerData IN
12-10 16:28:09.780 30560 30648 D OIC_CA_MSG_HANDLE: address : fe80::f6f5:dbff:fe26:2384%wlan0
12-10 16:28:09.780 30560 30648 I OIC_CA_PRTCL_MSG: IN - CAGetInfoFromPDU
12-10 16:28:09.780 30560 30648 I OIC_CA_PRTCL_MSG: adapter value of CoAP/TCP is 1
12-10 16:28:09.781 30560 30648 I OIC_CA_PRTCL_MSG: adapter value of CoAP/TCP is 1
12-10 16:28:09.781 30560 30648 D OIC_CA_PRTCL_MSG: COAP URI element : oic
12-10 16:28:09.781 30560 30648 D OIC_CA_PRTCL_MSG: COAP URI element : p
12-10 16:28:09.781 30560 30648 D OIC_CA_PRTCL_MSG: COAP URI element : '
12-10 16:28:09.781 30560 30648 D OIC_CA_PRTCL_MSG: COAP URI element : 
12-10 16:28:09.781 30560 30648 D OIC_CA_PRTCL_MSG: COAP URI element : À
12-10 16:28:09.781 30560 30648 D OIC_CA_PRTCL_MSG: inside token length : 8
12-10 16:28:09.782 30560 30648 D OIC_CA_PRTCL_MSG: URL length:6
12-10 16:28:09.782 30560 30648 I OIC_CA_PRTCL_MSG: OUT - CAGetInfoFromPDU
12-10 16:28:09.782 30560 30648 D OIC_CA_MSG_HANDLE: Request Info :
12-10 16:28:09.782 30560 30648 D OIC_CA_MSG_HANDLE: optionID: 17
12-10 16:28:09.782 30560 30648 D OIC_CA_MSG_HANDLE: list: '
12-10 16:28:09.782 30560 30648 D OIC_CA_MSG_HANDLE: optionID: 2049
12-10 16:28:09.782 30560 30648 D OIC_CA_MSG_HANDLE: list: 
12-10 16:28:09.782 30560 30648 D OIC_CA_MSG_HANDLE: optionID: 65524
12-10 16:28:09.782 30560 30648 D OIC_CA_MSG_HANDLE: list: À
12-10 16:28:09.782 30560 30648 D OIC_CA_MSG_HANDLE: token:
12-10 16:28:09.783 30560 30648 D OIC_CA_MSG_HANDLE: 7F 93 C0 73 7C FC D1 2E 
12-10 16:28:09.783 30560 30648 D OIC_CA_MSG_HANDLE: msgID: 19346
12-10 16:28:09.783 30560 30648 D OIC_CA_MSG_HANDLE: CAGenerateHandlerData OUT
12-10 16:28:09.783 30560 30648 D OIC_CA_MSG_HANDLE: CALogPDUInfo
12-10 16:28:09.783 30560 30648 I OIC_TRACER: error writing, len: 42, ret: -1, errno: 9 at oic_trace_begin
12-10 16:28:09.783 30560 30648 D OIC_ANALYZER: =================================================
12-10 16:28:09.783 30560 30648 D OIC_ANALYZER: Is Multicast = false
12-10 16:28:09.783 30560 30648 D OIC_ANALYZER: Transport Type = [OC_ADAPTER_IP]
12-10 16:28:09.784 30560 30648 D OIC_ANALYZER: Address = [fe80::f6f5:dbff:fe26:2384%wlan0]:[47771]
12-10 16:28:09.784 30560 30648 D OIC_ANALYZER: Data Type = [CA_REQUEST_DATA]
12-10 16:28:09.784 30560 30648 D OIC_ANALYZER: -------------------------------------------------
12-10 16:28:09.784 30560 30648 D OIC_ANALYZER: Method = [GET]
12-10 16:28:09.784 30560 30648 D OIC_ANALYZER: Msg ID = [37451]
12-10 16:28:09.784 30560 30648 D OIC_ANALYZER: Coap Token
12-10 16:28:09.784 30560 30648 D OIC_ANALYZER: 7F 93 C0 73 7C FC D1 2E 
12-10 16:28:09.784 30560 30648 I OIC_TRACER: error writing, len: 66, ret: -1, errno: 9 at oic_trace_begin
12-10 16:28:09.784 30560 30648 I OIC_TRACER: error writing, len: 1, ret: -1, errno: 9 at oic_trace_end
12-10 16:28:09.785 30560 30648 D OIC_ANALYZER: Res URI = [/oic/p]
12-10 16:28:09.785 30560 30648 I OIC_TRACER: error writing, len: 53, ret: -1, errno: 9 at oic_trace_begin
12-10 16:28:09.785 30560 30648 I OIC_TRACER: error writing, len: 1, ret: -1, errno: 9 at oic_trace_end
12-10 16:28:09.785 30560 30648 D OIC_ANALYZER: Payload Format = [0]
12-10 16:28:09.785 30560 30648 D OIC_ANALYZER: CoAP Message Full Size = [30]
12-10 16:28:09.785 30560 30648 D OIC_ANALYZER: CoAP Header (+ 0xFF)
12-10 16:28:09.785 30560 30648 D OIC_ANALYZER: 58 01 92 4B 7F 93 C0 73 7C FC D1 2E B3 6F 69 63 
12-10 16:28:09.785 30560 30648 D OIC_ANALYZER: 01 70 62 27 10 E2 06 E3 08 00 E1 F6 E6 C0 
12-10 16:28:09.785 30560 30648 D OIC_ANALYZER: CoAP Header size = [30]
12-10 16:28:09.786 30560 30648 D OIC_ANALYZER: CoAP Payload
12-10 16:28:09.786 30560 30648 D OIC_ANALYZER: CoAP Payload Size = [0]
12-10 16:28:09.786 30560 30648 D OIC_ANALYZER: =================================================
12-10 16:28:09.786 30560 30648 I OIC_TRACER: error writing, len: 1, ret: -1, errno: 9 at oic_trace_end
12-10 16:28:09.786 30560 30648 D OIC_CA_BWT: CAReceiveBlockWiseData
12-10 16:28:09.786 30560 30648 D OIC_CA_BWT: it's normal pdu
12-10 16:28:09.786 30560 30648 D OIC_CA_MSG_HANDLE: this message does not have block option
12-10 16:28:09.786 30560 30648 D OIC_UQUEUE: Queue Count : 1
12-10 16:28:09.787 30560 30648 D OIC_CA_MSG_HANDLE: received pdu data :
12-10 16:28:09.787 30560 30648 D OIC_CA_MSG_HANDLE: 58 01 92 4B 7F 93 C0 73 7C FC D1 2E B3 6F 69 63 
12-10 16:28:09.787 30560 30648 D OIC_CA_MSG_HANDLE: 01 70 62 27 10 E2 06 E3 08 00 E1 F6 E6 C0 
12-10 16:28:09.787 30560 30648 I OIC_TRACER: error writing, len: 1, ret: -1, errno: 9 at oic_trace_end
12-10 16:28:09.787 30560 30648 D OIC_CA_IP_ADAP: Address: 192.168.1.69, port:40768
12-10 16:28:09.787 30560 30648 I OIC_TRACER: error writing, len: 54, ret: -1, errno: 9 at oic_trace_begin
12-10 16:28:09.787 30560 30648 I OIC_CA_PRTCL_MSG: adapter value of CoAP/TCP is 1
12-10 16:28:09.788 30560 30648 D OIC_CA_PRTCL_MSG: pdu parse-transport type : 0
12-10 16:28:09.788 30560 30648 D OIC_CA_PRTCL_MSG: pdu parse ret: 1
12-10 16:28:09.788 30560 30648 I OIC_CA_PRTCL_MSG: adapter value of CoAP/TCP is 1
12-10 16:28:09.788 30560 30648 D OIC_CA_MSG_HANDLE: code = 1
12-10 16:28:09.788 30560 30648 D OIC_CA_MSG_HANDLE: CAGenerateHandlerData IN
12-10 16:28:09.788 30560 30648 D OIC_CA_MSG_HANDLE: address : 192.168.1.69
12-10 16:28:09.788 30560 30656 D OIC_CA_MSG_HANDLE: request callback : 3
12-10 16:28:09.788 30560 30656 I OIC_RI_STACK: Enter HandleCARequests
12-10 16:28:09.788 30560 30648 I OIC_CA_PRTCL_MSG: IN - CAGetInfoFromPDU
12-10 16:28:09.789 30560 30648 I OIC_CA_PRTCL_MSG: adapter value of CoAP/TCP is 1
12-10 16:28:09.789 30560 30656 I OIC_TRACER: error writing, len: 41, ret: -1, errno: 9 at oic_trace_begin
12-10 16:28:09.789 30560 30648 I OIC_CA_PRTCL_MSG: adapter value of CoAP/TCP is 1
12-10 16:28:09.789 30560 30656 D OIC_RM_UTIL: Request- optionID: 17
12-10 16:28:09.789 30560 30648 D OIC_CA_PRTCL_MSG: COAP URI element : oic
12-10 16:28:09.789 30560 30656 D OIC_RM_UTIL: Request- optionID: 2049
12-10 16:28:09.789 30560 30656 D OIC_RM_UTIL: Request- optionID: 65524
12-10 16:28:09.789 30560 30656 I OIC_RM_UTIL: Found Option at 2
12-10 16:28:09.789 30560 30656 I OIC_TRACER: error writing, len: 48, ret: -1, errno: 9 at oic_trace_begin
12-10 16:28:09.789 30560 30656 I OIC_TRACER: error writing, len: 1, ret: -1, errno: 9 at oic_trace_end
12-10 16:28:09.789 30560 30648 D OIC_CA_PRTCL_MSG: COAP URI element : p
12-10 16:28:09.789 30560 30656 D OIC_RI_STACK: Enter OCHandleRequests
12-10 16:28:09.790 30560 30656 I OIC_RI_STACK: Endpoint URI : /oic/p
12-10 16:28:09.790 30560 30648 D OIC_CA_PRTCL_MSG: COAP URI element : '
12-10 16:28:09.790 30560 30648 D OIC_CA_PRTCL_MSG: COAP URI element : 
12-10 16:28:09.790 30560 30656 I OIC_RI_STACK: URI without query: /oic/p
12-10 16:28:09.790 30560 30648 D OIC_CA_PRTCL_MSG: COAP URI element : À
12-10 16:28:09.790 30560 30656 I OIC_RI_STACK: Query : (null)
12-10 16:28:09.790 30560 30648 D OIC_CA_PRTCL_MSG: inside token length : 8
12-10 16:28:09.790 30560 30648 D OIC_CA_PRTCL_MSG: URL length:6
12-10 16:28:09.790 30560 30656 I OIC_RI_STACK: 7F 93 C0 73 7C FC D1 2E 
12-10 16:28:09.790 30560 30648 I OIC_CA_PRTCL_MSG: OUT - CAGetInfoFromPDU
12-10 16:28:09.790 30560 30656 I OIC_RI_STACK: Entering HandleStackRequests (OCStack Layer)
12-10 16:28:09.790 30560 30648 I OIC_CA_MSG_HANDLE: IPv4 duplicate message ignored
12-10 16:28:09.791 30560 30656 I OIC_RI_SERVERREQUEST: Get server request with token
12-10 16:28:09.791 30560 30648 I OIC_CA_MSG_HANDLE: Second Request with same Token, Drop it
12-10 16:28:09.791 30560 30656 I OIC_RI_SERVERREQUEST: 7F 93 C0 73 7C FC D1 2E 
12-10 16:28:09.791 30560 30648 E OIC_CA_MSG_HANDLE: CAReceivedPacketCallback, CAGenerateHandlerData failed!
12-10 16:28:09.791 30560 30656 I OIC_RI_SERVERREQUEST: Server Request not found!!
12-10 16:28:09.791 30560 30648 D OIC_CA_MSG_HANDLE: received pdu data :
12-10 16:28:09.791 30560 30656 I OIC_RI_STACK: This is a new Server Request
12-10 16:28:09.791 30560 30648 D OIC_CA_MSG_HANDLE: 58 01 92 4B 7F 93 C0 73 7C FC D1 2E B3 6F 69 63 
12-10 16:28:09.791 30560 30656 I OIC_RI_SERVERREQUEST: AddServerRequest entry [fe80::f6f5:dbff:fe26:2384%wlan0:47771]
12-10 16:28:09.791 30560 30648 D OIC_CA_MSG_HANDLE: 01 70 62 27 10 E2 06 E3 08 00 E1 F6 E6 C0 
12-10 16:28:09.791 30560 30648 I OIC_TRACER: error writing, len: 1, ret: -1, errno: 9 at oic_trace_end
12-10 16:28:09.791 30560 30656 I OIC_RI_SERVERREQUEST: Server Request Added
12-10 16:28:09.791 30560 30656 I OIC_RI_STACK: This Server Request is complete
12-10 16:28:09.791 30560 30656 I OIC_RI_RESOURCE: DetermineResourceHandling for /oic/p
12-10 16:28:09.792 30560 30656 I OIC_RI_RESOURCE: /oic/p is virtual
12-10 16:28:09.792 30560 30656 I OIC_RI_RESOURCE: Entering HandleVirtualResource
12-10 16:28:09.794 30560 30656 I OIC_TRACER: error writing, len: 37, ret: -1, errno: 9 at oic_trace_begin
12-10 16:28:09.797 30560 30656 I OIC_RI_STACK: Entering OCDoResponse
12-10 16:28:09.797 30560 30656 I OIC_RI_PAYLOADCONVERT: Converting payload of type 4
12-10 16:28:09.797 30560 30656 I OIC_RI_PAYLOADCONVERT: Payload has types
12-10 16:28:09.797 30560 30656 I OIC_RI_PAYLOADCONVERT: Payload has interfaces
12-10 16:28:09.798 30560 30656 I OIC_RI_PAYLOADCONVERT: Payload has types
12-10 16:28:09.798 30560 30656 I OIC_RI_PAYLOADCONVERT: Payload has interfaces
12-10 16:28:09.798 30560 30656 D OIC_RI_PAYLOADCONVERT: Payload Size: 319 Payload : 
12-10 16:28:09.798 30560 30656 D OIC_RI_PAYLOADCONVERT: BF 62 72 74 81 68 6F 69 63 2E 77 6B 2E 70 62 69 
12-10 16:28:09.798 30560 30656 D OIC_RI_PAYLOADCONVERT: 66 82 6F 6F 69 63 2E 69 66 2E 62 61 73 65 6C 69 
12-10 16:28:09.798 30560 30656 D OIC_RI_PAYLOADCONVERT: 6E 65 68 6F 69 63 2E 69 66 2E 72 62 73 74 6D 31 
12-10 16:28:09.798 30560 30656 D OIC_RI_PAYLOADCONVERT: 35 37 35 39 36 36 34 37 38 31 35 32 64 6D 6E 73 
12-10 16:28:09.798 30560 30656 D OIC_RI_PAYLOADCONVERT: 6C 78 1D 68 74 74 70 73 3A 2F 2F 77 77 77 2E 6D 
12-10 16:28:09.798 30560 30656 D OIC_RI_PAYLOADCONVERT: 79 73 75 70 70 6F 72 74 6C 69 6E 6B 2E 63 6F 6D 
12-10 16:28:09.798 30560 30656 D OIC_RI_PAYLOADCONVERT: 64 6D 6E 66 76 71 6D 79 46 69 72 6D 77 61 72 65 
12-10 16:28:09.798 30560 30656 D OIC_RI_PAYLOADCONVERT: 56 65 72 73 69 6F 6E 64 6D 6E 68 77 71 6D 79 48 
12-10 16:28:09.798 30560 30656 D OIC_RI_PAYLOADCONVERT: 61 72 64 77 61 72 65 56 65 72 73 69 6F 6E 64 6D 
12-10 16:28:09.798 30560 30656 D OIC_RI_PAYLOADCONVERT: 6E 6F 73 77 4D 61 6E 75 66 61 63 74 75 72 65 72 
12-10 16:28:09.798 30560 30656 D OIC_RI_PAYLOADCONVERT: 20 4F 53 20 76 65 72 73 69 6F 6E 64 6D 6E 70 76 
12-10 16:28:09.798 30560 30656 D OIC_RI_PAYLOADCONVERT: 71 6D 79 50 6C 61 74 66 6F 72 6D 56 65 72 73 69 
12-10 16:28:09.799 30560 30656 D OIC_RI_PAYLOADCONVERT: 6F 6E 64 6D 6E 64 74 6A 32 30 31 36 2D 30 31 2D 
12-10 16:28:09.799 30560 30656 D OIC_RI_PAYLOADCONVERT: 31 35 64 6D 6E 6D 6F 6D 6D 79 4D 6F 64 65 6C 4E 
12-10 16:28:09.799 30560 30656 D OIC_RI_PAYLOADCONVERT: 75 6D 62 65 72 64 6D 6E 6D 6C 76 68 74 74 70 73 
12-10 16:28:09.799 30560 30656 D OIC_RI_PAYLOADCONVERT: 3A 2F 2F 77 77 77 2E 6D 79 6C 69 6E 6B 2E 63 6F 
12-10 16:28:09.799 30560 30656 D OIC_RI_PAYLOADCONVERT: 6D 64 6D 6E 6D 6E 6E 6D 79 4D 61 6E 75 66 61 63 
12-10 16:28:09.799 30560 30656 D OIC_RI_PAYLOADCONVERT: 74 4E 61 6D 65 62 70 69 78 24 30 41 33 45 30 44 
12-10 16:28:09.799 30560 30656 D OIC_RI_PAYLOADCONVERT: 36 46 2D 44 42 46 35 2D 34 30 34 45 2D 38 37 31 
12-10 16:28:09.799 30560 30656 D OIC_RI_PAYLOADCONVERT: 39 2D 44 36 38 38 30 30 34 32 34 36 33 41 FF 
12-10 16:28:09.799 30560 30656 D OIC_RM_UTIL: Request- optionID: 2053
12-10 16:28:09.799 30560 30656 D OIC_RM_UTIL: Request- optionID: 12
12-10 16:28:09.799 30560 30656 I OIC_RM_UTIL: Route option is not present
12-10 16:28:09.799 30560 30656 D OIC_RM_RAP: createoption dlen 0 slen [0]
12-10 16:28:09.799 30560 30656 D OIC_RM_RAP: Source and destination is not present
12-10 16:28:09.800 30560 30656 D OIC_RM_RAP: OptValue NOR Message Type
12-10 16:28:09.800 30560 30656 I OIC_RM_RAP: Option Length is 1
12-10 16:28:09.800 30560 30656 D OIC_CA_CONN_MGR: CASendResponse
12-10 16:28:09.801 30560 30656 D OIC_CA_MSG_HANDLE: CAPrepareSendData IN
12-10 16:28:09.801 30560 30656 D OIC_CA_MSG_HANDLE: device ID of endpoint of this message is 
12-10 16:28:09.801 30560 30656 D OIC_CA_BWT: BlockID is 
12-10 16:28:09.801 30560 30656 D OIC_CA_BWT: 7F 93 C0 73 7C FC D1 2E BA 9B 66 65 38 30 3A 3A 
12-10 16:28:09.802 30560 30656 D OIC_CA_BWT: 66 36 66 35 3A 64 62 66 66 3A 66 65 32 36 3A 32 
12-10 16:28:09.802 30560 30656 D OIC_CA_BWT: 33 38 34 25 77 6C 61 6E 30 
12-10 16:28:09.802 30560 30656 D OIC_CA_BWT: There is no block data
12-10 16:28:09.802 30560 30656 D OIC_CA_BWT: payloadLen=319, maxBlockSize=1024
12-10 16:28:09.802 30560 30656 D OIC_CA_MSG_HANDLE: normal msg will be sent
12-10 16:28:09.802 30560 30656 D OIC_UQUEUE: Queue Count : 1
12-10 16:28:09.802 30560 30656 I OIC_RI_SERVERREQUEST: Server Request Removed
12-10 16:28:09.802 30560 30656 I OIC_TRACER: error writing, len: 1, ret: -1, errno: 9 at oic_trace_end
12-10 16:28:09.802 30560 30656 I OIC_RI_STACK: Exit OCHandleRequests
12-10 16:28:09.802 30560 30656 I OIC_RI_STACK: Exit HandleCARequests
12-10 16:28:09.803 30560 30656 I OIC_TRACER: error writing, len: 1, ret: -1, errno: 9 at oic_trace_end
12-10 16:28:09.803 30560 30656 D OIC_CA_MSG_HANDLE: CADestroyData IN
12-10 16:28:09.803 30560 30656 D OIC_CA_MSG_HANDLE: CADestroyData OUT
12-10 16:28:09.803 30560 30644 D OIC_CA_QING: wake up..
12-10 16:28:09.803 30560 30644 I OIC_TRACER: error writing, len: 47, ret: -1, errno: 9 at oic_trace_begin
12-10 16:28:09.803 30560 30644 D OIC_CA_MSG_HANDLE: Unicast message
12-10 16:28:09.803 30560 30644 D OIC_CA_MSG_HANDLE: responseInfo is available..
12-10 16:28:09.803 30560 30644 D OIC_CA_PRTCL_MSG: CAGeneratePDU: IN
12-10 16:28:09.803 30560 30644 D OIC_CA_PRTCL_MSG: generate pdu for [1]adapter, [162]flags
12-10 16:28:09.803 30560 30644 D OIC_CA_PRTCL_MSG: uri : /oic/p
12-10 16:28:09.804 30560 30644 D OIC_CA_PRTCL_MSG: CAParseHeadOption: IN
12-10 16:28:09.804 30560 30644 D OIC_CA_PRTCL_MSG: parse Head Opt: 3
12-10 16:28:09.804 30560 30644 D OIC_CA_PRTCL_MSG: Head opt ID[65524], length[1]
12-10 16:28:09.804 30560 30644 D OIC_CA_PRTCL_MSG: CAParseHeadOption: info->payloadFormat = 9; info->payloadVersion = 2048
12-10 16:28:09.804 30560 30644 D OIC_CA_PRTCL_MSG: CAParseHeadOption: set contentFormatVersion = 2048
12-10 16:28:09.804 30560 30644 D OIC_CA_PRTCL_MSG: CAParsePayloadFormatHeadOption: IN
12-10 16:28:09.804 30560 30644 D OIC_CA_PRTCL_MSG: CAParsePayloadFormatHeadOption: OUT
12-10 16:28:09.804 30560 30644 D OIC_CA_PRTCL_MSG: CAParseHeadOption: OUT
12-10 16:28:09.804 30560 30644 I OIC_CA_PRTCL_MSG: adapter value of CoAP/TCP is 1
12-10 16:28:09.804 30560 30644 D OIC_CA_PRTCL_MSG: transport type: 0, payload size: 319
12-10 16:28:09.804 30560 30644 I OIC_CA_PRTCL_MSG: adapter value of CoAP/TCP is 1
12-10 16:28:09.804 30560 30644 D OIC_CA_PRTCL_MSG: msgID is 19346
12-10 16:28:09.804 30560 30644 D OIC_CA_PRTCL_MSG: messageId in pdu is 19346, 19346
12-10 16:28:09.804 30560 30644 D OIC_CA_PRTCL_MSG: token info token length: 8, token :
12-10 16:28:09.804 30560 30644 D OIC_CA_PRTCL_MSG: 7F 93 C0 73 7C FC D1 2E 
12-10 16:28:09.804 30560 30644 I OIC_CA_PRTCL_MSG: adapter value of CoAP/TCP is 1
12-10 16:28:09.804 30560 30644 D OIC_CA_PRTCL_MSG: CAGeneratePDU: OUT
12-10 16:28:09.805 30560 30644 D OIC_CA_BWT: IN-AddBlockOption
12-10 16:28:09.805 30560 30644 D OIC_CA_BWT: dataLength - 319
12-10 16:28:09.805 30560 30644 D OIC_CA_BWT: BlockID is 
12-10 16:28:09.805 30560 30644 D OIC_CA_BWT: 7F 93 C0 73 7C FC D1 2E BA 9B 66 65 38 30 3A 3A 
12-10 16:28:09.805 30560 30644 D OIC_CA_BWT: 66 36 66 35 3A 64 62 66 66 3A 66 65 32 36 3A 32 
12-10 16:28:09.805 30560 30644 D OIC_CA_BWT: 33 38 34 25 77 6C 61 6E 30 
12-10 16:28:09.805 30560 30644 D OIC_CA_BWT: IN-GetBlockOptionType
12-10 16:28:09.805 30560 30644 D OIC_CA_BWT: OUT-GetBlockOptionType
12-10 16:28:09.805 30560 30644 D OIC_CA_BWT: no BLOCK option
12-10 16:28:09.805 30560 30644 D OIC_CA_BWT: [oic] opt will be added.
12-10 16:28:09.805 30560 30644 D OIC_CA_BWT: [12] pdu length
12-10 16:28:09.805 30560 30644 D OIC_CA_BWT: [p] opt will be added.
12-10 16:28:09.805 30560 30644 D OIC_CA_BWT: [16] pdu length
12-10 16:28:09.805 30560 30644 D OIC_CA_BWT: ['] opt will be added.
12-10 16:28:09.805 30560 30644 D OIC_CA_BWT: [18] pdu length
12-10 16:28:09.805 30560 30644 D OIC_CA_BWT: [] opt will be added.
12-10 16:28:09.805 30560 30644 D OIC_CA_BWT: [21] pdu length
12-10 16:28:09.806 30560 30644 D OIC_CA_BWT: [À] opt will be added.
12-10 16:28:09.806 30560 30644 D OIC_CA_BWT: [26] pdu length
12-10 16:28:09.806 30560 30644 D OIC_CA_BWT: [30] pdu length after option
12-10 16:28:09.806 30560 30644 I OIC_CA_BWT: not Blockwise Transfer
12-10 16:28:09.806 30560 30644 D OIC_CA_BWT: OUT-AddBlockOption
12-10 16:28:09.806 30560 30644 D OIC_CA_MSG_HANDLE: CALogPDUInfo
12-10 16:28:09.806 30560 30644 I OIC_TRACER: error writing, len: 42, ret: -1, errno: 9 at oic_trace_begin
12-10 16:28:09.806 30560 30644 D OIC_ANALYZER: =================================================
12-10 16:28:09.806 30560 30644 D OIC_ANALYZER: Is Multicast = false
12-10 16:28:09.806 30560 30644 D OIC_ANALYZER: Transport Type = [OC_ADAPTER_IP]
12-10 16:28:09.806 30560 30644 D OIC_ANALYZER: Address = [fe80::f6f5:dbff:fe26:2384%wlan0]:[47771]
12-10 16:28:09.806 30560 30644 D OIC_ANALYZER: Data Type = [CA_RESPONSE_DATA]
12-10 16:28:09.806 30560 30644 D OIC_ANALYZER: -------------------------------------------------
12-10 16:28:09.806 30560 30644 D OIC_ANALYZER: result code = [205]
12-10 16:28:09.806 30560 30644 D OIC_ANALYZER: Msg ID = [37451]
12-10 16:28:09.806 30560 30644 D OIC_ANALYZER: Coap Token
12-10 16:28:09.806 30560 30644 D OIC_ANALYZER: 7F 93 C0 73 7C FC D1 2E 
12-10 16:28:09.806 30560 30644 I OIC_TRACER: error writing, len: 66, ret: -1, errno: 9 at oic_trace_begin
12-10 16:28:09.807 30560 30644 I OIC_TRACER: error writing, len: 1, ret: -1, errno: 9 at oic_trace_end
12-10 16:28:09.807 30560 30644 D OIC_ANALYZER: Res URI = [/oic/p]
12-10 16:28:09.807 30560 30644 I OIC_TRACER: error writing, len: 53, ret: -1, errno: 9 at oic_trace_begin
12-10 16:28:09.807 30560 30644 I OIC_TRACER: error writing, len: 1, ret: -1, errno: 9 at oic_trace_end
12-10 16:28:09.807 30560 30644 D OIC_ANALYZER: Payload Format = [CA_FORMAT_APPLICATION_VND_OCF_CBOR]
12-10 16:28:09.807 30560 30644 D OIC_ANALYZER: CoAP Message Full Size = [350]
12-10 16:28:09.807 30560 30644 D OIC_ANALYZER: CoAP Header (+ 0xFF)
12-10 16:28:09.807 30560 30644 D OIC_ANALYZER: 58 45 92 4B 7F 93 C0 73 7C FC D1 2E B3 6F 69 63 
12-10 16:28:09.807 30560 30644 D OIC_ANALYZER: 01 70 12 27 10 E2 06 EC 08 00 E1 F6 E2 C0 FF 
12-10 16:28:09.807 30560 30644 D OIC_ANALYZER: CoAP Header size = [31]
12-10 16:28:09.807 30560 30644 D OIC_ANALYZER: CoAP Payload
12-10 16:28:09.807 30560 30644 D OIC_ANALYZER: CoAP Payload Size = [319]
12-10 16:28:09.807 30560 30644 D OIC_ANALYZER: =================================================
12-10 16:28:09.807 30560 30644 I OIC_TRACER: error writing, len: 1, ret: -1, errno: 9 at oic_trace_end
12-10 16:28:09.807 30560 30644 I OIC_CA_MSG_HANDLE: CASendUnicastData type : 2
12-10 16:28:09.807 30560 30644 D OIC_CA_INF_CTR: unicast message to adapter
12-10 16:28:09.807 30560 30644 D OIC_UQUEUE: Queue Count : 1
12-10 16:28:09.808 30560 30644 I OIC_CA_PRTCL_MSG: adapter value of CoAP/TCP is 1
12-10 16:28:09.808 30560 30647 D OIC_CA_QING: wake up..
12-10 16:28:09.808 30560 30644 D OIC_CA_RETRANS: sent pdu, msgtype=1, msgid=19346
12-10 16:28:09.808 30560 30647 D OIC_CA_IP_SERVER: IN sendData
12-10 16:28:09.808 30560 30644 D OIC_CA_RETRANS: not supported message type
12-10 16:28:09.808 30560 30644 I OIC_TRACER: error writing, len: 1, ret: -1, errno: 9 at oic_trace_end
12-10 16:28:09.808 30560 30644 D OIC_CA_MSG_HANDLE: CADestroyData IN
12-10 16:28:09.808 30560 30644 D OIC_CA_MSG_HANDLE: CADestroyData OUT
12-10 16:28:09.808 30560 30644 D OIC_CA_QING: wait..
12-10 16:28:09.808 30560 30647 I OIC_CA_IP_SERVER: unicast ipv6 sendTo is successful: 350 bytes
12-10 16:28:09.808 30560 30647 D OIC_CA_ADAP_UTILS: CALogSendStateInfo
12-10 16:28:09.808 30560 30647 D OIC_ANALYZER: =================================================
