12-10 16:27:58.130 26043 26068 D BtGatt.GattService: continueServiceDeclaration() - next entry type=2
12-10 16:27:58.130 26043 26068 D BtGatt.GattService: onCharacteristicAdded() UUID=ad7b334f-4637-4b86-90b6-9d787f03d218, status=0, srvcHandle=40, charHandle=44
12-10 16:27:58.130 26043 26068 D BtGatt.GattService: continueServiceDeclaration() - srvcHandle=40
12-10 16:27:58.130 26043 26068 D BtGatt.GattService: continueServiceDeclaration() - completed.
12-10 16:27:58.130 30560 30654 D OIC_CA_QING: message handler main thread start..
12-10 16:27:58.130 30560 30654 D OIC_CA_QING: wait..
12-10 16:27:58.131 26043 26068 D BtGatt.GattService: onServiceStarted() srvcHandle=40, status=0
12-10 16:27:58.131   776   776 I cnss-daemon: RTM_NEWROUTE Indication
12-10 16:27:58.131 30560 30590 D BluetoothGattServer: onServiceAdded() - service=ade3d529-c784-4f63-a987-eb69f70ee816status=0
12-10 16:27:58.131 30560 30590 D OIC_CA_LE_SERVER: Gatt Service Added Callback(0)
12-10 16:27:58.132 30560 30643 I OIC_RI_STACK: SendPresenceNotification
12-10 16:27:58.132 30560 30643 I OIC_RI_OBSERVE: Entering SendObserverNotification
12-10 16:27:58.132 30560 30643 I OIC_RI_OBSERVE: Resource has no observers
12-10 16:27:58.132 30560 30643 D OIC_SRM_PSI: ReadDatabaseFromPS IN
12-10 16:27:58.132 30560 30643 D OIC_SRM_PSI: File Read Size: 0
12-10 16:27:58.132 30560 30643 D OIC_SRM_PSI: ReadDatabaseFromPS OUT
12-10 16:27:58.132 30560 30643 D OIC_SRM_DOXM: ReadSVDataFromPS failed
12-10 16:27:58.132 30560 30643 D OIC_SRM_DOXM: GetDoxmToDefault
12-10 16:27:58.132 30560 30643 D OIC_SRM_DOXM: IN: CheckDeviceID
12-10 16:27:58.133 30560 30643 D OIC_SRM_DOXM: Generated device UUID is [e0274e90-273e-08b5-40f7-231160d90371]
12-10 16:27:58.133 30560 30643 D OIC_SRM_DOXM: DoxmToCBORPayloadPartial: including oxms Property.
12-10 16:27:58.133 30560 30643 D OIC_SRM_DOXM: DoxmToCBORPayloadPartial: including oxmsel Property.
12-10 16:27:58.133 30560 30643 D OIC_SRM_DOXM: DoxmToCBORPayloadPartial: including sct Property.
12-10 16:27:58.133 30560 30643 D OIC_SRM_DOXM: DoxmToCBORPayloadPartial: including owned Property.
12-10 16:27:58.133 30560 30643 D OIC_SRM_DOXM: DoxmToCBORPayloadPartial: including deviceuuid Property.
12-10 16:27:58.133 30560 30643 D OIC_SRM_DOXM: DoxmToCBORPayloadPartial: including devowneruuid Property.
12-10 16:27:58.133 30560 30643 D OIC_SRM_DOXM: DoxmToCBORPayloadPartial: including rowneruuid Property.
12-10 16:27:58.133 30560 30643 D OIC_SRM_DOXM: DoxmToCBORPayloadPartial: encoding rowneruuid = 00000000-0000-0000-0000-000000000000.
12-10 16:27:58.133 30560 30643 D OIC_SRM_PSI: UpdateResourceInPS IN
12-10 16:27:58.133 30560 30643 D OIC_SRM_PSI: ReadDatabaseFromPS IN
12-10 16:27:58.133 30560 30643 D OIC_SRM_PSI: File Read Size: 0
12-10 16:27:58.134 30560 30643 D OIC_SRM_PSI: ReadDatabaseFromPS OUT
12-10 16:27:58.134 30560 30643 D OIC_SRM_PSI: Writing in the file: 222
12-10 16:27:58.134 30560 30643 E OIC_SRM_PSI: File open failed.
12-10 16:27:58.134 30560 30643 E OIC_SRM_PSI: (OC_STACK_OK == ret) failed!!
12-10 16:27:58.134 30560 30643 F OIC_SRM_DOXM: UpdatePersistentStorage failed!
12-10 16:27:58.134 30560 30643 D OIC_SRM_DOXM: OUT: CheckDeviceID
12-10 16:27:58.134 30560 30643 D OIC_SRM_DOXM: Initial Doxm Owned = 0
12-10 16:27:58.134 30560 30643 I OIC_RI_STACK: Entering OCCreateResource
12-10 16:27:58.134 30560 30643 I OIC_RI_STACK: Added type oic.r.doxm to /oic/sec/doxm
12-10 16:27:58.134 30560 30643 I OIC_RI_STACK: Binding oic.if.baseline interface to /oic/sec/doxm
12-10 16:27:58.134 30560 30643 I OIC_RI_STACK: Binding 449 TPS flags to /oic/sec/doxm
12-10 16:27:58.135 30560 30643 I OIC_RI_STACK: SendPresenceNotification
12-10 16:27:58.135 30560 30643 D OIC_SRM_PSI: ReadDatabaseFromPS IN
12-10 16:27:58.135 30560 30643 D OIC_SRM_PSI: File Read Size: 0
12-10 16:27:58.135 30560 30643 D OIC_SRM_PSI: ReadDatabaseFromPS OUT
12-10 16:27:58.135 30560 30643 D OIC_SRM_PSTAT: ReadSVDataFromPS failed
12-10 16:27:58.135 30560 30643 I OIC_RI_STACK: Entering OCCreateResource
12-10 16:27:58.135 30560 30643 I OIC_RI_STACK: OCCreateResourceWithEp: Creating Resource /oic/sec/pstat as OC_SECURE by default.
12-10 16:27:58.135 30560 30643 I OIC_RI_STACK: Added type oic.r.pstat to /oic/sec/pstat
12-10 16:27:58.135 30560 30643 I OIC_RI_STACK: Binding oic.if.baseline interface to /oic/sec/pstat
12-10 16:27:58.135 30560 30643 I OIC_RI_STACK: Binding 449 TPS flags to /oic/sec/pstat
12-10 16:27:58.136 30560 30643 I OIC_RI_STACK: SendPresenceNotification
12-10 16:27:58.136 30560 30643 D OIC_SRM_PSI: ReadDatabaseFromPS IN
12-10 16:27:58.136 30560 30643 D OIC_SRM_PSI: File Read Size: 0
12-10 16:27:58.136 30560 30643 D OIC_SRM_PSI: ReadDatabaseFromPS OUT
12-10 16:27:58.136 30560 30643 D OIC_SRM_SP: GetSecureVirtualDatabaseFromPS failed trying to read sp data
12-10 16:27:58.136 30560 30643 I OIC_RI_STACK: Entering OCCreateResource
12-10 16:27:58.136 30560 30643 I OIC_RI_STACK: OCCreateResourceWithEp: Creating Resource /oic/sec/sp as OC_SECURE by default.
12-10 16:27:58.136 30560 30643 I OIC_RI_STACK: Added type oic.r.sp to /oic/sec/sp
12-10 16:27:58.137 30560 30643 I OIC_RI_STACK: Binding oic.if.baseline interface to /oic/sec/sp
12-10 16:27:58.137 30560 30643 I OIC_RI_STACK: Binding 449 TPS flags to /oic/sec/sp
12-10 16:27:58.137 30560 30643 I OIC_RI_STACK: SendPresenceNotification
12-10 16:27:58.137 30560 30643 D OIC_SRM_SP: -------------------------------------------------
12-10 16:27:58.137 30560 30643 D OIC_SRM_SP: SP resource after startup initialization
12-10 16:27:58.137 30560 30643 D OIC_SRM_SP: -------------------------------------------------
12-10 16:27:58.137 30560 30643 D OIC_SRM_SP: # security profiles supported: 1
12-10 16:27:58.138 30560 30643 D OIC_SRM_SP:   0: 1.3.6.1.4.1.51414.0.0.1.0
12-10 16:27:58.138 30560 30643 D OIC_SRM_SP: Current security profile: 1.3.6.1.4.1.51414.0.0.1.0
12-10 16:27:58.138 30560 30643 D OIC_SRM_SP: -------------------------------------------------
12-10 16:27:58.138 30560 30643 D OIC_SRM_PSI: ReadDatabaseFromPS IN
12-10 16:27:58.138 30560 30643 D OIC_SRM_PSI: File Read Size: 0
12-10 16:27:58.138 30560 30643 D OIC_SRM_PSI: ReadDatabaseFromPS OUT
12-10 16:27:58.138 30560 30643 D OIC_SRM_ACL: ReadSVDataFromPS failed
12-10 16:27:58.138 30560 30643 I OIC_RI_STACK: Entering OCCreateResource
12-10 16:27:58.138 30560 30643 I OIC_RI_STACK: OCCreateResourceWithEp: Creating Resource /oic/sec/acl2 as OC_SECURE by default.
12-10 16:27:58.138 30560 30643 I OIC_RI_STACK: Added type oic.r.acl2 to /oic/sec/acl2
12-10 16:27:58.138 30560 30643 I OIC_RI_STACK: Binding oic.if.baseline interface to /oic/sec/acl2
12-10 16:27:58.138 30560 30643 I OIC_RI_STACK: Binding 449 TPS flags to /oic/sec/acl2
12-10 16:27:58.139 30560 30643 I OIC_RI_STACK: SendPresenceNotification
12-10 16:27:58.139 30560 30643 D OIC_SRM_PSI: ReadDatabaseFromPS IN
12-10 16:27:58.139 30560 30643 D OIC_SRM_PSI: File Read Size: 0
12-10 16:27:58.139 30560 30643 D OIC_SRM_PSI: ReadDatabaseFromPS OUT
12-10 16:27:58.139 30560 30643 D OIC_SRM_CREDL: ReadSVDataFromPS failed
12-10 16:27:58.139 30560 30643 I OIC_RI_STACK: Entering OCCreateResource
12-10 16:27:58.139 30560 30643 I OIC_RI_STACK: OCCreateResourceWithEp: Creating Resource /oic/sec/cred as OC_SECURE by default.
12-10 16:27:58.139 30560 30643 I OIC_RI_STACK: Added type oic.r.cred to /oic/sec/cred
12-10 16:27:58.139 30560 30643 I OIC_RI_STACK: Binding oic.if.baseline interface to /oic/sec/cred
12-10 16:27:58.139 30560 30643 I OIC_RI_STACK: Binding 449 TPS flags to /oic/sec/cred
12-10 16:27:58.140 30560 30643 I OIC_RI_STACK: SendPresenceNotification
12-10 16:27:58.140 30560 30643 D OIC_SRM_CREDL: OUT InitCredResource.
12-10 16:27:58.140 30560 30643 W OIC_SRM_RM: InitSecureResources: /amacl Resource implementation incomplete; not initializing.
12-10 16:27:58.140 30560 30643 I OIC_RI_STACK: Entering OCCreateResource
12-10 16:27:58.140 30560 30643 I OIC_RI_STACK: Added type oic.wk.res to /oic/res
12-10 16:27:58.140 30560 30643 I OIC_RI_STACK: Binding oic.if.ll interface to /oic/res
12-10 16:27:58.141 30560 30643 I OIC_RI_STACK: Binding oic.if.baseline interface to /oic/res
12-10 16:27:58.141 30560 30643 I OIC_RI_STACK: Binding 449 TPS flags to /oic/res
12-10 16:27:58.141 30560 30643 I OIC_RI_STACK: SendPresenceNotification
12-10 16:27:58.141 30560 30643 I OIC_RI_STACK: Binding oic.if.baseline interface to /oic/res
12-10 16:27:58.141 30560 30643 D OIC_SRM_PSI: CreateResetProfile IN
12-10 16:27:58.142 30560 30643 D OIC_SRM_PSI: ReadDatabaseFromPS IN
12-10 16:27:58.142 30560 30643 D OIC_SRM_PSI: File Read Size: 0
12-10 16:27:58.142 30560 30643 D OIC_SRM_PSI: ReadDatabaseFromPS OUT
12-10 16:27:58.142 30560 30643 D OIC_SRM_PSI: CreateResetProfile OUT
12-10 16:27:58.142 30560 30643 I OIC_RI_STACK: Entering OCCreateResource
12-10 16:27:58.142 30560 30643 I OIC_RI_STACK: Added type oic.wk.d to /oic/d
12-10 16:27:58.142 30560 30643 I OIC_RI_STACK: Binding oic.if.baseline interface to /oic/d
12-10 16:27:58.142 30560 30643 I OIC_RI_STACK: Binding 449 TPS flags to /oic/d
12-10 16:27:58.143 30560 30643 I OIC_RI_STACK: SendPresenceNotification
12-10 16:27:58.143 30560 30643 I OIC_RI_STACK: Binding oic.if.r interface to /oic/d
12-10 16:27:58.143 30560 30643 I OIC_RI_STACK: Entering OCCreateResource
12-10 16:27:58.143 30560 30643 I OIC_RI_STACK: Added type oic.wk.p to /oic/p
12-10 16:27:58.143 30560 30643 I OIC_RI_STACK: Binding oic.if.baseline interface to /oic/p
12-10 16:27:58.143 30560 30643 I OIC_RI_STACK: Binding 449 TPS flags to /oic/p
12-10 16:27:58.144 30560 30643 I OIC_RI_STACK: SendPresenceNotification
12-10 16:27:58.144 30560 30643 I OIC_RI_STACK: Binding oic.if.r interface to /oic/p
12-10 16:27:58.144 30560 30643 I OIC_RI_STACK: Entering OCCreateResource
12-10 16:27:58.144 30560 30643 I OIC_RI_STACK: OCCreateResourceWithEp: Creating Resource /introspection as OC_SECURE by default.
12-10 16:27:58.144 30560 30643 I OIC_RI_STACK: Added type oic.wk.introspection to /introspection
12-10 16:27:58.144 30560 30643 I OIC_RI_STACK: Binding oic.if.baseline interface to /introspection
12-10 16:27:58.144 30560 30643 I OIC_RI_STACK: Binding 449 TPS flags to /introspection
12-10 16:27:58.145 30560 30643 I OIC_RI_STACK: SendPresenceNotification
12-10 16:27:58.145 30560 30643 I OIC_RI_STACK: Binding oic.if.r interface to /introspection
12-10 16:27:58.145 30560 30643 I OIC_RI_STACK: Entering OCCreateResource
12-10 16:27:58.145 30560 30643 I OIC_RI_STACK: Added type oic.wk.introspection.payload to /introspection/payload
12-10 16:27:58.145 30560 30643 I OIC_RI_STACK: Binding oic.if.baseline interface to /introspection/payload
12-10 16:27:58.145 30560 30643 I OIC_RI_STACK: Binding 449 TPS flags to /introspection/payload
12-10 16:27:58.146 30560 30643 I OIC_RI_STACK: SendPresenceNotification
12-10 16:27:58.146 30560 30643 I OIC_RI_STACK: Binding oic.if.r interface to /introspection/payload
12-10 16:27:58.146 30560 30643 D OIC_RI_RESOURCE: InitializeDeviceProperties IN
12-10 16:27:58.146 30560 30643 D OIC_SRM_PSI: ReadDatabaseFromPS IN
12-10 16:27:58.146 30560 30643 D OIC_SRM_PSI: File Read Size: 0
12-10 16:27:58.146 30560 30643 D OIC_SRM_PSI: ReadDatabaseFromPS OUT
12-10 16:27:58.146 30560 30643 E OIC_RI_RESOURCE: ReadDatabaseFromPS failed
12-10 16:27:58.146 30560 30643 E OIC_RI_RESOURCE: ReadDevicePropertiesFromDatabase failed
12-10 16:27:58.147 30560 30643 D OIC_RI_RESOURCE: CreateDeviceProperties IN
12-10 16:27:58.147 30560 30643 D OIC_RI_RESOURCE: CreateDeviceProperties OUT
12-10 16:27:58.147 30560 30643 D OIC_RI_RESOURCE: CreateDeviceProperties IN
12-10 16:27:58.147 30560 30643 D OIC_RI_RESOURCE: CreateDeviceProperties OUT
12-10 16:27:58.147 30560 30643 D OIC_SRM_PSI: UpdateResourceInPS IN
12-10 16:27:58.147 30560 30643 D OIC_SRM_PSI: ReadDatabaseFromPS IN
12-10 16:27:58.147 30560 30643 D OIC_SRM_PSI: File Read Size: 0
12-10 16:27:58.147 30560 30643 D OIC_SRM_PSI: ReadDatabaseFromPS OUT
12-10 16:27:58.147 30560 30643 D OIC_SRM_PSI: Writing in the file: 66
12-10 16:27:58.147 30560 30643 E OIC_SRM_PSI: File open failed.
12-10 16:27:58.148 30560 30643 E OIC_SRM_PSI: (OC_STACK_OK == ret) failed!!
12-10 16:27:58.148 30560 30643 E OIC_RI_RESOURCE: UpdateResourceInPS failed with 255!
12-10 16:27:58.148 30560 30643 E OIC_RI_RESOURCE: UpdateDevicePropertiesDatabase failed!
12-10 16:27:58.148 30560 30643 D OIC_RI_RESOURCE: InitializeDeviceProperties OUT
12-10 16:27:58.150 30560 30643 I OIC_SERVER_WRAPPER: start
12-10 16:27:58.150 30560 30643 I DeviceDiscoveryServer: Registering device info
12-10 16:27:58.151 30560 30643 I OIC-JNI : OcPlatform_registerDeviceInfo
12-10 16:27:58.151 30560 30643 I OIC_RI_STACK: Added type oic.d.phone to /oic/d
12-10 16:27:58.152 30560 30643 I OIC_RI_STACK: SendPresenceNotification
12-10 16:27:58.152 30560 30643 I OIC_RI_RESOURCE: Device parameter initialized successfully.
12-10 16:27:58.152 30560 30643 I DeviceDiscoveryServer: Registering platform info
12-10 16:27:58.153 30560 30643 I OIC-JNI : OcPlatform_registerPlatformInfo
12-10 16:27:58.153 30560 30643 I OIC_RI_RESOURCE: Entering OCSetPlatformInfo
12-10 16:27:58.153 30560 30643 I OIC_RI_RESOURCE: Platform parameter initialized successfully.
12-10 16:27:58.153 30560 30643 I DeviceDiscoveryServer: Waiting for the requests...
12-10 16:27:58.153 30560 30643 I DeviceDiscoveryServer: ------------------------------------------------------------------------
12-10 16:27:58.820 30152 30657 D AsyTskExecutor: [null] -- start_pipeline#com.alipay.mobile.framework.SECOND start at 1575966478819
12-10 16:27:58.834 30152 30657 D AsyTskExecutor: [null] -- start_pipeline#com.alipay.mobile.framework.SECOND end cost 15
12-10 16:27:58.834 30152 30657 D AsyTskExecutor: reset PipelineRunnable = com.alipay.mobile.quinox.asynctask.PipelineRunnable@cdae4e, task = com.alipay.mobile.framework.pipeline.analysis.AnalysedRunnable, threadName = start_pipeline#com.alipay.mobile.framework.SECOND
12-10 16:27:58.855 30188 30663 D AsyTskExecutor: [null] -- 3_SPH.initConfigFromLocal start at 1575966478854
12-10 16:27:58.855 30114 30662 D AsyTskExecutor: [null] -- 3_SPH.initConfigFromLocal start at 1575966478855
12-10 16:27:58.880 30152 30665 D AsyTskExecutor: [null] -- Fusion.InterceptorManager.initPrivacyInterceptors start at 1575966478880
12-10 16:27:58.894 30152 30665 D AsyTskExecutor: [null] -- Fusion.InterceptorManager.initPrivacyInterceptors end cost 13
12-10 16:27:58.894 30152 30665 D AsyTskExecutor: reset PipelineRunnable = com.alipay.mobile.quinox.asynctask.PipelineRunnable@cbf07d, task = com.alipay.mobile.framework.pipeline.analysis.AnalysedRunnable, threadName = Fusion.InterceptorManager.initPrivacyInterceptors
12-10 16:27:58.942  1667  1851 W ResourceType: No package identifier when getting name for resource number 0x00000000
12-10 16:27:59.576 30114 30242 D PipelineRunnable: [GlobalStandardPipeline] -- GuardPolicy end cost 3095
12-10 16:27:59.577 30114 30242 D AsyTskExecutor: reset PipelineRunnable = com.alipay.mobile.quinox.asynctask.PipelineRunnable@3112115, task = com.alipay.dexaop.power.GuardPolicy$1$1, threadName = GuardPolicy
12-10 16:27:59.578 30114 30242 D PipelineRunnable: [GlobalStandardPipeline] -- FgBgServiceMessage start at 1575966479578
12-10 16:27:59.583 30114 30242 D PipelineRunnable: [GlobalStandardPipeline] -- FgBgServiceMessage end cost 4
12-10 16:27:59.583 30114 30242 D AsyTskExecutor: reset PipelineRunnable = com.alipay.mobile.quinox.asynctask.PipelineRunnable@2600138, task = com.alipay.mobile.common.fgbg.FgBgMonitorService$3, threadName = FgBgServiceMessage
12-10 16:27:59.583 30114 30242 D PipelineRunnable: [GlobalStandardPipeline] -- 4_BgTimeTick start at 1575966479583
12-10 16:27:59.606 15894 15894 D wpa_supplicant: wlan0: Control interface command 'SIGNAL_POLL'
12-10 16:28:00.006  1929  1929 D KeyguardUpdateMonitor: handleTimeUpdate
12-10 16:28:00.312 30152 30152 D HOOK    : AssetManager isUpToDate:true
12-10 16:28:00.748 30188 30366 D PipelineRunnable: [GlobalStandardPipeline] -- GuardPolicy end cost 3010
12-10 16:28:00.750 30188 30366 D AsyTskExecutor: reset PipelineRunnable = com.alipay.mobile.quinox.asynctask.PipelineRunnable@705df22, task = com.alipay.dexaop.power.GuardPolicy$1$1, threadName = GuardPolicy
12-10 16:28:00.751 30188 30366 D PipelineRunnable: [GlobalStandardPipeline] -- FgBgServiceMessage start at 1575966480750
12-10 16:28:00.771 30188 30366 D PipelineRunnable: [GlobalStandardPipeline] -- FgBgServiceMessage end cost 21
12-10 16:28:00.771 30188 30366 D AsyTskExecutor: reset PipelineRunnable = com.alipay.mobile.quinox.asynctask.PipelineRunnable@5030f70, task = com.alipay.mobile.common.fgbg.FgBgMonitorService$3, threadName = FgBgServiceMessage
12-10 16:28:00.771 30188 30366 D PipelineRunnable: [GlobalStandardPipeline] -- 4_BgTimeTick start at 1575966480771
12-10 16:28:00.790 30152 30669 D AsyTskExecutor: [null] -- com.alipay.mobile.quinox.application.LauncherApplicationWrapper$17 start at 1575966480790
12-10 16:28:00.792 30152 30669 D AsyTskExecutor: [null] -- com.alipay.mobile.quinox.application.LauncherApplicationWrapper$17 end cost 2
12-10 16:28:00.792 30152 30669 D AsyTskExecutor: reset PipelineRunnable = com.alipay.mobile.quinox.asynctask.PipelineRunnable@5f0228a, task = com.alipay.mobile.framework.pipeline.analysis.AnalysedRunnable, threadName = com.alipay.mobile.quinox.application.LauncherApplicationWrapper$17
12-10 16:28:01.402 30152 30672 D AsyTskExecutor: [null] -- com.alipay.mobile.quinox.startup.AnomalousRestartProcessor$1 start at 1575966481401
12-10 16:28:01.427 30152 30672 D AsyTskExecutor: [null] -- com.alipay.mobile.quinox.startup.AnomalousRestartProcessor$1 end cost 26
12-10 16:28:01.428 30152 30672 D AsyTskExecutor: reset PipelineRunnable = com.alipay.mobile.quinox.asynctask.PipelineRunnable@162c38e, task = com.alipay.mobile.framework.pipeline.analysis.AnalysedRunnable, threadName = com.alipay.mobile.quinox.startup.AnomalousRestartProcessor$1
12-10 16:28:01.815  2177  2187 D RendererCore: cleanUp: miui.maml.RendererCore@29e586b
12-10 16:28:01.859 30114 30662 D AsyTskExecutor: [null] -- 3_SPH.initConfigFromLocal end cost 3004
12-10 16:28:01.859 30114 30662 D AsyTskExecutor: reset PipelineRunnable = com.alipay.mobile.quinox.asynctask.PipelineRunnable@53dc3ce, task = com.alipay.fusion.intercept.manager.config.helper.SubProcessHelper$SPObserver$1, threadName = 3_SPH.initConfigFromLocal
12-10 16:28:01.861 30188 30663 D AsyTskExecutor: [null] -- 3_SPH.initConfigFromLocal end cost 3006
12-10 16:28:01.861 30188 30663 D AsyTskExecutor: reset PipelineRunnable = com.alipay.mobile.quinox.asynctask.PipelineRunnable@ce1b29c, task = com.alipay.fusion.intercept.manager.config.helper.SubProcessHelper$SPObserver$1, threadName = 3_SPH.initConfigFromLocal
12-10 16:28:02.586 30114 30242 D PipelineRunnable: [GlobalStandardPipeline] -- 4_BgTimeTick end cost 3003
12-10 16:28:02.586 30114 30242 D AsyTskExecutor: reset PipelineRunnable = com.alipay.mobile.quinox.asynctask.PipelineRunnable@c4952ef, task = com.alipay.dexaop.power.BgTimeTickManager$1$1, threadName = 4_BgTimeTick
12-10 16:28:02.587 30114 30242 D PipelineRunnable: [GlobalStandardPipeline] -- FgBgServiceMessage start at 1575966482587
12-10 16:28:02.591 30114 30242 D PipelineRunnable: [GlobalStandardPipeline] -- FgBgServiceMessage end cost 4
12-10 16:28:02.591 30114 30242 D AsyTskExecutor: reset PipelineRunnable = com.alipay.mobile.quinox.asynctask.PipelineRunnable@3112115, task = com.alipay.mobile.common.fgbg.FgBgMonitorService$3, threadName = FgBgServiceMessage
12-10 16:28:02.631 15894 15894 D wpa_supplicant: wlan0: Control interface command 'SIGNAL_POLL'
12-10 16:28:02.660   894   894 I MSM-irqbalance: Decided to move IRQ5 from CPU2 [P:0] to CPU7 [P:1] (banned)
12-10 16:28:02.661   894   894 I MSM-irqbalance: Decided to move IRQ3 from CPU2 [P:0] to CPU6 [P:1] (banned)
12-10 16:28:02.663   894   894 I MSM-irqbalance: Decided to move IRQ5 from CPU1 [P:0] to CPU5 [P:1] (banned)
12-10 16:28:02.664   894   894 I MSM-irqbalance: Decided to move IRQ3 from CPU1 [P:0] to CPU4 [P:1] (banned)
12-10 16:28:02.665   894   894 I MSM-irqbalance: Decided to move IRQ3 from CPU0 [P:0] to CPU7 [P:1] (banned)
12-10 16:28:02.666   894   894 I MSM-irqbalance: Decided to move IRQ5 from CPU0 [P:0] to CPU6 [P:1] (banned)
12-10 16:28:02.668   894   894 I MSM-irqbalance: Decided to move IRQ3 from CPU3 [P:0] to CPU5 [P:1] (banned)
12-10 16:28:02.670   894   894 I MSM-irqbalance: Decided to move IRQ5 from CPU3 [P:0] to CPU4 [P:1] (banned)
12-10 16:28:02.843  2119  2250 W QCNEJ   : |CORE| CNE received unexpected action: android.intent.action.BATTERY_CHANGED
12-10 16:28:02.844  2870  2870 I BatteryInfoReceiver: ACTION_BATTERY_CHANGED
12-10 16:28:02.845  3741  3992 D PowerCheckerService: onBatteryChanged, mBatteryLevel = 100, status = 5, level = 100, plug = 2
12-10 16:28:02.845  1929  1929 D KeyguardUpdateMonitor: received broadcast android.intent.action.BATTERY_CHANGED
12-10 16:28:02.846 26043 26082 D HeadsetStateMachine: Disconnected process message: 10, size: 0
12-10 16:28:02.847  3741  3998 D ThermalTempInfoHelper: thermal sensor1 temp is 32
12-10 16:28:02.849  3741  3998 D ThermalTempInfoHelper: thermal sensor1 temp is 32
12-10 16:28:02.849  3741  3998 D PowerKeeper.Thermal: current battery temperature:31 xo_thermal 32 valid true
12-10 16:28:03.775 30188 30366 D PipelineRunnable: [GlobalStandardPipeline] -- 4_BgTimeTick end cost 3004
12-10 16:28:03.776 30188 30366 D AsyTskExecutor: reset PipelineRunnable = com.alipay.mobile.quinox.asynctask.PipelineRunnable@12cc4a5, task = com.alipay.dexaop.power.BgTimeTickManager$1$1, threadName = 4_BgTimeTick
12-10 16:28:03.776 30188 30366 D PipelineRunnable: [GlobalStandardPipeline] -- FgBgServiceMessage start at 1575966483776
12-10 16:28:03.782 30188 30366 D PipelineRunnable: [GlobalStandardPipeline] -- FgBgServiceMessage end cost 6
12-10 16:28:03.782 30188 30366 D AsyTskExecutor: reset PipelineRunnable = com.alipay.mobile.quinox.asynctask.PipelineRunnable@705df22, task = com.alipay.mobile.common.fgbg.FgBgMonitorService$3, threadName = FgBgServiceMessage
12-10 16:28:04.844  1929  2391 D NetworkController.MobileSignalController(1): 4G level = 5
12-10 16:28:05.645 15894 15894 D wpa_supplicant: wlan0: Control interface command 'SIGNAL_POLL'
12-10 16:28:05.922 30674 30674 I sh      : type=1400 audit(0.0:28490): avc: denied { execute } for name="su" dev="mmcblk0p65" ino=5590 scontext=u:r:untrusted_app:s0:c512,c768 tcontext=u:object_r:su_exec:s0 tclass=file permissive=1
12-10 16:28:06.565  5299  5349 I StepList: stepsList new StepMode
12-10 16:28:07.660   894   894 I MSM-irqbalance: Decided to move IRQ5 from CPU2 [P:0] to CPU7 [P:1] (banned)
12-10 16:28:07.662   894   894 I MSM-irqbalance: Decided to move IRQ3 from CPU2 [P:0] to CPU5 [P:1] (banned)
12-10 16:28:07.663   894   894 I MSM-irqbalance: Decided to move IRQ5 from CPU1 [P:0] to CPU6 [P:1] (banned)
12-10 16:28:07.664   894   894 I MSM-irqbalance: Decided to move IRQ3 from CPU1 [P:0] to CPU4 [P:1] (banned)
12-10 16:28:07.665   894   894 I MSM-irqbalance: Decided to move IRQ5 from CPU0 [P:0] to CPU7 [P:1] (banned)
12-10 16:28:07.666   894   894 I MSM-irqbalance: Decided to move IRQ3 from CPU0 [P:0] to CPU5 [P:1] (banned)
12-10 16:28:07.667   894   894 I MSM-irqbalance: Decided to move IRQ3 from CPU3 [P:0] to CPU6 [P:1] (banned)
12-10 16:28:07.668   894   894 I MSM-irqbalance: Decided to move IRQ5 from CPU3 [P:0] to CPU4 [P:1] (banned)
12-10 16:28:08.670 15894 15894 D wpa_supplicant: wlan0: Control interface command 'SIGNAL_POLL'
12-10 16:28:09.777   776   776 I cnss-daemon: RTM_NEWROUTE Indication
12-10 16:28:09.777   776   776 E cnss-daemon: gateway mac address: %02x:%02x:%02x:%02x:%02x:%02x
12-10 16:28:09.777   776   776 E cnss-daemon: : 00:00:00:00:00:00
12-10 16:28:09.777 30560 30648 D OIC_CA_IP_ADAP: Address: fe80::f6f5:dbff:fe26:2384%wlan0, port:47771
12-10 16:28:09.778   776   776 E cnss-daemon: Invalid mac address: 0x5588506110M
12-10 16:28:09.778 30560 30648 I OIC_TRACER: entering oic_trace_init
12-10 16:28:09.779 30560 30648 I OIC_TRACER: exit oic_trace_init with: 84
12-10 16:28:09.779 30560 30648 I OIC_TRACER: error writing, len: 54, ret: -1, errno: 9 at oic_trace_begin
12-10 16:28:09.779 30560 30648 I OIC_CA_PRTCL_MSG: adapter value of CoAP/TCP is 1
12-10 16:28:09.779 30560 30648 D OIC_CA_PRTCL_MSG: pdu parse-transport type : 0
12-10 16:28:09.780 30560 30648 D OIC_CA_PRTCL_MSG: pdu parse ret: 1
12-10 16:28:09.780 30560 30648 I OIC_CA_PRTCL_MSG: adapter value of CoAP/TCP is 1
12-10 16:28:09.780 30560 30648 D OIC_CA_MSG_HANDLE: code = 1
12-10 16:28:09.780 30560 30648 D OIC_CA_MSG_HANDLE: CAGenerateHandlerData IN
12-10 16:28:09.780 30560 30648 D OIC_CA_MSG_HANDLE: address : fe80::f6f5:dbff:fe26:2384%wlan0
12-10 16:28:09.780 30560 30648 I OIC_CA_PRTCL_MSG: IN - CAGetInfoFromPDU
12-10 16:28:09.780 30560 30648 I OIC_CA_PRTCL_MSG: adapter value of CoAP/TCP is 1
12-10 16:28:09.781 30560 30648 I OIC_CA_PRTCL_MSG: adapter value of CoAP/TCP is 1
12-10 16:28:09.781 30560 30648 D OIC_CA_PRTCL_MSG: COAP URI element : oic
12-10 16:28:09.781 30560 30648 D OIC_CA_PRTCL_MSG: COAP URI element : p
12-10 16:28:09.781 30560 30648 D OIC_CA_PRTCL_MSG: COAP URI element : '
12-10 16:28:09.781 30560 30648 D OIC_CA_PRTCL_MSG: COAP URI element : 
12-10 16:28:09.781 30560 30648 D OIC_CA_PRTCL_MSG: COAP URI element : 
12-10 16:28:09.781 30560 30648 D OIC_CA_PRTCL_MSG: inside token length : 8
12-10 16:28:09.782 30560 30648 D OIC_CA_PRTCL_MSG: URL length:6
12-10 16:28:09.782 30560 30648 I OIC_CA_PRTCL_MSG: OUT - CAGetInfoFromPDU
12-10 16:28:09.782 30560 30648 D OIC_CA_MSG_HANDLE: Request Info :
12-10 16:28:09.782 30560 30648 D OIC_CA_MSG_HANDLE: optionID: 17
12-10 16:28:09.782 30560 30648 D OIC_CA_MSG_HANDLE: list: '
12-10 16:28:09.782 30560 30648 D OIC_CA_MSG_HANDLE: optionID: 2049
12-10 16:28:09.782 30560 30648 D OIC_CA_MSG_HANDLE: list: 
12-10 16:28:09.782 30560 30648 D OIC_CA_MSG_HANDLE: optionID: 65524
12-10 16:28:09.782 30560 30648 D OIC_CA_MSG_HANDLE: list: 
12-10 16:28:09.782 30560 30648 D OIC_CA_MSG_HANDLE: token:
12-10 16:28:09.783 30560 30648 D OIC_CA_MSG_HANDLE: 7F 93 C0 73 7C FC D1 2E 
12-10 16:28:09.783 30560 30648 D OIC_CA_MSG_HANDLE: msgID: 19346
12-10 16:28:09.783 30560 30648 D OIC_CA_MSG_HANDLE: CAGenerateHandlerData OUT
12-10 16:28:09.783 30560 30648 D OIC_CA_MSG_HANDLE: CALogPDUInfo
12-10 16:28:09.783 30560 30648 I OIC_TRACER: error writing, len: 42, ret: -1, errno: 9 at oic_trace_begin
12-10 16:28:09.783 30560 30648 D OIC_ANALYZER: =================================================
12-10 16:28:09.783 30560 30648 D OIC_ANALYZER: Is Multicast = false
12-10 16:28:09.783 30560 30648 D OIC_ANALYZER: Transport Type = [OC_ADAPTER_IP]
12-10 16:28:09.784 30560 30648 D OIC_ANALYZER: Address = [fe80::f6f5:dbff:fe26:2384%wlan0]:[47771]
12-10 16:28:09.784 30560 30648 D OIC_ANALYZER: Data Type = [CA_REQUEST_DATA]
12-10 16:28:09.784 30560 30648 D OIC_ANALYZER: -------------------------------------------------
12-10 16:28:09.784 30560 30648 D OIC_ANALYZER: Method = [GET]
12-10 16:28:09.784 30560 30648 D OIC_ANALYZER: Msg ID = [37451]
12-10 16:28:09.784 30560 30648 D OIC_ANALYZER: Coap Token
12-10 16:28:09.784 30560 30648 D OIC_ANALYZER: 7F 93 C0 73 7C FC D1 2E 
12-10 16:28:09.784 30560 30648 I OIC_TRACER: error writing, len: 66, ret: -1, errno: 9 at oic_trace_begin
12-10 16:28:09.784 30560 30648 I OIC_TRACER: error writing, len: 1, ret: -1, errno: 9 at oic_trace_end
12-10 16:28:09.785 30560 30648 D OIC_ANALYZER: Res URI = [/oic/p]
12-10 16:28:09.785 30560 30648 I OIC_TRACER: error writing, len: 53, ret: -1, errno: 9 at oic_trace_begin
12-10 16:28:09.785 30560 30648 I OIC_TRACER: error writing, len: 1, ret: -1, errno: 9 at oic_trace_end
12-10 16:28:09.785 30560 30648 D OIC_ANALYZER: Payload Format = [0]
12-10 16:28:09.785 30560 30648 D OIC_ANALYZER: CoAP Message Full Size = [30]
12-10 16:28:09.785 30560 30648 D OIC_ANALYZER: CoAP Header (+ 0xFF)
12-10 16:28:09.785 30560 30648 D OIC_ANALYZER: 58 01 92 4B 7F 93 C0 73 7C FC D1 2E B3 6F 69 63 
12-10 16:28:09.785 30560 30648 D OIC_ANALYZER: 01 70 62 27 10 E2 06 E3 08 00 E1 F6 E6 C0 
12-10 16:28:09.785 30560 30648 D OIC_ANALYZER: CoAP Header size = [30]
12-10 16:28:09.786 30560 30648 D OIC_ANALYZER: CoAP Payload
12-10 16:28:09.786 30560 30648 D OIC_ANALYZER: CoAP Payload Size = [0]
12-10 16:28:09.786 30560 30648 D OIC_ANALYZER: =================================================
12-10 16:28:09.786 30560 30648 I OIC_TRACER: error writing, len: 1, ret: -1, errno: 9 at oic_trace_end
12-10 16:28:09.786 30560 30648 D OIC_CA_BWT: CAReceiveBlockWiseData
12-10 16:28:09.786 30560 30648 D OIC_CA_BWT: it's normal pdu
12-10 16:28:09.786 30560 30648 D OIC_CA_MSG_HANDLE: this message does not have block option
12-10 16:28:09.786 30560 30648 D OIC_UQUEUE: Queue Count : 1
12-10 16:28:09.787 30560 30648 D OIC_CA_MSG_HANDLE: received pdu data :
12-10 16:28:09.787 30560 30648 D OIC_CA_MSG_HANDLE: 58 01 92 4B 7F 93 C0 73 7C FC D1 2E B3 6F 69 63 
12-10 16:28:09.787 30560 30648 D OIC_CA_MSG_HANDLE: 01 70 62 27 10 E2 06 E3 08 00 E1 F6 E6 C0 
12-10 16:28:09.787 30560 30648 I OIC_TRACER: error writing, len: 1, ret: -1, errno: 9 at oic_trace_end
12-10 16:28:09.787 30560 30648 D OIC_CA_IP_ADAP: Address: 192.168.1.69, port:40768
12-10 16:28:09.787 30560 30648 I OIC_TRACER: error writing, len: 54, ret: -1, errno: 9 at oic_trace_begin
12-10 16:28:09.787 30560 30648 I OIC_CA_PRTCL_MSG: adapter value of CoAP/TCP is 1
12-10 16:28:09.788 30560 30648 D OIC_CA_PRTCL_MSG: pdu parse-transport type : 0
12-10 16:28:09.788 30560 30648 D OIC_CA_PRTCL_MSG: pdu parse ret: 1
12-10 16:28:09.788 30560 30648 I OIC_CA_PRTCL_MSG: adapter value of CoAP/TCP is 1
12-10 16:28:09.788 30560 30648 D OIC_CA_MSG_HANDLE: code = 1
12-10 16:28:09.788 30560 30648 D OIC_CA_MSG_HANDLE: CAGenerateHandlerData IN
12-10 16:28:09.788 30560 30648 D OIC_CA_MSG_HANDLE: address : 192.168.1.69
12-10 16:28:09.788 30560 30656 D OIC_CA_MSG_HANDLE: request callback : 3
12-10 16:28:09.788 30560 30656 I OIC_RI_STACK: Enter HandleCARequests
12-10 16:28:09.788 30560 30648 I OIC_CA_PRTCL_MSG: IN - CAGetInfoFromPDU
12-10 16:28:09.789 30560 30648 I OIC_CA_PRTCL_MSG: adapter value of CoAP/TCP is 1
12-10 16:28:09.789 30560 30656 I OIC_TRACER: error writing, len: 41, ret: -1, errno: 9 at oic_trace_begin
12-10 16:28:09.789 30560 30648 I OIC_CA_PRTCL_MSG: adapter value of CoAP/TCP is 1
12-10 16:28:09.789 30560 30656 D OIC_RM_UTIL: Request- optionID: 17
12-10 16:28:09.789 30560 30648 D OIC_CA_PRTCL_MSG: COAP URI element : oic
12-10 16:28:09.789 30560 30656 D OIC_RM_UTIL: Request- optionID: 2049
12-10 16:28:09.789 30560 30656 D OIC_RM_UTIL: Request- optionID: 65524
12-10 16:28:09.789 30560 30656 I OIC_RM_UTIL: Found Option at 2
12-10 16:28:09.789 30560 30656 I OIC_TRACER: error writing, len: 48, ret: -1, errno: 9 at oic_trace_begin
12-10 16:28:09.789 30560 30656 I OIC_TRACER: error writing, len: 1, ret: -1, errno: 9 at oic_trace_end
12-10 16:28:09.789 30560 30648 D OIC_CA_PRTCL_MSG: COAP URI element : p
12-10 16:28:09.789 30560 30656 D OIC_RI_STACK: Enter OCHandleRequests
12-10 16:28:09.790 30560 30656 I OIC_RI_STACK: Endpoint URI : /oic/p
12-10 16:28:09.790 30560 30648 D OIC_CA_PRTCL_MSG: COAP URI element : '
12-10 16:28:09.790 30560 30648 D OIC_CA_PRTCL_MSG: COAP URI element : 
12-10 16:28:09.790 30560 30656 I OIC_RI_STACK: URI without query: /oic/p
12-10 16:28:09.790 30560 30648 D OIC_CA_PRTCL_MSG: COAP URI element : 
12-10 16:28:09.790 30560 30656 I OIC_RI_STACK: Query : (null)
12-10 16:28:09.790 30560 30648 D OIC_CA_PRTCL_MSG: inside token length : 8
12-10 16:28:09.790 30560 30648 D OIC_CA_PRTCL_MSG: URL length:6
12-10 16:28:09.790 30560 30656 I OIC_RI_STACK: 7F 93 C0 73 7C FC D1 2E 
12-10 16:28:09.790 30560 30648 I OIC_CA_PRTCL_MSG: OUT - CAGetInfoFromPDU
12-10 16:28:09.790 30560 30656 I OIC_RI_STACK: Entering HandleStackRequests (OCStack Layer)
12-10 16:28:09.790 30560 30648 I OIC_CA_MSG_HANDLE: IPv4 duplicate message ignored
12-10 16:28:09.791 30560 30656 I OIC_RI_SERVERREQUEST: Get server request with token
12-10 16:28:09.791 30560 30648 I OIC_CA_MSG_HANDLE: Second Request with same Token, Drop it
12-10 16:28:09.791 30560 30656 I OIC_RI_SERVERREQUEST: 7F 93 C0 73 7C FC D1 2E 
12-10 16:28:09.791 30560 30648 E OIC_CA_MSG_HANDLE: CAReceivedPacketCallback, CAGenerateHandlerData failed!
12-10 16:28:09.791 30560 30656 I OIC_RI_SERVERREQUEST: Server Request not found!!
12-10 16:28:09.791 30560 30648 D OIC_CA_MSG_HANDLE: received pdu data :
12-10 16:28:09.791 30560 30656 I OIC_RI_STACK: This is a new Server Request
12-10 16:28:09.791 30560 30648 D OIC_CA_MSG_HANDLE: 58 01 92 4B 7F 93 C0 73 7C FC D1 2E B3 6F 69 63 
12-10 16:28:09.791 30560 30656 I OIC_RI_SERVERREQUEST: AddServerRequest entry [fe80::f6f5:dbff:fe26:2384%wlan0:47771]
12-10 16:28:09.791 30560 30648 D OIC_CA_MSG_HANDLE: 01 70 62 27 10 E2 06 E3 08 00 E1 F6 E6 C0 
12-10 16:28:09.791 30560 30648 I OIC_TRACER: error writing, len: 1, ret: -1, errno: 9 at oic_trace_end
12-10 16:28:09.791 30560 30656 I OIC_RI_SERVERREQUEST: Server Request Added
12-10 16:28:09.791 30560 30656 I OIC_RI_STACK: This Server Request is complete
12-10 16:28:09.791 30560 30656 I OIC_RI_RESOURCE: DetermineResourceHandling for /oic/p
12-10 16:28:09.792 30560 30656 I OIC_RI_RESOURCE: /oic/p is virtual
12-10 16:28:09.792 30560 30656 I OIC_RI_RESOURCE: Entering HandleVirtualResource
12-10 16:28:09.792 30560 30656 D PayloadLog: Payload Type: Representation
12-10 16:28:09.792 30560 30656 D PayloadLog: 	Resource #1
12-10 16:28:09.792 30560 30656 D PayloadLog: 	Resource Types:
12-10 16:28:09.792 30560 30656 D PayloadLog: 		oic.wk.p
12-10 16:28:09.792 30560 30656 D PayloadLog: 	Interfaces:
12-10 16:28:09.792 30560 30656 D PayloadLog: 		oic.if.baseline
12-10 16:28:09.792 30560 30656 D PayloadLog: 		oic.if.r
12-10 16:28:09.792 30560 30656 D PayloadLog: 	Values:
12-10 16:28:09.792 30560 30656 D PayloadLog: 		st(string):1575966478152
12-10 16:28:09.792 30560 30656 D PayloadLog: 		mnsl(string):https://www.mysupportlink.com
12-10 16:28:09.792 30560 30656 D PayloadLog: 		mnfv(string):myFirmwareVersion
12-10 16:28:09.792 30560 30656 D PayloadLog: 		mnhw(string):myHardwareVersion
12-10 16:28:09.792 30560 30656 D PayloadLog: 		mnos(string):Manufacturer OS version
12-10 16:28:09.793 30560 30656 D PayloadLog: 		mnpv(string):myPlatformVersion
12-10 16:28:09.794 30560 30656 D PayloadLog: 		mndt(string):2016-01-15
12-10 16:28:09.794 30560 30656 D PayloadLog: 		mnmo(string):myModelNumber
12-10 16:28:09.794 30560 30656 D PayloadLog: 		mnml(string):https://www.mylink.com
12-10 16:28:09.794 30560 30656 D PayloadLog: 		mnmn(string):myManufactName
12-10 16:28:09.794 30560 30656 D PayloadLog: 		pi(string):0A3E0D6F-DBF5-404E-8719-D6880042463A
12-10 16:28:09.794 30560 30656 I OIC_TRACER: error writing, len: 37, ret: -1, errno: 9 at oic_trace_begin
12-10 16:28:09.797 30560 30656 I OIC_RI_STACK: Entering OCDoResponse
12-10 16:28:09.797 30560 30656 I OIC_RI_PAYLOADCONVERT: Converting payload of type 4
12-10 16:28:09.797 30560 30656 I OIC_RI_PAYLOADCONVERT: Payload has types
12-10 16:28:09.797 30560 30656 I OIC_RI_PAYLOADCONVERT: Payload has interfaces
12-10 16:28:09.798 30560 30656 I OIC_RI_PAYLOADCONVERT: Payload has types
12-10 16:28:09.798 30560 30656 I OIC_RI_PAYLOADCONVERT: Payload has interfaces
12-10 16:28:09.798 30560 30656 D OIC_RI_PAYLOADCONVERT: Payload Size: 319 Payload : 
12-10 16:28:09.798 30560 30656 D OIC_RI_PAYLOADCONVERT: BF 62 72 74 81 68 6F 69 63 2E 77 6B 2E 70 62 69 
12-10 16:28:09.798 30560 30656 D OIC_RI_PAYLOADCONVERT: 66 82 6F 6F 69 63 2E 69 66 2E 62 61 73 65 6C 69 
12-10 16:28:09.798 30560 30656 D OIC_RI_PAYLOADCONVERT: 6E 65 68 6F 69 63 2E 69 66 2E 72 62 73 74 6D 31 
12-10 16:28:09.798 30560 30656 D OIC_RI_PAYLOADCONVERT: 35 37 35 39 36 36 34 37 38 31 35 32 64 6D 6E 73 
12-10 16:28:09.798 30560 30656 D OIC_RI_PAYLOADCONVERT: 6C 78 1D 68 74 74 70 73 3A 2F 2F 77 77 77 2E 6D 
12-10 16:28:09.798 30560 30656 D OIC_RI_PAYLOADCONVERT: 79 73 75 70 70 6F 72 74 6C 69 6E 6B 2E 63 6F 6D 
12-10 16:28:09.798 30560 30656 D OIC_RI_PAYLOADCONVERT: 64 6D 6E 66 76 71 6D 79 46 69 72 6D 77 61 72 65 
12-10 16:28:09.798 30560 30656 D OIC_RI_PAYLOADCONVERT: 56 65 72 73 69 6F 6E 64 6D 6E 68 77 71 6D 79 48 
12-10 16:28:09.798 30560 30656 D OIC_RI_PAYLOADCONVERT: 61 72 64 77 61 72 65 56 65 72 73 69 6F 6E 64 6D 
12-10 16:28:09.798 30560 30656 D OIC_RI_PAYLOADCONVERT: 6E 6F 73 77 4D 61 6E 75 66 61 63 74 75 72 65 72 
12-10 16:28:09.798 30560 30656 D OIC_RI_PAYLOADCONVERT: 20 4F 53 20 76 65 72 73 69 6F 6E 64 6D 6E 70 76 
12-10 16:28:09.798 30560 30656 D OIC_RI_PAYLOADCONVERT: 71 6D 79 50 6C 61 74 66 6F 72 6D 56 65 72 73 69 
12-10 16:28:09.799 30560 30656 D OIC_RI_PAYLOADCONVERT: 6F 6E 64 6D 6E 64 74 6A 32 30 31 36 2D 30 31 2D 
12-10 16:28:09.799 30560 30656 D OIC_RI_PAYLOADCONVERT: 31 35 64 6D 6E 6D 6F 6D 6D 79 4D 6F 64 65 6C 4E 
12-10 16:28:09.799 30560 30656 D OIC_RI_PAYLOADCONVERT: 75 6D 62 65 72 64 6D 6E 6D 6C 76 68 74 74 70 73 
12-10 16:28:09.799 30560 30656 D OIC_RI_PAYLOADCONVERT: 3A 2F 2F 77 77 77 2E 6D 79 6C 69 6E 6B 2E 63 6F 
12-10 16:28:09.799 30560 30656 D OIC_RI_PAYLOADCONVERT: 6D 64 6D 6E 6D 6E 6E 6D 79 4D 61 6E 75 66 61 63 
12-10 16:28:09.799 30560 30656 D OIC_RI_PAYLOADCONVERT: 74 4E 61 6D 65 62 70 69 78 24 30 41 33 45 30 44 
12-10 16:28:09.799 30560 30656 D OIC_RI_PAYLOADCONVERT: 36 46 2D 44 42 46 35 2D 34 30 34 45 2D 38 37 31 
12-10 16:28:09.799 30560 30656 D OIC_RI_PAYLOADCONVERT: 39 2D 44 36 38 38 30 30 34 32 34 36 33 41 FF 
12-10 16:28:09.799 30560 30656 D OIC_RM_UTIL: Request- optionID: 2053
12-10 16:28:09.799 30560 30656 D OIC_RM_UTIL: Request- optionID: 12
12-10 16:28:09.799 30560 30656 I OIC_RM_UTIL: Route option is not present
12-10 16:28:09.799 30560 30656 D OIC_RM_RAP: createoption dlen 0 slen [0]
12-10 16:28:09.799 30560 30656 D OIC_RM_RAP: Source and destination is not present
12-10 16:28:09.800 30560 30656 D OIC_RM_RAP: OptValue NOR Message Type
12-10 16:28:09.800 30560 30656 I OIC_RM_RAP: Option Length is 1
12-10 16:28:09.800 30560 30656 D OIC_CA_CONN_MGR: CASendResponse
12-10 16:28:09.801 30560 30656 D OIC_CA_MSG_HANDLE: CAPrepareSendData IN
12-10 16:28:09.801 30560 30656 D OIC_CA_MSG_HANDLE: device ID of endpoint of this message is 
12-10 16:28:09.801 30560 30656 D OIC_CA_BWT: BlockID is 
12-10 16:28:09.801 30560 30656 D OIC_CA_BWT: 7F 93 C0 73 7C FC D1 2E BA 9B 66 65 38 30 3A 3A 
12-10 16:28:09.802 30560 30656 D OIC_CA_BWT: 66 36 66 35 3A 64 62 66 66 3A 66 65 32 36 3A 32 
12-10 16:28:09.802 30560 30656 D OIC_CA_BWT: 33 38 34 25 77 6C 61 6E 30 
12-10 16:28:09.802 30560 30656 D OIC_CA_BWT: There is no block data
12-10 16:28:09.802 30560 30656 D OIC_CA_BWT: payloadLen=319, maxBlockSize=1024
12-10 16:28:09.802 30560 30656 D OIC_CA_MSG_HANDLE: normal msg will be sent
12-10 16:28:09.802 30560 30656 D OIC_UQUEUE: Queue Count : 1
12-10 16:28:09.802 30560 30656 I OIC_RI_SERVERREQUEST: Server Request Removed
12-10 16:28:09.802 30560 30656 I OIC_TRACER: error writing, len: 1, ret: -1, errno: 9 at oic_trace_end
12-10 16:28:09.802 30560 30656 I OIC_RI_STACK: Exit OCHandleRequests
12-10 16:28:09.802 30560 30656 I OIC_RI_STACK: Exit HandleCARequests
12-10 16:28:09.803 30560 30656 I OIC_TRACER: error writing, len: 1, ret: -1, errno: 9 at oic_trace_end
12-10 16:28:09.803 30560 30656 D OIC_CA_MSG_HANDLE: CADestroyData IN
12-10 16:28:09.803 30560 30656 D OIC_CA_MSG_HANDLE: CADestroyData OUT
12-10 16:28:09.803 30560 30644 D OIC_CA_QING: wake up..
12-10 16:28:09.803 30560 30644 I OIC_TRACER: error writing, len: 47, ret: -1, errno: 9 at oic_trace_begin
12-10 16:28:09.803 30560 30644 D OIC_CA_MSG_HANDLE: Unicast message
12-10 16:28:09.803 30560 30644 D OIC_CA_MSG_HANDLE: responseInfo is available..
12-10 16:28:09.803 30560 30644 D OIC_CA_PRTCL_MSG: CAGeneratePDU: IN
12-10 16:28:09.803 30560 30644 D OIC_CA_PRTCL_MSG: generate pdu for [1]adapter, [162]flags
12-10 16:28:09.803 30560 30644 D OIC_CA_PRTCL_MSG: uri : /oic/p
12-10 16:28:09.804 30560 30644 D OIC_CA_PRTCL_MSG: CAParseHeadOption: IN
12-10 16:28:09.804 30560 30644 D OIC_CA_PRTCL_MSG: parse Head Opt: 3
12-10 16:28:09.804 30560 30644 D OIC_CA_PRTCL_MSG: Head opt ID[65524], length[1]
12-10 16:28:09.804 30560 30644 D OIC_CA_PRTCL_MSG: CAParseHeadOption: info->payloadFormat = 9; info->payloadVersion = 2048
12-10 16:28:09.804 30560 30644 D OIC_CA_PRTCL_MSG: CAParseHeadOption: set contentFormatVersion = 2048
12-10 16:28:09.804 30560 30644 D OIC_CA_PRTCL_MSG: CAParsePayloadFormatHeadOption: IN
12-10 16:28:09.804 30560 30644 D OIC_CA_PRTCL_MSG: CAParsePayloadFormatHeadOption: OUT
12-10 16:28:09.804 30560 30644 D OIC_CA_PRTCL_MSG: CAParseHeadOption: OUT
12-10 16:28:09.804 30560 30644 I OIC_CA_PRTCL_MSG: adapter value of CoAP/TCP is 1
12-10 16:28:09.804 30560 30644 D OIC_CA_PRTCL_MSG: transport type: 0, payload size: 319
12-10 16:28:09.804 30560 30644 I OIC_CA_PRTCL_MSG: adapter value of CoAP/TCP is 1
12-10 16:28:09.804 30560 30644 D OIC_CA_PRTCL_MSG: msgID is 19346
12-10 16:28:09.804 30560 30644 D OIC_CA_PRTCL_MSG: messageId in pdu is 19346, 19346
12-10 16:28:09.804 30560 30644 D OIC_CA_PRTCL_MSG: token info token length: 8, token :
12-10 16:28:09.804 30560 30644 D OIC_CA_PRTCL_MSG: 7F 93 C0 73 7C FC D1 2E 
12-10 16:28:09.804 30560 30644 I OIC_CA_PRTCL_MSG: adapter value of CoAP/TCP is 1
12-10 16:28:09.804 30560 30644 D OIC_CA_PRTCL_MSG: CAGeneratePDU: OUT
12-10 16:28:09.805 30560 30644 D OIC_CA_BWT: IN-AddBlockOption
12-10 16:28:09.805 30560 30644 D OIC_CA_BWT: dataLength - 319
12-10 16:28:09.805 30560 30644 D OIC_CA_BWT: BlockID is 
12-10 16:28:09.805 30560 30644 D OIC_CA_BWT: 7F 93 C0 73 7C FC D1 2E BA 9B 66 65 38 30 3A 3A 
12-10 16:28:09.805 30560 30644 D OIC_CA_BWT: 66 36 66 35 3A 64 62 66 66 3A 66 65 32 36 3A 32 
12-10 16:28:09.805 30560 30644 D OIC_CA_BWT: 33 38 34 25 77 6C 61 6E 30 
12-10 16:28:09.805 30560 30644 D OIC_CA_BWT: IN-GetBlockOptionType
12-10 16:28:09.805 30560 30644 D OIC_CA_BWT: OUT-GetBlockOptionType
12-10 16:28:09.805 30560 30644 D OIC_CA_BWT: no BLOCK option
12-10 16:28:09.805 30560 30644 D OIC_CA_BWT: [oic] opt will be added.
12-10 16:28:09.805 30560 30644 D OIC_CA_BWT: [12] pdu length
12-10 16:28:09.805 30560 30644 D OIC_CA_BWT: [p] opt will be added.
12-10 16:28:09.805 30560 30644 D OIC_CA_BWT: [16] pdu length
12-10 16:28:09.805 30560 30644 D OIC_CA_BWT: ['] opt will be added.
12-10 16:28:09.805 30560 30644 D OIC_CA_BWT: [18] pdu length
12-10 16:28:09.805 30560 30644 D OIC_CA_BWT: [] opt will be added.
12-10 16:28:09.805 30560 30644 D OIC_CA_BWT: [21] pdu length
12-10 16:28:09.806 30560 30644 D OIC_CA_BWT: [] opt will be added.
12-10 16:28:09.806 30560 30644 D OIC_CA_BWT: [26] pdu length
12-10 16:28:09.806 30560 30644 D OIC_CA_BWT: [30] pdu length after option
12-10 16:28:09.806 30560 30644 I OIC_CA_BWT: not Blockwise Transfer
12-10 16:28:09.806 30560 30644 D OIC_CA_BWT: OUT-AddBlockOption
12-10 16:28:09.806 30560 30644 D OIC_CA_MSG_HANDLE: CALogPDUInfo
12-10 16:28:09.806 30560 30644 I OIC_TRACER: error writing, len: 42, ret: -1, errno: 9 at oic_trace_begin
12-10 16:28:09.806 30560 30644 D OIC_ANALYZER: =================================================
12-10 16:28:09.806 30560 30644 D OIC_ANALYZER: Is Multicast = false
12-10 16:28:09.806 30560 30644 D OIC_ANALYZER: Transport Type = [OC_ADAPTER_IP]
12-10 16:28:09.806 30560 30644 D OIC_ANALYZER: Address = [fe80::f6f5:dbff:fe26:2384%wlan0]:[47771]
12-10 16:28:09.806 30560 30644 D OIC_ANALYZER: Data Type = [CA_RESPONSE_DATA]
12-10 16:28:09.806 30560 30644 D OIC_ANALYZER: -------------------------------------------------
12-10 16:28:09.806 30560 30644 D OIC_ANALYZER: result code = [205]
12-10 16:28:09.806 30560 30644 D OIC_ANALYZER: Msg ID = [37451]
12-10 16:28:09.806 30560 30644 D OIC_ANALYZER: Coap Token
12-10 16:28:09.806 30560 30644 D OIC_ANALYZER: 7F 93 C0 73 7C FC D1 2E 
12-10 16:28:09.806 30560 30644 I OIC_TRACER: error writing, len: 66, ret: -1, errno: 9 at oic_trace_begin
12-10 16:28:09.807 30560 30644 I OIC_TRACER: error writing, len: 1, ret: -1, errno: 9 at oic_trace_end
12-10 16:28:09.807 30560 30644 D OIC_ANALYZER: Res URI = [/oic/p]
12-10 16:28:09.807 30560 30644 I OIC_TRACER: error writing, len: 53, ret: -1, errno: 9 at oic_trace_begin
12-10 16:28:09.807 30560 30644 I OIC_TRACER: error writing, len: 1, ret: -1, errno: 9 at oic_trace_end
12-10 16:28:09.807 30560 30644 D OIC_ANALYZER: Payload Format = [CA_FORMAT_APPLICATION_VND_OCF_CBOR]
12-10 16:28:09.807 30560 30644 D OIC_ANALYZER: CoAP Message Full Size = [350]
12-10 16:28:09.807 30560 30644 D OIC_ANALYZER: CoAP Header (+ 0xFF)
12-10 16:28:09.807 30560 30644 D OIC_ANALYZER: 58 45 92 4B 7F 93 C0 73 7C FC D1 2E B3 6F 69 63 
12-10 16:28:09.807 30560 30644 D OIC_ANALYZER: 01 70 12 27 10 E2 06 EC 08 00 E1 F6 E2 C0 FF 
12-10 16:28:09.807 30560 30644 D OIC_ANALYZER: CoAP Header size = [31]
12-10 16:28:09.807 30560 30644 D OIC_ANALYZER: CoAP Payload
12-10 16:28:09.807 30560 30644 D OIC_ANALYZER: CoAP Payload Size = [319]
12-10 16:28:09.807 30560 30644 D OIC_ANALYZER: =================================================
12-10 16:28:09.807 30560 30644 I OIC_TRACER: error writing, len: 1, ret: -1, errno: 9 at oic_trace_end
12-10 16:28:09.807 30560 30644 I OIC_CA_MSG_HANDLE: CASendUnicastData type : 2
12-10 16:28:09.807 30560 30644 D OIC_CA_INF_CTR: unicast message to adapter
12-10 16:28:09.807 30560 30644 D OIC_UQUEUE: Queue Count : 1
12-10 16:28:09.808 30560 30644 I OIC_CA_PRTCL_MSG: adapter value of CoAP/TCP is 1
12-10 16:28:09.808 30560 30647 D OIC_CA_QING: wake up..
12-10 16:28:09.808 30560 30644 D OIC_CA_RETRANS: sent pdu, msgtype=1, msgid=19346
12-10 16:28:09.808 30560 30647 D OIC_CA_IP_SERVER: IN sendData
12-10 16:28:09.808 30560 30644 D OIC_CA_RETRANS: not supported message type
12-10 16:28:09.808 30560 30644 I OIC_TRACER: error writing, len: 1, ret: -1, errno: 9 at oic_trace_end
12-10 16:28:09.808 30560 30644 D OIC_CA_MSG_HANDLE: CADestroyData IN
12-10 16:28:09.808 30560 30644 D OIC_CA_MSG_HANDLE: CADestroyData OUT
12-10 16:28:09.808 30560 30644 D OIC_CA_QING: wait..
12-10 16:28:09.808   776   776 I cnss-daemon: RTM_NEWROUTE Indication
12-10 16:28:09.808 30560 30647 I OIC_CA_IP_SERVER: unicast ipv6 sendTo is successful: 350 bytes
12-10 16:28:09.808 30560 30647 D OIC_CA_ADAP_UTILS: CALogSendStateInfo
12-10 16:28:09.808 30560 30647 D OIC_ANALYZER: =================================================
12-10 16:28:09.808 30560 30647 D OIC_ANALYZER: Send Success, sent length = [350]
12-10 16:28:09.809 30560 30647 D OIC_ANALYZER: Transport Type = [OC_ADAPTER_IP]
12-10 16:28:09.809 30560 30647 D OIC_ANALYZER: Address = [fe80::f6f5:dbff:fe26:2384%wlan0]:[47771]
12-10 16:28:09.809 30560 30647 D OIC_ANALYZER: =================================================
12-10 16:28:09.809 30560 30647 D OIC_CA_QING: wait..
12-10 16:28:11.012 30536 30536 I KernelThread-2: type=1400 audit(0.0:28491): avc: denied { ioctl } for path="socket:[807676]" dev="sockfs" ino=807676 ioctlcmd=8927 scontext=u:r:untrusted_app:s0:c512,c768 tcontext=u:r:untrusted_app:s0:c512,c768 tclass=udp_socket permissive=1
12-10 16:28:11.012 30536 30536 I KernelThread-2: type=1400 audit(0.0:28492): avc: denied { read } for name="address" dev="sysfs" ino=39216 scontext=u:r:untrusted_app:s0:c512,c768 tcontext=u:object_r:sysfs:s0 tclass=file permissive=1
12-10 16:28:11.012 30536 30536 I KernelThread-2: type=1400 audit(0.0:28493): avc: denied { open } for path="/sys/devices/soc/a000000.qcom,wcnss-wlan/net/wlan0/address" dev="sysfs" ino=39216 scontext=u:r:untrusted_app:s0:c512,c768 tcontext=u:object_r:sysfs:s0 tclass=file permissive=1
12-10 16:28:11.012 30536 30536 I KernelThread-2: type=1400 audit(0.0:28494): avc: denied { getattr } for path="/sys/devices/soc/a000000.qcom,wcnss-wlan/net/wlan0/address" dev="sysfs" ino=39216 scontext=u:r:untrusted_app:s0:c512,c768 tcontext=u:object_r:sysfs:s0 tclass=file permissive=1
12-10 16:28:11.022 30536 30536 I KernelThread-2: type=1400 audit(0.0:28495): avc: denied { ioctl } for path="socket:[807713]" dev="sockfs" ino=807713 ioctlcmd=8b15 scontext=u:r:untrusted_app:s0:c512,c768 tcontext=u:r:untrusted_app:s0:c512,c768 tclass=udp_socket permissive=1
12-10 16:28:11.072 30536 30536 I KernelThread-2: type=1400 audit(0.0:28496): avc: denied { read } for name="vold" dev="mmcblk0p65" ino=830 scontext=u:r:untrusted_app:s0:c512,c768 tcontext=u:object_r:vold_exec:s0 tclass=file permissive=1
12-10 16:28:11.072 30536 30536 I KernelThread-2: type=1400 audit(0.0:28497): avc: denied { open } for path="/system/bin/vold" dev="mmcblk0p65" ino=830 scontext=u:r:untrusted_app:s0:c512,c768 tcontext=u:object_r:vold_exec:s0 tclass=file permissive=1
12-10 16:28:11.072 30536 30536 I KernelThread-2: type=1400 audit(0.0:28498): avc: denied { read } for name="debuggerd" dev="mmcblk0p65" ino=451 scontext=u:r:untrusted_app:s0:c512,c768 tcontext=u:object_r:debuggerd_exec:s0 tclass=file permissive=1
12-10 16:28:11.072 30536 30536 I KernelThread-2: type=1400 audit(0.0:28499): avc: denied { open } for path="/system/bin/debuggerd" dev="mmcblk0p65" ino=451 scontext=u:r:untrusted_app:s0:c512,c768 tcontext=u:object_r:debuggerd_exec:s0 tclass=file permissive=1
12-10 16:28:11.082 30536 30536 I KernelThread-2: type=1400 audit(0.0:28500): avc: denied { read } for name="power_supply" dev="sysfs" ino=17861 scontext=u:r:untrusted_app:s0:c512,c768 tcontext=u:object_r:sysfs:s0 tclass=dir permissive=1
12-10 16:28:11.082 30536 30536 I KernelThread-2: type=1400 audit(0.0:28501): avc: denied { open } for path="/sys/class/power_supply" dev="sysfs" ino=17861 scontext=u:r:untrusted_app:s0:c512,c768 tcontext=u:object_r:sysfs:s0 tclass=dir permissive=1
12-10 16:28:11.136  1667  1689 D BluetoothManagerService: Message: 20
12-10 16:28:11.136  1667  1689 D BluetoothManagerService: Added callback: android.bluetooth.IBluetoothManagerCallback$Stub$Proxy@301ec6a:true
12-10 16:28:11.138  1667  1851 D BluetoothManagerService: checkIfCallerIsForegroundUser: valid=true callingUser=0 parentUser=-10000 foregroundUser=0
12-10 16:28:11.151  1667  1851 D BluetoothManagerService: checkIfCallerIsForegroundUser: valid=true callingUser=0 parentUser=-10000 foregroundUser=0
