--------- beginning of main
12-10 16:27:11.231 15894 15894 D wpa_supplicant: wlan0: Control interface command 'SIGNAL_POLL'
12-10 16:27:12.661   894   894 I MSM-irqbalance: Decided to move IRQ5 from CPU3 [P:0] to CPU7 [P:1] (banned)
12-10 16:27:12.662   894   894 I MSM-irqbalance: Decided to move IRQ3 from CPU3 [P:0] to CPU6 [P:1] (banned)
12-10 16:27:12.663   894   894 I MSM-irqbalance: Decided to move IRQ5 from CPU1 [P:0] to CPU5 [P:1] (banned)
12-10 16:27:12.663   894   894 I MSM-irqbalance: Decided to move IRQ3 from CPU1 [P:0] to CPU4 [P:1] (banned)
12-10 16:27:12.664   894   894 I MSM-irqbalance: Decided to move IRQ5 from CPU0 [P:0] to CPU7 [P:1] (banned)
12-10 16:27:12.665   894   894 I MSM-irqbalance: Decided to move IRQ3 from CPU0 [P:0] to CPU6 [P:1] (banned)
12-10 16:27:12.666   894   894 I MSM-irqbalance: Decided to move IRQ5 from CPU2 [P:0] to CPU5 [P:1] (banned)
12-10 16:27:12.666   894   894 I MSM-irqbalance: Decided to move IRQ3 from CPU2 [P:0] to CPU4 [P:1] (banned)
12-10 16:27:14.242 15894 15894 D wpa_supplicant: wlan0: Control interface command 'SIGNAL_POLL'
12-10 16:27:16.210  1929  2391 D NetworkController.MobileSignalController(1): 4G level = 5
12-10 16:27:17.267 15894 15894 D wpa_supplicant: wlan0: Control interface command 'SIGNAL_POLL'
12-10 16:27:17.660   894   894 I MSM-irqbalance: Decided to move IRQ5 from CPU3 [P:0] to CPU7 [P:1] (banned)
12-10 16:27:17.662   894   894 I MSM-irqbalance: Decided to move IRQ3 from CPU3 [P:0] to CPU6 [P:1] (banned)
12-10 16:27:17.663   894   894 I MSM-irqbalance: Decided to move IRQ5 from CPU1 [P:0] to CPU5 [P:1] (banned)
12-10 16:27:17.664   894   894 I MSM-irqbalance: Decided to move IRQ3 from CPU1 [P:0] to CPU4 [P:1] (banned)
12-10 16:27:17.664   894   894 I MSM-irqbalance: Decided to move IRQ5 from CPU0 [P:0] to CPU7 [P:1] (banned)
12-10 16:27:17.665   894   894 I MSM-irqbalance: Decided to move IRQ3 from CPU0 [P:0] to CPU6 [P:1] (banned)
12-10 16:27:17.666   894   894 I MSM-irqbalance: Decided to move IRQ5 from CPU2 [P:0] to CPU5 [P:1] (banned)
12-10 16:27:17.666   894   894 I MSM-irqbalance: Decided to move IRQ3 from CPU2 [P:0] to CPU4 [P:1] (banned)
12-10 16:27:18.774  1929  2391 D NetworkController.MobileSignalController(1): 4G level = 5
12-10 16:27:20.294 15894 15894 D wpa_supplicant: wlan0: Control interface command 'SIGNAL_POLL'
--------- beginning of system
12-10 16:27:20.654  1667  1684 D Boost   : hostingType=service, hostingName=com.qti.diagservices/.QTIDiagServices, callerPackage=com.qti.diagservices, isSystem=true, isBoostNeeded=false.
12-10 16:27:20.654  1667  1684 I ActivityManager: Start proc 30072:com.qti.diagservices/1000 for service com.qti.diagservices/.QTIDiagServices caller=com.qti.diagservices
12-10 16:27:20.689 30072 30072 W ReflectionUtils: 
12-10 16:27:20.689 30072 30072 W ReflectionUtils: java.lang.NoSuchMethodException: android.os.MessageQueue#enableMonitor()#bestmatch
12-10 16:27:20.689 30072 30072 W ReflectionUtils: 	at miui.util.ReflectionUtils.findMethodBestMatch(ReflectionUtils.java:338)
12-10 16:27:20.689 30072 30072 W ReflectionUtils: 	at miui.util.ReflectionUtils.findMethodBestMatch(ReflectionUtils.java:375)
12-10 16:27:20.689 30072 30072 W ReflectionUtils: 	at miui.util.ReflectionUtils.callMethod(ReflectionUtils.java:800)
12-10 16:27:20.689 30072 30072 W ReflectionUtils: 	at miui.util.ReflectionUtils.tryCallMethod(ReflectionUtils.java:818)
12-10 16:27:20.689 30072 30072 W ReflectionUtils: 	at android.os.BaseLooper.enableMonitor(BaseLooper.java:47)
12-10 16:27:20.689 30072 30072 W ReflectionUtils: 	at android.os.Looper.prepareMainLooper(Looper.java:112)
12-10 16:27:20.689 30072 30072 W ReflectionUtils: 	at android.app.ActivityThread.main(ActivityThread.java:6371)
12-10 16:27:20.689 30072 30072 W ReflectionUtils: 	at java.lang.reflect.Method.invoke(Native Method)
12-10 16:27:20.689 30072 30072 W ReflectionUtils: 	at com.android.internal.os.ZygoteInit$MethodAndArgsCaller.run(ZygoteInit.java:930)
12-10 16:27:20.689 30072 30072 W ReflectionUtils: 	at com.android.internal.os.ZygoteInit.main(ZygoteInit.java:820)
12-10 16:27:20.690 30072 30072 V BoostFramework: BoostFramework() : mPerf = com.qualcomm.qti.Performance@960a7e0
12-10 16:27:20.707  1667  1685 V UidProcStateHelper: process state changed:[30072,1000,10]
12-10 16:27:20.752 30072 30072 I art     : Starting a blocking GC AddRemoveAppImageSpace
12-10 16:27:20.753 30072 30072 W System  : ClassLoader referenced unknown path: /system/app/QTIDiagServices/lib/arm64
12-10 16:27:20.755 30072 30072 W ResourceType: No package identifier when getting name for resource number 0x00000000
12-10 16:27:20.767 30072 30072 E DiagJNIInterface: Trying to load libDiagService
12-10 16:27:20.771 30072 30072 I Diag_Lib: Diag_LSM_Init call succeeded
12-10 16:27:22.660   894   894 I MSM-irqbalance: Decided to move IRQ5 from CPU3 [P:0] to CPU7 [P:1] (banned)
12-10 16:27:22.662   894   894 I MSM-irqbalance: Decided to move IRQ3 from CPU3 [P:0] to CPU6 [P:1] (banned)
12-10 16:27:22.663   894   894 I MSM-irqbalance: Decided to move IRQ5 from CPU1 [P:0] to CPU5 [P:1] (banned)
12-10 16:27:22.664   894   894 I MSM-irqbalance: Decided to move IRQ3 from CPU1 [P:0] to CPU4 [P:1] (banned)
12-10 16:27:22.664   894   894 I MSM-irqbalance: Decided to move IRQ5 from CPU0 [P:0] to CPU7 [P:1] (banned)
12-10 16:27:22.665   894   894 I MSM-irqbalance: Decided to move IRQ3 from CPU0 [P:0] to CPU6 [P:1] (banned)
12-10 16:27:22.666   894   894 I MSM-irqbalance: Decided to move IRQ5 from CPU2 [P:0] to CPU5 [P:1] (banned)
12-10 16:27:22.667   894   894 I MSM-irqbalance: Decided to move IRQ3 from CPU2 [P:0] to CPU4 [P:1] (banned)
12-10 16:27:23.322 15894 15894 D wpa_supplicant: wlan0: Control interface command 'SIGNAL_POLL'
12-10 16:27:24.354  1929  1929 D KeyguardUpdateMonitor: received broadcast android.intent.action.BATTERY_CHANGED
12-10 16:27:24.356  2119  2250 W QCNEJ   : |CORE| CNE received unexpected action: android.intent.action.BATTERY_CHANGED
12-10 16:27:24.358  2870  2870 I BatteryInfoReceiver: ACTION_BATTERY_CHANGED
12-10 16:27:24.359  3741  3992 D PowerCheckerService: onBatteryChanged, mBatteryLevel = 100, status = 5, level = 100, plug = 2
12-10 16:27:24.361 26043 26082 D HeadsetStateMachine: Disconnected process message: 10, size: 0
12-10 16:27:24.362  3741  3998 D ThermalTempInfoHelper: thermal sensor1 temp is 32
12-10 16:27:24.365  3741  3998 D ThermalTempInfoHelper: thermal sensor1 temp is 32
12-10 16:27:24.365  3741  3998 D PowerKeeper.Thermal: current battery temperature:32 xo_thermal 32 valid true
12-10 16:27:24.387  1667  5696 E LocSvc_libulp: I/int ulp_msg_process_system_update(const UlpSystemEvent): systemEvent:5 
12-10 16:27:24.387  1667  5696 E LocSvc_libulp: I/===> int ulp_brain_turn_onoff_dr_provider() line 848 
12-10 16:27:24.387  1667  5696 E LocSvc_libulp: I/===> int ulp_dr_stop_engine() line 235 
12-10 16:27:24.387  1667  5696 E LocSvc_libulp: I/int ulp_msg_process_start_req(), at ulp state = 1
12-10 16:27:24.387  1667  2091 E LocSvc_api_v02: I/---> locClientSendReq line 2069 QMI_LOC_GET_BEST_AVAILABLE_POSITION_REQ_V02
12-10 16:27:24.391  1667  2105 E LocSvc_ApiV02: I/<--- void globalRespCb(locClientHandleType, uint32_t, const locClientRespIndUnionType, uint32_t, void *) line 140 QMI_LOC_GET_BEST_AVAILABLE_POSITION_REQ_V02
12-10 16:27:24.391  1667  5696 E LocSvc_libulp: I/int ulp_brain_process_zpp_position_report(const enum loc_sess_status, LocPosTechMask, UlpLocation *), report ZPP position to providers,report_position = 1
12-10 16:27:24.391  1667  5696 E LocSvc_libulp: I/===> int ulp_brain_turn_onoff_dr_provider() line 848 
12-10 16:27:24.391  1667  5696 E LocSvc_libulp: I/===> int ulp_dr_stop_engine() line 235 
12-10 16:27:26.349 15894 15894 D wpa_supplicant: wlan0: Control interface command 'SIGNAL_POLL'
12-10 16:27:26.953   776   776 I cnss-daemon: RTM_NEWNEIGH message received: 28
12-10 16:27:26.953   776   776 E cnss-daemon: Stale or unreachable neighbors, ndm state: 4
12-10 16:27:27.660   894   894 I MSM-irqbalance: Decided to move IRQ5 from CPU3 [P:0] to CPU4 [P:1] (banned)
12-10 16:27:27.662   894   894 I MSM-irqbalance: Decided to move IRQ3 from CPU3 [P:0] to CPU7 [P:1] (banned)
12-10 16:27:27.662   894   894 I MSM-irqbalance: Decided to move IRQ5 from CPU1 [P:0] to CPU5 [P:1] (banned)
12-10 16:27:27.663   894   894 I MSM-irqbalance: Decided to move IRQ3 from CPU1 [P:0] to CPU6 [P:1] (banned)
12-10 16:27:27.664   894   894 I MSM-irqbalance: Decided to move IRQ5 from CPU0 [P:0] to CPU4 [P:1] (banned)
12-10 16:27:27.665   894   894 I MSM-irqbalance: Decided to move IRQ3 from CPU0 [P:0] to CPU7 [P:1] (banned)
12-10 16:27:27.666   894   894 I MSM-irqbalance: Decided to move IRQ5 from CPU2 [P:0] to CPU5 [P:1] (banned)
12-10 16:27:27.666   894   894 I MSM-irqbalance: Decided to move IRQ3 from CPU2 [P:0] to CPU6 [P:1] (banned)
12-10 16:27:29.375 15894 15894 D wpa_supplicant: wlan0: Control interface command 'SIGNAL_POLL'
12-10 16:27:30.656  1667  1684 D Boost   : hostingType=service, hostingName=com.xiaomi.android.dm.service/.autoregistration.ct.CTSMSAutoRegistrationService, callerPackage=com.xiaomi.android.dm.service, isSystem=true, isBoostNeeded=false.
12-10 16:27:30.656  1667  1684 I ActivityManager: Start proc 30092:com.xiaomi.android.dm.service/1000 for service com.xiaomi.android.dm.service/.autoregistration.ct.CTSMSAutoRegistrationService caller=com.xiaomi.android.dm.service
12-10 16:27:30.682 30092 30092 W ReflectionUtils: 
12-10 16:27:30.682 30092 30092 W ReflectionUtils: java.lang.NoSuchMethodException: android.os.MessageQueue#enableMonitor()#bestmatch
12-10 16:27:30.682 30092 30092 W ReflectionUtils: 	at miui.util.ReflectionUtils.findMethodBestMatch(ReflectionUtils.java:338)
12-10 16:27:30.682 30092 30092 W ReflectionUtils: 	at miui.util.ReflectionUtils.findMethodBestMatch(ReflectionUtils.java:375)
12-10 16:27:30.682 30092 30092 W ReflectionUtils: 	at miui.util.ReflectionUtils.callMethod(ReflectionUtils.java:800)
12-10 16:27:30.682 30092 30092 W ReflectionUtils: 	at miui.util.ReflectionUtils.tryCallMethod(ReflectionUtils.java:818)
12-10 16:27:30.682 30092 30092 W ReflectionUtils: 	at android.os.BaseLooper.enableMonitor(BaseLooper.java:47)
12-10 16:27:30.682 30092 30092 W ReflectionUtils: 	at android.os.Looper.prepareMainLooper(Looper.java:112)
12-10 16:27:30.682 30092 30092 W ReflectionUtils: 	at android.app.ActivityThread.main(ActivityThread.java:6371)
12-10 16:27:30.682 30092 30092 W ReflectionUtils: 	at java.lang.reflect.Method.invoke(Native Method)
12-10 16:27:30.682 30092 30092 W ReflectionUtils: 	at com.android.internal.os.ZygoteInit$MethodAndArgsCaller.run(ZygoteInit.java:930)
12-10 16:27:30.682 30092 30092 W ReflectionUtils: 	at com.android.internal.os.ZygoteInit.main(ZygoteInit.java:820)
12-10 16:27:30.684 30092 30092 V BoostFramework: BoostFramework() : mPerf = com.qualcomm.qti.Performance@960a7e0
12-10 16:27:30.696  1667  1685 V UidProcStateHelper: process state changed:[30092,1000,10]
12-10 16:27:30.696  1667  1685 V UidProcStateHelper: process state changed:[29996,10073,16]
12-10 16:27:30.734 30092 30092 I art     : Starting a blocking GC AddRemoveAppImageSpace
12-10 16:27:30.735 30092 30092 W System  : ClassLoader referenced unknown path: /system/app/DMService/lib/arm64
12-10 16:27:30.737 30092 30092 W ResourceType: No package identifier when getting name for resource number 0x00000000
12-10 16:27:30.748 30092 30092 V CTAutoRegistration: Service onCreate
12-10 16:27:30.752 30092 30092 W ResourceType: No package identifier when getting name for resource number 0x00000000
12-10 16:27:30.755 30092 30092 D miuisdk : current sdk level is 17
12-10 16:27:30.767 30092 30092 V CTAutoRegistration: Service onStartCommand, intent:null
12-10 16:27:30.770 30092 30092 D CTDataAutoRegistration: onStartCommand geted start the logic
12-10 16:27:30.783 30092 30092 V CTDataAutoRegistration: STATE_IN_SERVICE with type:  1
12-10 16:27:30.785 30092 30092 D CTDataAutoRegistration: onRegistrationRquest = true
12-10 16:27:32.402 15894 15894 D wpa_supplicant: wlan0: Control interface command 'SIGNAL_POLL'
12-10 16:27:32.660   894   894 I MSM-irqbalance: Decided to move IRQ5 from CPU3 [P:0] to CPU4 [P:1] (banned)
12-10 16:27:32.661   894   894 I MSM-irqbalance: Decided to move IRQ3 from CPU3 [P:0] to CPU7 [P:1] (banned)
12-10 16:27:32.662   894   894 I MSM-irqbalance: Decided to move IRQ5 from CPU1 [P:0] to CPU5 [P:1] (banned)
12-10 16:27:32.663   894   894 I MSM-irqbalance: Decided to move IRQ3 from CPU1 [P:0] to CPU6 [P:1] (banned)
12-10 16:27:32.664   894   894 I MSM-irqbalance: Decided to move IRQ5 from CPU0 [P:0] to CPU4 [P:1] (banned)
12-10 16:27:32.664   894   894 I MSM-irqbalance: Decided to move IRQ3 from CPU0 [P:0] to CPU7 [P:1] (banned)
12-10 16:27:32.665   894   894 I MSM-irqbalance: Decided to move IRQ5 from CPU2 [P:0] to CPU5 [P:1] (banned)
12-10 16:27:32.666   894   894 I MSM-irqbalance: Decided to move IRQ3 from CPU2 [P:0] to CPU6 [P:1] (banned)
12-10 16:27:35.429 15894 15894 D wpa_supplicant: wlan0: Control interface command 'SIGNAL_POLL'
12-10 16:27:37.660   894   894 I MSM-irqbalance: Decided to move IRQ5 from CPU3 [P:0] to CPU4 [P:1] (banned)
12-10 16:27:37.662   894   894 I MSM-irqbalance: Decided to move IRQ3 from CPU3 [P:0] to CPU7 [P:1] (banned)
12-10 16:27:37.662   894   894 I MSM-irqbalance: Decided to move IRQ5 from CPU1 [P:0] to CPU5 [P:1] (banned)
12-10 16:27:37.663   894   894 I MSM-irqbalance: Decided to move IRQ3 from CPU1 [P:0] to CPU6 [P:1] (banned)
12-10 16:27:37.664   894   894 I MSM-irqbalance: Decided to move IRQ5 from CPU0 [P:0] to CPU4 [P:1] (banned)
12-10 16:27:37.664   894   894 I MSM-irqbalance: Decided to move IRQ3 from CPU0 [P:0] to CPU7 [P:1] (banned)
12-10 16:27:37.665   894   894 I MSM-irqbalance: Decided to move IRQ5 from CPU2 [P:0] to CPU5 [P:1] (banned)
12-10 16:27:37.666   894   894 I MSM-irqbalance: Decided to move IRQ3 from CPU2 [P:0] to CPU6 [P:1] (banned)
12-10 16:27:38.455 15894 15894 D wpa_supplicant: wlan0: Control interface command 'SIGNAL_POLL'
12-10 16:27:39.507  3741  3875 D PowerKeeper.FrozenApp: FrozenAPP, has no pids
12-10 16:27:39.507  3741  3875 D PowerKeeper.FrozenApp: >>> event = 22 >>> state = 3 uid 10146
12-10 16:27:41.473 15894 15894 D wpa_supplicant: wlan0: Control interface command 'SIGNAL_POLL'
12-10 16:27:41.812  1929  2391 D NetworkController.MobileSignalController(1): 4G level = 5
12-10 16:27:42.659   894   894 I MSM-irqbalance: Decided to move IRQ5 from CPU3 [P:0] to CPU4 [P:1] (banned)
12-10 16:27:42.661   894   894 I MSM-irqbalance: Decided to move IRQ3 from CPU3 [P:0] to CPU7 [P:1] (banned)
12-10 16:27:42.662   894   894 I MSM-irqbalance: Decided to move IRQ5 from CPU1 [P:0] to CPU5 [P:1] (banned)
12-10 16:27:42.662   894   894 I MSM-irqbalance: Decided to move IRQ3 from CPU1 [P:0] to CPU6 [P:1] (banned)
12-10 16:27:42.663   894   894 I MSM-irqbalance: Decided to move IRQ5 from CPU0 [P:0] to CPU4 [P:1] (banned)
12-10 16:27:42.664   894   894 I MSM-irqbalance: Decided to move IRQ3 from CPU0 [P:0] to CPU7 [P:1] (banned)
12-10 16:27:42.664   894   894 I MSM-irqbalance: Decided to move IRQ5 from CPU2 [P:0] to CPU5 [P:1] (banned)
12-10 16:27:42.665   894   894 I MSM-irqbalance: Decided to move IRQ3 from CPU2 [P:0] to CPU6 [P:1] (banned)
12-10 16:27:44.370  1929  2391 D NetworkController.MobileSignalController(1): 4G level = 5
12-10 16:27:44.498 15894 15894 D wpa_supplicant: wlan0: Control interface command 'SIGNAL_POLL'
12-10 16:27:46.622   776   776 I cnss-daemon: RTM_NEWNEIGH message received: 28
12-10 16:27:46.623   776   776 E cnss-daemon: Stale or unreachable neighbors, ndm state: 16
12-10 16:27:46.637   776   776 I cnss-daemon: RTM_NEWNEIGH message received: 28
12-10 16:27:46.637   776   776 E cnss-daemon: Stale or unreachable neighbors, ndm state: 4
12-10 16:27:46.637   776   776 I cnss-daemon: RTM_NEWNEIGH message received: 28
12-10 16:27:46.637   776   776 I cnss-daemon: NDA_DST received: 192.168.1.1 ul: 562992919980224
12-10 16:27:46.638   776   776 I cnss-daemon: NDA_LLADDR received
12-10 16:27:47.523 15894 15894 D wpa_supplicant: wlan0: Control interface command 'SIGNAL_POLL'
12-10 16:27:47.661   894   894 I MSM-irqbalance: Decided to move IRQ5 from CPU3 [P:0] to CPU4 [P:1] (banned)
12-10 16:27:47.662   894   894 I MSM-irqbalance: Decided to move IRQ3 from CPU3 [P:0] to CPU7 [P:1] (banned)
12-10 16:27:47.662   894   894 I MSM-irqbalance: Decided to move IRQ5 from CPU1 [P:0] to CPU5 [P:1] (banned)
12-10 16:27:47.663   894   894 I MSM-irqbalance: Decided to move IRQ3 from CPU1 [P:0] to CPU6 [P:1] (banned)
12-10 16:27:47.664   894   894 I MSM-irqbalance: Decided to move IRQ5 from CPU0 [P:0] to CPU4 [P:1] (banned)
12-10 16:27:47.665   894   894 I MSM-irqbalance: Decided to move IRQ3 from CPU0 [P:0] to CPU7 [P:1] (banned)
12-10 16:27:47.665   894   894 I MSM-irqbalance: Decided to move IRQ5 from CPU2 [P:0] to CPU5 [P:1] (banned)
12-10 16:27:47.666   894   894 I MSM-irqbalance: Decided to move IRQ3 from CPU2 [P:0] to CPU6 [P:1] (banned)
12-10 16:27:50.551 15894 15894 D wpa_supplicant: wlan0: Control interface command 'SIGNAL_POLL'
12-10 16:27:50.664  1667  1684 D Boost   : hostingType=service, hostingName=com.eg.android.AlipayGphone/com.alipay.pushsdk.push.NotificationService, callerPackage=com.eg.android.AlipayGphone, isSystem=false, isBoostNeeded=false.
12-10 16:27:50.664  1667  1684 I ActivityManager: Start proc 30114:com.eg.android.AlipayGphone:push/u0a134 for service com.eg.android.AlipayGphone/com.alipay.pushsdk.push.NotificationService caller=com.eg.android.AlipayGphone
12-10 16:27:50.715 30114 30114 W ReflectionUtils: 
12-10 16:27:50.715 30114 30114 W ReflectionUtils: java.lang.NoSuchMethodException: android.os.MessageQueue#enableMonitor()#bestmatch
12-10 16:27:50.715 30114 30114 W ReflectionUtils: 	at miui.util.ReflectionUtils.findMethodBestMatch(ReflectionUtils.java:338)
12-10 16:27:50.715 30114 30114 W ReflectionUtils: 	at miui.util.ReflectionUtils.findMethodBestMatch(ReflectionUtils.java:375)
12-10 16:27:50.715 30114 30114 W ReflectionUtils: 	at miui.util.ReflectionUtils.callMethod(ReflectionUtils.java:800)
12-10 16:27:50.715 30114 30114 W ReflectionUtils: 	at miui.util.ReflectionUtils.tryCallMethod(ReflectionUtils.java:818)
12-10 16:27:50.715 30114 30114 W ReflectionUtils: 	at android.os.BaseLooper.enableMonitor(BaseLooper.java:47)
12-10 16:27:50.715 30114 30114 W ReflectionUtils: 	at android.os.Looper.prepareMainLooper(Looper.java:112)
12-10 16:27:50.715 30114 30114 W ReflectionUtils: 	at android.app.ActivityThread.main(ActivityThread.java:6371)
12-10 16:27:50.715 30114 30114 W ReflectionUtils: 	at java.lang.reflect.Method.invoke(Native Method)
12-10 16:27:50.715 30114 30114 W ReflectionUtils: 	at com.android.internal.os.ZygoteInit$MethodAndArgsCaller.run(ZygoteInit.java:930)
12-10 16:27:50.715 30114 30114 W ReflectionUtils: 	at com.android.internal.os.ZygoteInit.main(ZygoteInit.java:820)
12-10 16:27:50.716 30114 30114 V BoostFramework: BoostFramework() : mPerf = com.qualcomm.qti.Performance@d3db15e
12-10 16:27:50.737  1667  1685 V UidProcStateHelper: process state changed:[30114,10134,10]
12-10 16:27:50.803 30114 30114 I art     : Starting a blocking GC AddRemoveAppImageSpace
12-10 16:27:50.819 30114 30114 W ResourceType: No package identifier when getting name for resource number 0x00000000
12-10 16:27:50.964 30114 30114 E LauncherApplication: PathClassLoader: dalvik.system.PathClassLoader[DexPathList[[zip file "/data/app/com.eg.android.AlipayGphone-1/base.apk"],nativeLibraryDirectories=[/data/app/com.eg.android.AlipayGphone-1/lib/arm, /data/app/com.eg.android.AlipayGphone-1/base.apk!/lib/armeabi, /system/lib, /vendor/lib]]]
12-10 16:27:50.981  1667  7204 D Boost   : hostingType=content provider, hostingName=com.eg.android.AlipayGphone/com.alipay.mobile.rome.voicebroadcast.dynamics.RemoteFuncsProvider, callerPackage=com.eg.android.AlipayGphone, isSystem=false, isBoostNeeded=false.
12-10 16:27:50.981  1667  7204 I ActivityManager: Start proc 30152:com.eg.android.AlipayGphone/u0a134 for content provider com.eg.android.AlipayGphone/com.alipay.mobile.rome.voicebroadcast.dynamics.RemoteFuncsProvider caller=com.eg.android.AlipayGphone
12-10 16:27:50.983 30114 30114 E LauncherApplication: PathClassLoader, after addExtraNativeLib: dalvik.system.PathClassLoader[DexPathList[[zip file "/data/app/com.eg.android.AlipayGphone-1/base.apk"],nativeLibraryDirectories=[/data/user/0/com.eg.android.AlipayGphone/app_plugins_lib, /data/app/com.eg.android.AlipayGphone-1/lib/arm, /data/app/com.eg.android.AlipayGphone-1/base.apk!/lib/armeabi, /system/lib, /vendor/lib]]]
12-10 16:27:51.003 30152 30152 W ReflectionUtils: 
12-10 16:27:51.003 30152 30152 W ReflectionUtils: java.lang.NoSuchMethodException: android.os.MessageQueue#enableMonitor()#bestmatch
12-10 16:27:51.003 30152 30152 W ReflectionUtils: 	at miui.util.ReflectionUtils.findMethodBestMatch(ReflectionUtils.java:338)
12-10 16:27:51.003 30152 30152 W ReflectionUtils: 	at miui.util.ReflectionUtils.findMethodBestMatch(ReflectionUtils.java:375)
12-10 16:27:51.003 30152 30152 W ReflectionUtils: 	at miui.util.ReflectionUtils.callMethod(ReflectionUtils.java:800)
12-10 16:27:51.003 30152 30152 W ReflectionUtils: 	at miui.util.ReflectionUtils.tryCallMethod(ReflectionUtils.java:818)
12-10 16:27:51.003 30152 30152 W ReflectionUtils: 	at android.os.BaseLooper.enableMonitor(BaseLooper.java:47)
12-10 16:27:51.003 30152 30152 W ReflectionUtils: 	at android.os.Looper.prepareMainLooper(Looper.java:112)
12-10 16:27:51.003 30152 30152 W ReflectionUtils: 	at android.app.ActivityThread.main(ActivityThread.java:6371)
12-10 16:27:51.003 30152 30152 W ReflectionUtils: 	at java.lang.reflect.Method.invoke(Native Method)
12-10 16:27:51.003 30152 30152 W ReflectionUtils: 	at com.android.internal.os.ZygoteInit$MethodAndArgsCaller.run(ZygoteInit.java:930)
12-10 16:27:51.003 30152 30152 W ReflectionUtils: 	at com.android.internal.os.ZygoteInit.main(ZygoteInit.java:820)
12-10 16:27:51.005 30152 30152 V BoostFramework: BoostFramework() : mPerf = com.qualcomm.qti.Performance@d3db15e
12-10 16:27:51.017  1667  1685 V UidProcStateHelper: process state changed:[30152,10134,10]
12-10 16:27:51.044 30114 30114 I LauncherApplication: LauncherApplication.NEED_SYNC=false
12-10 16:27:51.148 30152 30152 I art     : Starting a blocking GC AddRemoveAppImageSpace
12-10 16:27:51.185 30152 30152 W ResourceType: No package identifier when getting name for resource number 0x00000000
12-10 16:27:51.240 30152 30152 I Logging : LoggerFactoryBinder.nativeInit invoked
12-10 16:27:51.262  1667  7204 D Boost   : hostingType=service, hostingName=com.eg.android.AlipayGphone/com.alipay.mobile.common.logging.process.LogServiceInToolsProcess, callerPackage=com.eg.android.AlipayGphone, isSystem=false, isBoostNeeded=false.
12-10 16:27:51.262  1667  7204 I ActivityManager: Start proc 30188:com.eg.android.AlipayGphone:tools/u0a134 for service com.eg.android.AlipayGphone/com.alipay.mobile.common.logging.process.LogServiceInToolsProcess caller=com.eg.android.AlipayGphone
12-10 16:27:51.278 30188 30188 W ReflectionUtils: 
12-10 16:27:51.278 30188 30188 W ReflectionUtils: java.lang.NoSuchMethodException: android.os.MessageQueue#enableMonitor()#bestmatch
12-10 16:27:51.278 30188 30188 W ReflectionUtils: 	at miui.util.ReflectionUtils.findMethodBestMatch(ReflectionUtils.java:338)
12-10 16:27:51.278 30188 30188 W ReflectionUtils: 	at miui.util.ReflectionUtils.findMethodBestMatch(ReflectionUtils.java:375)
12-10 16:27:51.278 30188 30188 W ReflectionUtils: 	at miui.util.ReflectionUtils.callMethod(ReflectionUtils.java:800)
12-10 16:27:51.278 30188 30188 W ReflectionUtils: 	at miui.util.ReflectionUtils.tryCallMethod(ReflectionUtils.java:818)
12-10 16:27:51.278 30188 30188 W ReflectionUtils: 	at android.os.BaseLooper.enableMonitor(BaseLooper.java:47)
12-10 16:27:51.278 30188 30188 W ReflectionUtils: 	at android.os.Looper.prepareMainLooper(Looper.java:112)
12-10 16:27:51.278 30188 30188 W ReflectionUtils: 	at android.app.ActivityThread.main(ActivityThread.java:6371)
12-10 16:27:51.278 30188 30188 W ReflectionUtils: 	at java.lang.reflect.Method.invoke(Native Method)
12-10 16:27:51.278 30188 30188 W ReflectionUtils: 	at com.android.internal.os.ZygoteInit$MethodAndArgsCaller.run(ZygoteInit.java:930)
12-10 16:27:51.278 30188 30188 W ReflectionUtils: 	at com.android.internal.os.ZygoteInit.main(ZygoteInit.java:820)
12-10 16:27:51.280 30188 30188 V BoostFramework: BoostFramework() : mPerf = com.qualcomm.qti.Performance@88dea99
12-10 16:27:51.295  1667  1685 V UidProcStateHelper: process state changed:[30188,10134,10]
12-10 16:27:51.316 30152 30152 E LauncherApplication: PathClassLoader: dalvik.system.PathClassLoader[DexPathList[[zip file "/data/app/com.eg.android.AlipayGphone-1/base.apk"],nativeLibraryDirectories=[/data/app/com.eg.android.AlipayGphone-1/lib/arm, /data/app/com.eg.android.AlipayGphone-1/base.apk!/lib/armeabi, /system/lib, /vendor/lib]]]
12-10 16:27:51.327 30152 30152 W art     : Before Android 4.1, method double java.util.concurrent.ThreadLocalRandom.internalNextDouble(double, double) would have incorrectly overridden the package-private method in java.util.Random
12-10 16:27:51.327 30152 30152 W art     : Before Android 4.1, method int java.util.concurrent.ThreadLocalRandom.internalNextInt(int, int) would have incorrectly overridden the package-private method in java.util.Random
12-10 16:27:51.327 30152 30152 W art     : Before Android 4.1, method long java.util.concurrent.ThreadLocalRandom.internalNextLong(long, long) would have incorrectly overridden the package-private method in java.util.Random
12-10 16:27:51.353 30152 30152 E LauncherApplication: PathClassLoader, after addExtraNativeLib: dalvik.system.PathClassLoader[DexPathList[[zip file "/data/app/com.eg.android.AlipayGphone-1/base.apk"],nativeLibraryDirectories=[/data/user/0/com.eg.android.AlipayGphone/app_plugins_lib, /data/app/com.eg.android.AlipayGphone-1/lib/arm, /data/app/com.eg.android.AlipayGphone-1/base.apk!/lib/armeabi, /system/lib, /vendor/lib]]]
12-10 16:27:51.365 30152 30152 I LauncherApplication: LauncherApplication.NEED_SYNC=true
12-10 16:27:51.383 30152 30226 W System  : ClassLoader referenced unknown path: /system/app/WebViewGoogle/lib/arm
12-10 16:27:51.384 30152 30226 D ApplicationLoaders: ignored Vulkan layer search path /system/app/WebViewGoogle/lib/arm:/system/app/WebViewGoogle/WebViewGoogle.apk!/lib/armeabi-v7a:/system/lib:/vendor/lib for namespace 0xf573c0d0
12-10 16:27:51.385 30152 30226 W ResourceType: No package identifier when getting name for resource number 0x00000000
12-10 16:27:51.393 30152 30232 D AsyTskExecutor: [null] -- 1_CommonJobScheduler-Init start at 1575966471393
12-10 16:27:51.501 30114 30114 I AsyTskExecutor: Pipeline: [GlobalStandardPipeline].start()
12-10 16:27:51.516 30114 30114 V Instrumentation: callApplicationOnCreate(app=com.alipay.mobile.quinox.LauncherApplication@9f6d627)
12-10 16:27:51.551 30114 30242 D PipelineRunnable: [GlobalStandardPipeline] -- 2_FgBgServiceMessage start at 1575966471551
12-10 16:27:51.606 30188 30188 I art     : Starting a blocking GC AddRemoveAppImageSpace
12-10 16:27:51.633 30114 30114 W art     : Before Android 4.1, method double java.util.concurrent.ThreadLocalRandom.internalNextDouble(double, double) would have incorrectly overridden the package-private method in java.util.Random
12-10 16:27:51.634 30114 30114 W art     : Before Android 4.1, method int java.util.concurrent.ThreadLocalRandom.internalNextInt(int, int) would have incorrectly overridden the package-private method in java.util.Random
12-10 16:27:51.634 30114 30114 W art     : Before Android 4.1, method long java.util.concurrent.ThreadLocalRandom.internalNextLong(long, long) would have incorrectly overridden the package-private method in java.util.Random
12-10 16:27:51.656 30188 30188 W ResourceType: No package identifier when getting name for resource number 0x00000000
12-10 16:27:51.683 30152 30152 V Instrumentation: callApplicationOnCreate(app=com.alipay.mobile.quinox.LauncherApplication@52fed58)
12-10 16:27:51.764 30152 30257 D HOOK    : AssetManager isUpToDate:true
12-10 16:27:51.781 30152 30257 D QuinoxAgent: QuinoxAgentImpl.getReusedBundleLocations() : 
12-10 16:27:51.791 30152 30157 I art     : Do partial code cache collection, code=388B, data=360B
12-10 16:27:51.810 30152 30264 W ResourceType: No package identifier when getting name for resource number 0x00000000
12-10 16:27:51.814 30152 30170 E System  : Ignoring attempt to set property "java.net.preferIPv6Addresses" to value "false".
12-10 16:27:51.987 30152 30257 W ChannelConfigImpl: getConfig key = release_type val = release
12-10 16:27:51.987 30152 30257 W ChannelConfigImpl: getConfig key = product_id val = null
12-10 16:27:51.987 30152 30257 W ChannelConfigImpl: getConfig key = throw_all_exceptions val = null
12-10 16:27:52.012 30152 30264 W BundleResources: check mStringBlocks[] ok!
12-10 16:27:52.013 30152 30264 I LauncherApplication: start preload CookieManager when onHostResourcesCreated, preInstall:false preloadCookie:true
12-10 16:27:52.016 30152 30257 W ChannelConfigImpl: getConfig key = channel_id val = xiaomi_store
12-10 16:27:52.016 30152 30257 W ChannelConfigImpl: getConfig key = isSandbox val = null
12-10 16:27:52.021 30152 30264 D HOOK    : AssetManager isUpToDate:true
12-10 16:27:52.021 30152 30264 I WebViewFactory: Loading com.google.android.webview version 66.0.3359.158 (code 335915850)
12-10 16:27:52.051 30152 30264 I cr_LibraryLoader: Time to load native libraries: 2 ms (timestamps 598-600)
12-10 16:27:52.054 30152 30263 D AsyTskExecutor: [null] -- 2_createBundleClassLoaders start at 1575966472054
12-10 16:27:52.054 30152 30263 D AsyTskExecutor: [null] -- 2_createBundleClassLoaders end cost 0
12-10 16:27:52.055 30152 30263 D AsyTskExecutor: reset PipelineRunnable = com.alipay.mobile.quinox.asynctask.PipelineRunnable@162c38e, task = com.alipay.mobile.quinox.classloader.HostClassLoader$2, threadName = 2_createBundleClassLoaders
12-10 16:27:52.068 30152 30289 D masdk_native: get sdk version 7.1.1
12-10 16:27:52.068 30152 30289 D masdk_native: success !! ocean
12-10 16:27:52.068 30152 30289 D masdk_native: JNI_OnLoad 0x2009c6 3
12-10 16:27:52.068 30152 30289 D masdk_native: auto timer JNI_OnLoad  543
12-10 16:27:52.082 30152 30264 I chromium: [INFO:library_loader_hooks.cc(36)] Chromium logging enabled: level = 0, default verbosity = 0
12-10 16:27:52.082 30152 30264 I cr_LibraryLoader: Expected native library version number "66.0.3359.158", actual native library version number "66.0.3359.158"
12-10 16:27:52.083 30152 30264 I LauncherApplication: find newAssets is empty when CookieManager.getInstance() firstTime, retry WebViewCompat.invokeAddWebViewResBySystem()
12-10 16:27:52.086 30152 30264 D HOOK    : AssetManager isUpToDate:true
12-10 16:27:52.086 30152 30264 I WebViewFactory: Loading com.google.android.webview version 66.0.3359.158 (code 335915850)
12-10 16:27:52.089 30152 30264 I LauncherApplication: preload CookieManager success, firstTime:true, newAssets:
12-10 16:27:52.121 30152 30157 I art     : After code cache collection, code=388B, data=360B
12-10 16:27:52.121 30152 30157 I art     : Increasing code cache capacity to 128KB
12-10 16:27:52.178 30114 30242 D PipelineRunnable: [GlobalStandardPipeline] -- 2_FgBgServiceMessage end cost 627
12-10 16:27:52.178 30114 30242 D AsyTskExecutor: reset PipelineRunnable = com.alipay.mobile.quinox.asynctask.PipelineRunnable@3112115, task = com.alipay.mobile.common.fgbg.FgBgMonitorService$3, threadName = 2_FgBgServiceMessage
12-10 16:27:52.271 30152 30266 D AsyTskExecutor: [null] -- 3_preload-startup-base start at 1575966472060
12-10 16:27:52.271 30152 30266 D AsyTskExecutor: [null] -- 3_preload-startup-base end cost 211
12-10 16:27:52.272 30152 30266 D AsyTskExecutor: reset PipelineRunnable = com.alipay.mobile.quinox.asynctask.PipelineRunnable@cdae4e, task = com.alipay.mobile.performance.PerformancePreloader$1, threadName = 3_preload-startup-base
12-10 16:27:52.364 30188 30188 E LauncherApplication: PathClassLoader: dalvik.system.PathClassLoader[DexPathList[[zip file "/data/app/com.eg.android.AlipayGphone-1/base.apk"],nativeLibraryDirectories=[/data/app/com.eg.android.AlipayGphone-1/lib/arm, /data/app/com.eg.android.AlipayGphone-1/base.apk!/lib/armeabi, /system/lib, /vendor/lib]]]
12-10 16:27:52.383 30114 30138 E System  :  ********** PLEASE READ ************ 
12-10 16:27:52.383 30114 30138 E System  :  * 
12-10 16:27:52.383 30114 30138 E System  :  * New versions of the Android SDK no longer support the Crypto provider.
12-10 16:27:52.383 30114 30138 E System  :  * If your app was relying on setSeed() to derive keys from strings, you
12-10 16:27:52.383 30114 30138 E System  :  * should switch to using SecretKeySpec to load raw key bytes directly OR
12-10 16:27:52.383 30114 30138 E System  :  * use a real key derivation function (KDF). See advice here : 
12-10 16:27:52.383 30114 30138 E System  :  * http://android-developers.blogspot.com/2016/06/security-crypto-provider-deprecated-in.html 
12-10 16:27:52.384 30114 30138 E System  :  *********************************** 
12-10 16:27:52.418 30188 30188 E LauncherApplication: PathClassLoader, after addExtraNativeLib: dalvik.system.PathClassLoader[DexPathList[[zip file "/data/app/com.eg.android.AlipayGphone-1/base.apk"],nativeLibraryDirectories=[/data/user/0/com.eg.android.AlipayGphone/app_plugins_lib, /data/app/com.eg.android.AlipayGphone-1/lib/arm, /data/app/com.eg.android.AlipayGphone-1/base.apk!/lib/armeabi, /system/lib, /vendor/lib]]]
12-10 16:27:52.445 30188 30188 I LauncherApplication: LauncherApplication.NEED_SYNC=false
12-10 16:27:52.450 30114 30337 D NetworkSecurityConfig: Using Network Security Config from resource network_security_config debugBuild: false
12-10 16:27:52.539 30152 30164 W art     : Suspending all threads took: 254.211ms
12-10 16:27:52.632 30188 30188 W art     : Before Android 4.1, method double java.util.concurrent.ThreadLocalRandom.internalNextDouble(double, double) would have incorrectly overridden the package-private method in java.util.Random
12-10 16:27:52.632 30188 30188 W art     : Before Android 4.1, method int java.util.concurrent.ThreadLocalRandom.internalNextInt(int, int) would have incorrectly overridden the package-private method in java.util.Random
12-10 16:27:52.632 30188 30188 W art     : Before Android 4.1, method long java.util.concurrent.ThreadLocalRandom.internalNextLong(long, long) would have incorrectly overridden the package-private method in java.util.Random
12-10 16:27:52.654   894   894 I MSM-irqbalance: Decided to move IRQ5 from CPU3 [P:0] to CPU4 [P:1] (banned)
12-10 16:27:52.747 30188 30188 I AsyTskExecutor: Pipeline: [GlobalStandardPipeline].start()
12-10 16:27:52.753 30188 30188 V Instrumentation: callApplicationOnCreate(app=com.alipay.mobile.quinox.LauncherApplication@6672e0e)
12-10 16:27:52.792   894   894 I MSM-irqbalance: Decided to move IRQ3 from CPU3 [P:0] to CPU7 [P:1] (banned)
12-10 16:27:52.793   894   894 I MSM-irqbalance: Decided to move IRQ5 from CPU1 [P:0] to CPU5 [P:1] (banned)
12-10 16:27:52.793   894   894 I MSM-irqbalance: Decided to move IRQ3 from CPU1 [P:0] to CPU6 [P:1] (banned)
12-10 16:27:52.793   894   894 I MSM-irqbalance: Decided to move IRQ3 from CPU0 [P:0] to CPU4 [P:1] (banned)
12-10 16:27:52.794   894   894 I MSM-irqbalance: Decided to move IRQ5 from CPU0 [P:0] to CPU7 [P:1] (banned)
12-10 16:27:52.794   894   894 I MSM-irqbalance: Decided to move IRQ5 from CPU2 [P:0] to CPU5 [P:1] (banned)
12-10 16:27:52.794   894   894 I MSM-irqbalance: Decided to move IRQ3 from CPU2 [P:0] to CPU6 [P:1] (banned)
12-10 16:27:52.863  1667  1685 V UidProcStateHelper: process state changed:[30188,10134,16]
12-10 16:27:52.886 30188 30366 D PipelineRunnable: [GlobalStandardPipeline] -- 2_FgBgServiceMessage start at 1575966472800
12-10 16:27:52.902 30152 30202 D AccessibilityManager: current package=com.eg.android.AlipayGphone, accessibility manager mIsFinalEnabled=false, mOptimizeEnabled=false, mIsUiAutomationEnabled=false, mIsInterestedPackage=false
12-10 16:27:52.965  1667  1685 V UidProcStateHelper: process state changed:[30188,10134,10]
12-10 16:27:52.980 30152 30202 E System  :  ********** PLEASE READ ************ 
12-10 16:27:52.980 30152 30202 E System  :  * 
12-10 16:27:52.980 30152 30202 E System  :  * New versions of the Android SDK no longer support the Crypto provider.
12-10 16:27:52.980 30152 30202 E System  :  * If your app was relying on setSeed() to derive keys from strings, you
12-10 16:27:52.980 30152 30202 E System  :  * should switch to using SecretKeySpec to load raw key bytes directly OR
12-10 16:27:52.980 30152 30202 E System  :  * use a real key derivation function (KDF). See advice here : 
12-10 16:27:52.980 30152 30202 E System  :  * http://android-developers.blogspot.com/2016/06/security-crypto-provider-deprecated-in.html 
12-10 16:27:52.980 30152 30202 E System  :  *********************************** 
12-10 16:27:53.003 30152 30392 D AsyTskExecutor: [null] -- OOMErrorConfig.clear start at 1575966472952
12-10 16:27:53.129  1667  1685 V UidProcStateHelper: process state changed:[30188,10134,16]
12-10 16:27:53.410 30188 30366 D PipelineRunnable: [GlobalStandardPipeline] -- 2_FgBgServiceMessage end cost 589
12-10 16:27:53.457 30188 30322 D AccessibilityManager: current package=com.eg.android.AlipayGphone, accessibility manager mIsFinalEnabled=false, mOptimizeEnabled=false, mIsUiAutomationEnabled=false, mIsInterestedPackage=false
12-10 16:27:53.485 30188 30322 E System  :  ********** PLEASE READ ************ 
12-10 16:27:53.485 30188 30322 E System  :  * 
12-10 16:27:53.485 30188 30322 E System  :  * New versions of the Android SDK no longer support the Crypto provider.
12-10 16:27:53.485 30188 30322 E System  :  * If your app was relying on setSeed() to derive keys from strings, you
12-10 16:27:53.485 30188 30322 E System  :  * should switch to using SecretKeySpec to load raw key bytes directly OR
12-10 16:27:53.485 30188 30322 E System  :  * use a real key derivation function (KDF). See advice here : 
12-10 16:27:53.485 30188 30322 E System  :  * http://android-developers.blogspot.com/2016/06/security-crypto-provider-deprecated-in.html 
12-10 16:27:53.485 30188 30322 E System  :  *********************************** 
12-10 16:27:53.509 30114 30239 D AsyTskExecutor: [null] -- 1_FgBgMonitor_initBackground start at 1575966473509
12-10 16:27:53.511 30188 30366 D AsyTskExecutor: reset PipelineRunnable = com.alipay.mobile.quinox.asynctask.PipelineRunnable@705df22, task = com.alipay.mobile.common.fgbg.FgBgMonitorService$3, threadName = 2_FgBgServiceMessage
12-10 16:27:53.577 15894 15894 D wpa_supplicant: wlan0: Control interface command 'SIGNAL_POLL'
12-10 16:27:53.703 30152 30421 D AsyTskExecutor: [null] -- 4_startHookBundlePreLoad.IR start at 1575966473594
12-10 16:27:53.761 30152 30420 D AsyTskExecutor: [null] -- startHookBundlePreLoad start at 1575966473578
12-10 16:27:53.812 30152 30421 D AsyTskExecutor: [null] -- 4_startHookBundlePreLoad.IR end cost 112
12-10 16:27:53.812 30152 30421 D AsyTskExecutor: reset PipelineRunnable = com.alipay.mobile.quinox.asynctask.PipelineRunnable@5f0228a, task = com.alipay.mobile.framework.pipeline.analysis.AnalysedRunnable, threadName = 4_startHookBundlePreLoad.IR
12-10 16:27:53.832 30152 30392 D AsyTskExecutor: [null] -- OOMErrorConfig.clear end cost 880
12-10 16:27:53.832 30152 30392 D AsyTskExecutor: reset PipelineRunnable = com.alipay.mobile.quinox.asynctask.PipelineRunnable@162c38e, task = com.alipay.mobile.framework.pipeline.analysis.AnalysedRunnable, threadName = OOMErrorConfig.clear
12-10 16:27:53.836 30152 30354 I AsyTskExecutor: Pipeline: [Cls_Ldr_Fty].start()
12-10 16:27:53.910 30114 30239 D AsyTskExecutor: [null] -- 1_FgBgMonitor_initBackground end cost 400
12-10 16:27:53.910 30114 30239 D AsyTskExecutor: reset PipelineRunnable = com.alipay.mobile.quinox.asynctask.PipelineRunnable@2600138, task = com.alipay.mobile.common.fgbg.FgBgMonitorImpl$3, threadName = 1_FgBgMonitor_initBackground
12-10 16:27:53.913 30152 30420 D AsyTskExecutor: [null] -- startHookBundlePreLoad end cost 335
12-10 16:27:53.913 30152 30420 D AsyTskExecutor: reset PipelineRunnable = com.alipay.mobile.quinox.asynctask.PipelineRunnable@cdae4e, task = com.alipay.mobile.framework.pipeline.analysis.AnalysedRunnable, threadName = startHookBundlePreLoad
12-10 16:27:53.983 30152 30164 W art     : Suspending all threads took: 152.461ms
12-10 16:27:53.992 30152 30422 D AsyTskExecutor: [null] -- 5_start_pipeline#com.alipay.mobile.framework.INITED start at 1575966473577
12-10 16:27:54.146  1667  4139 E WifiService: Permission denial: Need ACCESS_COARSE_LOCATION or ACCESS_FINE_LOCATION permission to get scan results
12-10 16:27:54.479 30152 30429 D PipelineRunnable: [Cls_Ldr_Fty] -- android-phone-perf-dynamictrigger start at 1575966474479
12-10 16:27:54.512 30152 30429 D PipelineRunnable: [Cls_Ldr_Fty] -- android-phone-perf-dynamictrigger end cost 33
12-10 16:27:54.512 30152 30429 D AsyTskExecutor: reset PipelineRunnable = com.alipay.mobile.quinox.asynctask.PipelineRunnable@5f0228a, task = com.alipay.mobile.framework.pipeline.analysis.AnalysedRunnable, threadName = android-phone-perf-dynamictrigger
12-10 16:27:54.589 30152 30448 D AsyTskExecutor: [null] -- onBundleLoad_android-phone-perf-dynamictrigger start at 1575966474589
12-10 16:27:54.604 30152 30448 D AsyTskExecutor: [null] -- onBundleLoad_android-phone-perf-dynamictrigger end cost 15
12-10 16:27:54.604 30152 30448 D AsyTskExecutor: reset PipelineRunnable = com.alipay.mobile.quinox.asynctask.PipelineRunnable@162c38e, task = com.alipay.mobile.framework.pipeline.analysis.AnalysedRunnable, threadName = onBundleLoad_android-phone-perf-dynamictrigger
12-10 16:27:54.737 30188 30364 D AsyTskExecutor: [null] -- 1_FgBgMonitor_initBackground start at 1575966474737
12-10 16:27:54.739 30152 30232 D AsyTskExecutor: [null] -- 1_CommonJobScheduler-Init end cost 3346
12-10 16:27:54.739 30152 30232 D AsyTskExecutor: reset PipelineRunnable = com.alipay.mobile.quinox.asynctask.PipelineRunnable@3c467d3, task = com.alipay.mobile.common.job.JobSchedulerImpl$1, threadName = 1_CommonJobScheduler-Init
12-10 16:27:54.812 30152 30232 D AsyTskExecutor: [null] -- dynamic-trigger start at 1575966474812
12-10 16:27:54.869 30188 30364 D AsyTskExecutor: [null] -- 1_FgBgMonitor_initBackground end cost 106
12-10 16:27:54.869 30188 30364 D AsyTskExecutor: reset PipelineRunnable = com.alipay.mobile.quinox.asynctask.PipelineRunnable@5030f70, task = com.alipay.mobile.common.fgbg.FgBgMonitorImpl$3, threadName = 1_FgBgMonitor_initBackground
12-10 16:27:55.095 30152 30232 D AsyTskExecutor: [null] -- dynamic-trigger end cost 283
12-10 16:27:55.095 30152 30232 D AsyTskExecutor: reset PipelineRunnable = com.alipay.mobile.quinox.asynctask.PipelineRunnable@cdae4e, task = com.alipay.mobile.framework.pipeline.analysis.AnalysedRunnable, threadName = dynamic-trigger
12-10 16:27:55.256 30152 30422 D AsyTskExecutor: [null] -- 5_start_pipeline#com.alipay.mobile.framework.INITED end cost 1679
12-10 16:27:55.256 30152 30422 D AsyTskExecutor: reset PipelineRunnable = com.alipay.mobile.quinox.asynctask.PipelineRunnable@cbf07d, task = com.alipay.mobile.framework.pipeline.analysis.AnalysedRunnable, threadName = 5_start_pipeline#com.alipay.mobile.framework.INITED
12-10 16:27:55.886 30152 30297 W art     : Verification of android.graphics.Bitmap com.alipay.multimedia.img.utils.DecodeWrapper.decodeByImageDecoder(byte[], int) took 155.593ms
12-10 16:27:56.035 30152 30164 W art     : Suspending all threads took: 14.704ms
12-10 16:27:56.164 30152 30241 I art     : Waiting for a blocking GC DisableMovingGc
12-10 16:27:56.165 30152 30241 I art     : Starting a blocking GC DisableMovingGc
12-10 16:27:56.199  2177  2177 D Launcher: Launcher_dispatchTouchEvent:0| (434.5976,1383.2795)
12-10 16:27:56.200  2177  2177 D FeedSwipeController: touchState : 0 scrolling : false normalEditing : false WidgetThumbnailViewShowing : false UninstallDialogShowing : false
12-10 16:27:56.200  2177  2177 D FeedSwipeController: can not use
12-10 16:27:56.201  2177  2177 D Launcher.Workspace: Workspace touch down
12-10 16:27:56.201  2177  2732 D ScreenElementRoot: pause
12-10 16:27:56.202  2177  2177 D Launcher.CellLayout: touch item:ShortcutInfo, id=77, itemType=0, user=UserHandle{0}, mIconType=0, mTitle=Device Discovery Server, mLabel=Device Discovery Server, pkgName=org.iotivity.base.examples.devicediscoveryserver, className=org.iotivity.base.examples.DeviceDiscoveryServer, screenId=2, container=-100, cellX=1, cellY=5, spanX=1, spanY=1, isLandscapePos=false
12-10 16:27:56.203  2177  2732 I NotifierManager: onUnregister: miui.maml.NotifierManager$MultiBroadcastNotifier@6c78579
12-10 16:27:56.203  2177  2732 I RenderThread: RenderThread paused, waiting for signal
12-10 16:27:56.290  2177  2177 D Launcher: Launcher_dispatchTouchEvent:1| (434.5976,1383.2795)
12-10 16:27:56.291  2177  2177 D Launcher.Workspace: Workspace touch up or cancel
12-10 16:27:56.291  2177  2732 I RenderThread: RenderThread resumed
12-10 16:27:56.291  2177  2732 D ScreenElementRoot: resume
12-10 16:27:56.293  2177  2177 D Launcher.AnalyticalDataCollector: inDesktop, screeniIndex=1, row5, column=1
12-10 16:27:56.294  2177  2177 I Timeline: Timeline: Activity_launch_request time:253014843 intent:Intent { act=android.intent.action.MAIN cat=[android.intent.category.LAUNCHER] flg=0x10200000 cmp=org.iotivity.base.examples.devicediscoveryserver/org.iotivity.base.examples.DeviceDiscoveryServer bnds=[330,1244][498,1412] (has extras) }
12-10 16:27:56.294  2177  2732 I NotifierManager: onRegister: miui.maml.NotifierManager$MultiBroadcastNotifier@6c78579
12-10 16:27:56.296  1667  7204 I SplashScreenServiceDelegate: None for org.iotivity.base.examples.devicediscoveryserver
12-10 16:27:56.296  1667  7204 I ActivityManager: START u0 {act=android.intent.action.MAIN cat=[android.intent.category.LAUNCHER] flg=0x10200000 cmp=org.iotivity.base.examples.devicediscoveryserver/org.iotivity.base.examples.DeviceDiscoveryServer bnds=[330,1244][498,1412] (has extras)} from uid 10020 on display 0
12-10 16:27:56.297  1667  7204 W ResourceType: No package identifier when getting name for resource number 0x00000000
12-10 16:27:56.301   470  2847 E ANDR-PERF-MPCTL: Invalid profile no. 0, total profiles 0 only
12-10 16:27:56.305  1667  7204 V BoostFramework: BoostFramework() : mPerf = com.qualcomm.qti.Performance@dc9c76f
12-10 16:27:56.306  1667  7204 D ActivityTrigger: ActivityTrigger activityPauseTrigger 
12-10 16:27:56.307  1667  1690 V BoostFramework: BoostFramework() : mPerf = com.qualcomm.qti.Performance@9556b8b
12-10 16:27:56.307  1667  1690 V BoostFramework: BoostFramework() : mPerf = com.qualcomm.qti.Performance@8a55468
12-10 16:27:56.311  2177  2732 D ScreenElementRoot: pause
12-10 16:27:56.312  1667  1851 V BoostFramework: BoostFramework() : mPerf = com.qualcomm.qti.Performance@4bc4880
12-10 16:27:56.312  1667  1851 V BoostFramework: BoostFramework() : mPerf = com.qualcomm.qti.Performance@5420eb9
12-10 16:27:56.319  1667  1690 V BoostFramework: BoostFramework() : mPerf = com.qualcomm.qti.Performance@a3c43d6
12-10 16:27:56.326  1667  1851 D Boost   : hostingType=activity, hostingName=org.iotivity.base.examples.devicediscoveryserver/org.iotivity.base.examples.DeviceDiscoveryServer, callerPackage=com.miui.home, isSystem=true, isBoostNeeded=false.
12-10 16:27:56.326  1667  1851 I ActivityManager: Start proc 30560:org.iotivity.base.examples.devicediscoveryserver/u0a146 for activity org.iotivity.base.examples.devicediscoveryserver/org.iotivity.base.examples.DeviceDiscoveryServer caller=com.miui.home
12-10 16:27:56.326  1667  1851 V BoostFramework: BoostFramework() : mPerf = com.qualcomm.qti.Performance@4ef462d
12-10 16:27:56.327 30560 30560 I art     : Late-enabling -Xcheck:jni
12-10 16:27:56.340 30560 30560 W ReflectionUtils: 
12-10 16:27:56.340 30560 30560 W ReflectionUtils: java.lang.NoSuchMethodException: android.os.MessageQueue#enableMonitor()#bestmatch
12-10 16:27:56.340 30560 30560 W ReflectionUtils: 	at miui.util.ReflectionUtils.findMethodBestMatch(ReflectionUtils.java:338)
12-10 16:27:56.340 30560 30560 W ReflectionUtils: 	at miui.util.ReflectionUtils.findMethodBestMatch(ReflectionUtils.java:375)
12-10 16:27:56.340 30560 30560 W ReflectionUtils: 	at miui.util.ReflectionUtils.callMethod(ReflectionUtils.java:800)
12-10 16:27:56.340 30560 30560 W ReflectionUtils: 	at miui.util.ReflectionUtils.tryCallMethod(ReflectionUtils.java:818)
12-10 16:27:56.340 30560 30560 W ReflectionUtils: 	at android.os.BaseLooper.enableMonitor(BaseLooper.java:47)
12-10 16:27:56.340 30560 30560 W ReflectionUtils: 	at android.os.Looper.prepareMainLooper(Looper.java:112)
12-10 16:27:56.340 30560 30560 W ReflectionUtils: 	at android.app.ActivityThread.main(ActivityThread.java:6371)
12-10 16:27:56.340 30560 30560 W ReflectionUtils: 	at java.lang.reflect.Method.invoke(Native Method)
12-10 16:27:56.340 30560 30560 W ReflectionUtils: 	at com.android.internal.os.ZygoteInit$MethodAndArgsCaller.run(ZygoteInit.java:930)
12-10 16:27:56.340 30560 30560 W ReflectionUtils: 	at com.android.internal.os.ZygoteInit.main(ZygoteInit.java:820)
12-10 16:27:56.340 30560 30560 V BoostFramework: BoostFramework() : mPerf = com.qualcomm.qti.Performance@a9481e3
12-10 16:27:56.341  2177  2732 I NotifierManager: onUnregister: miui.maml.NotifierManager$MultiBroadcastNotifier@6c78579
12-10 16:27:56.341  2177  2732 I RenderThread: RenderThread paused, waiting for signal
12-10 16:27:56.344 30560 30567 E art     : Failed sending reply to debugger: Broken pipe
12-10 16:27:56.344 30560 30567 I art     : Debugger is no longer active
12-10 16:27:56.344 30560 30567 I art     : Starting a blocking GC Instrumentation
12-10 16:27:56.344  2177  2582 D Launcher: disableStatusBarClock:false
