12-10 16:28:11.692 15894 15894 D wpa_supplicant: wlan0: Control interface command 'SIGNAL_POLL'
12-10 16:28:11.825 30560 30648 D OIC_CA_IP_ADAP: Address: fe80::f6f5:dbff:fe26:2384%wlan0, port:47771
12-10 16:28:11.825 30560 30648 I OIC_TRACER: error writing, len: 54, ret: -1, errno: 9 at oic_trace_begin
12-10 16:28:11.825 30560 30648 I OIC_CA_PRTCL_MSG: adapter value of CoAP/TCP is 1
12-10 16:28:11.825 30560 30648 D OIC_CA_PRTCL_MSG: pdu parse-transport type : 0
12-10 16:28:11.826 30560 30648 D OIC_CA_PRTCL_MSG: pdu parse ret: 1
12-10 16:28:11.826 30560 30648 I OIC_CA_PRTCL_MSG: adapter value of CoAP/TCP is 1
12-10 16:28:11.826 30560 30648 D OIC_CA_MSG_HANDLE: code = 1
12-10 16:28:11.826 30560 30648 D OIC_CA_MSG_HANDLE: CAGenerateHandlerData IN
12-10 16:28:11.826 30560 30648 D OIC_CA_MSG_HANDLE: address : fe80::f6f5:dbff:fe26:2384%wlan0
12-10 16:28:11.826 30560 30648 I OIC_CA_PRTCL_MSG: IN - CAGetInfoFromPDU
12-10 16:28:11.826 30560 30648 I OIC_CA_PRTCL_MSG: adapter value of CoAP/TCP is 1
12-10 16:28:11.827 30560 30648 I OIC_CA_PRTCL_MSG: adapter value of CoAP/TCP is 1
12-10 16:28:11.827 30560 30648 D OIC_CA_PRTCL_MSG: COAP URI element : oic
12-10 16:28:11.827 30560 30648 D OIC_CA_PRTCL_MSG: COAP URI element : d
12-10 16:28:11.827 30560 30648 D OIC_CA_PRTCL_MSG: COAP URI element : '
12-10 16:28:11.827 30560 30648 D OIC_CA_PRTCL_MSG: COAP URI element : 
12-10 16:28:11.827 30560 30648 D OIC_CA_PRTCL_MSG: COAP URI element : 
12-10 16:28:11.827 30560 30648 D OIC_CA_PRTCL_MSG: inside token length : 8
12-10 16:28:11.827 30560 30648 D OIC_CA_PRTCL_MSG: URL length:6
12-10 16:28:11.828 30560 30648 I OIC_CA_PRTCL_MSG: OUT - CAGetInfoFromPDU
12-10 16:28:11.828 30560 30648 D OIC_CA_MSG_HANDLE: Request Info :
12-10 16:28:11.828 30560 30648 D OIC_CA_MSG_HANDLE: optionID: 17
12-10 16:28:11.828 30560 30648 D OIC_CA_MSG_HANDLE: list: '
12-10 16:28:11.828 30560 30648 D OIC_CA_MSG_HANDLE: optionID: 2049
12-10 16:28:11.828 30560 30648 D OIC_CA_MSG_HANDLE: list: 
12-10 16:28:11.828 30560 30648 D OIC_CA_MSG_HANDLE: optionID: 65524
12-10 16:28:11.828 30560 30648 D OIC_CA_MSG_HANDLE: list: 
12-10 16:28:11.828 30560 30648 D OIC_CA_MSG_HANDLE: token:
12-10 16:28:11.829 30560 30648 D OIC_CA_MSG_HANDLE: 3C CD B8 50 49 89 DD DA 
12-10 16:28:11.829 30560 30648 D OIC_CA_MSG_HANDLE: msgID: 42429
12-10 16:28:11.829 30560 30648 D OIC_CA_MSG_HANDLE: CAGenerateHandlerData OUT
12-10 16:28:11.829 30560 30648 D OIC_CA_MSG_HANDLE: CALogPDUInfo
12-10 16:28:11.829 30560 30648 I OIC_TRACER: error writing, len: 42, ret: -1, errno: 9 at oic_trace_begin
12-10 16:28:11.829 30560 30648 D OIC_ANALYZER: =================================================
12-10 16:28:11.829 30560 30648 D OIC_ANALYZER: Is Multicast = false
12-10 16:28:11.829 30560 30648 D OIC_ANALYZER: Transport Type = [OC_ADAPTER_IP]
12-10 16:28:11.829 30560 30648 D OIC_ANALYZER: Address = [fe80::f6f5:dbff:fe26:2384%wlan0]:[47771]
12-10 16:28:11.830 30560 30648 D OIC_ANALYZER: Data Type = [CA_REQUEST_DATA]
12-10 16:28:11.830 30560 30648 D OIC_ANALYZER: -------------------------------------------------
12-10 16:28:11.830 30560 30648 D OIC_ANALYZER: Method = [GET]
12-10 16:28:11.830 30560 30648 D OIC_ANALYZER: Msg ID = [48549]
12-10 16:28:11.830 30560 30648 D OIC_ANALYZER: Coap Token
12-10 16:28:11.830 30560 30648 D OIC_ANALYZER: 3C CD B8 50 49 89 DD DA 
12-10 16:28:11.830 30560 30648 I OIC_TRACER: error writing, len: 66, ret: -1, errno: 9 at oic_trace_begin
12-10 16:28:11.831 30560 30648 I OIC_TRACER: error writing, len: 1, ret: -1, errno: 9 at oic_trace_end
12-10 16:28:11.831 30560 30648 D OIC_ANALYZER: Res URI = [/oic/d]
12-10 16:28:11.831 30560 30648 I OIC_TRACER: error writing, len: 53, ret: -1, errno: 9 at oic_trace_begin
12-10 16:28:11.831 30560 30648 I OIC_TRACER: error writing, len: 1, ret: -1, errno: 9 at oic_trace_end
12-10 16:28:11.831 30560 30648 D OIC_ANALYZER: Payload Format = [0]
12-10 16:28:11.831 30560 30648 D OIC_ANALYZER: CoAP Message Full Size = [30]
12-10 16:28:11.831 30560 30648 D OIC_ANALYZER: CoAP Header (+ 0xFF)
12-10 16:28:11.831 30560 30648 D OIC_ANALYZER: 58 01 BD A5 3C CD B8 50 49 89 DD DA B3 6F 69 63 
12-10 16:28:11.832 30560 30648 D OIC_ANALYZER: 01 64 62 27 10 E2 06 E3 08 00 E1 F6 E6 C0 
12-10 16:28:11.832 30560 30648 D OIC_ANALYZER: CoAP Header size = [30]
12-10 16:28:11.832 30560 30648 D OIC_ANALYZER: CoAP Payload
12-10 16:28:11.832 30560 30648 D OIC_ANALYZER: CoAP Payload Size = [0]
12-10 16:28:11.832 30560 30648 D OIC_ANALYZER: =================================================
12-10 16:28:11.832 30560 30648 I OIC_TRACER: error writing, len: 1, ret: -1, errno: 9 at oic_trace_end
12-10 16:28:11.832 30560 30648 D OIC_CA_BWT: CAReceiveBlockWiseData
12-10 16:28:11.832 30560 30648 D OIC_CA_BWT: it's normal pdu
12-10 16:28:11.832 30560 30648 D OIC_CA_MSG_HANDLE: this message does not have block option
12-10 16:28:11.833 30560 30648 D OIC_UQUEUE: Queue Count : 1
12-10 16:28:11.833 30560 30648 D OIC_CA_MSG_HANDLE: received pdu data :
12-10 16:28:11.833 30560 30648 D OIC_CA_MSG_HANDLE: 58 01 BD A5 3C CD B8 50 49 89 DD DA B3 6F 69 63 
12-10 16:28:11.833 30560 30648 D OIC_CA_MSG_HANDLE: 01 64 62 27 10 E2 06 E3 08 00 E1 F6 E6 C0 
12-10 16:28:11.833 30560 30648 I OIC_TRACER: error writing, len: 1, ret: -1, errno: 9 at oic_trace_end
12-10 16:28:11.833 30560 30648 D OIC_CA_IP_ADAP: Address: 192.168.1.69, port:40768
12-10 16:28:11.834 30560 30648 I OIC_TRACER: error writing, len: 54, ret: -1, errno: 9 at oic_trace_begin
12-10 16:28:11.834 30560 30648 I OIC_CA_PRTCL_MSG: adapter value of CoAP/TCP is 1
12-10 16:28:11.834 30560 30648 D OIC_CA_PRTCL_MSG: pdu parse-transport type : 0
12-10 16:28:11.834 30560 30648 D OIC_CA_PRTCL_MSG: pdu parse ret: 1
12-10 16:28:11.834 30560 30648 I OIC_CA_PRTCL_MSG: adapter value of CoAP/TCP is 1
12-10 16:28:11.834 30560 30648 D OIC_CA_MSG_HANDLE: code = 1
12-10 16:28:11.834 30560 30648 D OIC_CA_MSG_HANDLE: CAGenerateHandlerData IN
12-10 16:28:11.834 30560 30648 D OIC_CA_MSG_HANDLE: address : 192.168.1.69
12-10 16:28:11.834 30560 30648 I OIC_CA_PRTCL_MSG: IN - CAGetInfoFromPDU
12-10 16:28:11.835 30560 30648 I OIC_CA_PRTCL_MSG: adapter value of CoAP/TCP is 1
12-10 16:28:11.835 30560 30648 I OIC_CA_PRTCL_MSG: adapter value of CoAP/TCP is 1
12-10 16:28:11.835 30560 30648 D OIC_CA_PRTCL_MSG: COAP URI element : oic
12-10 16:28:11.835 30560 30648 D OIC_CA_PRTCL_MSG: COAP URI element : d
12-10 16:28:11.835 30560 30648 D OIC_CA_PRTCL_MSG: COAP URI element : '
12-10 16:28:11.835 30560 30648 D OIC_CA_PRTCL_MSG: COAP URI element : 
12-10 16:28:11.835 30560 30648 D OIC_CA_PRTCL_MSG: COAP URI element : 
12-10 16:28:11.835 30560 30648 D OIC_CA_PRTCL_MSG: inside token length : 8
12-10 16:28:11.835 30560 30648 D OIC_CA_PRTCL_MSG: URL length:6
12-10 16:28:11.836 30560 30648 I OIC_CA_PRTCL_MSG: OUT - CAGetInfoFromPDU
12-10 16:28:11.836 30560 30648 I OIC_CA_MSG_HANDLE: IPv4 duplicate message ignored
12-10 16:28:11.836 30560 30648 I OIC_CA_MSG_HANDLE: Second Request with same Token, Drop it
12-10 16:28:11.836 30560 30648 E OIC_CA_MSG_HANDLE: CAReceivedPacketCallback, CAGenerateHandlerData failed!
12-10 16:28:11.836 30560 30648 D OIC_CA_MSG_HANDLE: received pdu data :
12-10 16:28:11.836 30560 30648 D OIC_CA_MSG_HANDLE: 58 01 BD A5 3C CD B8 50 49 89 DD DA B3 6F 69 63 
12-10 16:28:11.836 30560 30648 D OIC_CA_MSG_HANDLE: 01 64 62 27 10 E2 06 E3 08 00 E1 F6 E6 C0 
12-10 16:28:11.836 30560 30648 I OIC_TRACER: error writing, len: 1, ret: -1, errno: 9 at oic_trace_end
12-10 16:28:11.841 30560 30656 D OIC_CA_MSG_HANDLE: request callback : 3
12-10 16:28:11.842 30560 30656 I OIC_RI_STACK: Enter HandleCARequests
12-10 16:28:11.842 30560 30656 I OIC_TRACER: error writing, len: 41, ret: -1, errno: 9 at oic_trace_begin
12-10 16:28:11.842 30560 30656 D OIC_RM_UTIL: Request- optionID: 17
12-10 16:28:11.842 30560 30656 D OIC_RM_UTIL: Request- optionID: 2049
12-10 16:28:11.842 30560 30656 D OIC_RM_UTIL: Request- optionID: 65524
12-10 16:28:11.842 30560 30656 I OIC_RM_UTIL: Found Option at 2
12-10 16:28:11.842 30560 30656 I OIC_TRACER: error writing, len: 48, ret: -1, errno: 9 at oic_trace_begin
12-10 16:28:11.843 30560 30656 I OIC_TRACER: error writing, len: 1, ret: -1, errno: 9 at oic_trace_end
12-10 16:28:11.843 30560 30656 D OIC_RI_STACK: Enter OCHandleRequests
12-10 16:28:11.843 30560 30656 I OIC_RI_STACK: Endpoint URI : /oic/d
12-10 16:28:11.843 30560 30656 I OIC_RI_STACK: URI without query: /oic/d
12-10 16:28:11.843 30560 30656 I OIC_RI_STACK: Query : (null)
12-10 16:28:11.843 30560 30656 I OIC_RI_STACK: 3C CD B8 50 49 89 DD DA 
12-10 16:28:11.843 30560 30656 I OIC_RI_STACK: Entering HandleStackRequests (OCStack Layer)
12-10 16:28:11.843 30560 30656 I OIC_RI_SERVERREQUEST: Get server request with token
12-10 16:28:11.844 30560 30656 I OIC_RI_SERVERREQUEST: 3C CD B8 50 49 89 DD DA 
12-10 16:28:11.844 30560 30656 I OIC_RI_SERVERREQUEST: Server Request not found!!
12-10 16:28:11.844 30560 30656 I OIC_RI_STACK: This is a new Server Request
12-10 16:28:11.844 30560 30656 I OIC_RI_SERVERREQUEST: AddServerRequest entry [fe80::f6f5:dbff:fe26:2384%wlan0:47771]
12-10 16:28:11.844 30560 30656 I OIC_RI_SERVERREQUEST: Server Request Added
12-10 16:28:11.844 30560 30656 I OIC_RI_STACK: This Server Request is complete
12-10 16:28:11.844 30560 30656 I OIC_RI_RESOURCE: DetermineResourceHandling for /oic/d
12-10 16:28:11.845 30560 30656 I OIC_RI_RESOURCE: /oic/d is virtual
12-10 16:28:11.845 30560 30656 I OIC_RI_RESOURCE: Entering HandleVirtualResource
12-10 16:28:11.845 30560 30656 D PayloadLog: Payload Type: Representation
12-10 16:28:11.845 30560 30656 D PayloadLog: 	Resource #1
12-10 16:28:11.845 30560 30656 D PayloadLog: 	Resource Types:
12-10 16:28:11.845 30560 30656 D PayloadLog: 		oic.wk.d
12-10 16:28:11.845 30560 30656 D PayloadLog: 		oic.d.phone
12-10 16:28:11.845 30560 30656 D PayloadLog: 	Interfaces:
12-10 16:28:11.845 30560 30656 D PayloadLog: 		oic.if.baseline
12-10 16:28:11.846 30560 30656 D PayloadLog: 		oic.if.r
12-10 16:28:11.846 30560 30656 D PayloadLog: 	Values:
12-10 16:28:11.846 30560 30656 D PayloadLog: 		di(string):e0274e90-273e-08b5-40f7-231160d90371
12-10 16:28:11.846 30560 30656 D PayloadLog: 		dmv(string):ocf.res.1.1.0,ocf.sh.1.1.0
12-10 16:28:11.846 30560 30656 D PayloadLog: 		icv(string):ocf.1.1.0
12-10 16:28:11.846 30560 30656 D PayloadLog: 		n(string):myDeviceName
12-10 16:28:11.846 30560 30656 D PayloadLog: 		piid(string):d40f57a7-bff7-efb6-5e61-87676d18dcbe
12-10 16:28:11.846 30560 30656 I OIC_TRACER: error writing, len: 37, ret: -1, errno: 9 at oic_trace_begin
12-10 16:28:11.847 30560 30656 I OIC_RI_STACK: Entering OCDoResponse
12-10 16:28:11.847 30560 30656 I OIC_RI_PAYLOADCONVERT: Converting payload of type 4
12-10 16:28:11.847 30560 30656 I OIC_RI_PAYLOADCONVERT: Payload has types
12-10 16:28:11.847 30560 30656 I OIC_RI_PAYLOADCONVERT: Payload has interfaces
12-10 16:28:11.847 30560 30656 D OIC_RI_PAYLOADCONVERT: Payload Size: 201 Payload : 
12-10 16:28:11.847 30560 30656 D OIC_RI_PAYLOADCONVERT: BF 62 72 74 82 68 6F 69 63 2E 77 6B 2E 64 6B 6F 
12-10 16:28:11.847 30560 30656 D OIC_RI_PAYLOADCONVERT: 69 63 2E 64 2E 70 68 6F 6E 65 62 69 66 82 6F 6F 
12-10 16:28:11.851 30560 30656 D OIC_RI_PAYLOADCONVERT: 69 63 2E 69 66 2E 62 61 73 65 6C 69 6E 65 68 6F 
12-10 16:28:11.851 30560 30656 D OIC_RI_PAYLOADCONVERT: 69 63 2E 69 66 2E 72 62 64 69 78 24 65 30 32 37 
12-10 16:28:11.851 30560 30656 D OIC_RI_PAYLOADCONVERT: 34 65 39 30 2D 32 37 33 65 2D 30 38 62 35 2D 34 
12-10 16:28:11.851 30560 30656 D OIC_RI_PAYLOADCONVERT: 30 66 37 2D 32 33 31 31 36 30 64 39 30 33 37 31 
12-10 16:28:11.851 30560 30656 D OIC_RI_PAYLOADCONVERT: 63 64 6D 76 78 1A 6F 63 66 2E 72 65 73 2E 31 2E 
12-10 16:28:11.852 30560 30656 D OIC_RI_PAYLOADCONVERT: 31 2E 30 2C 6F 63 66 2E 73 68 2E 31 2E 31 2E 30 
12-10 16:28:11.853 30560 30656 D OIC_RI_PAYLOADCONVERT: 63 69 63 76 69 6F 63 66 2E 31 2E 31 2E 30 61 6E 
12-10 16:28:11.853 30560 30656 D OIC_RI_PAYLOADCONVERT: 6C 6D 79 44 65 76 69 63 65 4E 61 6D 65 64 70 69 
12-10 16:28:11.853 30560 30656 D OIC_RI_PAYLOADCONVERT: 69 64 78 24 64 34 30 66 35 37 61 37 2D 62 66 66 
12-10 16:28:11.853 30560 30656 D OIC_RI_PAYLOADCONVERT: 37 2D 65 66 62 36 2D 35 65 36 31 2D 38 37 36 37 
12-10 16:28:11.853 30560 30656 D OIC_RI_PAYLOADCONVERT: 36 64 31 38 64 63 62 65 FF 
12-10 16:28:11.856 30560 30656 D OIC_RM_UTIL: Request- optionID: 2053
12-10 16:28:11.856 30560 30656 D OIC_RM_UTIL: Request- optionID: 12
12-10 16:28:11.856 30560 30656 I OIC_RM_UTIL: Route option is not present
12-10 16:28:11.856 30560 30656 D OIC_RM_RAP: createoption dlen 0 slen [0]
12-10 16:28:11.856 30560 30656 D OIC_RM_RAP: Source and destination is not present
12-10 16:28:11.856 30560 30656 D OIC_RM_RAP: OptValue NOR Message Type
12-10 16:28:11.856 30560 30656 I OIC_RM_RAP: Option Length is 1
12-10 16:28:11.856 30560 30656 D OIC_CA_CONN_MGR: CASendResponse
12-10 16:28:11.856 30560 30656 D OIC_CA_MSG_HANDLE: CAPrepareSendData IN
12-10 16:28:11.856 30560 30656 D OIC_CA_MSG_HANDLE: device ID of endpoint of this message is 
12-10 16:28:11.856 30560 30656 D OIC_CA_BWT: BlockID is 
12-10 16:28:11.856 30560 30656 D OIC_CA_BWT: 3C CD B8 50 49 89 DD DA BA 9B 66 65 38 30 3A 3A 
12-10 16:28:11.856 30560 30656 D OIC_CA_BWT: 66 36 66 35 3A 64 62 66 66 3A 66 65 32 36 3A 32 
12-10 16:28:11.856 30560 30656 D OIC_CA_BWT: 33 38 34 25 77 6C 61 6E 30 
12-10 16:28:11.857 30560 30656 D OIC_CA_BWT: There is no block data
12-10 16:28:11.857 30560 30656 D OIC_CA_BWT: payloadLen=201, maxBlockSize=1024
12-10 16:28:11.857 30560 30656 D OIC_CA_MSG_HANDLE: normal msg will be sent
12-10 16:28:11.857 30560 30656 D OIC_UQUEUE: Queue Count : 1
12-10 16:28:11.857 30560 30656 I OIC_RI_SERVERREQUEST: Server Request Removed
12-10 16:28:11.857 30560 30656 I OIC_TRACER: error writing, len: 1, ret: -1, errno: 9 at oic_trace_end
12-10 16:28:11.857 30560 30644 D OIC_CA_QING: wake up..
12-10 16:28:11.857 30560 30656 I OIC_RI_STACK: Exit OCHandleRequests
12-10 16:28:11.857 30560 30644 I OIC_TRACER: error writing, len: 47, ret: -1, errno: 9 at oic_trace_begin
12-10 16:28:11.857 30560 30656 I OIC_RI_STACK: Exit HandleCARequests
12-10 16:28:11.857 30560 30644 D OIC_CA_MSG_HANDLE: Unicast message
12-10 16:28:11.857 30560 30656 I OIC_TRACER: error writing, len: 1, ret: -1, errno: 9 at oic_trace_end
12-10 16:28:11.857 30560 30644 D OIC_CA_MSG_HANDLE: responseInfo is available..
12-10 16:28:11.857 30560 30656 D OIC_CA_MSG_HANDLE: CADestroyData IN
12-10 16:28:11.857 30560 30644 D OIC_CA_PRTCL_MSG: CAGeneratePDU: IN
12-10 16:28:11.857 30560 30656 D OIC_CA_MSG_HANDLE: CADestroyData OUT
12-10 16:28:11.857 30560 30644 D OIC_CA_PRTCL_MSG: generate pdu for [1]adapter, [162]flags
12-10 16:28:11.857 30560 30644 D OIC_CA_PRTCL_MSG: uri : /oic/d
12-10 16:28:11.857 30560 30644 D OIC_CA_PRTCL_MSG: CAParseHeadOption: IN
12-10 16:28:11.857 30560 30644 D OIC_CA_PRTCL_MSG: parse Head Opt: 3
12-10 16:28:11.857 30560 30644 D OIC_CA_PRTCL_MSG: Head opt ID[65524], length[1]
12-10 16:28:11.858 30560 30644 D OIC_CA_PRTCL_MSG: CAParseHeadOption: info->payloadFormat = 9; info->payloadVersion = 2048
12-10 16:28:11.858 30560 30644 D OIC_CA_PRTCL_MSG: CAParseHeadOption: set contentFormatVersion = 2048
12-10 16:28:11.858 30560 30644 D OIC_CA_PRTCL_MSG: CAParsePayloadFormatHeadOption: IN
12-10 16:28:11.858 30560 30644 D OIC_CA_PRTCL_MSG: CAParsePayloadFormatHeadOption: OUT
12-10 16:28:11.858 30560 30644 D OIC_CA_PRTCL_MSG: CAParseHeadOption: OUT
12-10 16:28:11.858 30560 30644 I OIC_CA_PRTCL_MSG: adapter value of CoAP/TCP is 1
12-10 16:28:11.858 30560 30644 D OIC_CA_PRTCL_MSG: transport type: 0, payload size: 201
12-10 16:28:11.858 30560 30644 I OIC_CA_PRTCL_MSG: adapter value of CoAP/TCP is 1
12-10 16:28:11.858 30560 30644 D OIC_CA_PRTCL_MSG: msgID is 42429
12-10 16:28:11.858 30560 30644 D OIC_CA_PRTCL_MSG: messageId in pdu is 42429, 42429
12-10 16:28:11.858 30560 30644 D OIC_CA_PRTCL_MSG: token info token length: 8, token :
12-10 16:28:11.858 30560 30644 D OIC_CA_PRTCL_MSG: 3C CD B8 50 49 89 DD DA 
12-10 16:28:11.858 30560 30644 I OIC_CA_PRTCL_MSG: adapter value of CoAP/TCP is 1
12-10 16:28:11.858 30560 30644 D OIC_CA_PRTCL_MSG: CAGeneratePDU: OUT
12-10 16:28:11.858 30560 30644 D OIC_CA_BWT: IN-AddBlockOption
12-10 16:28:11.858 30560 30644 D OIC_CA_BWT: dataLength - 201
12-10 16:28:11.858 30560 30644 D OIC_CA_BWT: BlockID is 
12-10 16:28:11.858 30560 30644 D OIC_CA_BWT: 3C CD B8 50 49 89 DD DA BA 9B 66 65 38 30 3A 3A 
12-10 16:28:11.859 30560 30644 D OIC_CA_BWT: 66 36 66 35 3A 64 62 66 66 3A 66 65 32 36 3A 32 
12-10 16:28:11.859 30560 30644 D OIC_CA_BWT: 33 38 34 25 77 6C 61 6E 30 
12-10 16:28:11.859 30560 30644 D OIC_CA_BWT: IN-GetBlockOptionType
12-10 16:28:11.859 30560 30644 D OIC_CA_BWT: OUT-GetBlockOptionType
12-10 16:28:11.859 30560 30644 D OIC_CA_BWT: no BLOCK option
12-10 16:28:11.859 30560 30644 D OIC_CA_BWT: [oic] opt will be added.
12-10 16:28:11.859 30560 30644 D OIC_CA_BWT: [12] pdu length
12-10 16:28:11.859 30560 30644 D OIC_CA_BWT: [d] opt will be added.
12-10 16:28:11.859 30560 30644 D OIC_CA_BWT: [16] pdu length
12-10 16:28:11.859 30560 30644 D OIC_CA_BWT: ['] opt will be added.
12-10 16:28:11.859 30560 30644 D OIC_CA_BWT: [18] pdu length
12-10 16:28:11.859 30560 30644 D OIC_CA_BWT: [] opt will be added.
12-10 16:28:11.859 30560 30644 D OIC_CA_BWT: [21] pdu length
12-10 16:28:11.859 30560 30644 D OIC_CA_BWT: [] opt will be added.
12-10 16:28:11.859 30560 30644 D OIC_CA_BWT: [26] pdu length
12-10 16:28:11.859 30560 30644 D OIC_CA_BWT: [30] pdu length after option
12-10 16:28:11.859 30560 30644 I OIC_CA_BWT: not Blockwise Transfer
12-10 16:28:11.859 30560 30644 D OIC_CA_BWT: OUT-AddBlockOption
12-10 16:28:11.860 30560 30644 D OIC_CA_MSG_HANDLE: CALogPDUInfo
12-10 16:28:11.860 30560 30644 I OIC_TRACER: error writing, len: 42, ret: -1, errno: 9 at oic_trace_begin
12-10 16:28:11.860 30560 30644 D OIC_ANALYZER: =================================================
12-10 16:28:11.860 30560 30644 D OIC_ANALYZER: Is Multicast = false
12-10 16:28:11.860 30560 30644 D OIC_ANALYZER: Transport Type = [OC_ADAPTER_IP]
12-10 16:28:11.860 30560 30644 D OIC_ANALYZER: Address = [fe80::f6f5:dbff:fe26:2384%wlan0]:[47771]
12-10 16:28:11.860 30560 30644 D OIC_ANALYZER: Data Type = [CA_RESPONSE_DATA]
12-10 16:28:11.860 30560 30644 D OIC_ANALYZER: -------------------------------------------------
12-10 16:28:11.860 30560 30644 D OIC_ANALYZER: result code = [205]
12-10 16:28:11.860 30560 30644 D OIC_ANALYZER: Msg ID = [48549]
12-10 16:28:11.860 30560 30644 D OIC_ANALYZER: Coap Token
12-10 16:28:11.860 30560 30644 D OIC_ANALYZER: 3C CD B8 50 49 89 DD DA 
12-10 16:28:11.860 30560 30644 I OIC_TRACER: error writing, len: 66, ret: -1, errno: 9 at oic_trace_begin
12-10 16:28:11.860 30560 30644 I OIC_TRACER: error writing, len: 1, ret: -1, errno: 9 at oic_trace_end
12-10 16:28:11.860 30560 30644 D OIC_ANALYZER: Res URI = [/oic/d]
12-10 16:28:11.860 30560 30644 I OIC_TRACER: error writing, len: 53, ret: -1, errno: 9 at oic_trace_begin
12-10 16:28:11.860 30560 30644 I OIC_TRACER: error writing, len: 1, ret: -1, errno: 9 at oic_trace_end
12-10 16:28:11.861 30560 30644 D OIC_ANALYZER: Payload Format = [CA_FORMAT_APPLICATION_VND_OCF_CBOR]
12-10 16:28:11.861 30560 30644 D OIC_ANALYZER: CoAP Message Full Size = [232]
12-10 16:28:11.861 30560 30644 D OIC_ANALYZER: CoAP Header (+ 0xFF)
12-10 16:28:11.861 30560 30644 D OIC_ANALYZER: 58 45 BD A5 3C CD B8 50 49 89 DD DA B3 6F 69 63 
12-10 16:28:11.861 30560 30644 D OIC_ANALYZER: 01 64 12 27 10 E2 06 EC 08 00 E1 F6 E2 C0 FF 
12-10 16:28:11.861 30560 30644 D OIC_ANALYZER: CoAP Header size = [31]
12-10 16:28:11.861 30560 30644 D OIC_ANALYZER: CoAP Payload
12-10 16:28:11.861 30560 30644 D OIC_ANALYZER: CoAP Payload Size = [201]
12-10 16:28:11.861 30560 30644 D OIC_ANALYZER: =================================================
12-10 16:28:11.861 30560 30644 I OIC_TRACER: error writing, len: 1, ret: -1, errno: 9 at oic_trace_end
12-10 16:28:11.861 30560 30644 I OIC_CA_MSG_HANDLE: CASendUnicastData type : 2
12-10 16:28:11.861 30560 30644 D OIC_CA_INF_CTR: unicast message to adapter
12-10 16:28:11.861 30560 30644 D OIC_UQUEUE: Queue Count : 1
12-10 16:28:11.861 30560 30644 I OIC_CA_PRTCL_MSG: adapter value of CoAP/TCP is 1
12-10 16:28:11.861 30560 30647 D OIC_CA_QING: wake up..
12-10 16:28:11.861 30560 30644 D OIC_CA_RETRANS: sent pdu, msgtype=1, msgid=42429
12-10 16:28:11.861 30560 30647 D OIC_CA_IP_SERVER: IN sendData
12-10 16:28:11.861 30560 30644 D OIC_CA_RETRANS: not supported message type
12-10 16:28:11.861 30560 30644 I OIC_TRACER: error writing, len: 1, ret: -1, errno: 9 at oic_trace_end
12-10 16:28:11.862 30560 30644 D OIC_CA_MSG_HANDLE: CADestroyData IN
12-10 16:28:11.862 30560 30644 D OIC_CA_MSG_HANDLE: CADestroyData OUT
12-10 16:28:11.862 30560 30644 D OIC_CA_QING: wait..
12-10 16:28:11.862 30560 30647 I OIC_CA_IP_SERVER: unicast ipv6 sendTo is successful: 232 bytes
12-10 16:28:11.862 30560 30647 D OIC_CA_ADAP_UTILS: CALogSendStateInfo
12-10 16:28:11.862 30560 30647 D OIC_ANALYZER: =================================================
12-10 16:28:11.862 30560 30647 D OIC_ANALYZER: Send Success, sent length = [232]
12-10 16:28:11.862 30560 30647 D OIC_ANALYZER: Transport Type = [OC_ADAPTER_IP]
12-10 16:28:11.862 30560 30647 D OIC_ANALYZER: Address = [fe80::f6f5:dbff:fe26:2384%wlan0]:[47771]
12-10 16:28:11.862 30560 30647 D OIC_ANALYZER: =================================================
12-10 16:28:11.862 30560 30647 D OIC_CA_QING: wait..
12-10 16:28:12.657   894   894 I MSM-irqbalance: Decided to move IRQ5 from CPU3 [P:0] to CPU4 [P:1] (banned)
12-10 16:28:12.658   894   894 I MSM-irqbalance: Decided to move IRQ3 from CPU3 [P:0] to CPU7 [P:1] (banned)
12-10 16:28:12.659   894   894 I MSM-irqbalance: Decided to move IRQ5 from CPU2 [P:0] to CPU5 [P:1] (banned)
12-10 16:28:12.659   894   894 I MSM-irqbalance: Decided to move IRQ3 from CPU2 [P:0] to CPU6 [P:1] (banned)
12-10 16:28:12.659   894   894 I MSM-irqbalance: Decided to move IRQ5 from CPU0 [P:0] to CPU4 [P:1] (banned)
12-10 16:28:12.660   894   894 I MSM-irqbalance: Decided to move IRQ3 from CPU0 [P:0] to CPU7 [P:1] (banned)
12-10 16:28:12.660   894   894 I MSM-irqbalance: Decided to move IRQ5 from CPU1 [P:0] to CPU5 [P:1] (banned)
12-10 16:28:12.660   894   894 I MSM-irqbalance: Decided to move IRQ3 from CPU1 [P:0] to CPU6 [P:1] (banned)
12-10 16:28:13.171   776   776 I cnss-daemon: RTM_NEWNEIGH message received: 28
12-10 16:28:13.172   776   776 E cnss-daemon: Stale or unreachable neighbors, ndm state: 4
12-10 16:28:14.717 15894 15894 D wpa_supplicant: wlan0: Control interface command 'SIGNAL_POLL'
12-10 16:28:14.811   776   776 I cnss-daemon: RTM_NEWNEIGH message received: 28
12-10 16:28:14.812   776   776 E cnss-daemon: Stale or unreachable neighbors, ndm state: 16
12-10 16:28:14.903   776   776 I cnss-daemon: RTM_NEWNEIGH message received: 28
12-10 16:28:14.903   776   776 I cnss-daemon: NDA_DST received: fe80::f6f5:dbff:fe26:2384 ul: 33022
12-10 16:28:14.903   776   776 I cnss-daemon: NDA_LLADDR received
12-10 16:28:14.903   776   776 E cnss-daemon: gateway mac address: %02x:%02x:%02x:%02x:%02x:%02x
12-10 16:28:14.903   776   776 E cnss-daemon: : 00:00:00:00:00:00
12-10 16:28:14.904   776   776 E cnss-daemon: Invalid mac address: 0x5588506110M
12-10 16:28:15.324  1667  1684 I ActivityManager: Waited long enough for: ServiceRecord{4d93a55 u0 com.eg.android.AlipayGphone/com.alipay.android.launcher.service.LauncherService}
12-10 16:28:17.651  1929  2391 D NetworkController.MobileSignalController(1): 4G level = 5
12-10 16:28:17.657   894   894 I MSM-irqbalance: Decided to move IRQ3 from CPU1 [P:0] to CPU6 [P:1] (banned)
12-10 16:28:17.658   894   894 I MSM-irqbalance: Decided to move IRQ5 from CPU1 [P:0] to CPU7 [P:1] (banned)
12-10 16:28:17.659   894   894 I MSM-irqbalance: Decided to move IRQ3 from CPU2 [P:0] to CPU5 [P:1] (banned)
12-10 16:28:17.660   894   894 I MSM-irqbalance: Decided to move IRQ5 from CPU2 [P:0] to CPU4 [P:1] (banned)
12-10 16:28:17.661   894   894 I MSM-irqbalance: Decided to move IRQ3 from CPU0 [P:0] to CPU6 [P:1] (banned)
12-10 16:28:17.661   894   894 I MSM-irqbalance: Decided to move IRQ5 from CPU0 [P:0] to CPU7 [P:1] (banned)
12-10 16:28:17.662   894   894 I MSM-irqbalance: Decided to move IRQ3 from CPU3 [P:0] to CPU5 [P:1] (banned)
12-10 16:28:17.663   894   894 I MSM-irqbalance: Decided to move IRQ5 from CPU3 [P:0] to CPU4 [P:1] (banned)
12-10 16:28:17.741 15894 15894 D wpa_supplicant: wlan0: Control interface command 'SIGNAL_POLL'
12-10 16:28:20.763 15894 15894 D wpa_supplicant: wlan0: Control interface command 'SIGNAL_POLL'
12-10 16:28:22.655   894   894 I MSM-irqbalance: Decided to move IRQ5 from CPU1 [P:0] to CPU6 [P:1] (banned)
12-10 16:28:22.656   894   894 I MSM-irqbalance: Decided to move IRQ3 from CPU1 [P:0] to CPU7 [P:1] (banned)
12-10 16:28:22.657   894   894 I MSM-irqbalance: Decided to move IRQ3 from CPU2 [P:0] to CPU5 [P:1] (banned)
12-10 16:28:22.657   894   894 I MSM-irqbalance: Decided to move IRQ5 from CPU2 [P:0] to CPU4 [P:1] (banned)
12-10 16:28:22.657   894   894 I MSM-irqbalance: Decided to move IRQ3 from CPU0 [P:0] to CPU6 [P:1] (banned)
12-10 16:28:22.658   894   894 I MSM-irqbalance: Decided to move IRQ5 from CPU0 [P:0] to CPU7 [P:1] (banned)
12-10 16:28:22.658   894   894 I MSM-irqbalance: Decided to move IRQ3 from CPU3 [P:0] to CPU5 [P:1] (banned)
12-10 16:28:22.658   894   894 I MSM-irqbalance: Decided to move IRQ5 from CPU3 [P:0] to CPU4 [P:1] (banned)
12-10 16:28:22.762  1929  2391 D NetworkController.MobileSignalController(1): 4G level = 5
12-10 16:28:23.784 15894 15894 D wpa_supplicant: wlan0: Control interface command 'SIGNAL_POLL'
12-10 16:28:24.358  2119  2250 W QCNEJ   : |CORE| CNE received unexpected action: android.intent.action.BATTERY_CHANGED
12-10 16:28:24.359  2870  2870 I BatteryInfoReceiver: ACTION_BATTERY_CHANGED
12-10 16:28:24.361  3741  3992 D PowerCheckerService: onBatteryChanged, mBatteryLevel = 100, status = 5, level = 100, plug = 2
12-10 16:28:24.363  1929  1929 D KeyguardUpdateMonitor: received broadcast android.intent.action.BATTERY_CHANGED
12-10 16:28:24.364  3741  3998 D ThermalTempInfoHelper: thermal sensor1 temp is 32
12-10 16:28:24.364 26043 26082 D HeadsetStateMachine: Disconnected process message: 10, size: 0
12-10 16:28:24.367  3741  3998 D ThermalTempInfoHelper: thermal sensor1 temp is 32
12-10 16:28:24.367  3741  3998 D PowerKeeper.Thermal: current battery temperature:32 xo_thermal 32 valid true
12-10 16:28:24.387  1667  5696 E LocSvc_libulp: I/int ulp_msg_process_system_update(const UlpSystemEvent): systemEvent:5 
12-10 16:28:24.387  1667  5696 E LocSvc_libulp: I/===> int ulp_brain_turn_onoff_dr_provider() line 848 
12-10 16:28:24.387  1667  5696 E LocSvc_libulp: I/===> int ulp_dr_stop_engine() line 235 
12-10 16:28:24.388  1667  5696 E LocSvc_libulp: I/int ulp_msg_process_start_req(), at ulp state = 1
12-10 16:28:24.388  1667  2091 E LocSvc_api_v02: I/---> locClientSendReq line 2069 QMI_LOC_GET_BEST_AVAILABLE_POSITION_REQ_V02
12-10 16:28:24.392  1667  2105 E LocSvc_ApiV02: I/<--- void globalRespCb(locClientHandleType, uint32_t, const locClientRespIndUnionType, uint32_t, void *) line 140 QMI_LOC_GET_BEST_AVAILABLE_POSITION_REQ_V02
12-10 16:28:24.392  1667  5696 E LocSvc_libulp: I/int ulp_brain_process_zpp_position_report(const enum loc_sess_status, LocPosTechMask, UlpLocation *), report ZPP position to providers,report_position = 1
12-10 16:28:24.392  1667  5696 E LocSvc_libulp: I/===> int ulp_brain_turn_onoff_dr_provider() line 848 
12-10 16:28:24.392  1667  5696 E LocSvc_libulp: I/===> int ulp_dr_stop_engine() line 235 
12-10 16:28:26.056  1667  1851 D BluetoothManagerService: checkIfCallerIsForegroundUser: valid=true callingUser=0 parentUser=-10000 foregroundUser=0
12-10 16:28:26.811 15894 15894 D wpa_supplicant: wlan0: Control interface command 'SIGNAL_POLL'
12-10 16:28:27.660   894   894 I MSM-irqbalance: Decided to move IRQ3 from CPU1 [P:0] to CPU6 [P:1] (banned)
12-10 16:28:27.661   894   894 I MSM-irqbalance: Decided to move IRQ5 from CPU1 [P:0] to CPU7 [P:1] (banned)
12-10 16:28:27.662   894   894 I MSM-irqbalance: Decided to move IRQ3 from CPU2 [P:0] to CPU5 [P:1] (banned)
12-10 16:28:27.663   894   894 I MSM-irqbalance: Decided to move IRQ5 from CPU2 [P:0] to CPU4 [P:1] (banned)
12-10 16:28:27.666   894   894 I MSM-irqbalance: Decided to move IRQ5 from CPU0 [P:0] to CPU6 [P:1] (banned)
12-10 16:28:27.666   894   894 I MSM-irqbalance: Decided to move IRQ3 from CPU0 [P:0] to CPU7 [P:1] (banned)
12-10 16:28:27.667   894   894 I MSM-irqbalance: Decided to move IRQ3 from CPU3 [P:0] to CPU5 [P:1] (banned)
12-10 16:28:27.668   894   894 I MSM-irqbalance: Decided to move IRQ5 from CPU3 [P:0] to CPU4 [P:1] (banned)
12-10 16:28:27.717  1667  1689 D BluetoothManagerService: Message: 20
12-10 16:28:27.717  1667  1689 D BluetoothManagerService: Added callback: android.bluetooth.IBluetoothManagerCallback$Stub$Proxy@6f1d1f8:true
12-10 16:28:27.721  1667  1851 D BluetoothManagerService: checkIfCallerIsForegroundUser: valid=true callingUser=0 parentUser=-10000 foregroundUser=0
12-10 16:28:27.722 30639 30639 I utdid:0 : type=1400 audit(0.0:28502): avc: denied { read } for name="cid" dev="sysfs" ino=28472 scontext=u:r:untrusted_app:s0:c512,c768 tcontext=u:object_r:sysfs:s0 tclass=file permissive=1
12-10 16:28:27.722 30639 30639 I utdid:0 : type=1400 audit(0.0:28503): avc: denied { open } for path="/sys/devices/soc/7824900.sdhci/mmc_host/mmc0/mmc0:0001/cid" dev="sysfs" ino=28472 scontext=u:r:untrusted_app:s0:c512,c768 tcontext=u:object_r:sysfs:s0 tclass=file permissive=1
12-10 16:28:27.722 30639 30639 I utdid:0 : type=1400 audit(0.0:28504): avc: denied { getattr } for path="/sys/devices/soc/7824900.sdhci/mmc_host/mmc0/mmc0:0001/cid" dev="sysfs" ino=28472 scontext=u:r:untrusted_app:s0:c512,c768 tcontext=u:object_r:sysfs:s0 tclass=file permissive=1
12-10 16:28:27.893 30152 30639 D NetworkSecurityConfig: Using Network Security Config from resource network_security_config debugBuild: false
12-10 16:28:28.971   776   776 I cnss-daemon: RTM_NEWNEIGH message received: 28
12-10 16:28:28.971   776   776 E cnss-daemon: Stale or unreachable neighbors, ndm state: 4
12-10 16:28:29.835 15894 15894 D wpa_supplicant: wlan0: Control interface command 'SIGNAL_POLL'
12-10 16:28:30.835 30092 30092 D CTDataAutoRegistration: onRegistrationRquest = false
12-10 16:28:30.841 30092 30092 D CTDataAutoRegistration: mDataSimstate1 sim :  5
12-10 16:28:30.841 30092 30092 D CTDataAutoRegistration: mDataSimstate2 sim :  1
12-10 16:28:30.866 30092 30092 D CTDataAutoRegistration: Registered subs, Ignore
12-10 16:28:31.191   776   776 I cnss-daemon: RTM_NEWNEIGH message received: 28
12-10 16:28:31.191   776   776 I cnss-daemon: NDA_DST received: 192.168.1.1 ul: 562992919980224
12-10 16:28:31.191   776   776 I cnss-daemon: NDA_LLADDR received
12-10 16:28:32.656   894   894 I MSM-irqbalance: Decided to move IRQ3 from CPU1 [P:0] to CPU6 [P:1] (banned)
12-10 16:28:32.657   894   894 I MSM-irqbalance: Decided to move IRQ5 from CPU1 [P:0] to CPU7 [P:1] (banned)
12-10 16:28:32.657   894   894 I MSM-irqbalance: Decided to move IRQ5 from CPU2 [P:0] to CPU5 [P:1] (banned)
12-10 16:28:32.658   894   894 I MSM-irqbalance: Decided to move IRQ3 from CPU2 [P:0] to CPU4 [P:1] (banned)
12-10 16:28:32.658   894   894 I MSM-irqbalance: Decided to move IRQ3 from CPU0 [P:0] to CPU6 [P:1] (banned)
12-10 16:28:32.659   894   894 I MSM-irqbalance: Decided to move IRQ5 from CPU0 [P:0] to CPU7 [P:1] (banned)
12-10 16:28:32.659   894   894 I MSM-irqbalance: Decided to move IRQ5 from CPU3 [P:0] to CPU5 [P:1] (banned)
12-10 16:28:32.659   894   894 I MSM-irqbalance: Decided to move IRQ3 from CPU3 [P:0] to CPU4 [P:1] (banned)
12-10 16:28:32.858 15894 15894 D wpa_supplicant: wlan0: Control interface command 'SIGNAL_POLL'
12-10 16:28:35.573  1929  2391 D NetworkController.MobileSignalController(1): 4G level = 5
12-10 16:28:35.883 15894 15894 D wpa_supplicant: wlan0: Control interface command 'SIGNAL_POLL'
12-10 16:28:37.660   894   894 I MSM-irqbalance: Decided to move IRQ5 from CPU1 [P:0] to CPU4 [P:1] (banned)
12-10 16:28:37.662   894   894 I MSM-irqbalance: Decided to move IRQ3 from CPU1 [P:0] to CPU7 [P:1] (banned)
12-10 16:28:37.663   894   894 I MSM-irqbalance: Decided to move IRQ3 from CPU3 [P:0] to CPU5 [P:1] (banned)
12-10 16:28:37.664   894   894 I MSM-irqbalance: Decided to move IRQ5 from CPU3 [P:0] to CPU6 [P:1] (banned)
12-10 16:28:37.665   894   894 I MSM-irqbalance: Decided to move IRQ3 from CPU0 [P:0] to CPU4 [P:1] (banned)
12-10 16:28:37.666   894   894 I MSM-irqbalance: Decided to move IRQ5 from CPU0 [P:0] to CPU7 [P:1] (banned)
12-10 16:28:37.667   894   894 I MSM-irqbalance: Decided to move IRQ3 from CPU2 [P:0] to CPU5 [P:1] (banned)
12-10 16:28:37.668   894   894 I MSM-irqbalance: Decided to move IRQ5 from CPU2 [P:0] to CPU6 [P:1] (banned)
12-10 16:28:38.901 15894 15894 D wpa_supplicant: wlan0: Control interface command 'SIGNAL_POLL'
12-10 16:28:41.913 15894 15894 D wpa_supplicant: wlan0: Control interface command 'SIGNAL_POLL'
12-10 16:28:42.660   894   894 I MSM-irqbalance: Decided to move IRQ3 from CPU3 [P:0] to CPU4 [P:1] (banned)
12-10 16:28:42.662   894   894 I MSM-irqbalance: Decided to move IRQ5 from CPU3 [P:0] to CPU7 [P:1] (banned)
12-10 16:28:42.663   894   894 I MSM-irqbalance: Decided to move IRQ5 from CPU1 [P:0] to CPU5 [P:1] (banned)
12-10 16:28:42.664   894   894 I MSM-irqbalance: Decided to move IRQ3 from CPU1 [P:0] to CPU6 [P:1] (banned)
12-10 16:28:42.665   894   894 I MSM-irqbalance: Decided to move IRQ3 from CPU0 [P:0] to CPU4 [P:1] (banned)
12-10 16:28:42.666   894   894 I MSM-irqbalance: Decided to move IRQ5 from CPU0 [P:0] to CPU7 [P:1] (banned)
12-10 16:28:42.666   894   894 I MSM-irqbalance: Decided to move IRQ3 from CPU2 [P:0] to CPU5 [P:1] (banned)
12-10 16:28:42.668   894   894 I MSM-irqbalance: Decided to move IRQ5 from CPU2 [P:0] to CPU6 [P:1] (banned)
