12-05 21:20:55.257 25871 25900 I RTPS_PARTICIPANT:
12-05 21:20:55.259 25871 25905 I RTPS_PARTICIPANT: Thread: 547438687312 created and waiting for tasks.
12-05 21:20:55.260 25871 25900 I RTPS_MSG_IN: Created with CDRMessage of size: 65500
12-05 21:20:55.261 25871 25900 I RTPS_MSG_IN: Created with CDRMessage of size: 65500
12-05 21:20:55.261 25871 25900 I RTPS_MSG_IN: Created with CDRMessage of size: 65500
12-05 21:20:55.261 25871 25900 I RTPS_MSG_IN: Created with CDRMessage of size: 65500
12-05 21:20:55.262 25871 25900 I RTPS_MSG_IN: Created with CDRMessage of size: 65500
12-05 21:20:55.262 25871 25900 I RTPS_MSG_IN: Created with CDRMessage of size: 65500
12-05 21:20:55.262 25871 25900 I RTPS_PARTICIPANT: RTPSParticipant Created with NO default Unicast Locator List, adding Locators:192.168.1.2:7413,
12-05 21:20:55.263 25871 25900 I RTPS_PDP: Beginning
12-05 21:20:55.263 25871 25900 I RTPS_PDP: Beginning
12-05 21:20:55.263 25871 25900 I RTPS_UTILS: Creating CacheChangePool of size: 26 with payload of size: 5000
12-05 21:20:55.263 25871 25900 I RTPS_UTILS: Static Mode is active, preallocating memory for pool_size elements
12-05 21:20:55.263 25871 25900 I RTPS_UTILS: Allocating group of cache changes of size: 26
12-05 21:20:55.263 25871 25900 I RTPS_PARTICIPANT:  of type BEST_EFFORT
12-05 21:20:55.263 25871 25900 I RTPS_READER: RTPSReader created correctly
12-05 21:20:55.264 25871 25900 I RTPS_READER: Writer |GUID UNKNOWN| added to 0.1.0.c7
12-05 21:20:55.264 25871 25900 I RTPS_UTILS: Creating CacheChangePool of size: 21 with payload of size: 5000
12-05 21:20:55.264 25871 25900 I RTPS_UTILS: Static Mode is active, preallocating memory for pool_size elements
12-05 21:20:55.264 25871 25900 I RTPS_UTILS: Allocating group of cache changes of size: 21
12-05 21:20:55.265 25871 25900 I RTPS_PARTICIPANT:  of type BEST_EFFORT
12-05 21:20:55.265 25871 25900 I RTPS_WRITER: RTPSWriter created
12-05 21:20:55.265 25871 25900 I RTPS_READER: Reader |GUID UNKNOWN| added to 0.1.0.c2
12-05 21:20:55.265 25871 25900 I RTPS_PDP: SPDP Endpoints creation finished
12-05 21:20:55.265 25871 25913 I RTPS_WRITER: Finish sending unsent changes
12-05 21:20:55.265 25871 25900 I RTPS_EDP: Beginning Simple Endpoint Discovery Protocol
12-05 21:20:55.265 25871 25900 I RTPS_UTILS: Creating CacheChangePool of size: 21 with payload of size: 5000
12-05 21:20:55.265 25871 25900 I RTPS_UTILS: Static Mode is active, preallocating memory for pool_size elements
12-05 21:20:55.265 25871 25900 I RTPS_UTILS: Allocating group of cache changes of size: 21
12-05 21:20:55.265 25871 25900 I RTPS_PARTICIPANT:  of type RELIABLE
12-05 21:20:55.265 25871 25900 I RTPS_WRITER: RTPSWriter created
12-05 21:20:55.266 25871 25900 I RTPS_EDP: SEDP Publication Writer created
12-05 21:20:55.266 25871 25900 I RTPS_UTILS: Creating CacheChangePool of size: 21 with payload of size: 5000
12-05 21:20:55.266 25871 25900 I RTPS_UTILS: Static Mode is active, preallocating memory for pool_size elements
12-05 21:20:55.266 25871 25900 I RTPS_UTILS: Allocating group of cache changes of size: 21
12-05 21:20:55.266 25871 25900 I RTPS_PARTICIPANT:  of type RELIABLE
12-05 21:20:55.266 25871 25900 I RTPS_READER: RTPSReader created correctly
12-05 21:20:55.266 25871 25900 I RTPS_EDP: SEDP Subscription Reader created
12-05 21:20:55.266 25871 25900 I RTPS_UTILS: Creating CacheChangePool of size: 21 with payload of size: 5000
12-05 21:20:55.266 25871 25900 I RTPS_UTILS: Static Mode is active, preallocating memory for pool_size elements
12-05 21:20:55.266 25871 25900 I RTPS_UTILS: Allocating group of cache changes of size: 21
12-05 21:20:55.266 25871 25900 I RTPS_PARTICIPANT:  of type RELIABLE
12-05 21:20:55.266 25871 25900 I RTPS_READER: RTPSReader created correctly
12-05 21:20:55.266 25871 25900 I RTPS_EDP: SEDP Publication Reader created
12-05 21:20:55.267 25871 25900 I RTPS_UTILS: Creating CacheChangePool of size: 21 with payload of size: 5000
12-05 21:20:55.267 25871 25900 I RTPS_UTILS: Static Mode is active, preallocating memory for pool_size elements
12-05 21:20:55.267 25871 25900 I RTPS_UTILS: Allocating group of cache changes of size: 21
12-05 21:20:55.267 25871 25900 I RTPS_PARTICIPANT:  of type RELIABLE
12-05 21:20:55.267 25871 25900 I RTPS_WRITER: RTPSWriter created
12-05 21:20:55.267 25871 25900 I RTPS_EDP: SEDP Subscription Writer created
12-05 21:20:55.267 25871 25900 I RTPS_EDP: Creation finished
12-05 21:20:55.267 25871 25900 I RTPS_LIVELINESS: Initializing Liveliness Protocol
12-05 21:20:55.267 25871 25900 I RTPS_UTILS: Creating CacheChangePool of size: 21 with payload of size: 100
12-05 21:20:55.267 25871 25900 I RTPS_UTILS: Static Mode is active, preallocating memory for pool_size elements
12-05 21:20:55.267 25871 25900 I RTPS_UTILS: Allocating group of cache changes of size: 21
12-05 21:20:55.267 25871 25900 I RTPS_PARTICIPANT:  of type RELIABLE
12-05 21:20:55.267 25871 25900 I RTPS_WRITER: RTPSWriter created
12-05 21:20:55.267 25871 25900 I RTPS_LIVELINESS: Builtin Liveliness Writer created
12-05 21:20:55.267 25871 25900 I RTPS_UTILS: Creating CacheChangePool of size: 101 with payload of size: 100
12-05 21:20:55.267 25871 25900 I RTPS_UTILS: Static Mode is active, preallocating memory for pool_size elements
12-05 21:20:55.267 25871 25900 I RTPS_UTILS: Allocating group of cache changes of size: 101
12-05 21:20:55.268 25871 25900 I RTPS_PARTICIPANT:  of type RELIABLE
12-05 21:20:55.268 25871 25900 I RTPS_READER: RTPSReader created correctly
12-05 21:20:55.268 25871 25900 I RTPS_LIVELINESS: Builtin Liveliness Reader created
12-05 21:20:55.268 25871 25900 I RTPS_PDP: Announcing RTPSParticipant State (new change: 1)
12-05 21:20:55.268 25871 25900 I RTPS_WRITER: Creating new change
12-05 21:20:55.268 25871 25900 I RTPS_HISTORY: Change 1 added with 172 bytes
12-05 21:20:55.268 25871 25900 I RTPS_WRITER: Sending relevant changes as DATA/DATA_FRAG messages
12-05 21:20:55.268 25871 25900 I RTPS_WRITER: Sending INFO_TS message
12-05 21:20:55.268 25871 25900 I RTPS_MSG_OUT: UDPTransport: 228 bytes TO endpoint: 239.255.0.1:7400 FROM 0.0.0.0:59517
12-05 21:20:55.268 25871 25900 I RTPS_PARTICIPANT: 1.f.6a.d1.f.65.0.0.1.0.0.0|0.0.1.c1
12-05 21:20:55.268 25871 25900 I RTPS_PARTICIPANT: RTPSParticipant "RTPSParticipant" with guidPrefix: 1.f.6a.d1.f.65.0.0.1.0.0.0
12-05 21:20:55.269 25871 25906 I RTPS_MSG_IN: (ID:547437651024) InfoTS Submsg received, processing...
12-05 21:20:55.269 25871 25906 I RTPS_MSG_IN: (ID:547437651024) Data Submsg received, processing.
12-05 21:20:55.269 25871 25906 I RTPS_MSG_IN: (ID:547437651024) from Writer 1.f.6a.d1.f.65.0.0.1.0.0.0|0.1.0.c2; possible RTPSReaders: 4
12-05 21:20:55.269 25871 25906 I RTPS_MSG_IN: (ID:547437651024) Trying to add change 1 TO reader: 0.1.0.c7
12-05 21:20:55.269 25871 25906 I RTPS_HISTORY: Change 1 added with 172 bytes
12-05 21:20:55.269 25871 25906 I RTPS_PDP: SPDP Message received
12-05 21:20:55.269 25871 25906 I RTPS_PDP: Message from own RTPSParticipant, removing
12-05 21:20:55.269 25871 25906 I RTPS_HISTORY: Removing change 1
12-05 21:20:55.269 25871 25906 I RTPS_PARTICIPANT: 1.f.6a.d1.f.65.0.0.1.0.0.0|0.0.1.c1
12-05 21:20:55.269 25871 25900 I RTPS_UTILS: Creating CacheChangePool of size: 501 with payload of size: 500
12-05 21:20:55.269 25871 25906 I RTPS_MSG_IN: (ID:547437651024) Sub Message DATA processed
12-05 21:20:55.269 25871 25900 I RTPS_UTILS: Static Mode is active, preallocating memory for pool_size elements
12-05 21:20:55.269 25871 25900 I RTPS_UTILS: Allocating group of cache changes of size: 501

12-05 21:20:55.270 25871 25900 I RTPS_PARTICIPANT:  of type RELIABLE
12-05 21:20:55.270 25871 25900 I RTPS_WRITER: RTPSWriter created
12-05 21:20:55.270 25871 25900 I RTPS_EDP: Adding 0.0.1.3 in topic Test
12-05 21:20:55.270 25871 25900 I RTPS_PDP: Adding writer proxy data 1.f.6a.d1.f.65.0.0.1.0.0.0|0.0.1.3
12-05 21:20:55.270 25871 25900 I RTPS_EDP: 1.f.6a.d1.f.65.0.0.1.0.0.0|0.0.1.3 in topic: "Test"
12-05 21:20:55.270 25871 25900 I RTPS_EDP: 1.f.6a.d1.f.65.0.0.1.0.0.0|0.0.1.3 in topic: "Test"
12-05 21:20:55.270 25871 25900 I RTPS_EDP: 0.0.1.3


12-05 21:20:55.270 25871 25900 I RTPS_WRITER: Creating new change
12-05 21:20:55.270 25871 25900 I RTPS_HISTORY: Change 1 added with 276 bytes
12-05 21:20:55.270 25871 25900 I RTPS_WRITER: No reader proxy to add change.
12-05 21:20:55.271 25871 25900 I RTPS_PARTICIPANT: 1.f.6a.d1.f.65.0.0.1.0.0.0|0.0.1.c1
12-05 21:20:55.271 25871 25900 I RTPS_PROXY_DATA: 1.f.6a.d1.f.65.0.0.1.0.0.0|0.0.1.3
12-05 21:20:55.271 25871 25900 I RTPS_LIVELINESS: 0.0.1.3 to Liveliness Protocol
12-05 21:20:55.271 25871 25900 I RTPS_WRITER: Creating new change
12-05 21:20:55.690 25871 25907 I RTPS_MSG_IN: (ID:547426296912) InfoDST message received, processing...
12-05 21:20:55.690 25871 25907 I RTPS_MSG_IN: (ID:547426296912) DST RTPSParticipant is now: 1.f.6a.d1.f.65.0.0.1.0.0.0
12-05 21:20:55.690 25871 25907 I RTPS_MSG_IN: (ID:547426296912) Heartbeat Submsg received, processing...
12-05 21:20:55.690 25871 25907 I RTPS_MSG_IN: (ID:547426296912) InfoDST message received, processing...
12-05 21:20:55.691 25871 25907 I RTPS_MSG_IN: (ID:547426296912) DST RTPSParticipant is now: 1.f.6a.d1.f.65.0.0.1.0.0.0
12-05 21:20:55.691 25871 25907 I RTPS_MSG_IN: (ID:547426296912) Heartbeat Submsg received, processing...
12-05 21:20:55.691 25871 25907 I RTPS_MSG_IN: (ID:547426296912) InfoDST message received, processing...
12-05 21:20:55.691 25871 25907 I RTPS_MSG_IN: (ID:547426296912) DST RTPSParticipant is now: 1.f.6a.d1.f.65.0.0.1.0.0.0
12-05 21:20:55.691 25871 25907 I RTPS_MSG_IN: (ID:547426296912) Heartbeat Submsg received, processing...
12-05 21:20:55.691 25871 25907 I RTPS_MSG_IN: (ID:547426296912) InfoDST message received, processing...
12-05 21:20:55.692 25871 25907 I RTPS_MSG_IN: (ID:547426296912) DST RTPSParticipant is now: 1.f.6a.d1.f.65.0.0.1.0.0.0
12-05 21:20:55.692 25871 25907 I RTPS_MSG_IN: (ID:547426296912) Acknack Submsg received, processing...
12-05 21:20:55.692 25871 25907 I RTPS_MSG_IN: (ID:547426296912) InfoDST message received, processing...
12-05 21:20:55.692 25871 25907 I RTPS_MSG_IN: (ID:547426296912) DST RTPSParticipant is now: 1.f.6a.d1.f.65.0.0.1.0.0.0
12-05 21:20:55.692 25871 25907 I RTPS_MSG_IN: (ID:547426296912) Acknack Submsg received, processing...
12-05 21:20:55.692 25871 25907 I RTPS_MSG_IN: (ID:547426296912) InfoDST message received, processing...
12-05 21:20:55.693 25871 25907 I RTPS_MSG_IN: (ID:547426296912) DST RTPSParticipant is now: 1.f.6a.d1.f.65.0.0.1.0.0.0
12-05 21:20:55.693 25871 25907 I RTPS_MSG_IN: (ID:547426296912) Acknack Submsg received, processing...
12-05 21:20:55.693 25871 25907 I RTPS_MSG_IN: (ID:547426296912) InfoDST message received, processing...
12-05 21:20:55.693 25871 25907 I RTPS_MSG_IN: (ID:547426296912) DST RTPSParticipant is now: 1.f.6a.d1.f.65.0.0.1.0.0.0
12-05 21:20:55.693 25871 25907 I RTPS_MSG_IN: (ID:547426296912) Heartbeat Submsg received, processing...
12-05 21:20:55.693 25871 25907 I RTPS_MSG_IN: (ID:547426296912) InfoDST message received, processing...
12-05 21:20:55.694 25871 25907 I RTPS_MSG_IN: (ID:547426296912) DST RTPSParticipant is now: 1.f.6a.d1.f.65.0.0.1.0.0.0
12-05 21:20:55.694 25871 25907 I RTPS_MSG_IN: (ID:547426296912) Heartbeat Submsg received, processing...
12-05 21:20:55.694 25871 25907 I RTPS_MSG_IN: (ID:547426296912) InfoDST message received, processing...
12-05 21:20:55.694 25871 25907 I RTPS_MSG_IN: (ID:547426296912) DST RTPSParticipant is now: 1.f.6a.d1.f.65.0.0.1.0.0.0
12-05 21:20:55.694 25871 25907 I RTPS_MSG_IN: (ID:547426296912) Heartbeat Submsg received, processing...
12-05 21:20:55.694 25871 25907 I RTPS_MSG_IN: (ID:547426296912) InfoDST message received, processing...
12-05 21:20:55.694 25871 25907 I RTPS_MSG_IN: (ID:547426296912) DST RTPSParticipant is now: 1.f.6a.d1.f.65.0.0.1.0.0.0
12-05 21:20:55.695 25871 25907 I RTPS_MSG_IN: (ID:547426296912) Heartbeat Submsg received, processing...
12-05 21:20:55.695 25871 25907 I RTPS_MSG_IN: (ID:547426296912) InfoDST message received, processing...
12-05 21:20:55.695 25871 25907 I RTPS_MSG_IN: (ID:547426296912) DST RTPSParticipant is now: 1.f.6a.d1.f.65.0.0.1.0.0.0
12-05 21:20:55.695 25871 25907 I RTPS_MSG_IN: (ID:547426296912) Heartbeat Submsg received, processing...
12-05 21:20:55.695 25871 25907 I RTPS_MSG_IN: (ID:547426296912) InfoDST message received, processing...
12-05 21:20:55.695 25871 25907 I RTPS_MSG_IN: (ID:547426296912) DST RTPSParticipant is now: 1.f.6a.d1.f.65.0.0.1.0.0.0
12-05 21:20:55.695 25871 25907 I RTPS_MSG_IN: (ID:547426296912) Heartbeat Submsg received, processing...
12-05 21:20:55.696 25871 25907 I RTPS_MSG_IN: (ID:547426296912) InfoDST message received, processing...
12-05 21:20:55.696 25871 25907 I RTPS_MSG_IN: (ID:547426296912) DST RTPSParticipant is now: 1.f.6a.d1.f.65.0.0.1.0.0.0
12-05 21:20:55.696 25871 25907 I RTPS_MSG_IN: (ID:547426296912) Heartbeat Submsg received, processing...
12-05 21:20:55.696 25871 25907 I RTPS_MSG_IN: (ID:547426296912) InfoDST message received, processing...
12-05 21:20:55.696 25871 25907 I RTPS_MSG_IN: (ID:547426296912) DST RTPSParticipant is now: 1.f.6a.d1.f.65.0.0.1.0.0.0
12-05 21:20:55.697 25871 25907 I RTPS_MSG_IN: (ID:547426296912) Heartbeat Submsg received, processing...
12-05 21:20:55.697 25871 25907 I RTPS_MSG_IN: (ID:547426296912) InfoDST message received, processing...
12-05 21:20:55.697 25871 25907 I RTPS_MSG_IN: (ID:547426296912) DST RTPSParticipant is now: 1.f.6a.d1.f.65.0.0.1.0.0.0
12-05 21:20:55.697 25871 25907 I RTPS_MSG_IN: (ID:547426296912) Acknack Submsg received, processing...
12-05 21:20:55.697 25871 25907 I RTPS_MSG_IN: (ID:547426296912) InfoDST message received, processing...
12-05 21:20:55.697 25871 25907 I RTPS_MSG_IN: (ID:547426296912) DST RTPSParticipant is now: 1.f.6a.d1.f.65.0.0.1.0.0.0
12-05 21:20:55.698 25871 25907 I RTPS_MSG_IN: (ID:547426296912) Heartbeat Submsg received, processing...
12-05 21:20:55.698 25871 25907 I RTPS_MSG_IN: (ID:547426296912) InfoDST message received, processing...
12-05 21:20:55.698 25871 25907 I RTPS_MSG_IN: (ID:547426296912) DST RTPSParticipant is now: 1.f.6a.d1.f.65.0.0.1.0.0.0
12-05 21:20:55.698 25871 25907 I RTPS_MSG_IN: (ID:547426296912) Acknack Submsg received, processing...
12-05 21:20:55.698 25871 25907 I RTPS_MSG_IN: (ID:547426296912) InfoDST message received, processing...
12-05 21:20:55.698 25871 25907 I RTPS_MSG_IN: (ID:547426296912) DST RTPSParticipant is now: 1.f.6a.d1.f.65.0.0.1.0.0.0
12-05 21:20:55.698 25871 25907 I RTPS_MSG_IN: (ID:547426296912) Acknack Submsg received, processing...
12-05 21:20:56.584 25871 25906 I RTPS_MSG_IN: (ID:547437651024) Heartbeat Submsg received, processing...
12-05 21:20:57.415 25871 25906 I RTPS_MSG_IN: (ID:547437651024) Heartbeat Submsg received, processing...
12-05 21:20:58.439 25871 25906 I RTPS_MSG_IN: (ID:547437651024) Heartbeat Submsg received, processing...
12-05 21:20:59.463 25871 25906 I RTPS_MSG_IN: (ID:547437651024) Heartbeat Submsg received, processing...
12-05 21:21:00.476 25871 25906 I RTPS_MSG_IN: (ID:547437651024) Heartbeat Submsg received, processing...
12-05 21:21:01.512 25871 25906 I RTPS_MSG_IN: (ID:547437651024) Heartbeat Submsg received, processing...
12-05 21:21:02.536 25871 25906 I RTPS_MSG_IN: (ID:547437651024) Heartbeat Submsg received, processing...
12-05 21:21:03.548 25871 25906 I RTPS_MSG_IN: (ID:547437651024) Heartbeat Submsg received, processing...
12-05 21:21:06.415 25871 25906 I RTPS_MSG_IN: (ID:547437651024) Heartbeat Submsg received, processing...
12-05 21:21:07.450 25871 25906 I RTPS_MSG_IN: (ID:547437651024) Heartbeat Submsg received, processing...
12-05 21:21:11.137 25871 25906 I RTPS_MSG_IN: (ID:547437651024) InfoTS Submsg received, processing...
12-05 21:21:11.137 25871 25906 I RTPS_MSG_IN: (ID:547437651024) Data Submsg received, processing.
12-05 21:21:11.138 25871 25906 I RTPS_MSG_IN: (ID:547437651024) from Writer 1.f.b8.80.e3.7e.0.0.1.0.0.0|0.1.0.c2; possible RTPSReaders: 4
12-05 21:21:11.138 25871 25906 I RTPS_MSG_IN: (ID:547437651024) Trying to add change 1 TO reader: 0.1.0.c7
12-05 21:21:11.138 25871 25906 I RTPS_HISTORY: Change 1 added with 228 bytes
12-05 21:21:11.138 25871 25906 I RTPS_PDP: SPDP Message received
12-05 21:21:11.139 25871 25906 I RTPS_PDP: Announcing RTPSParticipant State (new change: 0)
12-05 21:21:11.139 25871 25906 I RTPS_PDP: For RTPSParticipant: 1.f.b8.80.e3.7e.0.0.1.0.0.0
12-05 21:21:11.139 25871 25906 I RTPS_READER: Writer 1.f.b8.80.e3.7e.0.0.1.0.0.0|0.1.0.c2 added to 0.1.0.c7
12-05 21:21:11.139 25871 25913 I RTPS_WRITER: Sending relevant changes as DATA/DATA_FRAG messages
12-05 21:21:11.139 25871 25913 I RTPS_WRITER: Sending INFO_TS message
12-05 21:21:11.140 25871 25913 I RTPS_MSG_OUT: UDPTransport: 228 bytes TO endpoint: 239.255.0.1:7400 FROM 0.0.0.0:59517
12-05 21:21:11.140 25871 25913 I RTPS_WRITER: Finish sending unsent changes
12-05 21:21:11.141 25871 25906 I RTPS_READER: Reader 1.f.b8.80.e3.7e.0.0.1.0.0.0|0.1.0.c7 added to 0.1.0.c2
12-05 21:21:11.141 25871 25906 I RTPS_EDP: New DPD received, adding remote endpoints to our SimpleEDP endpoints
12-05 21:21:11.141 25871 25913 I RTPS_WRITER: Sending relevant changes as DATA/DATA_FRAG messages
12-05 21:21:11.141 25871 25906 I RTPS_EDP: Adding SEDP Pub Writer to my Pub Reader
12-05 21:21:11.141 25871 25913 I RTPS_WRITER: Sending INFO_TS message
12-05 21:21:11.142 25871 25906 I RTPS_READER: Writer Proxy created in reader: 0.0.3.c7
12-05 21:21:11.142 25871 25913 I RTPS_MSG_OUT: UDPTransport: 228 bytes TO endpoint: 239.255.0.1:7400 FROM 0.0.0.0:59517
12-05 21:21:11.142 25871 25906 I RTPS_READER: Writer Proxy 1.f.b8.80.e3.7e.0.0.1.0.0.0|0.0.3.c2 added to 0.0.3.c7
12-05 21:21:11.142 25871 25913 I RTPS_WRITER: Finish sending unsent changes
12-05 21:21:11.142 25871 25906 I RTPS_EDP: Adding SEDP Pub Reader to my Pub Writer
12-05 21:21:11.143 25871 25906 I RTPS_WRITER: Reader Proxy started
12-05 21:21:11.143 25871 25906 I RTPS_WRITER: 0.0.3.c2 Sending Heartbeat (1 - 1)
12-05 21:21:11.144 25871 25906 I RTPS_MSG_OUT: UDPTransport: 68 bytes TO endpoint: 192.168.1.52:7412 FROM 0.0.0.0:59517
12-05 21:21:11.144 25871 25906 I RTPS_MSG_OUT: UDPTransport: 68 bytes TO endpoint: 192.168.49.1:7412 FROM 0.0.0.0:59517
12-05 21:21:11.144 25871 25906 I RTPS_WRITER: Reader Proxy 1.f.b8.80.e3.7e.0.0.1.0.0.0|0.0.3.c7 added to 0.0.3.c2 with 2(u)-1(m) locators
12-05 21:21:11.145 25871 25906 I RTPS_EDP: Adding SEDP Sub Writer to my Sub Reader
12-05 21:21:11.145 25871 25906 I RTPS_READER: Writer Proxy created in reader: 0.0.4.c7
12-05 21:21:11.145 25871 25906 I RTPS_READER: Writer Proxy 1.f.b8.80.e3.7e.0.0.1.0.0.0|0.0.4.c2 added to 0.0.4.c7
12-05 21:21:11.145 25871 25906 I RTPS_EDP: Adding SEDP Sub Reader to my Sub Writer
12-05 21:21:11.146 25871 25906 I RTPS_WRITER: Reader Proxy started
12-05 21:21:11.146 25871 25906 I RTPS_WRITER: 0.0.4.c2 Sending Heartbeat (1 - 0)
12-05 21:21:11.147 25871 25906 I RTPS_MSG_OUT: UDPTransport: 68 bytes TO endpoint: 192.168.1.52:7412 FROM 0.0.0.0:59517
12-05 21:21:11.147 25871 25906 I RTPS_MSG_OUT: UDPTransport: 68 bytes TO endpoint: 192.168.49.1:7412 FROM 0.0.0.0:59517
12-05 21:21:11.148 25871 25906 I RTPS_WRITER: Reader Proxy 1.f.b8.80.e3.7e.0.0.1.0.0.0|0.0.4.c7 added to 0.0.4.c2 with 2(u)-1(m) locators
12-05 21:21:11.148 25871 25906 I RTPS_LIVELINESS: Adding remote writer to my local Builtin Reader
12-05 21:21:11.149 25871 25906 I RTPS_READER: Writer Proxy created in reader: 0.2.0.c7
12-05 21:21:11.150 25871 25906 I RTPS_READER: Writer Proxy 1.f.b8.80.e3.7e.0.0.1.0.0.0|0.2.0.c2 added to 0.2.0.c7
12-05 21:21:11.150 25871 25906 I RTPS_LIVELINESS: Adding remote reader to my local Builtin Writer
12-05 21:21:11.151 25871 25906 I RTPS_WRITER: Reader Proxy started
12-05 21:21:11.151 25871 25906 I RTPS_WRITER: 0.2.0.c2 Sending Heartbeat (1 - 0)
12-05 21:21:11.152 25871 25906 I RTPS_MSG_OUT: UDPTransport: 68 bytes TO endpoint: 192.168.1.52:7412 FROM 0.0.0.0:59517
12-05 21:21:11.153 25871 25906 I RTPS_MSG_OUT: UDPTransport: 68 bytes TO endpoint: 192.168.49.1:7412 FROM 0.0.0.0:59517
12-05 21:21:11.153 25871 25906 I RTPS_WRITER: Reader Proxy 1.f.b8.80.e3.7e.0.0.1.0.0.0|0.2.0.c7 added to 0.2.0.c2 with 2(u)-1(m) locators
12-05 21:21:11.154 25871 25906 I RTPS_PARTICIPANT: 1.f.b8.80.e3.7e.0.0.1.0.0.0|0.0.1.c1
12-05 21:21:11.154 25871 25906 I RTPS_HISTORY: Removing change 1
12-05 21:21:11.154 25871 25906 I RTPS_MSG_IN: (ID:547437651024) Sub Message DATA processed
12-05 21:21:11.154 25871 25906 I RTPS_MSG_IN: (ID:547437651024) InfoTS Submsg received, processing...
12-05 21:21:11.155 25871 25906 I RTPS_MSG_IN: (ID:547437651024) Data Submsg received, processing.
12-05 21:21:11.155 25871 25906 I RTPS_MSG_IN: (ID:547437651024) from Writer 1.f.6a.d1.f.65.0.0.1.0.0.0|0.1.0.c2; possible RTPSReaders: 4
12-05 21:21:11.155 25871 25906 I RTPS_MSG_IN: (ID:547437651024) Trying to add change 1 TO reader: 0.1.0.c7
12-05 21:21:11.155 25871 25906 I RTPS_MSG_IN: (ID:547437651024) MessageReceiver not add change 1
12-05 21:21:11.155 25871 25906 I RTPS_LIVELINESS: RTPSParticipant 1.f.6a.d1.f.65.0.0.1.0.0.0|0.0.1.c1 is Alive
12-05 21:21:11.155 25871 25906 I RTPS_MSG_IN: (ID:547437651024) Sub Message DATA processed
12-05 21:21:11.156 25871 25906 I RTPS_MSG_IN: (ID:547437651024) InfoTS Submsg received, processing...
12-05 21:21:11.156 25871 25906 I RTPS_MSG_IN: (ID:547437651024) Data Submsg received, processing.
12-05 21:21:11.156 25871 25906 I RTPS_MSG_IN: (ID:547437651024) from Writer 1.f.6a.d1.f.65.0.0.1.0.0.0|0.1.0.c2; possible RTPSReaders: 4
12-05 21:21:11.156 25871 25906 I RTPS_MSG_IN: (ID:547437651024) Trying to add change 1 TO reader: 0.1.0.c7
12-05 21:21:11.156 25871 25906 I RTPS_MSG_IN: (ID:547437651024) MessageReceiver not add change 1
12-05 21:21:11.156 25871 25906 I RTPS_LIVELINESS: RTPSParticipant 1.f.6a.d1.f.65.0.0.1.0.0.0|0.0.1.c1 is Alive
12-05 21:21:11.157 25871 25906 I RTPS_MSG_IN: (ID:547437651024) Sub Message DATA processed
12-05 21:21:11.213 25871 25905 I RTPS_READER: Sending ACKNACK: 0:
12-05 21:21:11.214 25871 25905 I RTPS_MSG_OUT: UDPTransport: 64 bytes TO endpoint: 192.168.1.52:7412 FROM 0.0.0.0:59517
12-05 21:21:11.215 25871 25905 I RTPS_MSG_OUT: UDPTransport: 64 bytes TO endpoint: 192.168.49.1:7412 FROM 0.0.0.0:59517
12-05 21:21:11.216 25871 25905 I RTPS_READER: Sending ACKNACK: 0:
12-05 21:21:11.216 25871 25905 I RTPS_MSG_OUT: UDPTransport: 64 bytes TO endpoint: 192.168.1.52:7412 FROM 0.0.0.0:59517
12-05 21:21:11.217 25871 25905 I RTPS_MSG_OUT: UDPTransport: 64 bytes TO endpoint: 192.168.49.1:7412 FROM 0.0.0.0:59517
12-05 21:21:11.220 25871 25905 I RTPS_READER: Sending ACKNACK: 0:
12-05 21:21:11.220 25871 25905 I RTPS_MSG_OUT: UDPTransport: 64 bytes TO endpoint: 192.168.1.52:7412 FROM 0.0.0.0:59517
12-05 21:21:11.221 25871 25905 I RTPS_MSG_OUT: UDPTransport: 64 bytes TO endpoint: 192.168.49.1:7412 FROM 0.0.0.0:59517
12-05 21:21:11.331 25871 25906 I RTPS_MSG_IN: (ID:547437651024) InfoTS Submsg received, processing...
12-05 21:21:11.331 25871 25906 I RTPS_MSG_IN: (ID:547437651024) Data Submsg received, processing.
12-05 21:21:11.331 25871 25906 I RTPS_MSG_IN: (ID:547437651024) from Writer 1.f.ee.55.d5.31.0.0.1.0.0.0|0.1.0.c2; possible RTPSReaders: 4
12-05 21:21:11.331 25871 25906 I RTPS_MSG_IN: (ID:547437651024) Trying to add change 1 TO reader: 0.1.0.c7
12-05 21:21:11.331 25871 25906 I RTPS_HISTORY: Change 1 added with 172 bytes
12-05 21:21:11.332 25871 25906 I RTPS_PDP: SPDP Message received
12-05 21:21:11.332 25871 25906 I RTPS_PDP: Announcing RTPSParticipant State (new change: 0)
12-05 21:21:11.332 25871 25906 I RTPS_PDP: For RTPSParticipant: 1.f.ee.55.d5.31.0.0.1.0.0.0
12-05 21:21:11.332 25871 25906 I RTPS_READER: Writer 1.f.ee.55.d5.31.0.0.1.0.0.0|0.1.0.c2 added to 0.1.0.c7
12-05 21:21:11.333 25871 25913 I RTPS_WRITER: Sending relevant changes as DATA/DATA_FRAG messages
12-05 21:21:11.333 25871 25913 I RTPS_WRITER: Sending INFO_TS message
12-05 21:21:11.334 25871 25913 I RTPS_MSG_OUT: UDPTransport: 228 bytes TO endpoint: 239.255.0.1:7400 FROM 0.0.0.0:59517
12-05 21:21:11.334 25871 25913 I RTPS_WRITER: Finish sending unsent changes
12-05 21:21:11.334 25871 25906 I RTPS_READER: Reader 1.f.ee.55.d5.31.0.0.1.0.0.0|0.1.0.c7 added to 0.1.0.c2
12-05 21:21:11.335 25871 25906 I RTPS_EDP: New DPD received, adding remote endpoints to our SimpleEDP endpoints
12-05 21:21:11.335 25871 25906 I RTPS_EDP: Adding SEDP Pub Writer to my Pub Reader
12-05 21:21:11.335 25871 25913 I RTPS_WRITER: Sending relevant changes as DATA/DATA_FRAG messages
12-05 21:21:11.335 25871 25913 I RTPS_WRITER: Sending INFO_TS message
12-05 21:21:11.335 25871 25906 I RTPS_READER: Writer Proxy created in reader: 0.0.3.c7
12-05 21:21:11.335 25871 25913 I RTPS_MSG_OUT: UDPTransport: 228 bytes TO endpoint: 239.255.0.1:7400 FROM 0.0.0.0:59517
12-05 21:21:11.336 25871 25906 I RTPS_READER: Writer Proxy 1.f.ee.55.d5.31.0.0.1.0.0.0|0.0.3.c2 added to 0.0.3.c7
12-05 21:21:11.336 25871 25913 I RTPS_WRITER: Finish sending unsent changes
12-05 21:21:11.336 25871 25906 I RTPS_EDP: Adding SEDP Pub Reader to my Pub Writer
12-05 21:21:11.336 25871 25906 I RTPS_WRITER: Reader Proxy started
12-05 21:21:11.336 25871 25906 I RTPS_WRITER: 0.0.3.c2 Sending Heartbeat (1 - 1)


12-05 21:21:11.337 25871 25906 I RTPS_MSG_OUT: UDPTransport: 68 bytes TO endpoint: 192.168.1.64:7412 FROM 0.0.0.0:59517

12-05 21:21:11.337 25871 25906 I RTPS_WRITER: Reader Proxy 1.f.ee.55.d5.31.0.0.1.0.0.0|0.0.3.c7 added to 0.0.3.c2 with 1(u)-1(m) locators
12-05 21:21:11.338 25871 25906 I RTPS_EDP: Adding SEDP Sub Writer to my Sub Reader
12-05 21:21:11.338 25871 25906 I RTPS_READER: Writer Proxy created in reader: 0.0.4.c7
12-05 21:21:11.338 25871 25906 I RTPS_READER: Writer Proxy 1.f.ee.55.d5.31.0.0.1.0.0.0|0.0.4.c2 added to 0.0.4.c7
12-05 21:21:11.338 25871 25906 I RTPS_EDP: Adding SEDP Sub Reader to my Sub Writer
12-05 21:21:11.339 25871 25906 I RTPS_WRITER: Reader Proxy started
12-05 21:21:11.339 25871 25906 I RTPS_WRITER: 0.0.4.c2 Sending Heartbeat (1 - 0)
12-05 21:21:11.339 25871 25906 I RTPS_MSG_OUT: UDPTransport: 68 bytes TO endpoint: 192.168.1.64:7412 FROM 0.0.0.0:59517
12-05 21:21:11.340 25871 25906 I RTPS_WRITER: Reader Proxy 1.f.ee.55.d5.31.0.0.1.0.0.0|0.0.4.c7 added to 0.0.4.c2 with 1(u)-1(m) locators
12-05 21:21:11.340 25871 25906 I RTPS_LIVELINESS: Adding remote writer to my local Builtin Reader
12-05 21:21:11.340 25871 25906 I RTPS_READER: Writer Proxy created in reader: 0.2.0.c7
12-05 21:21:11.341 25871 25906 I RTPS_READER: Writer Proxy 1.f.ee.55.d5.31.0.0.1.0.0.0|0.2.0.c2 added to 0.2.0.c7
12-05 21:21:11.342 25871 25906 I RTPS_LIVELINESS: Adding remote reader to my local Builtin Writer
12-05 21:21:11.342 25871 25907 I RTPS_MSG_IN: (ID:547426296912) InfoDST message received, processing...
12-05 21:21:11.342 25871 25906 I RTPS_WRITER: Reader Proxy started
12-05 21:21:11.342 25871 25907 I RTPS_MSG_IN: (ID:547426296912) DST RTPSParticipant is now: 1.f.6a.d1.f.65.0.0.1.0.0.0
12-05 21:21:11.342 25871 25906 I RTPS_WRITER: 0.2.0.c2 Sending Heartbeat (1 - 0)
12-05 21:21:11.342 25871 25907 I RTPS_MSG_IN: (ID:547426296912) Heartbeat Submsg received, processing...
12-05 21:21:11.343 25871 25907 I RTPS_READER: 0.0.3.c2: up to seqNum: 1
12-05 21:21:11.343 25871 25907 I RTPS_READER: 0.0.3.c2: changes up to seqNum: 0 missing.
12-05 21:21:11.343 25871 25906 I RTPS_MSG_OUT: UDPTransport: 68 bytes TO endpoint: 192.168.1.64:7412 FROM 0.0.0.0:59517
12-05 21:21:11.343 25871 25907 I RTPS_MSG_IN: (ID:547426296912) InfoDST message received, processing...
12-05 21:21:11.343 25871 25906 I RTPS_WRITER: Reader Proxy 1.f.ee.55.d5.31.0.0.1.0.0.0|0.2.0.c7 added to 0.2.0.c2 with 1(u)-1(m) locators
12-05 21:21:11.343 25871 25907 I RTPS_MSG_IN: (ID:547426296912) DST RTPSParticipant is now: 1.f.6a.d1.f.65.0.0.1.0.0.0
12-05 21:21:11.343 25871 25906 I RTPS_PARTICIPANT: 1.f.ee.55.d5.31.0.0.1.0.0.0|0.0.1.c1
12-05 21:21:11.343 25871 25907 I RTPS_MSG_IN: (ID:547426296912) Heartbeat Submsg received, processing...
12-05 21:21:11.344 25871 25906 I RTPS_HISTORY: Removing change 1
12-05 21:21:11.344 25871 25907 I RTPS_READER: 0.0.4.c2: up to seqNum: 1
12-05 21:21:11.344 25871 25906 I RTPS_MSG_IN: (ID:547437651024) Sub Message DATA processed
12-05 21:21:11.344 25871 25907 I RTPS_READER: 0.0.4.c2: changes up to seqNum: 0 missing.
12-05 21:21:11.344 25871 25906 I RTPS_MSG_IN: (ID:547437651024) InfoTS Submsg received, processing...
12-05 21:21:11.344 25871 25907 I RTPS_MSG_IN: (ID:547426296912) InfoDST message received, processing...
12-05 21:21:11.344 25871 25906 I RTPS_MSG_IN: (ID:547437651024) Data Submsg received, processing.
12-05 21:21:11.344 25871 25907 I RTPS_MSG_IN: (ID:547426296912) DST RTPSParticipant is now: 1.f.6a.d1.f.65.0.0.1.0.0.0
12-05 21:21:11.344 25871 25907 I RTPS_MSG_IN: (ID:547426296912) Heartbeat Submsg received, processing...
12-05 21:21:11.344 25871 25907 I RTPS_READER: 0.2.0.c2: up to seqNum: 1
12-05 21:21:11.345 25871 25907 I RTPS_READER: 0.2.0.c2: changes up to seqNum: 0 missing.
12-05 21:21:11.345 25871 25906 I RTPS_MSG_IN: (ID:547437651024) from Writer 1.f.6a.d1.f.65.0.0.1.0.0.0|0.1.0.c2; possible RTPSReaders: 4
12-05 21:21:11.346 25871 25906 I RTPS_MSG_IN: (ID:547437651024) Trying to add change 1 TO reader: 0.1.0.c7
12-05 21:21:11.346 25871 25906 I RTPS_MSG_IN: (ID:547437651024) MessageReceiver not add change 1
12-05 21:21:11.346 25871 25906 I RTPS_LIVELINESS: RTPSParticipant 1.f.6a.d1.f.65.0.0.1.0.0.0|0.0.1.c1 is Alive
12-05 21:21:11.346 25871 25906 I RTPS_MSG_IN: (ID:547437651024) Sub Message DATA processed
12-05 21:21:11.346 25871 25906 I RTPS_MSG_IN: (ID:547437651024) InfoTS Submsg received, processing...
12-05 21:21:11.347 25871 25906 I RTPS_MSG_IN: (ID:547437651024) Data Submsg received, processing.
12-05 21:21:11.348 25871 25906 I RTPS_MSG_IN: (ID:547437651024) from Writer 1.f.6a.d1.f.65.0.0.1.0.0.0|0.1.0.c2; possible RTPSReaders: 4
12-05 21:21:11.348 25871 25906 I RTPS_MSG_IN: (ID:547437651024) Trying to add change 1 TO reader: 0.1.0.c7
12-05 21:21:11.348 25871 25906 I RTPS_MSG_IN: (ID:547437651024) MessageReceiver not add change 1
12-05 21:21:11.348 25871 25906 I RTPS_LIVELINESS: RTPSParticipant 1.f.6a.d1.f.65.0.0.1.0.0.0|0.0.1.c1 is Alive
12-05 21:21:11.348 25871 25906 I RTPS_MSG_IN: (ID:547437651024) Sub Message DATA processed
12-05 21:21:11.351 25871 25905 I RTPS_READER:
12-05 21:21:11.351 25871 25905 I RTPS_READER: Sending ACKNACK: 1:
12-05 21:21:11.351 25871 25905 I RTPS_MSG_OUT: UDPTransport: 64 bytes TO endpoint: 192.168.1.52:7412 FROM 0.0.0.0:59517
12-05 21:21:11.352 25871 25905 I RTPS_MSG_OUT: UDPTransport: 64 bytes TO endpoint: 192.168.49.1:7412 FROM 0.0.0.0:59517
12-05 21:21:11.354 25871 25905 I RTPS_READER:
12-05 21:21:11.354 25871 25907 I RTPS_MSG_IN: (ID:547426296912) InfoDST message received, processing...
12-05 21:21:11.354 25871 25905 I RTPS_READER: Sending ACKNACK: 1:
12-05 21:21:11.355 25871 25907 I RTPS_MSG_IN: (ID:547426296912) DST RTPSParticipant is now: 1.f.6a.d1.f.65.0.0.1.0.0.0
12-05 21:21:11.355 25871 25907 I RTPS_MSG_IN: (ID:547426296912) Acknack Submsg received, processing...
12-05 21:21:11.355 25871 25905 I RTPS_MSG_OUT: UDPTransport: 64 bytes TO endpoint: 192.168.1.52:7412 FROM 0.0.0.0:59517
12-05 21:21:11.355 25871 25907 I RTPS_MSG_IN: (ID:547426296912) InfoDST message received, processing...
12-05 21:21:11.355 25871 25907 I RTPS_MSG_IN: (ID:547426296912) DST RTPSParticipant is now: 1.f.6a.d1.f.65.0.0.1.0.0.0
12-05 21:21:11.355 25871 25907 I RTPS_MSG_IN: (ID:547426296912) Acknack Submsg received, processing...
12-05 21:21:11.355 25871 25905 I RTPS_MSG_OUT: UDPTransport: 64 bytes TO endpoint: 192.168.49.1:7412 FROM 0.0.0.0:59517
12-05 21:21:11.355 25871 25907 I RTPS_WRITER: Requested Changes: 1:1-
12-05 21:21:11.355 25871 25905 I RTPS_READER:
12-05 21:21:11.356 25871 25907 I RTPS_MSG_IN: (ID:547426296912) InfoDST message received, processing...
12-05 21:21:11.356 25871 25905 I RTPS_READER: Sending ACKNACK: 1:
12-05 21:21:11.356 25871 25907 I RTPS_MSG_IN: (ID:547426296912) DST RTPSParticipant is now: 1.f.6a.d1.f.65.0.0.1.0.0.0
12-05 21:21:11.356 25871 25907 I RTPS_MSG_IN: (ID:547426296912) Acknack Submsg received, processing...
12-05 21:21:11.356 25871 25905 I RTPS_MSG_OUT: UDPTransport: 64 bytes TO endpoint: 192.168.1.52:7412 FROM 0.0.0.0:59517
12-05 21:21:11.356 25871 25905 I RTPS_MSG_OUT: UDPTransport: 64 bytes TO endpoint: 192.168.49.1:7412 FROM 0.0.0.0:59517
12-05 21:21:11.406 25871 25905 I RTPS_READER: Sending ACKNACK: 0:
12-05 21:21:11.407 25871 25905 I RTPS_MSG_OUT: UDPTransport: 64 bytes TO endpoint: 192.168.1.64:7412 FROM 0.0.0.0:59517
12-05 21:21:11.409 25871 25905 I RTPS_READER: Sending ACKNACK: 0:
12-05 21:21:11.410 25871 25905 I RTPS_MSG_OUT: UDPTransport: 64 bytes TO endpoint: 192.168.1.64:7412 FROM 0.0.0.0:59517
12-05 21:21:11.411 25871 25905 I RTPS_READER: Sending ACKNACK: 0:
12-05 21:21:11.412 25871 25905 I RTPS_MSG_OUT: UDPTransport: 64 bytes TO endpoint: 192.168.1.64:7412 FROM 0.0.0.0:59517
12-05 21:21:11.413 25871 25907 I RTPS_MSG_IN: (ID:547426296912) InfoDST message received, processing...
12-05 21:21:11.413 25871 25907 I RTPS_MSG_IN: (ID:547426296912) DST RTPSParticipant is now: 1.f.6a.d1.f.65.0.0.1.0.0.0
12-05 21:21:11.413 25871 25907 I RTPS_MSG_IN: (ID:547426296912) Acknack Submsg received, processing...
12-05 21:21:11.413 25871 25907 I RTPS_WRITER: 0.0.3.c2 Sending Heartbeat (1 - 1)
12-05 21:21:11.414 25871 25907 I RTPS_MSG_OUT: UDPTransport: 68 bytes TO endpoint: 192.168.1.52:7412 FROM 0.0.0.0:59517
12-05 21:21:11.414 25871 25907 I RTPS_MSG_OUT: UDPTransport: 68 bytes TO endpoint: 192.168.49.1:7412 FROM 0.0.0.0:59517
12-05 21:21:11.414 25871 25907 I RTPS_MSG_IN: (ID:547426296912) InfoDST message received, processing...
12-05 21:21:11.414 25871 25907 I RTPS_MSG_IN: (ID:547426296912) DST RTPSParticipant is now: 1.f.6a.d1.f.65.0.0.1.0.0.0
12-05 21:21:11.415 25871 25907 I RTPS_MSG_IN: (ID:547426296912) Acknack Submsg received, processing...
12-05 21:21:11.415 25871 25907 I RTPS_WRITER: 0.0.4.c2 Sending Heartbeat (1 - 0)
12-05 21:21:11.415 25871 25907 I RTPS_MSG_OUT: UDPTransport: 68 bytes TO endpoint: 192.168.1.52:7412 FROM 0.0.0.0:59517
12-05 21:21:11.415 25871 25907 I RTPS_MSG_OUT: UDPTransport: 68 bytes TO endpoint: 192.168.49.1:7412 FROM 0.0.0.0:59517
12-05 21:21:11.416 25871 25907 I RTPS_MSG_IN: (ID:547426296912) InfoDST message received, processing...
12-05 21:21:11.416 25871 25907 I RTPS_MSG_IN: (ID:547426296912) DST RTPSParticipant is now: 1.f.6a.d1.f.65.0.0.1.0.0.0
12-05 21:21:11.416 25871 25907 I RTPS_MSG_IN: (ID:547426296912) Acknack Submsg received, processing...
12-05 21:21:11.416 25871 25907 I RTPS_WRITER: 0.2.0.c2 Sending Heartbeat (1 - 0)
12-05 21:21:11.416 25871 25907 I RTPS_MSG_OUT: UDPTransport: 68 bytes TO endpoint: 192.168.1.52:7412 FROM 0.0.0.0:59517
12-05 21:21:11.417 25871 25907 I RTPS_MSG_OUT: UDPTransport: 68 bytes TO endpoint: 192.168.49.1:7412 FROM 0.0.0.0:59517
12-05 21:21:11.417 25871 25907 I RTPS_MSG_IN: (ID:547426296912) InfoDST message received, processing...
12-05 21:21:11.417 25871 25907 I RTPS_MSG_IN: (ID:547426296912) DST RTPSParticipant is now: 1.f.6a.d1.f.65.0.0.1.0.0.0
12-05 21:21:11.417 25871 25907 I RTPS_MSG_IN: (ID:547426296912) Heartbeat Submsg received, processing...
12-05 21:21:11.418 25871 25907 I RTPS_READER: 0.0.3.c2: up to seqNum: 1
12-05 21:21:11.418 25871 25907 I RTPS_READER: 0.0.3.c2: changes up to seqNum: 0 missing.
12-05 21:21:11.418 25871 25907 I RTPS_MSG_IN: (ID:547426296912) InfoDST message received, processing...
12-05 21:21:11.418 25871 25907 I RTPS_MSG_IN: (ID:547426296912) DST RTPSParticipant is now: 1.f.6a.d1.f.65.0.0.1.0.0.0
12-05 21:21:11.418 25871 25907 I RTPS_MSG_IN: (ID:547426296912) Heartbeat Submsg received, processing...
12-05 21:21:11.419 25871 25907 I RTPS_READER: 0.0.4.c2: up to seqNum: 1
12-05 21:21:11.419 25871 25907 I RTPS_READER: 0.0.4.c2: changes up to seqNum: 1 missing.
12-05 21:21:11.419 25871 25907 I RTPS_MSG_IN: (ID:547426296912) InfoDST message received, processing...
12-05 21:21:11.419 25871 25907 I RTPS_MSG_IN: (ID:547426296912) DST RTPSParticipant is now: 1.f.6a.d1.f.65.0.0.1.0.0.0
12-05 21:21:11.419 25871 25907 I RTPS_MSG_IN: (ID:547426296912) Heartbeat Submsg received, processing...
12-05 21:21:11.419 25871 25907 I RTPS_READER: 0.2.0.c2: up to seqNum: 1
12-05 21:21:11.419 25871 25907 I RTPS_READER: 0.2.0.c2: changes up to seqNum: 0 missing.
12-05 21:21:11.425 25871 25905 I RTPS_READER:
12-05 21:21:11.425 25871 25905 I RTPS_READER: Sending ACKNACK: 1:
12-05 21:21:11.425 25871 25905 I RTPS_MSG_OUT: UDPTransport: 64 bytes TO endpoint: 192.168.1.64:7412 FROM 0.0.0.0:59517
12-05 21:21:11.427 25871 25907 I RTPS_MSG_IN: (ID:547426296912) InfoDST message received, processing...
12-05 21:21:11.427 25871 25907 I RTPS_MSG_IN: (ID:547426296912) DST RTPSParticipant is now: 1.f.6a.d1.f.65.0.0.1.0.0.0
12-05 21:21:11.427 25871 25907 I RTPS_MSG_IN: (ID:547426296912) Acknack Submsg received, processing...
12-05 21:21:11.430 25871 25907 I RTPS_MSG_IN: (ID:547426296912) InfoDST message received, processing...
12-05 21:21:11.430 25871 25907 I RTPS_MSG_IN: (ID:547426296912) DST RTPSParticipant is now: 1.f.6a.d1.f.65.0.0.1.0.0.0
12-05 21:21:11.430 25871 25907 I RTPS_MSG_IN: (ID:547426296912) Acknack Submsg received, processing...
12-05 21:21:11.430 25871 25907 I RTPS_WRITER: Requested Changes: 1:1-
12-05 21:21:11.430 25871 25905 I RTPS_READER:
12-05 21:21:11.431 25871 25905 I RTPS_READER: Sending ACKNACK: 1:
12-05 21:21:11.431 25871 25905 I RTPS_MSG_OUT: UDPTransport: 64 bytes TO endpoint: 192.168.1.64:7412 FROM 0.0.0.0:59517
12-05 21:21:11.431 25871 25905 I RTPS_READER:
12-05 21:21:11.431 25871 25905 I RTPS_READER: Sending ACKNACK: 1:1-
12-05 21:21:11.432 25871 25905 I RTPS_MSG_OUT: UDPTransport: 68 bytes TO endpoint: 192.168.1.64:7412 FROM 0.0.0.0:59517
12-05 21:21:11.435 25871 25907 I RTPS_MSG_IN: (ID:547426296912) InfoDST message received, processing...
12-05 21:21:11.435 25871 25907 I RTPS_MSG_IN: (ID:547426296912) DST RTPSParticipant is now: 1.f.6a.d1.f.65.0.0.1.0.0.0
12-05 21:21:11.435 25871 25907 I RTPS_MSG_IN: (ID:547426296912) Acknack Submsg received, processing...
12-05 21:21:11.449 25871 25905 I RTPS_WRITER: Responding to Acknack messages
12-05 21:21:11.450 25871 25913 I RTPS_WRITER: Sending relevant changes as DATA/DATA_FRAG messages
12-05 21:21:11.450 25871 25913 I RTPS_WRITER: Sending INFO_TS message
12-05 21:21:11.450 25871 25913 I RTPS_MSG_OUT: UDPTransport: 332 bytes TO endpoint: 239.255.0.1:7400 FROM 0.0.0.0:59517
12-05 21:21:11.450 25871 25913 I RTPS_WRITER: Finish sending unsent changes
12-05 21:21:11.450 25871 25906 I RTPS_MSG_IN: (ID:547437651024) InfoTS Submsg received, processing...
12-05 21:21:11.450 25871 25906 I RTPS_MSG_IN: (ID:547437651024) Data Submsg received, processing.
12-05 21:21:11.450 25871 25906 I RTPS_MSG_IN: (ID:547437651024) from Writer 1.f.6a.d1.f.65.0.0.1.0.0.0|0.0.3.c2; possible RTPSReaders: 4
12-05 21:21:11.451 25871 25906 I RTPS_MSG_IN: (ID:547437651024) Sub Message DATA processed
12-05 21:21:11.461 25871 25905 I RTPS_WRITER: Changing underway to unacked for Reader: 1.f.b8.80.e3.7e.0.0.1.0.0.0|0.0.3.c7
12-05 21:21:11.462 25871 25905 I RTPS_WRITER: Changing underway to unacked for Reader: 1.f.ee.55.d5.31.0.0.1.0.0.0|0.0.3.c7
12-05 21:21:11.536 25871 25906 I RTPS_MSG_IN: (ID:547437651024) InfoTS Submsg received, processing...
12-05 21:21:11.536 25871 25906 I RTPS_MSG_IN: (ID:547437651024) Data Submsg received, processing.
12-05 21:21:11.536 25871 25906 I RTPS_MSG_IN: (ID:547437651024) from Writer 1.f.b8.80.e3.7e.0.0.1.0.0.0|0.1.0.c2; possible RTPSReaders: 4
12-05 21:21:11.536 25871 25906 I RTPS_MSG_IN: (ID:547437651024) Trying to add change 1 TO reader: 0.1.0.c7
12-05 21:21:11.537 25871 25906 I RTPS_MSG_IN: (ID:547437651024) MessageReceiver not add change 1
12-05 21:21:11.537 25871 25906 I RTPS_LIVELINESS: RTPSParticipant 1.f.b8.80.e3.7e.0.0.1.0.0.0|0.0.1.c1 is Alive
12-05 21:21:11.537 25871 25906 I RTPS_LIVELINESS:  Stopped for RTPSParticipant with ID: 1.f.b8.80.e3.7e.0.0.1.0.0.0
12-05 21:21:11.538 25871 25906 I RTPS_MSG_IN: (ID:547437651024) Sub Message DATA processed
12-05 21:21:11.538 25871 25906 I RTPS_MSG_IN: (ID:547437651024) Heartbeat Submsg received, processing...
12-05 21:21:11.538 25871 25906 I RTPS_MSG_IN: (ID:547437651024) InfoTS Submsg received, processing...
12-05 21:21:11.538 25871 25906 I RTPS_MSG_IN: (ID:547437651024) Data Submsg received, processing.
12-05 21:21:11.539 25871 25906 I RTPS_MSG_IN: (ID:547437651024) from Writer 1.f.ee.55.d5.31.0.0.1.0.0.0|0.0.4.c2; possible RTPSReaders: 4
12-05 21:21:11.539 25871 25906 I RTPS_MSG_IN: (ID:547437651024) Trying to add change 1 TO reader: 0.0.4.c7
12-05 21:21:11.539 25871 25906 I RTPS_HISTORY: Change 1 added with 268 bytes
12-05 21:21:11.540 25871 25906 I RTPS_READER: 0.0.4.c2: seqNum: 1

12-05 21:21:11.540 25871 25906 I RTPS_EDP:
12-05 21:21:11.540 25871 25906 I RTPS_PDP: Adding reader proxy data 1.f.ee.55.d5.31.0.0.1.0.0.0|0.0.1.4
12-05 21:21:11.541 25871 25906 I RTPS_EDP: 1.f.ee.55.d5.31.0.0.1.0.0.0|0.0.1.4 in topic: "Test"
12-05 21:21:11.542 25871 25906 I RTPS_WRITER: Reader Proxy started
12-05 21:21:11.542 25871 25906 I RTPS_WRITER: 0.0.1.3 Sending Heartbeat (1 - 0)
12-05 21:21:11.542 25871 25906 I RTPS_MSG_OUT: UDPTransport: 68 bytes TO endpoint: 192.168.1.64:7413 FROM 0.0.0.0:59517
12-05 21:21:11.543 25871 25906 I RTPS_WRITER: Reader Proxy 1.f.ee.55.d5.31.0.0.1.0.0.0|0.0.1.4 added to 0.0.1.3 with 1(u)-0(m) locators
12-05 21:21:11.543 25871 25906 I RTPS_EDP: Valid Matching to local writer: 0.0.1.3
12-05 21:21:11.543 25871 25906 I RTPS_PROXY_DATA: 1.f.6a.d1.f.65.0.0.1.0.0.0|0.0.1.3
12-05 21:21:11.543 25871 25906 I RTPS_PARTICIPANT: 1.f.6a.d1.f.65.0.0.1.0.0.0|0.0.1.c1
12-05 21:21:11.544 25871 25906 I RTPS_PARTICIPANT: 1.f.ee.55.d5.31.0.0.1.0.0.0|0.0.1.c1
12-05 21:21:11.544 25871 25906 I RTPS_PROXY_DATA: ReaderProxyData destructor: 1.f.ee.55.d5.31.0.0.1.0.0.0|0.0.1.4
12-05 21:21:11.544 25871 25906 I RTPS_HISTORY: Removing change 1
12-05 21:21:11.544 25871 25906 I RTPS_READER: 0.0.4.c7 FINDS writerProxy 1.f.ee.55.d5.31.0.0.1.0.0.0|0.0.4.c2 from 2
12-05 21:21:11.544 25871 25906 I RTPS_MSG_IN: (ID:547437651024) Sub Message DATA processed
12-05 21:21:11.788 25871 25900 I RTPS_HISTORY: Change 1 added with 11 bytes
12-05 21:21:11.788 25871 25900 I RTPS_WRITER: Sending relevant changes as DATA/DATA_FRAG messages
12-05 21:21:11.788 25871 25900 I RTPS_WRITER: Sending INFO_TS message
12-05 21:21:11.789 25871 25900 I RTPS_MSG_OUT: UDPTransport: 84 bytes TO endpoint: 192.168.1.64:7413 FROM 0.0.0.0:59517
